Archive member included to satisfy reference by file (symbol)

c:/program files (x86)/atmel/studio/7.0/toolchain/avr8/avr8-gnu-toolchain/bin/../lib/gcc/avr/5.4.0/../../../../avr/lib/avr5\libm.a(addsf3.o)
                              Menu/MenuDoubleItem.o (__subsf3)
c:/program files (x86)/atmel/studio/7.0/toolchain/avr8/avr8-gnu-toolchain/bin/../lib/gcc/avr/5.4.0/../../../../avr/lib/avr5\libm.a(addsf3x.o)
                              c:/program files (x86)/atmel/studio/7.0/toolchain/avr8/avr8-gnu-toolchain/bin/../lib/gcc/avr/5.4.0/../../../../avr/lib/avr5\libm.a(addsf3.o) (__addsf3x)
c:/program files (x86)/atmel/studio/7.0/toolchain/avr8/avr8-gnu-toolchain/bin/../lib/gcc/avr/5.4.0/../../../../avr/lib/avr5\libm.a(cmpsf2.o)
                              Sketch.o (__nesf2)
c:/program files (x86)/atmel/studio/7.0/toolchain/avr8/avr8-gnu-toolchain/bin/../lib/gcc/avr/5.4.0/../../../../avr/lib/avr5\libm.a(divsf3.o)
                              Sketch.o (__divsf3)
c:/program files (x86)/atmel/studio/7.0/toolchain/avr8/avr8-gnu-toolchain/bin/../lib/gcc/avr/5.4.0/../../../../avr/lib/avr5\libm.a(divsf3x.o)
                              c:/program files (x86)/atmel/studio/7.0/toolchain/avr8/avr8-gnu-toolchain/bin/../lib/gcc/avr/5.4.0/../../../../avr/lib/avr5\libm.a(divsf3.o) (__divsf3x)
c:/program files (x86)/atmel/studio/7.0/toolchain/avr8/avr8-gnu-toolchain/bin/../lib/gcc/avr/5.4.0/../../../../avr/lib/avr5\libm.a(fixsfsi.o)
                              Sketch.o (__fixsfsi)
c:/program files (x86)/atmel/studio/7.0/toolchain/avr8/avr8-gnu-toolchain/bin/../lib/gcc/avr/5.4.0/../../../../avr/lib/avr5\libm.a(fixunssfsi.o)
                              c:/program files (x86)/atmel/studio/7.0/toolchain/avr8/avr8-gnu-toolchain/bin/../lib/gcc/avr/5.4.0/../../../../avr/lib/avr5\libm.a(fixsfsi.o) (__fixunssfsi)
c:/program files (x86)/atmel/studio/7.0/toolchain/avr8/avr8-gnu-toolchain/bin/../lib/gcc/avr/5.4.0/../../../../avr/lib/avr5\libm.a(floatsisf.o)
                              src/libraries/AutoPID/AutoPID.o (__floatunsisf)
c:/program files (x86)/atmel/studio/7.0/toolchain/avr8/avr8-gnu-toolchain/bin/../lib/gcc/avr/5.4.0/../../../../avr/lib/avr5\libm.a(fp_cmp.o)
                              c:/program files (x86)/atmel/studio/7.0/toolchain/avr8/avr8-gnu-toolchain/bin/../lib/gcc/avr/5.4.0/../../../../avr/lib/avr5\libm.a(cmpsf2.o) (__fp_cmp)
c:/program files (x86)/atmel/studio/7.0/toolchain/avr8/avr8-gnu-toolchain/bin/../lib/gcc/avr/5.4.0/../../../../avr/lib/avr5\libm.a(fp_inf.o)
                              c:/program files (x86)/atmel/studio/7.0/toolchain/avr8/avr8-gnu-toolchain/bin/../lib/gcc/avr/5.4.0/../../../../avr/lib/avr5\libm.a(addsf3x.o) (__fp_inf)
c:/program files (x86)/atmel/studio/7.0/toolchain/avr8/avr8-gnu-toolchain/bin/../lib/gcc/avr/5.4.0/../../../../avr/lib/avr5\libm.a(fp_nan.o)
                              c:/program files (x86)/atmel/studio/7.0/toolchain/avr8/avr8-gnu-toolchain/bin/../lib/gcc/avr/5.4.0/../../../../avr/lib/avr5\libm.a(addsf3x.o) (__fp_nan)
c:/program files (x86)/atmel/studio/7.0/toolchain/avr8/avr8-gnu-toolchain/bin/../lib/gcc/avr/5.4.0/../../../../avr/lib/avr5\libm.a(fp_pscA.o)
                              c:/program files (x86)/atmel/studio/7.0/toolchain/avr8/avr8-gnu-toolchain/bin/../lib/gcc/avr/5.4.0/../../../../avr/lib/avr5\libm.a(addsf3x.o) (__fp_pscA)
c:/program files (x86)/atmel/studio/7.0/toolchain/avr8/avr8-gnu-toolchain/bin/../lib/gcc/avr/5.4.0/../../../../avr/lib/avr5\libm.a(fp_pscB.o)
                              c:/program files (x86)/atmel/studio/7.0/toolchain/avr8/avr8-gnu-toolchain/bin/../lib/gcc/avr/5.4.0/../../../../avr/lib/avr5\libm.a(addsf3x.o) (__fp_pscB)
c:/program files (x86)/atmel/studio/7.0/toolchain/avr8/avr8-gnu-toolchain/bin/../lib/gcc/avr/5.4.0/../../../../avr/lib/avr5\libm.a(fp_round.o)
                              c:/program files (x86)/atmel/studio/7.0/toolchain/avr8/avr8-gnu-toolchain/bin/../lib/gcc/avr/5.4.0/../../../../avr/lib/avr5\libm.a(addsf3.o) (__fp_round)
c:/program files (x86)/atmel/studio/7.0/toolchain/avr8/avr8-gnu-toolchain/bin/../lib/gcc/avr/5.4.0/../../../../avr/lib/avr5\libm.a(fp_split3.o)
                              c:/program files (x86)/atmel/studio/7.0/toolchain/avr8/avr8-gnu-toolchain/bin/../lib/gcc/avr/5.4.0/../../../../avr/lib/avr5\libm.a(addsf3x.o) (__fp_split3)
c:/program files (x86)/atmel/studio/7.0/toolchain/avr8/avr8-gnu-toolchain/bin/../lib/gcc/avr/5.4.0/../../../../avr/lib/avr5\libm.a(fp_zero.o)
                              c:/program files (x86)/atmel/studio/7.0/toolchain/avr8/avr8-gnu-toolchain/bin/../lib/gcc/avr/5.4.0/../../../../avr/lib/avr5\libm.a(addsf3x.o) (__fp_zero)
c:/program files (x86)/atmel/studio/7.0/toolchain/avr8/avr8-gnu-toolchain/bin/../lib/gcc/avr/5.4.0/../../../../avr/lib/avr5\libm.a(gesf2.o)
                              src/libraries/PID/PID_v1.o (__gesf2)
c:/program files (x86)/atmel/studio/7.0/toolchain/avr8/avr8-gnu-toolchain/bin/../lib/gcc/avr/5.4.0/../../../../avr/lib/avr5\libm.a(mulsf3.o)
[...]
Memory Configuration

Name             Origin             Length             Attributes
text             0x00000000         0x00020000         xr
data             0x00800060         0x0000ffa0         rw !x
eeprom           0x00810000         0x00010000         rw !x
fuse             0x00820000         0x00000003         rw !x
lock             0x00830000         0x00000400         rw !x
signature        0x00840000         0x00000400         rw !x
user_signatures  0x00850000         0x00000400         rw !x
*default*        0x00000000         0xffffffff

Linker script and memory map

Address of section .data set to 0x800100
LOAD C:/Program Files (x86)/Atmel/Studio/7.0/Packs/atmel/ATmega_DFP/1.2.209/gcc/dev/atmega328p/avr5/crtatmega328p.o
LOAD Buzzer/Buzzer.o
LOAD Dimmer/Dimmer.o
LOAD Dimmer/DimmerItem.o
LOAD Display/Display16x2.o
LOAD Extensions/EepromExtension.o
LOAD Menu/Menu.o
LOAD Menu/MenuActionItem.o
LOAD Menu/MenuBoolItem.o
LOAD Menu/MenuDoubleItem.o
LOAD Menu/MenuIntItem.o
LOAD Menu/MenuItem.o
LOAD Sketch.o
LOAD src/libraries/AutoPID/AutoPID.o
LOAD src/libraries/Encoder_tmr/iarduino_Encoder_tmr.o
LOAD src/libraries/LiquidCrystal_I2C/src/LiquidCrystal_I2C.o
LOAD src/libraries/MAX6675/max6675.o
LOAD src/libraries/PID/PID_v1.o
LOAD src/libraries/SimpleTimer/SimpleTimer.o
LOAD src/libraries/Wire/src/utility/twi.o
LOAD src/libraries/Wire/src/Wire.o
LOAD Thermometer/Thermometer.o
START GROUP
LOAD c:/program files (x86)/atmel/studio/7.0/toolchain/avr8/avr8-gnu-toolchain/bin/../lib/gcc/avr/5.4.0/../../../../avr/lib/avr5\libm.a
LOAD R:\AVR\arduino\Bottom_heater\Code\Bottom_heater\Bottom_heater\ArduinoCore\Debug\libArduinoCore.a
END GROUP
LOAD c:/program files (x86)/atmel/studio/7.0/toolchain/avr8/avr8-gnu-toolchain/bin/../lib/gcc/avr/5.4.0/avr5\libgcc.a
LOAD c:/program files (x86)/atmel/studio/7.0/toolchain/avr8/avr8-gnu-toolchain/bin/../lib/gcc/avr/5.4.0/../../../../avr/lib/avr5\libm.a
START GROUP
LOAD c:/program files (x86)/atmel/studio/7.0/toolchain/avr8/avr8-gnu-toolchain/bin/../lib/gcc/avr/5.4.0/avr5\libgcc.a
LOAD c:/program files (x86)/atmel/studio/7.0/toolchain/avr8/avr8-gnu-toolchain/bin/../lib/gcc/avr/5.4.0/../../../../avr/lib/avr5\libm.a
LOAD c:/program files (x86)/atmel/studio/7.0/toolchain/avr8/avr8-gnu-toolchain/bin/../lib/gcc/avr/5.4.0/../../../../avr/lib/avr5\libc.a
LOAD C:/Program Files (x86)/Atmel/Studio/7.0/Packs/atmel/ATmega_DFP/1.2.209/gcc/dev/atmega328p/avr5\libatmega328p.a
END GROUP
                0x00020000                __TEXT_REGION_LENGTH__ = DEFINED (__TEXT_REGION_LENGTH__)?__TEXT_REGION_LENGTH__:0x20000
                0x0000ffa0                __DATA_REGION_LENGTH__ = DEFINED (__DATA_REGION_LENGTH__)?__DATA_REGION_LENGTH__:0xffa0
                0x00010000                __EEPROM_REGION_LENGTH__ = DEFINED (__EEPROM_REGION_LENGTH__)?__EEPROM_REGION_LENGTH__:0x10000
                [0x00000003]                __FUSE_REGION_LENGTH__ = DEFINED (__FUSE_REGION_LENGTH__)?__FUSE_REGION_LENGTH__:0x400
                0x00000400                __LOCK_REGION_LENGTH__ = DEFINED (__LOCK_REGION_LENGTH__)?__LOCK_REGION_LENGTH__:0x400
                0x00000400                __SIGNATURE_REGION_LENGTH__ = DEFINED (__SIGNATURE_REGION_LENGTH__)?__SIGNATURE_REGION_LENGTH__:0x400
                0x00000400                __USER_SIGNATURE_REGION_LENGTH__ = DEFINED (__USER_SIGNATURE_REGION_LENGTH__)?__USER_SIGNATURE_REGION_LENGTH__:0x400

.hash
 *(.hash)

.dynsym
 *(.dynsym)

.dynstr
 *(.dynstr)

.gnu.version
 *(.gnu.version)

.gnu.version_d
 *(.gnu.version_d)

.gnu.version_r
 *(.gnu.version_r)

.rel.init
 *(.rel.init)

.rela.init
 *(.rela.init)

.rel.text
 *(.rel.text)
 *(.rel.text.*)
 *(.rel.gnu.linkonce.t*)

.rela.text
 *(.rela.text)
 *(.rela.text.*)
 *(.rela.gnu.linkonce.t*)

.rel.fini
 *(.rel.fini)

.rela.fini
 *(.rela.fini)

.rel.rodata
 *(.rel.rodata)
 *(.rel.rodata.*)
 *(.rel.gnu.linkonce.r*)

.rela.rodata
 *(.rela.rodata)
 *(.rela.rodata.*)
 *(.rela.gnu.linkonce.r*)

.rel.data
 *(.rel.data)
 *(.rel.data.*)
 *(.rel.gnu.linkonce.d*)

.rela.data
 *(.rela.data)
 *(.rela.data.*)
 *(.rela.gnu.linkonce.d*)

.rel.ctors
 *(.rel.ctors)

.rela.ctors
 *(.rela.ctors)

.rel.dtors
 *(.rel.dtors)

.rela.dtors
 *(.rela.dtors)

.rel.got
 *(.rel.got)

.rela.got
 *(.rela.got)

.rel.bss
 *(.rel.bss)

.rela.bss
 *(.rela.bss)

.rel.plt
 *(.rel.plt)

.rela.plt
 *(.rela.plt)

.text           0x00000000     0x3b12
 *(.vectors)
 .vectors       0x00000000       0x68 C:/Program Files (x86)/Atmel/Studio/7.0/Packs/atmel/ATmega_DFP/1.2.209/gcc/dev/atmega328p/avr5/crtatmega328p.o
                0x00000000                __vector_default
                0x00000000                __vectors
 *(.vectors)
 *(.progmem.gcc*)
                0x00000068                . = ALIGN (0x2)
                0x00000068                __trampolines_start = .
 *(.trampolines)
 .trampolines   0x00000068        0x0 linker stubs
 *(.trampolines*)
                0x00000068                __trampolines_end = .
 *libprintf_flt.a:*(.progmem.data)
 *libc.a:*(.progmem.data)
 *(.progmem*)
 .progmem.data.digital_pin_to_timer_PGM
                0x00000068       0x14 R:\AVR\arduino\Bottom_heater\Code\Bottom_heater\Bottom_heater\ArduinoCore\Debug\libArduinoCore.a(wiring_digital.o)
                0x00000068                digital_pin_to_timer_PGM
 .progmem.data.digital_pin_to_bit_mask_PGM
                0x0000007c       0x14 R:\AVR\arduino\Bottom_heater\Code\Bottom_heater\Bottom_heater\ArduinoCore\Debug\libArduinoCore.a(wiring_digital.o)
                0x0000007c                digital_pin_to_bit_mask_PGM
 .progmem.data.digital_pin_to_port_PGM
                0x00000090       0x14 R:\AVR\arduino\Bottom_heater\Code\Bottom_heater\Bottom_heater\ArduinoCore\Debug\libArduinoCore.a(wiring_digital.o)
                0x00000090                digital_pin_to_port_PGM
 .progmem.data.port_to_input_PGM
                0x000000a4        0xa R:\AVR\arduino\Bottom_heater\Code\Bottom_heater\Bottom_heater\ArduinoCore\Debug\libArduinoCore.a(wiring_digital.o)
                0x000000a4                port_to_input_PGM
 .progmem.data.port_to_output_PGM
                0x000000ae        0xa R:\AVR\arduino\Bottom_heater\Code\Bottom_heater\Bottom_heater\ArduinoCore\Debug\libArduinoCore.a(wiring_digital.o)
                0x000000ae                port_to_output_PGM
 .progmem.data.port_to_mode_PGM
                0x000000b8        0xa R:\AVR\arduino\Bottom_heater\Code\Bottom_heater\Bottom_heater\ArduinoCore\Debug\libArduinoCore.a(wiring_digital.o)
                0x000000b8                port_to_mode_PGM
                0x000000c2                . = ALIGN (0x2)
 *(.jumptables)
 *(.jumptables*)
 *(.lowtext)
 *(.lowtext*)
                0x000000c2                __ctors_start = .
 *(.ctors)
 .ctors         0x000000c2        0x2 src/libraries/Encoder_tmr/iarduino_Encoder_tmr.o
 .ctors         0x000000c4        0x2 src/libraries/Wire/src/Wire.o
                0x000000c6                __ctors_end = .
                0x000000c6                __dtors_start = .
 *(.dtors)
                0x000000c6                __dtors_end = .
 SORT(*)(.ctors)
 SORT(*)(.dtors)
 *(.init0)
 .init0         0x000000c6        0x0 C:/Program Files (x86)/Atmel/Studio/7.0/Packs/atmel/ATmega_DFP/1.2.209/gcc/dev/atmega328p/avr5/crtatmega328p.o
                0x000000c6                __init
 *(.init0)
 *(.init1)
 *(.init1)
 *(.init2)
 .init2         0x000000c6        0xc C:/Program Files (x86)/Atmel/Studio/7.0/Packs/atmel/ATmega_DFP/1.2.209/gcc/dev/atmega328p/avr5/crtatmega328p.o
 *(.init2)
 *(.init3)
 *(.init3)
 *(.init4)
 .init4         0x000000d2       0x16 c:/program files (x86)/atmel/studio/7.0/toolchain/avr8/avr8-gnu-toolchain/bin/../lib/gcc/avr/5.4.0/avr5\libgcc.a(_copy_data.o)
                0x000000d2                __do_copy_data
 .init4         0x000000e8       0x10 c:/program files (x86)/atmel/studio/7.0/toolchain/avr8/avr8-gnu-toolchain/bin/../lib/gcc/avr/5.4.0/avr5\libgcc.a(_clear_bss.o)
                0x000000e8                __do_clear_bss
 *(.init4)
 *(.init5)
 *(.init5)
 *(.init6)
 .init6         0x000000f8       0x16 c:/program files (x86)/atmel/studio/7.0/toolchain/avr8/avr8-gnu-toolchain/bin/../lib/gcc/avr/5.4.0/avr5\libgcc.a(_ctors.o)
                0x000000f8                __do_global_ctors
 *(.init6)
 *(.init7)
 *(.init7)
 *(.init8)
 *(.init8)
 *(.init9)
 .init9         0x0000010e        0x8 C:/Program Files (x86)/Atmel/Studio/7.0/Packs/atmel/ATmega_DFP/1.2.209/gcc/dev/atmega328p/avr5/crtatmega328p.o
 *(.init9)
 *(.text)
 .text          0x00000116        0x4 C:/Program Files (x86)/Atmel/Studio/7.0/Packs/atmel/ATmega_DFP/1.2.209/gcc/dev/atmega328p/avr5/crtatmega328p.o
                0x00000116                __vector_22
                0x00000116                __vector_12
                0x00000116                __bad_interrupt
                0x00000116                __vector_6
                0x00000116                __vector_3
                0x00000116                __vector_23
                0x00000116                __vector_25
                0x00000116                __vector_11
                0x00000116                __vector_13
                0x00000116                __vector_17
                0x00000116                __vector_19
                0x00000116                __vector_5
                0x00000116                __vector_4
                0x00000116                __vector_9
                0x00000116                __vector_21
                0x00000116                __vector_15
                0x00000116                __vector_8
                0x00000116                __vector_14
                0x00000116                __vector_10
                0x00000116                __vector_18
                0x00000116                __vector_20
                0x0000011a                . = ALIGN (0x2)
 *(.text.*)
 .text._Z18BeepTimerInterruptv
                0x0000011a       0x20 Buzzer/Buzzer.o
                0x0000011a                _Z18BeepTimerInterruptv
 .text._ZN6BuzzerC2Ei
                0x0000013a       0x5a Buzzer/Buzzer.o
                0x0000013a                _ZN6BuzzerC2Ei
                0x0000013a                _ZN6BuzzerC1Ei
 .text._ZN6Buzzer3RunEv
                0x00000194        0xc Buzzer/Buzzer.o
                0x00000194                _ZN6Buzzer3RunEv
 .text._ZN6Buzzer8BuzzerOnEl
                0x000001a0       0x60 Buzzer/Buzzer.o
                0x000001a0                _ZN6Buzzer8BuzzerOnEl
 .text._Z14TimerInterruptv
                0x00000200       0x5a Dimmer/Dimmer.o
                0x00000200                _Z14TimerInterruptv
 .text._Z10DetectDownv
                0x0000025a       0x4c Dimmer/Dimmer.o
                0x0000025a                _Z10DetectDownv
 .text._Z8DetectUpv
                0x000002a6       0x3e Dimmer/Dimmer.o
                0x000002a6                _Z8DetectUpv
 .text._ZN6DimmerC2EiP10DimmerItemPi
                0x000002e4       0x72 Dimmer/Dimmer.o
                0x000002e4                _ZN6DimmerC2EiP10DimmerItemPi
                0x000002e4                _ZN6DimmerC1EiP10DimmerItemPi
 .text._ZN6Dimmer15UpdateItemValueEPi
                0x00000356        0xa Dimmer/Dimmer.o
                0x00000356                _ZN6Dimmer15UpdateItemValueEPi
 .text._ZN6Dimmer6UpdateEv
                0x00000360        0xc Dimmer/Dimmer.o
                0x00000360                _ZN6Dimmer6UpdateEv
 .text._ZN10DimmerItemC2Ei
                0x0000036c       0x1e Dimmer/DimmerItem.o
                0x0000036c                _ZN10DimmerItemC1Ei
                0x0000036c                _ZN10DimmerItemC2Ei
 .text._ZN10DimmerItem11UpdateValueEi
                0x0000038a        0xa Dimmer/DimmerItem.o
                0x0000038a                _ZN10DimmerItem11UpdateValueEi
 .text._ZN10DimmerItemD2Ev
                0x00000394        0x2 Dimmer/DimmerItem.o
                0x00000394                _ZN10DimmerItemD2Ev
                0x00000394                _ZN10DimmerItemD1Ev
 .text._ZN11Display16x2C2EP17LiquidCrystal_I2C
                0x00000396        0x8 Display/Display16x2.o
                0x00000396                _ZN11Display16x2C1EP17LiquidCrystal_I2C
                0x00000396                _ZN11Display16x2C2EP17LiquidCrystal_I2C
 .text._ZN11Display16x215PrintLineValuesEiiii
                0x0000039e      0x1ac Display/Display16x2.o
                0x0000039e                _ZN11Display16x215PrintLineValuesEiiii
 .text._ZN15EepromExtensionC2Ev
                0x0000054a        0x2 Extensions/EepromExtension.o
                0x0000054a                _ZN15EepromExtensionC1Ev
                0x0000054a                _ZN15EepromExtensionC2Ev
 .text._ZN15EepromExtension7IntReadEi
                0x0000054c       0x24 Extensions/EepromExtension.o
                0x0000054c                _ZN15EepromExtension7IntReadEi
 .text._ZN15EepromExtension8IntWriteEii
                0x00000570       0x22 Extensions/EepromExtension.o
                0x00000570                _ZN15EepromExtension8IntWriteEii
 .text._ZN4MenuC2EP9IMenuItem
                0x00000592        0x8 Menu/Menu.o
                0x00000592                _ZN4MenuC1EP9IMenuItem
                0x00000592                _ZN4MenuC2EP9IMenuItem
 .text._ZN4Menu4GoUpEv
                0x0000059a       0x14 Menu/Menu.o
                0x0000059a                _ZN4Menu4GoUpEv
 .text._ZN4Menu6GoDownEv
                0x000005ae       0x14 Menu/Menu.o
                0x000005ae                _ZN4Menu6GoDownEv
 .text._ZN4Menu5BeginEv
                0x000005c2       0x14 Menu/Menu.o
                0x000005c2                _ZN4Menu5BeginEv
 .text._ZN4Menu8GoChoiceEv
                0x000005d6       0x26 Menu/Menu.o
                0x000005d6                _ZN4Menu8GoChoiceEv
 .text._ZN4Menu6GoMainEv
                0x000005fc       0x14 Menu/Menu.o
                0x000005fc                _ZN4Menu6GoMainEv
 .text._ZN14MenuActionItemD2Ev
                0x00000610        0x2 Menu/MenuActionItem.o
                0x00000610                _ZN14MenuActionItemD2Ev
                0x00000610                _ZN14MenuActionItemD1Ev
 .text._ZN14MenuActionItem8GoChoiceEv
                0x00000612        0x8 Menu/MenuActionItem.o
                0x00000612                _ZN14MenuActionItem8GoChoiceEv
 .text._ZN14MenuActionItem7GetNameEv
                0x0000061a        0x8 Menu/MenuActionItem.o
                0x0000061a                _ZN14MenuActionItem7GetNameEv
 .text._ZN14MenuActionItem5BeginEv
                0x00000622        0xc Menu/MenuActionItem.o
                0x00000622                _ZN14MenuActionItem5BeginEv
 .text._ZN14MenuActionItem6GoMainEv
                0x0000062e        0x2 Menu/MenuActionItem.o
                0x0000062e                _ZN14MenuActionItem4GoUpEv
                0x0000062e                _ZN14MenuActionItem6GoDownEv
                0x0000062e                _ZN14MenuActionItem6GoMainEv
 .text._ZN14MenuActionItemD0Ev
                0x00000630        0x4 Menu/MenuActionItem.o
                0x00000630                _ZN14MenuActionItemD0Ev
 .text._ZN14MenuActionItemC2EPcP9IMenuItemPFvvE
                0x00000634       0x18 Menu/MenuActionItem.o
                0x00000634                _ZN14MenuActionItemC1EPcP9IMenuItemPFvvE
                0x00000634                _ZN14MenuActionItemC2EPcP9IMenuItemPFvvE
 .text._ZN14MenuDoubleItemD2Ev
                0x0000064c        0x2 Menu/MenuDoubleItem.o
                0x0000064c                _ZN14MenuDoubleItemD2Ev
                0x0000064c                _ZN14MenuDoubleItemD1Ev
 .text._ZN14MenuDoubleItem4GoUpEv
                0x0000064e       0x44 Menu/MenuDoubleItem.o
                0x0000064e                _ZN14MenuDoubleItem4GoUpEv
 .text._ZN14MenuDoubleItem6GoDownEv
                0x00000692       0x44 Menu/MenuDoubleItem.o
                0x00000692                _ZN14MenuDoubleItem6GoDownEv
 .text._ZN14MenuDoubleItem8GoChoiceEv
                0x000006d6        0x8 Menu/MenuDoubleItem.o
                0x000006d6                _ZN14MenuDoubleItem8GoChoiceEv
 .text._ZN14MenuDoubleItem7GetNameEv
                0x000006de        0x8 Menu/MenuDoubleItem.o
                0x000006de                _ZN14MenuDoubleItem7GetNameEv
 .text._ZN14MenuDoubleItem6GoMainEv
                0x000006e6        0x2 Menu/MenuDoubleItem.o
                0x000006e6                _ZN14MenuDoubleItem6GoMainEv
 .text._ZN14MenuDoubleItemD0Ev
                0x000006e8        0x4 Menu/MenuDoubleItem.o
                0x000006e8                _ZN14MenuDoubleItemD0Ev
 .text._ZN14MenuDoubleItem5BeginEv
                0x000006ec       0x4e Menu/MenuDoubleItem.o
                0x000006ec                _ZN14MenuDoubleItem5BeginEv
 .text._ZN14MenuDoubleItemC2EPcPdP9IMenuItemP17LiquidCrystal_I2C
                0x0000073a       0x24 Menu/MenuDoubleItem.o
                0x0000073a                _ZN14MenuDoubleItemC2EPcPdP9IMenuItemP17LiquidCrystal_I2C
                0x0000073a                _ZN14MenuDoubleItemC1EPcPdP9IMenuItemP17LiquidCrystal_I2C
 .text._ZN8MenuItemD2Ev
                0x0000075e        0x2 Menu/MenuItem.o
                0x0000075e                _ZN8MenuItemD1Ev
                0x0000075e                _ZN8MenuItemD2Ev
 .text._ZN8MenuItem4GoUpEv
                0x00000760       0x3a Menu/MenuItem.o
                0x00000760                _ZN8MenuItem4GoUpEv
 .text._ZN8MenuItem6GoDownEv
                0x0000079a       0x3a Menu/MenuItem.o
                0x0000079a                _ZN8MenuItem6GoDownEv
 .text._ZN8MenuItem8GoChoiceEv
                0x000007d4       0x20 Menu/MenuItem.o
                0x000007d4                _ZN8MenuItem8GoChoiceEv
 .text._ZN8MenuItem7GetNameEv
                0x000007f4        0x8 Menu/MenuItem.o
                0x000007f4                _ZN8MenuItem7GetNameEv
 .text._ZN8MenuItem6GoMainEv
                0x000007fc        0x8 Menu/MenuItem.o
                0x000007fc                _ZN8MenuItem6GoMainEv
 .text._ZN8MenuItemD0Ev
                0x00000804        0x4 Menu/MenuItem.o
                0x00000804                _ZN8MenuItemD0Ev
 .text._ZN8MenuItem5BeginEv
                0x00000808       0x62 Menu/MenuItem.o
                0x00000808                _ZN8MenuItem5BeginEv
 .text._ZN8MenuItemC2EPcPP9IMenuItemiP17LiquidCrystal_I2C
                0x0000086a       0x28 Menu/MenuItem.o
                0x0000086a                _ZN8MenuItemC2EPcPP9IMenuItemiP17LiquidCrystal_I2C
                0x0000086a                _ZN8MenuItemC1EPcPP9IMenuItemiP17LiquidCrystal_I2C
 .text._Z21TimerHeatingInterruptv
                0x00000892      0x150 Sketch.o
                0x00000892                _Z21TimerHeatingInterruptv
 .text._Z13HeatingUpdatev
                0x000009e2       0x96 Sketch.o
                0x000009e2                _Z13HeatingUpdatev
 .text._Z13DisplayUpdatev
                0x00000a78      0x116 Sketch.o
                0x00000a78                _Z13DisplayUpdatev
 .text._Z22TimerUpdateTemperaturev
                0x00000b8e       0x44 Sketch.o
                0x00000b8e                _Z22TimerUpdateTemperaturev
 .text._Z13EncoderUpdatev
                0x00000bd2       0x40 Sketch.o
                0x00000bd2                _Z13EncoderUpdatev
 .text._Z20SaveSettingsInEepromv
                0x00000c12       0xda Sketch.o
                0x00000c12                _Z20SaveSettingsInEepromv
 .text._Z13ExitMenuClickv
                0x00000cec       0x2c Sketch.o
                0x00000cec                _Z13ExitMenuClickv
 .text._Z13StopMenuClickv
                0x00000d18       0x30 Sketch.o
                0x00000d18                _Z13StopMenuClickv
 .text._Z14StartMenuClickv
                0x00000d48       0x32 Sketch.o
                0x00000d48                _Z14StartMenuClickv
 .text._Z19EncoderButtonUpdatev
                0x00000d7a       0x54 Sketch.o
                0x00000d7a                _Z19EncoderButtonUpdatev
 .text.loop     0x00000dce       0x30 Sketch.o
                0x00000dce                loop
 .text._Z15CreateMenuItemsv
                0x00000dfe      0x10e Sketch.o
                0x00000dfe                _Z15CreateMenuItemsv
 .text.setup    0x00000f0c      0x2b2 Sketch.o
                0x00000f0c                setup
 .text._ZN20iarduino_Encoder_tmrC2Ehh
                0x000011be       0xb8 src/libraries/Encoder_tmr/iarduino_Encoder_tmr.o
                0x000011be                _ZN20iarduino_Encoder_tmrC1Ehh
                0x000011be                _ZN20iarduino_Encoder_tmrC2Ehh
 .text._ZN20iarduino_Encoder_tmr4readEv
                0x00001276       0x44 src/libraries/Encoder_tmr/iarduino_Encoder_tmr.o
                0x00001276                _ZN20iarduino_Encoder_tmr4readEv
 .text._ZN20iarduino_Encoder_tmr18func_TIMER2_SETREGEm
                0x000012ba       0xb2 src/libraries/Encoder_tmr/iarduino_Encoder_tmr.o
                0x000012ba                _ZN20iarduino_Encoder_tmr18func_TIMER2_SETREGEm
 .text._ZN20iarduino_Encoder_tmr5beginEv
                0x0000136c       0x42 src/libraries/Encoder_tmr/iarduino_Encoder_tmr.o
                0x0000136c                _ZN20iarduino_Encoder_tmr5beginEv
 .text.__vector_7
                0x000013ae      0x118 src/libraries/Encoder_tmr/iarduino_Encoder_tmr.o
                0x000013ae                __vector_7
 .text.startup._GLOBAL__sub_I_IETVC
                0x000014c6        0x6 src/libraries/Encoder_tmr/iarduino_Encoder_tmr.o
 .text._ZN5Print17availableForWriteEv
                0x000014cc        0x6 src/libraries/LiquidCrystal_I2C/src/LiquidCrystal_I2C.o
                0x000014cc                _ZN5Print17availableForWriteEv
 .text._ZN5Print5flushEv
                0x000014d2        0x2 src/libraries/LiquidCrystal_I2C/src/LiquidCrystal_I2C.o
                0x000014d2                _ZN5Print5flushEv
 .text._ZN17LiquidCrystal_I2CC2Ehhhh
                0x000014d4       0x20 src/libraries/LiquidCrystal_I2C/src/LiquidCrystal_I2C.o
                0x000014d4                _ZN17LiquidCrystal_I2CC2Ehhhh
                0x000014d4                _ZN17LiquidCrystal_I2CC1Ehhhh
 .text._ZN17LiquidCrystal_I2C13expanderWriteEh
                0x000014f4       0x2e src/libraries/LiquidCrystal_I2C/src/LiquidCrystal_I2C.o
                0x000014f4                _ZN17LiquidCrystal_I2C13expanderWriteEh
 .text._ZN17LiquidCrystal_I2C11pulseEnableEh
                0x00001522       0x30 src/libraries/LiquidCrystal_I2C/src/LiquidCrystal_I2C.o
                0x00001522                _ZN17LiquidCrystal_I2C11pulseEnableEh
 .text._ZN17LiquidCrystal_I2C10write4bitsEh
                0x00001552       0x1c src/libraries/LiquidCrystal_I2C/src/LiquidCrystal_I2C.o
                0x00001552                _ZN17LiquidCrystal_I2C10write4bitsEh
 .text._ZN17LiquidCrystal_I2C4sendEhh
                0x0000156e       0x2e src/libraries/LiquidCrystal_I2C/src/LiquidCrystal_I2C.o
                0x0000156e                _ZN17LiquidCrystal_I2C4sendEhh
 .text._ZN17LiquidCrystal_I2C7commandEh
                0x0000159c        0x6 src/libraries/LiquidCrystal_I2C/src/LiquidCrystal_I2C.o
                0x0000159c                _ZN17LiquidCrystal_I2C7commandEh
 .text._ZN17LiquidCrystal_I2C5clearEv
                0x000015a2        0xe src/libraries/LiquidCrystal_I2C/src/LiquidCrystal_I2C.o
                0x000015a2                _ZN17LiquidCrystal_I2C5clearEv
 .text._ZN17LiquidCrystal_I2C4homeEv
                0x000015b0        0xe src/libraries/LiquidCrystal_I2C/src/LiquidCrystal_I2C.o
                0x000015b0                _ZN17LiquidCrystal_I2C4homeEv
 .text._ZN17LiquidCrystal_I2C9setCursorEhh
                0x000015be       0x5c src/libraries/LiquidCrystal_I2C/src/LiquidCrystal_I2C.o
                0x000015be                _ZN17LiquidCrystal_I2C9setCursorEhh
 .text._ZN17LiquidCrystal_I2C7displayEv
                0x0000161a       0x10 src/libraries/LiquidCrystal_I2C/src/LiquidCrystal_I2C.o
                0x0000161a                _ZN17LiquidCrystal_I2C7displayEv
 .text._ZN17LiquidCrystal_I2C5writeEh
                0x0000162a        0xc src/libraries/LiquidCrystal_I2C/src/LiquidCrystal_I2C.o
                0x0000162a                _ZN17LiquidCrystal_I2C5writeEh
 .text._ZN17LiquidCrystal_I2C5beginEv
                0x00001636       0xb2 src/libraries/LiquidCrystal_I2C/src/LiquidCrystal_I2C.o
                0x00001636                _ZN17LiquidCrystal_I2C5beginEv
 .text._ZN7MAX6675C2Eaaa
                0x000016e8       0x30 src/libraries/MAX6675/max6675.o
                0x000016e8                _ZN7MAX6675C2Eaaa
                0x000016e8                _ZN7MAX6675C1Eaaa
 .text._ZN7MAX66757spireadEv
                0x00001718       0x78 src/libraries/MAX6675/max6675.o
                0x00001718                _ZN7MAX66757spireadEv
 .text._ZN7MAX667511readCelsiusEv
                0x00001790       0x78 src/libraries/MAX6675/max6675.o
                0x00001790                _ZN7MAX667511readCelsiusEv
 .text._ZN3PID7ComputeEv
                0x00001808      0x244 src/libraries/PID/PID_v1.o
                0x00001808                _ZN3PID7ComputeEv
 .text._ZN3PID10SetTuningsEddd
                0x00001a4c      0x174 src/libraries/PID/PID_v1.o
                0x00001a4c                _ZN3PID10SetTuningsEddd
 .text._ZN3PID10InitializeEv
                0x00001bc0       0x8c src/libraries/PID/PID_v1.o
                0x00001bc0                _ZN3PID10InitializeEv
 .text._ZN3PID7SetModeEi
                0x00001c4c       0x2c src/libraries/PID/PID_v1.o
                0x00001c4c                _ZN3PID7SetModeEi
 .text._ZN3PID22SetControllerDirectionEi
                0x00001c78       0x78 src/libraries/PID/PID_v1.o
                0x00001c78                _ZN3PID22SetControllerDirectionEi
 .text._ZN3PIDC2EPdS0_S0_dddi
                0x00001cf0       0xde src/libraries/PID/PID_v1.o
                0x00001cf0                _ZN3PIDC2EPdS0_S0_dddi
                0x00001cf0                _ZN3PIDC1EPdS0_S0_dddi
 .text._ZN11SimpleTimerC2Ev
                0x00001dce       0x64 src/libraries/SimpleTimer/SimpleTimer.o
                0x00001dce                _ZN11SimpleTimerC1Ev
                0x00001dce                _ZN11SimpleTimerC2Ev
 .text._ZN11SimpleTimer17findFirstFreeSlotEv
                0x00001e32       0x34 src/libraries/SimpleTimer/SimpleTimer.o
                0x00001e32                _ZN11SimpleTimer17findFirstFreeSlotEv
 .text._ZN11SimpleTimer8setTimerElPFvvEi
                0x00001e66       0xb2 src/libraries/SimpleTimer/SimpleTimer.o
                0x00001e66                _ZN11SimpleTimer8setTimerElPFvvEi
 .text._ZN11SimpleTimer14updateIntervalEil
                0x00001f18       0x1c src/libraries/SimpleTimer/SimpleTimer.o
                0x00001f18                _ZN11SimpleTimer14updateIntervalEil
 .text._ZN11SimpleTimer11setIntervalElPFvvE
                0x00001f34       0x12 src/libraries/SimpleTimer/SimpleTimer.o
                0x00001f34                _ZN11SimpleTimer11setIntervalElPFvvE
 .text._ZN11SimpleTimer11deleteTimerEi
                0x00001f46       0x7e src/libraries/SimpleTimer/SimpleTimer.o
                0x00001f46                _ZN11SimpleTimer11deleteTimerEi
 .text._ZN11SimpleTimer3runEv
                0x00001fc4      0x18a src/libraries/SimpleTimer/SimpleTimer.o
                0x00001fc4                _ZN11SimpleTimer3runEv
 .text._ZN11SimpleTimer12restartTimerEi
                0x0000214e       0x34 src/libraries/SimpleTimer/SimpleTimer.o
                0x0000214e                _ZN11SimpleTimer12restartTimerEi
 .text._ZN11SimpleTimer6enableEi
                0x00002182       0x16 src/libraries/SimpleTimer/SimpleTimer.o
                0x00002182                _ZN11SimpleTimer6enableEi
 .text._ZN11SimpleTimer7disableEi
                0x00002198       0x14 src/libraries/SimpleTimer/SimpleTimer.o
                0x00002198                _ZN11SimpleTimer7disableEi
 .text.twi_init
                0x000021ac       0x3c src/libraries/Wire/src/utility/twi.o
                0x000021ac                twi_init
 .text.twi_writeTo
                0x000021e8       0xac src/libraries/Wire/src/utility/twi.o
                0x000021e8                twi_writeTo
 .text.twi_transmit
                0x00002294       0x50 src/libraries/Wire/src/utility/twi.o
                0x00002294                twi_transmit
 .text.twi_stop
                0x000022e4       0x14 src/libraries/Wire/src/utility/twi.o
                0x000022e4                twi_stop
 .text.twi_releaseBus
                0x000022f8        0xc src/libraries/Wire/src/utility/twi.o
                0x000022f8                twi_releaseBus
 .text.__vector_24
                0x00002304      0x25a src/libraries/Wire/src/utility/twi.o
                0x00002304                __vector_24
 .text._ZN7TwoWire9availableEv
                0x0000255e       0x10 src/libraries/Wire/src/Wire.o
                0x0000255e                _ZN7TwoWire9availableEv
 .text._ZN7TwoWire4readEv
                0x0000256e       0x28 src/libraries/Wire/src/Wire.o
                0x0000256e                _ZN7TwoWire4readEv
 .text._ZN7TwoWire4peekEv
                0x00002596       0x1e src/libraries/Wire/src/Wire.o
                0x00002596                _ZN7TwoWire4peekEv
 .text._ZN7TwoWire5flushEv
                0x000025b4        0x2 src/libraries/Wire/src/Wire.o
                0x000025b4                _ZN7TwoWire5flushEv
 .text._ZN7TwoWire5writeEPKhj
                0x000025b6       0x5a src/libraries/Wire/src/Wire.o
                0x000025b6                _ZN7TwoWire5writeEPKhj
 .text._ZN7TwoWire5writeEh
                0x00002610       0x5e src/libraries/Wire/src/Wire.o
                0x00002610                _ZN7TwoWire5writeEh
 .text._ZN7TwoWireC2Ev
                0x0000266e       0x20 src/libraries/Wire/src/Wire.o
                0x0000266e                _ZN7TwoWireC1Ev
                0x0000266e                _ZN7TwoWireC2Ev
 .text._ZN7TwoWire5beginEv
                0x0000268e       0x14 src/libraries/Wire/src/Wire.o
                0x0000268e                _ZN7TwoWire5beginEv
 .text._ZN7TwoWire17beginTransmissionEh
                0x000026a2       0x14 src/libraries/Wire/src/Wire.o
                0x000026a2                _ZN7TwoWire17beginTransmissionEh
 .text._ZN7TwoWire15endTransmissionEh
                0x000026b6       0x26 src/libraries/Wire/src/Wire.o
                0x000026b6                _ZN7TwoWire15endTransmissionEh
 .text._ZN7TwoWire15endTransmissionEv
                0x000026dc        0x6 src/libraries/Wire/src/Wire.o
                0x000026dc                _ZN7TwoWire15endTransmissionEv
 .text.startup._GLOBAL__sub_I__ZN7TwoWire8rxBufferE
                0x000026e2        0x8 src/libraries/Wire/src/Wire.o
 .text._ZN11ThermometerC2Eiii
                0x000026ea       0x4a Thermometer/Thermometer.o
                0x000026ea                _ZN11ThermometerC1Eiii
                0x000026ea                _ZN11ThermometerC2Eiii
 .text._ZN11Thermometer4ReadEv
                0x00002734        0xa Thermometer/Thermometer.o
                0x00002734                _ZN11Thermometer4ReadEv
 .text.avr-libc.fplib
                0x0000273e        0xe c:/program files (x86)/atmel/studio/7.0/toolchain/avr8/avr8-gnu-toolchain/bin/../lib/gcc/avr/5.4.0/../../../../avr/lib/avr5\libm.a(addsf3.o)
                0x0000273e                __subsf3
                0x00002740                __addsf3
 .text.avr-libc.fplib
                0x0000274c       0xcc c:/program files (x86)/atmel/studio/7.0/toolchain/avr8/avr8-gnu-toolchain/bin/../lib/gcc/avr/5.4.0/../../../../avr/lib/avr5\libm.a(addsf3x.o)
                0x0000276e                __addsf3x
 .text.avr-libc.fplib
                0x00002818        0xa c:/program files (x86)/atmel/studio/7.0/toolchain/avr8/avr8-gnu-toolchain/bin/../lib/gcc/avr/5.4.0/../../../../avr/lib/avr5\libm.a(cmpsf2.o)
                0x00002818                __nesf2
                0x00002818                __eqsf2
                0x00002818                __cmpsf2
                0x00002818                __ltsf2
                0x00002818                __lesf2
 .text.avr-libc.fplib
                0x00002822        0x8 c:/program files (x86)/atmel/studio/7.0/toolchain/avr8/avr8-gnu-toolchain/bin/../lib/gcc/avr/5.4.0/../../../../avr/lib/avr5\libm.a(divsf3.o)
                0x00002822                __divsf3
 .text.avr-libc.fplib
                0x0000282a       0xdc c:/program files (x86)/atmel/studio/7.0/toolchain/avr8/avr8-gnu-toolchain/bin/../lib/gcc/avr/5.4.0/../../../../avr/lib/avr5\libm.a(divsf3x.o)
                0x0000284a                __divsf3x
                0x00002850                __divsf3_pse
 .text.avr-libc.fplib
                0x00002906        0xe c:/program files (x86)/atmel/studio/7.0/toolchain/avr8/avr8-gnu-toolchain/bin/../lib/gcc/avr/5.4.0/../../../../avr/lib/avr5\libm.a(fixsfsi.o)
                0x00002906                __fixsfsi
 .text.avr-libc.fplib
                0x00002914       0x5e c:/program files (x86)/atmel/studio/7.0/toolchain/avr8/avr8-gnu-toolchain/bin/../lib/gcc/avr/5.4.0/../../../../avr/lib/avr5\libm.a(fixunssfsi.o)
                0x00002914                __fixunssfsi
 .text.avr-libc.fplib
                0x00002972       0x7a c:/program files (x86)/atmel/studio/7.0/toolchain/avr8/avr8-gnu-toolchain/bin/../lib/gcc/avr/5.4.0/../../../../avr/lib/avr5\libm.a(floatsisf.o)
                0x00002972                __floatunsisf
                0x00002976                __floatsisf
 .text.avr-libc.fplib
                0x000029ec       0x48 c:/program files (x86)/atmel/studio/7.0/toolchain/avr8/avr8-gnu-toolchain/bin/../lib/gcc/avr/5.4.0/../../../../avr/lib/avr5\libm.a(fp_cmp.o)
                0x000029ec                __fp_cmp
 .text.avr-libc.fplib
                0x00002a34        0xc c:/program files (x86)/atmel/studio/7.0/toolchain/avr8/avr8-gnu-toolchain/bin/../lib/gcc/avr/5.4.0/../../../../avr/lib/avr5\libm.a(fp_inf.o)
                0x00002a34                __fp_inf
 .text.avr-libc.fplib
                0x00002a40        0x6 c:/program files (x86)/atmel/studio/7.0/toolchain/avr8/avr8-gnu-toolchain/bin/../lib/gcc/avr/5.4.0/../../../../avr/lib/avr5\libm.a(fp_nan.o)
                0x00002a40                __fp_nan
 .text.avr-libc.fplib
                0x00002a46        0xe c:/program files (x86)/atmel/studio/7.0/toolchain/avr8/avr8-gnu-toolchain/bin/../lib/gcc/avr/5.4.0/../../../../avr/lib/avr5\libm.a(fp_pscA.o)
                0x00002a46                __fp_pscA
 .text.avr-libc.fplib
                0x00002a54        0xe c:/program files (x86)/atmel/studio/7.0/toolchain/avr8/avr8-gnu-toolchain/bin/../lib/gcc/avr/5.4.0/../../../../avr/lib/avr5\libm.a(fp_pscB.o)
                0x00002a54                __fp_pscB
 .text.avr-libc.fplib
                0x00002a62       0x22 c:/program files (x86)/atmel/studio/7.0/toolchain/avr8/avr8-gnu-toolchain/bin/../lib/gcc/avr/5.4.0/../../../../avr/lib/avr5\libm.a(fp_round.o)
                0x00002a62                __fp_round
 .text.avr-libc.fplib
                0x00002a84       0x44 c:/program files (x86)/atmel/studio/7.0/toolchain/avr8/avr8-gnu-toolchain/bin/../lib/gcc/avr/5.4.0/../../../../avr/lib/avr5\libm.a(fp_split3.o)
                0x00002a84                __fp_split3
                0x00002a94                __fp_splitA
 .text.avr-libc.fplib
                0x00002ac8        0xe c:/program files (x86)/atmel/studio/7.0/toolchain/avr8/avr8-gnu-toolchain/bin/../lib/gcc/avr/5.4.0/../../../../avr/lib/avr5\libm.a(fp_zero.o)
                0x00002ac8                __fp_zero
                0x00002aca                __fp_szero
 .text.avr-libc.fplib
                0x00002ad6        0xa c:/program files (x86)/atmel/studio/7.0/toolchain/avr8/avr8-gnu-toolchain/bin/../lib/gcc/avr/5.4.0/../../../../avr/lib/avr5\libm.a(gesf2.o)
                0x00002ad6                __gesf2
                0x00002ad6                __gtsf2
 .text.avr-libc.fplib
                0x00002ae0        0x8 c:/program files (x86)/atmel/studio/7.0/toolchain/avr8/avr8-gnu-toolchain/bin/../lib/gcc/avr/5.4.0/../../../../avr/lib/avr5\libm.a(mulsf3.o)
                0x00002ae0                __mulsf3
 .text.avr-libc.fplib
                0x00002ae8       0xd2 c:/program files (x86)/atmel/studio/7.0/toolchain/avr8/avr8-gnu-toolchain/bin/../lib/gcc/avr/5.4.0/../../../../avr/lib/avr5\libm.a(mulsf3x.o)
                0x00002b06                __mulsf3x
                0x00002b0c                __mulsf3_pse
 .text.initVariant
                0x00002bba        0x2 R:\AVR\arduino\Bottom_heater\Code\Bottom_heater\Bottom_heater\ArduinoCore\Debug\libArduinoCore.a(main.o)
                0x00002bba                initVariant
 .text.startup.main
                0x00002bbc       0x1e R:\AVR\arduino\Bottom_heater\Code\Bottom_heater\Bottom_heater\ArduinoCore\Debug\libArduinoCore.a(main.o)
                0x00002bbc                main
 .text._Znwj    0x00002bda        0x4 R:\AVR\arduino\Bottom_heater\Code\Bottom_heater\Bottom_heater\ArduinoCore\Debug\libArduinoCore.a(new.o)
                0x00002bda                _Znwj
 .text._Znaj    0x00002bde        0x4 R:\AVR\arduino\Bottom_heater\Code\Bottom_heater\Bottom_heater\ArduinoCore\Debug\libArduinoCore.a(new.o)
                0x00002bde                _Znaj
 .text._ZdlPv   0x00002be2        0x4 R:\AVR\arduino\Bottom_heater\Code\Bottom_heater\Bottom_heater\ArduinoCore\Debug\libArduinoCore.a(new.o)
                0x00002be2                _ZdlPv
 .text._ZN5Print5writeEPKhj
                0x00002be6       0x54 R:\AVR\arduino\Bottom_heater\Code\Bottom_heater\Bottom_heater\ArduinoCore\Debug\libArduinoCore.a(Print.o)
                0x00002be6                _ZN5Print5writeEPKhj
 .text._ZN5Print5writeEPKc
                0x00002c3a       0x2a R:\AVR\arduino\Bottom_heater\Code\Bottom_heater\Bottom_heater\ArduinoCore\Debug\libArduinoCore.a(Print.o)
                0x00002c3a                _ZN5Print5writeEPKc
 .text._ZN5Print5printERK6String
                0x00002c64       0x1c R:\AVR\arduino\Bottom_heater\Code\Bottom_heater\Bottom_heater\ArduinoCore\Debug\libArduinoCore.a(Print.o)
                0x00002c64                _ZN5Print5printERK6String
 .text._ZN5Print5printEPKc
                0x00002c80        0x4 R:\AVR\arduino\Bottom_heater\Code\Bottom_heater\Bottom_heater\ArduinoCore\Debug\libArduinoCore.a(Print.o)
                0x00002c80                _ZN5Print5printEPKc
 .text._ZN5Print5printEc
                0x00002c84        0xe R:\AVR\arduino\Bottom_heater\Code\Bottom_heater\Bottom_heater\ArduinoCore\Debug\libArduinoCore.a(Print.o)
                0x00002c84                _ZN5Print5printEc
 .text._ZN5Print11printNumberEmh
                0x00002c92       0x92 R:\AVR\arduino\Bottom_heater\Code\Bottom_heater\Bottom_heater\ArduinoCore\Debug\libArduinoCore.a(Print.o)
                0x00002c92                _ZN5Print11printNumberEmh
 .text._ZN5Print5printEmi
                0x00002d24       0x1a R:\AVR\arduino\Bottom_heater\Code\Bottom_heater\Bottom_heater\ArduinoCore\Debug\libArduinoCore.a(Print.o)
                0x00002d24                _ZN5Print5printEmi
 .text._ZN5Print5printEji
                0x00002d3e        0xc R:\AVR\arduino\Bottom_heater\Code\Bottom_heater\Bottom_heater\ArduinoCore\Debug\libArduinoCore.a(Print.o)
                0x00002d3e                _ZN5Print5printEji
 .text._ZN5Print10printFloatEdh
                0x00002d4a      0x1b6 R:\AVR\arduino\Bottom_heater\Code\Bottom_heater\Bottom_heater\ArduinoCore\Debug\libArduinoCore.a(Print.o)
                0x00002d4a                _ZN5Print10printFloatEdh
 .text._ZN5Print5printEdi
                0x00002f00        0x4 R:\AVR\arduino\Bottom_heater\Code\Bottom_heater\Bottom_heater\ArduinoCore\Debug\libArduinoCore.a(Print.o)
                0x00002f00                _ZN5Print5printEdi
 .text.nothing  0x00002f04        0x2 R:\AVR\arduino\Bottom_heater\Code\Bottom_heater\Bottom_heater\ArduinoCore\Debug\libArduinoCore.a(WInterrupts.o)
 .text.attachInterrupt
                0x00002f06       0x40 R:\AVR\arduino\Bottom_heater\Code\Bottom_heater\Bottom_heater\ArduinoCore\Debug\libArduinoCore.a(WInterrupts.o)
                0x00002f06                attachInterrupt
 .text.__vector_1
                0x00002f46       0x4e R:\AVR\arduino\Bottom_heater\Code\Bottom_heater\Bottom_heater\ArduinoCore\Debug\libArduinoCore.a(WInterrupts.o)
                0x00002f46                __vector_1
 .text.__vector_2
                0x00002f94       0x4e R:\AVR\arduino\Bottom_heater\Code\Bottom_heater\Bottom_heater\ArduinoCore\Debug\libArduinoCore.a(WInterrupts.o)
                0x00002f94                __vector_2
 .text.__vector_16
                0x00002fe2       0x94 R:\AVR\arduino\Bottom_heater\Code\Bottom_heater\Bottom_heater\ArduinoCore\Debug\libArduinoCore.a(wiring.o)
                0x00002fe2                __vector_16
 .text.millis   0x00003076       0x18 R:\AVR\arduino\Bottom_heater\Code\Bottom_heater\Bottom_heater\ArduinoCore\Debug\libArduinoCore.a(wiring.o)
                0x00003076                millis
 .text.micros   0x0000308e       0x4a R:\AVR\arduino\Bottom_heater\Code\Bottom_heater\Bottom_heater\ArduinoCore\Debug\libArduinoCore.a(wiring.o)
                0x0000308e                micros
 .text.delay    0x000030d8       0x78 R:\AVR\arduino\Bottom_heater\Code\Bottom_heater\Bottom_heater\ArduinoCore\Debug\libArduinoCore.a(wiring.o)
                0x000030d8                delay
 .text.delayMicroseconds
                0x00003150       0x16 R:\AVR\arduino\Bottom_heater\Code\Bottom_heater\Bottom_heater\ArduinoCore\Debug\libArduinoCore.a(wiring.o)
                0x00003150                delayMicroseconds
 .text.init     0x00003166       0x76 R:\AVR\arduino\Bottom_heater\Code\Bottom_heater\Bottom_heater\ArduinoCore\Debug\libArduinoCore.a(wiring.o)
                0x00003166                init
 .text.analogWrite
                0x000031dc       0xbe R:\AVR\arduino\Bottom_heater\Code\Bottom_heater\Bottom_heater\ArduinoCore\Debug\libArduinoCore.a(wiring_analog.o)
                0x000031dc                analogWrite
 .text.turnOffPWM
                0x0000329a       0x52 R:\AVR\arduino\Bottom_heater\Code\Bottom_heater\Bottom_heater\ArduinoCore\Debug\libArduinoCore.a(wiring_digital.o)
 .text.pinMode  0x000032ec       0x78 R:\AVR\arduino\Bottom_heater\Code\Bottom_heater\Bottom_heater\ArduinoCore\Debug\libArduinoCore.a(wiring_digital.o)
                0x000032ec                pinMode
 .text.digitalWrite
                0x00003364       0x5e R:\AVR\arduino\Bottom_heater\Code\Bottom_heater\Bottom_heater\ArduinoCore\Debug\libArduinoCore.a(wiring_digital.o)
                0x00003364                digitalWrite
 .text.digitalRead
                0x000033c2       0x52 R:\AVR\arduino\Bottom_heater\Code\Bottom_heater\Bottom_heater\ArduinoCore\Debug\libArduinoCore.a(wiring_digital.o)
                0x000033c2                digitalRead
 .text._ZN6StringD2Ev
                0x00003414        0xa R:\AVR\arduino\Bottom_heater\Code\Bottom_heater\Bottom_heater\ArduinoCore\Debug\libArduinoCore.a(WString.o)
                0x00003414                _ZN6StringD2Ev
                0x00003414                _ZN6StringD1Ev
 .text._ZN6String10invalidateEv
                0x0000341e       0x24 R:\AVR\arduino\Bottom_heater\Code\Bottom_heater\Bottom_heater\ArduinoCore\Debug\libArduinoCore.a(WString.o)
                0x0000341e                _ZN6String10invalidateEv
 .text._ZN6String12changeBufferEj
                0x00003442       0x34 R:\AVR\arduino\Bottom_heater\Code\Bottom_heater\Bottom_heater\ArduinoCore\Debug\libArduinoCore.a(WString.o)
                0x00003442                _ZN6String12changeBufferEj
 .text._ZN6String7reserveEj
                0x00003476       0x38 R:\AVR\arduino\Bottom_heater\Code\Bottom_heater\Bottom_heater\ArduinoCore\Debug\libArduinoCore.a(WString.o)
                0x00003476                _ZN6String7reserveEj
 .text._ZN6String4copyEPKcj
                0x000034ae       0x42 R:\AVR\arduino\Bottom_heater\Code\Bottom_heater\Bottom_heater\ArduinoCore\Debug\libArduinoCore.a(WString.o)
                0x000034ae                _ZN6String4copyEPKcj
 .text._ZN6StringaSEPKc
                0x000034f0       0x2e R:\AVR\arduino\Bottom_heater\Code\Bottom_heater\Bottom_heater\ArduinoCore\Debug\libArduinoCore.a(WString.o)
                0x000034f0                _ZN6StringaSEPKc
 .text._ZN6StringC2Eih
                0x0000351e       0x58 R:\AVR\arduino\Bottom_heater\Code\Bottom_heater\Bottom_heater\ArduinoCore\Debug\libArduinoCore.a(WString.o)
                0x0000351e                _ZN6StringC2Eih
                0x0000351e                _ZN6StringC1Eih
 .text.__empty  0x00003576        0x2 R:\AVR\arduino\Bottom_heater\Code\Bottom_heater\Bottom_heater\ArduinoCore\Debug\libArduinoCore.a(hooks.o)
                0x00003576                yield
 .text.avr-libc.fplib
                0x00003578        0xa c:/program files (x86)/atmel/studio/7.0/toolchain/avr8/avr8-gnu-toolchain/bin/../lib/gcc/avr/5.4.0/../../../../avr/lib/avr5\libm.a(unordsf2.o)
                0x00003578                __unordsf2
 .text.libgcc.div
                0x00003582       0x44 c:/program files (x86)/atmel/studio/7.0/toolchain/avr8/avr8-gnu-toolchain/bin/../lib/gcc/avr/5.4.0/avr5\libgcc.a(_udivmodsi4.o)
                0x00003582                __udivmodsi4
 .text.libgcc.mul
                0x000035c6       0x16 c:/program files (x86)/atmel/studio/7.0/toolchain/avr8/avr8-gnu-toolchain/bin/../lib/gcc/avr/5.4.0/avr5\libgcc.a(_muluhisi3.o)
                0x000035c6                __muluhisi3
 .text.libgcc   0x000035dc        0xc c:/program files (x86)/atmel/studio/7.0/toolchain/avr8/avr8-gnu-toolchain/bin/../lib/gcc/avr/5.4.0/avr5\libgcc.a(_tablejump2.o)
                0x000035dc                __tablejump2__
 .text.libgcc.mul
                0x000035e8       0x1e c:/program files (x86)/atmel/studio/7.0/toolchain/avr8/avr8-gnu-toolchain/bin/../lib/gcc/avr/5.4.0/avr5\libgcc.a(_umulhisi3.o)
                0x000035e8                __umulhisi3
 .text.avr-libc
                0x00003606      0x242 c:/program files (x86)/atmel/studio/7.0/toolchain/avr8/avr8-gnu-toolchain/bin/../lib/gcc/avr/5.4.0/../../../../avr/lib/avr5\libc.a(malloc.o)
                0x00003606                malloc
                0x00003736                free
 .text.avr-libc
                0x00003848      0x18c c:/program files (x86)/atmel/studio/7.0/toolchain/avr8/avr8-gnu-toolchain/bin/../lib/gcc/avr/5.4.0/../../../../avr/lib/avr5\libc.a(realloc.o)
                0x00003848                realloc
 .text.avr-libc
                0x000039d4       0x12 c:/program files (x86)/atmel/studio/7.0/toolchain/avr8/avr8-gnu-toolchain/bin/../lib/gcc/avr/5.4.0/../../../../avr/lib/avr5\libc.a(memcpy.o)
                0x000039d4                memcpy
 .text.avr-libc
                0x000039e6        0xe c:/program files (x86)/atmel/studio/7.0/toolchain/avr8/avr8-gnu-toolchain/bin/../lib/gcc/avr/5.4.0/../../../../avr/lib/avr5\libc.a(strcpy.o)
                0x000039e6                strcpy
 .text.avr-libc
                0x000039f4       0x16 c:/program files (x86)/atmel/studio/7.0/toolchain/avr8/avr8-gnu-toolchain/bin/../lib/gcc/avr/5.4.0/../../../../avr/lib/avr5\libc.a(itoa.o)
                0x000039f4                __itoa
                0x000039f4                itoa
 .text.avr-libc
                0x00003a0a       0x16 c:/program files (x86)/atmel/studio/7.0/toolchain/avr8/avr8-gnu-toolchain/bin/../lib/gcc/avr/5.4.0/../../../../avr/lib/avr5\libc.a(itoa_ncheck.o)
                0x00003a0a                __itoa_ncheck
 .text.avr-libc
                0x00003a20       0x34 c:/program files (x86)/atmel/studio/7.0/toolchain/avr8/avr8-gnu-toolchain/bin/../lib/gcc/avr/5.4.0/../../../../avr/lib/avr5\libc.a(utoa_ncheck.o)
                0x00003a20                __utoa_ncheck
                0x00003a22                __utoa_common
 .text.avr-libc
                0x00003a54       0x20 c:/program files (x86)/atmel/studio/7.0/toolchain/avr8/avr8-gnu-toolchain/bin/../lib/gcc/avr/5.4.0/../../../../avr/lib/avr5\libc.a(strrev.o)
                0x00003a54                strrev
 .text.avr-libc
                0x00003a74       0x10 C:/Program Files (x86)/Atmel/Studio/7.0/Packs/atmel/ATmega_DFP/1.2.209/gcc/dev/atmega328p/avr5\libatmega328p.a(eerd_byte.o)
                0x00003a74                eeprom_read_byte
 .text.avr-libc
                0x00003a84       0x1c C:/Program Files (x86)/Atmel/Studio/7.0/Packs/atmel/ATmega_DFP/1.2.209/gcc/dev/atmega328p/avr5\libatmega328p.a(eewr_byte.o)
                0x00003a84                eeprom_write_byte
                0x00003a86                eeprom_write_r18
 .text.libgcc.prologue
                0x00003aa0       0x38 c:/program files (x86)/atmel/studio/7.0/toolchain/avr8/avr8-gnu-toolchain/bin/../lib/gcc/avr/5.4.0/avr5\libgcc.a(_prologue.o)
                0x00003aa0                __prologue_saves__
 .text.libgcc.prologue
                0x00003ad8       0x36 c:/program files (x86)/atmel/studio/7.0/toolchain/avr8/avr8-gnu-toolchain/bin/../lib/gcc/avr/5.4.0/avr5\libgcc.a(_epilogue.o)
                0x00003ad8                __epilogue_restores__
                0x00003b0e                . = ALIGN (0x2)
 *(.fini9)
 .fini9         0x00003b0e        0x0 c:/program files (x86)/atmel/studio/7.0/toolchain/avr8/avr8-gnu-toolchain/bin/../lib/gcc/avr/5.4.0/avr5\libgcc.a(_exit.o)
                0x00003b0e                _exit
                0x00003b0e                exit
 *(.fini9)
 *(.fini8)
 *(.fini8)
 *(.fini7)
 *(.fini7)
 *(.fini6)
 *(.fini6)
 *(.fini5)
 *(.fini5)
 *(.fini4)
 *(.fini4)
 *(.fini3)
 *(.fini3)
 *(.fini2)
 *(.fini2)
 *(.fini1)
 *(.fini1)
 *(.fini0)
 .fini0         0x00003b0e        0x4 c:/program files (x86)/atmel/studio/7.0/toolchain/avr8/avr8-gnu-toolchain/bin/../lib/gcc/avr/5.4.0/avr5\libgcc.a(_exit.o)
 *(.fini0)
                0x00003b12                _etext = .

.data           0x00800100       0xd6 load address 0x00003b12
                0x00800100                PROVIDE (__data_start, .)
 *(.data)
 .data          0x00800100        0x6 c:/program files (x86)/atmel/studio/7.0/toolchain/avr8/avr8-gnu-toolchain/bin/../lib/gcc/avr/5.4.0/../../../../avr/lib/avr5\libc.a(malloc.o)
                0x00800100                __malloc_heap_end
                0x00800102                __malloc_heap_start
                0x00800104                __malloc_margin
 *(.data*)
 .data._regulationDown
                0x00800106        0x1 Sketch.o
                0x00800106                _regulationDown
 .data._menuActive
                0x00800107        0x1 Sketch.o
                0x00800107                _menuActive
 .data._setTempDown
                0x00800108        0x4 Sketch.o
                0x00800108                _setTempDown
 .data._setTempUp
                0x0080010c        0x4 Sketch.o
                0x0080010c                _setTempUp
 .data.intFunc  0x00800110        0x4 R:\AVR\arduino\Bottom_heater\Code\Bottom_heater\Bottom_heater\ArduinoCore\Debug\libArduinoCore.a(WInterrupts.o)
 *(.gnu.linkonce.d*)
 *(.rodata)
 .rodata        0x00800114        0x8 src/libraries/LiquidCrystal_I2C/src/LiquidCrystal_I2C.o
 *(.rodata*)
 .rodata.str1.1
                0x0080011c       0x11 Display/Display16x2.o
 .rodata._ZTV14MenuActionItem
                0x0080012d       0x14 Menu/MenuActionItem.o
                0x0080012d                _ZTV14MenuActionItem
 .rodata._ZTV14MenuDoubleItem
                0x00800141       0x14 Menu/MenuDoubleItem.o
                0x00800141                _ZTV14MenuDoubleItem
 .rodata._ZTV8MenuItem
                0x00800155       0x14 Menu/MenuItem.o
                0x00800155                _ZTV8MenuItem
 .rodata.str1.1
                0x00800169       0x3f Sketch.o
 .rodata._ZTV17LiquidCrystal_I2C
                0x008001a8        0xc src/libraries/LiquidCrystal_I2C/src/LiquidCrystal_I2C.o
                0x008001a8                _ZTV17LiquidCrystal_I2C
 .rodata._ZTV7TwoWire
                0x008001b4       0x12 src/libraries/Wire/src/Wire.o
                0x008001b4                _ZTV7TwoWire
 .rodata.str1.1
                0x008001c6        0xf R:\AVR\arduino\Bottom_heater\Code\Bottom_heater\Bottom_heater\ArduinoCore\Debug\libArduinoCore.a(Print.o)
 *(.gnu.linkonce.r*)
                0x008001d6                . = ALIGN (0x2)
 *fill*         0x008001d5        0x1 
                0x008001d6                _edata = .
                0x008001d6                PROVIDE (__data_end, .)

.bss            0x008001d6      0x157
                0x008001d6                PROVIDE (__bss_start, .)
 *(.bss)
 *(.bss*)
 .bss._timerId  0x008001d6        0x2 Buzzer/Buzzer.o
                0x008001d6                _timerId
 .bss._timer    0x008001d8        0x2 Buzzer/Buzzer.o
                0x008001d8                _timer
 .bss._buzzerPin
                0x008001da        0x2 Buzzer/Buzzer.o
                0x008001da                _buzzerPin
 .bss._itemValues
                0x008001dc        0x2 Dimmer/Dimmer.o
                0x008001dc                _itemValues
 .bss._items    0x008001de        0x2 Dimmer/Dimmer.o
                0x008001de                _items
 .bss._timerDimmer
                0x008001e0        0x2 Dimmer/Dimmer.o
                0x008001e0                _timerDimmer
 .bss._timerDimmerId
                0x008001e2        0x2 Dimmer/Dimmer.o
                0x008001e2                _timerDimmerId
 .bss._tic      0x008001e4        0x2 Dimmer/Dimmer.o
                0x008001e4                _tic
 .bss._buttonDown
                0x008001e6        0x1 Sketch.o
                0x008001e6                _buttonDown
 .bss._timerUpdateTemperatureId
                0x008001e7        0x2 Sketch.o
                0x008001e7                _timerUpdateTemperatureId
 .bss._timerHeatingId
                0x008001e9        0x2 Sketch.o
                0x008001e9                _timerHeatingId
 .bss._pidOldDownVal
                0x008001eb        0x2 Sketch.o
                0x008001eb                _pidOldDownVal
 .bss._regulationUp
                0x008001ed        0x1 Sketch.o
                0x008001ed                _regulationUp
 .bss._heaterOn
                0x008001ee        0x1 Sketch.o
                0x008001ee                _heaterOn
 .bss._outputDownVal
                0x008001ef        0x4 Sketch.o
                0x008001ef                _outputDownVal
 .bss._outputUpVal
                0x008001f3        0x4 Sketch.o
                0x008001f3                _outputUpVal
 .bss._tempDown
                0x008001f7        0x4 Sketch.o
                0x008001f7                _tempDown
 .bss._tempUp   0x008001fb        0x4 Sketch.o
                0x008001fb                _tempUp
 .bss._buzzer   0x008001ff        0x2 Sketch.o
                0x008001ff                _buzzer
 .bss._eeprom   0x00800201        0x2 Sketch.o
                0x00800201                _eeprom
 .bss._timerHeating
                0x00800203        0x2 Sketch.o
                0x00800203                _timerHeating
 .bss._menu     0x00800205        0x2 Sketch.o
                0x00800205                _menu
 .bss._lcd      0x00800207        0x2 Sketch.o
                0x00800207                _lcd
 .bss._encoder  0x00800209        0x2 Sketch.o
                0x00800209                _encoder
 .bss._pidDown  0x0080020b        0x2 Sketch.o
                0x0080020b                _pidDown
 .bss._pidUp    0x0080020d        0x2 Sketch.o
                0x0080020d                _pidUp
 .bss._display  0x0080020f        0x2 Sketch.o
                0x0080020f                _display
 .bss._thermometer
                0x00800211        0x2 Sketch.o
                0x00800211                _thermometer
 .bss._dimmer   0x00800213        0x2 Sketch.o
                0x00800213                _dimmer
 .bss.IETVC     0x00800215       0x4b src/libraries/Encoder_tmr/iarduino_Encoder_tmr.o
                0x00800215                IETVC
 .bss.twi_error
                0x00800260        0x1 src/libraries/Wire/src/utility/twi.o
 .bss.twi_rxBufferIndex
                0x00800261        0x1 src/libraries/Wire/src/utility/twi.o
 .bss.twi_rxBuffer
                0x00800262       0x20 src/libraries/Wire/src/utility/twi.o
 .bss.twi_txBufferLength
                0x00800282        0x1 src/libraries/Wire/src/utility/twi.o
 .bss.twi_txBufferIndex
                0x00800283        0x1 src/libraries/Wire/src/utility/twi.o
 .bss.twi_txBuffer
                0x00800284       0x20 src/libraries/Wire/src/utility/twi.o
 .bss.twi_masterBufferLength
                0x008002a4        0x1 src/libraries/Wire/src/utility/twi.o
 .bss.twi_masterBufferIndex
                0x008002a5        0x1 src/libraries/Wire/src/utility/twi.o
 .bss.twi_masterBuffer
                0x008002a6       0x20 src/libraries/Wire/src/utility/twi.o
 .bss.twi_onSlaveReceive
                0x008002c6        0x2 src/libraries/Wire/src/utility/twi.o
 .bss.twi_onSlaveTransmit
                0x008002c8        0x2 src/libraries/Wire/src/utility/twi.o
 .bss.twi_inRepStart
                0x008002ca        0x1 src/libraries/Wire/src/utility/twi.o
 .bss.twi_sendStop
                0x008002cb        0x1 src/libraries/Wire/src/utility/twi.o
 .bss.twi_slarw
                0x008002cc        0x1 src/libraries/Wire/src/utility/twi.o
 .bss.twi_state
                0x008002cd        0x1 src/libraries/Wire/src/utility/twi.o
 .bss.Wire      0x008002ce        0xc src/libraries/Wire/src/Wire.o
                0x008002ce                Wire
 .bss._ZN7TwoWire12transmittingE
                0x008002da        0x1 src/libraries/Wire/src/Wire.o
                0x008002da                _ZN7TwoWire12transmittingE
 .bss._ZN7TwoWire14txBufferLengthE
                0x008002db        0x1 src/libraries/Wire/src/Wire.o
                0x008002db                _ZN7TwoWire14txBufferLengthE
 .bss._ZN7TwoWire13txBufferIndexE
                0x008002dc        0x1 src/libraries/Wire/src/Wire.o
                0x008002dc                _ZN7TwoWire13txBufferIndexE
 .bss._ZN7TwoWire8txBufferE
                0x008002dd       0x20 src/libraries/Wire/src/Wire.o
                0x008002dd                _ZN7TwoWire8txBufferE
 .bss._ZN7TwoWire9txAddressE
                0x008002fd        0x1 src/libraries/Wire/src/Wire.o
                0x008002fd                _ZN7TwoWire9txAddressE
 .bss._ZN7TwoWire14rxBufferLengthE
                0x008002fe        0x1 src/libraries/Wire/src/Wire.o
                0x008002fe                _ZN7TwoWire14rxBufferLengthE
 .bss._ZN7TwoWire13rxBufferIndexE
                0x008002ff        0x1 src/libraries/Wire/src/Wire.o
                0x008002ff                _ZN7TwoWire13rxBufferIndexE
 .bss._ZN7TwoWire8rxBufferE
                0x00800300       0x20 src/libraries/Wire/src/Wire.o
                0x00800300                _ZN7TwoWire8rxBufferE
 .bss.timer0_fract
                0x00800320        0x1 R:\AVR\arduino\Bottom_heater\Code\Bottom_heater\Bottom_heater\ArduinoCore\Debug\libArduinoCore.a(wiring.o)
 .bss.timer0_millis
                0x00800321        0x4 R:\AVR\arduino\Bottom_heater\Code\Bottom_heater\Bottom_heater\ArduinoCore\Debug\libArduinoCore.a(wiring.o)
                0x00800321                timer0_millis
 .bss.timer0_overflow_count
                0x00800325        0x4 R:\AVR\arduino\Bottom_heater\Code\Bottom_heater\Bottom_heater\ArduinoCore\Debug\libArduinoCore.a(wiring.o)
                0x00800325                timer0_overflow_count
 *(COMMON)
 COMMON         0x00800329        0x4 c:/program files (x86)/atmel/studio/7.0/toolchain/avr8/avr8-gnu-toolchain/bin/../lib/gcc/avr/5.4.0/../../../../avr/lib/avr5\libc.a(malloc.o)
                0x00800329                __brkval
                0x0080032b                __flp
                0x0080032d                PROVIDE (__bss_end, .)
                0x00003b12                __data_load_start = LOADADDR (.data)
                0x00003be8                __data_load_end = (__data_load_start + SIZEOF (.data))

.noinit         0x0080032d        0x0
                [!provide]                PROVIDE (__noinit_start, .)
 *(.noinit*)
                [!provide]                PROVIDE (__noinit_end, .)
                0x0080032d                _end = .
                0x0080032d                PROVIDE (__heap_start, .)

.eeprom         0x00810000        0x0
 *(.eeprom*)
                0x00810000                __eeprom_end = .

.fuse
 *(.fuse)
 *(.lfuse)
 *(.hfuse)
 *(.efuse)

.lock
 *(.lock*)

.signature
 *(.signature*)

.user_signatures
 *(.user_signatures*)

.stab
 *(.stab)

.stabstr
 *(.stabstr)

.stab.excl
 *(.stab.excl)

.stab.exclstr
 *(.stab.exclstr)

.stab.index
 *(.stab.index)

.stab.indexstr
 *(.stab.indexstr)

.comment        0x00000000       0x30
 *(.comment)
 .comment       0x00000000       0x30 Buzzer/Buzzer.o
                                 0x31 (size before relaxing)
 .comment       0x00000030       0x31 Dimmer/Dimmer.o
 .comment       0x00000030       0x31 Dimmer/DimmerItem.o
 .comment       0x00000030       0x31 Display/Display16x2.o
 .comment       0x00000030       0x31 Extensions/EepromExtension.o
 .comment       0x00000030       0x31 Menu/Menu.o
 .comment       0x00000030       0x31 Menu/MenuActionItem.o
 .comment       0x00000030       0x31 Menu/MenuDoubleItem.o
 .comment       0x00000030       0x31 Menu/MenuItem.o
 .comment       0x00000030       0x31 Sketch.o
 .comment       0x00000030       0x31 src/libraries/Encoder_tmr/iarduino_Encoder_tmr.o
 .comment       0x00000030       0x31 src/libraries/LiquidCrystal_I2C/src/LiquidCrystal_I2C.o
 .comment       0x00000030       0x31 src/libraries/MAX6675/max6675.o
 .comment       0x00000030       0x31 src/libraries/PID/PID_v1.o
 .comment       0x00000030       0x31 src/libraries/SimpleTimer/SimpleTimer.o
 .comment       0x00000030       0x31 src/libraries/Wire/src/utility/twi.o
 .comment       0x00000030       0x31 src/libraries/Wire/src/Wire.o
 .comment       0x00000030       0x31 Thermometer/Thermometer.o
 .comment       0x00000030       0x31 R:\AVR\arduino\Bottom_heater\Code\Bottom_heater\Bottom_heater\ArduinoCore\Debug\libArduinoCore.a(main.o)
 .comment       0x00000030       0x31 R:\AVR\arduino\Bottom_heater\Code\Bottom_heater\Bottom_heater\ArduinoCore\Debug\libArduinoCore.a(new.o)
 .comment       0x00000030       0x31 R:\AVR\arduino\Bottom_heater\Code\Bottom_heater\Bottom_heater\ArduinoCore\Debug\libArduinoCore.a(Print.o)
 .comment       0x00000030       0x31 R:\AVR\arduino\Bottom_heater\Code\Bottom_heater\Bottom_heater\ArduinoCore\Debug\libArduinoCore.a(WInterrupts.o)
 .comment       0x00000030       0x31 R:\AVR\arduino\Bottom_heater\Code\Bottom_heater\Bottom_heater\ArduinoCore\Debug\libArduinoCore.a(wiring.o)
 .comment       0x00000030       0x31 R:\AVR\arduino\Bottom_heater\Code\Bottom_heater\Bottom_heater\ArduinoCore\Debug\libArduinoCore.a(wiring_analog.o)
 .comment       0x00000030       0x31 R:\AVR\arduino\Bottom_heater\Code\Bottom_heater\Bottom_heater\ArduinoCore\Debug\libArduinoCore.a(wiring_digital.o)
 .comment       0x00000030       0x31 R:\AVR\arduino\Bottom_heater\Code\Bottom_heater\Bottom_heater\ArduinoCore\Debug\libArduinoCore.a(WString.o)
 .comment       0x00000030       0x31 R:\AVR\arduino\Bottom_heater\Code\Bottom_heater\Bottom_heater\ArduinoCore\Debug\libArduinoCore.a(hooks.o)
 .comment       0x00000030       0x31 c:/program files (x86)/atmel/studio/7.0/toolchain/avr8/avr8-gnu-toolchain/bin/../lib/gcc/avr/5.4.0/../../../../avr/lib/avr5\libc.a(malloc.o)
 .comment       0x00000030       0x31 c:/program files (x86)/atmel/studio/7.0/toolchain/avr8/avr8-gnu-toolchain/bin/../lib/gcc/avr/5.4.0/../../../../avr/lib/avr5\libc.a(realloc.o)

.note.gnu.avr.deviceinfo
                0x00000000       0x40
 .note.gnu.avr.deviceinfo
                0x00000000       0x40 C:/Program Files (x86)/Atmel/Studio/7.0/Packs/atmel/ATmega_DFP/1.2.209/gcc/dev/atmega328p/avr5/crtatmega328p.o

.note.gnu.build-id
 *(.note.gnu.build-id)

.debug
 *(.debug)

.line
 *(.line)

.debug_srcinfo
 *(.debug_srcinfo)

.debug_sfnames
 *(.debug_sfnames)

.debug_aranges  0x00000000      0xd20
 *(.debug_aranges)
 .debug_aranges
                0x00000000       0x40 Buzzer/Buzzer.o
 .debug_aranges
                0x00000040       0x50 Dimmer/Dimmer.o
 .debug_aranges
                0x00000090       0x30 Dimmer/DimmerItem.o
 .debug_aranges
                0x000000c0       0x40 Display/Display16x2.o
 .debug_aranges
                0x00000100       0x90 Extensions/EepromExtension.o
 .debug_aranges
                0x00000190       0x50 Menu/Menu.o
 .debug_aranges
                0x000001e0       0x50 Menu/MenuActionItem.o
 .debug_aranges
                0x00000230       0x60 Menu/MenuDoubleItem.o
 .debug_aranges
                0x00000290       0x60 Menu/MenuItem.o
 .debug_aranges
                0x000002f0       0x88 Sketch.o
 .debug_aranges
                0x00000378       0x48 src/libraries/Encoder_tmr/iarduino_Encoder_tmr.o
 .debug_aranges
                0x000003c0      0x118 src/libraries/LiquidCrystal_I2C/src/LiquidCrystal_I2C.o
 .debug_aranges
                0x000004d8       0x38 src/libraries/MAX6675/max6675.o
 .debug_aranges
                0x00000510       0x80 src/libraries/PID/PID_v1.o
 .debug_aranges
                0x00000590       0x88 src/libraries/SimpleTimer/SimpleTimer.o
 .debug_aranges
                0x00000618       0x80 src/libraries/Wire/src/utility/twi.o
 .debug_aranges
                0x00000698       0xf8 src/libraries/Wire/src/Wire.o
 .debug_aranges
                0x00000790       0x30 Thermometer/Thermometer.o
 .debug_aranges
                0x000007c0       0x30 R:\AVR\arduino\Bottom_heater\Code\Bottom_heater\Bottom_heater\ArduinoCore\Debug\libArduinoCore.a(main.o)
 .debug_aranges
                0x000007f0       0x28 R:\AVR\arduino\Bottom_heater\Code\Bottom_heater\Bottom_heater\ArduinoCore\Debug\libArduinoCore.a(new.o)
 .debug_aranges
                0x00000818      0x100 R:\AVR\arduino\Bottom_heater\Code\Bottom_heater\Bottom_heater\ArduinoCore\Debug\libArduinoCore.a(Print.o)
 .debug_aranges
                0x00000918       0x40 R:\AVR\arduino\Bottom_heater\Code\Bottom_heater\Bottom_heater\ArduinoCore\Debug\libArduinoCore.a(WInterrupts.o)
 .debug_aranges
                0x00000958       0x48 R:\AVR\arduino\Bottom_heater\Code\Bottom_heater\Bottom_heater\ArduinoCore\Debug\libArduinoCore.a(wiring.o)
 .debug_aranges
                0x000009a0       0x30 R:\AVR\arduino\Bottom_heater\Code\Bottom_heater\Bottom_heater\ArduinoCore\Debug\libArduinoCore.a(wiring_analog.o)
 .debug_aranges
                0x000009d0       0x38 R:\AVR\arduino\Bottom_heater\Code\Bottom_heater\Bottom_heater\ArduinoCore\Debug\libArduinoCore.a(wiring_digital.o)
 .debug_aranges
                0x00000a08      0x2b8 R:\AVR\arduino\Bottom_heater\Code\Bottom_heater\Bottom_heater\ArduinoCore\Debug\libArduinoCore.a(WString.o)
 .debug_aranges
                0x00000cc0       0x20 R:\AVR\arduino\Bottom_heater\Code\Bottom_heater\Bottom_heater\ArduinoCore\Debug\libArduinoCore.a(hooks.o)
 .debug_aranges
                0x00000ce0       0x20 C:/Program Files (x86)/Atmel/Studio/7.0/Packs/atmel/ATmega_DFP/1.2.209/gcc/dev/atmega328p/avr5\libatmega328p.a(eerd_byte.o)
 .debug_aranges
                0x00000d00       0x20 C:/Program Files (x86)/Atmel/Studio/7.0/Packs/atmel/ATmega_DFP/1.2.209/gcc/dev/atmega328p/avr5\libatmega328p.a(eewr_byte.o)

.debug_pubnames
 *(.debug_pubnames)

.debug_info     0x00000000    0x16cfe
 *(.debug_info .gnu.linkonce.wi.*)
 .debug_info    0x00000000      0x5f4 C:/Program Files (x86)/Atmel/Studio/7.0/Packs/atmel/ATmega_DFP/1.2.209/gcc/dev/atmega328p/avr5/crtatmega328p.o
 .debug_info    0x000005f4      0x82c Buzzer/Buzzer.o
 .debug_info    0x00000e20      0xa39 Dimmer/Dimmer.o
 .debug_info    0x00001859      0x34d Dimmer/DimmerItem.o
 .debug_info    0x00001ba6     0x18a3 Display/Display16x2.o
 .debug_info    0x00003449     0x1570 Extensions/EepromExtension.o
 .debug_info    0x000049b9      0x50e Menu/Menu.o
 .debug_info    0x00004ec7      0x62f Menu/MenuActionItem.o
 .debug_info    0x000054f6      0x746 Menu/MenuDoubleItem.o
 .debug_info    0x00005c3c      0x8a0 Menu/MenuItem.o
 .debug_info    0x000064dc     0x21ae Sketch.o
 .debug_info    0x0000868a      0x71e src/libraries/Encoder_tmr/iarduino_Encoder_tmr.o
 .debug_info    0x00008da8     0x1508 src/libraries/LiquidCrystal_I2C/src/LiquidCrystal_I2C.o
 .debug_info    0x0000a2b0      0x5a5 src/libraries/MAX6675/max6675.o
 .debug_info    0x0000a855      0x9bc src/libraries/PID/PID_v1.o
 .debug_info    0x0000b211      0xa05 src/libraries/SimpleTimer/SimpleTimer.o
 .debug_info    0x0000bc16      0x604 src/libraries/Wire/src/utility/twi.o
 .debug_info    0x0000c21a     0x27b4 src/libraries/Wire/src/Wire.o
 .debug_info    0x0000e9ce      0x4be Thermometer/Thermometer.o
 .debug_info    0x0000ee8c      0x237 R:\AVR\arduino\Bottom_heater\Code\Bottom_heater\Bottom_heater\ArduinoCore\Debug\libArduinoCore.a(main.o)
 .debug_info    0x0000f0c3      0x11c R:\AVR\arduino\Bottom_heater\Code\Bottom_heater\Bottom_heater\ArduinoCore\Debug\libArduinoCore.a(new.o)
 .debug_info    0x0000f1df     0x28ff R:\AVR\arduino\Bottom_heater\Code\Bottom_heater\Bottom_heater\ArduinoCore\Debug\libArduinoCore.a(Print.o)
 .debug_info    0x00011ade      0x21c R:\AVR\arduino\Bottom_heater\Code\Bottom_heater\Bottom_heater\ArduinoCore\Debug\libArduinoCore.a(WInterrupts.o)
 .debug_info    0x00011cfa      0x2cb R:\AVR\arduino\Bottom_heater\Code\Bottom_heater\Bottom_heater\ArduinoCore\Debug\libArduinoCore.a(wiring.o)
 .debug_info    0x00011fc5      0x26d R:\AVR\arduino\Bottom_heater\Code\Bottom_heater\Bottom_heater\ArduinoCore\Debug\libArduinoCore.a(wiring_analog.o)
 .debug_info    0x00012232      0x5fe R:\AVR\arduino\Bottom_heater\Code\Bottom_heater\Bottom_heater\ArduinoCore\Debug\libArduinoCore.a(wiring_digital.o)
 .debug_info    0x00012830     0x4338 R:\AVR\arduino\Bottom_heater\Code\Bottom_heater\Bottom_heater\ArduinoCore\Debug\libArduinoCore.a(WString.o)
 .debug_info    0x00016b68       0x3e R:\AVR\arduino\Bottom_heater\Code\Bottom_heater\Bottom_heater\ArduinoCore\Debug\libArduinoCore.a(hooks.o)
 .debug_info    0x00016ba6       0xac C:/Program Files (x86)/Atmel/Studio/7.0/Packs/atmel/ATmega_DFP/1.2.209/gcc/dev/atmega328p/avr5\libatmega328p.a(eerd_byte.o)
 .debug_info    0x00016c52       0xac C:/Program Files (x86)/Atmel/Studio/7.0/Packs/atmel/ATmega_DFP/1.2.209/gcc/dev/atmega328p/avr5\libatmega328p.a(eewr_byte.o)

.debug_abbrev   0x00000000     0x4b7b
 *(.debug_abbrev)
 .debug_abbrev  0x00000000      0x5a2 C:/Program Files (x86)/Atmel/Studio/7.0/Packs/atmel/ATmega_DFP/1.2.209/gcc/dev/atmega328p/avr5/crtatmega328p.o
 .debug_abbrev  0x000005a2      0x2c3 Buzzer/Buzzer.o
 .debug_abbrev  0x00000865      0x2e6 Dimmer/Dimmer.o
 .debug_abbrev  0x00000b4b      0x1e2 Dimmer/DimmerItem.o
 .debug_abbrev  0x00000d2d      0x334 Display/Display16x2.o
 .debug_abbrev  0x00001061      0x2cc Extensions/EepromExtension.o
 .debug_abbrev  0x0000132d      0x23a Menu/Menu.o
 .debug_abbrev  0x00001567      0x261 Menu/MenuActionItem.o
 .debug_abbrev  0x000017c8      0x2d7 Menu/MenuDoubleItem.o
 .debug_abbrev  0x00001a9f      0x32c Menu/MenuItem.o
 .debug_abbrev  0x00001dcb      0x4d7 Sketch.o
 .debug_abbrev  0x000022a2      0x2d8 src/libraries/Encoder_tmr/iarduino_Encoder_tmr.o
 .debug_abbrev  0x0000257a      0x356 src/libraries/LiquidCrystal_I2C/src/LiquidCrystal_I2C.o
 .debug_abbrev  0x000028d0      0x271 src/libraries/MAX6675/max6675.o
 .debug_abbrev  0x00002b41      0x2ab src/libraries/PID/PID_v1.o
 .debug_abbrev  0x00002dec      0x2ed src/libraries/SimpleTimer/SimpleTimer.o
 .debug_abbrev  0x000030d9      0x260 src/libraries/Wire/src/utility/twi.o
 .debug_abbrev  0x00003339      0x581 src/libraries/Wire/src/Wire.o
 .debug_abbrev  0x000038ba      0x230 Thermometer/Thermometer.o
 .debug_abbrev  0x00003aea      0x12d R:\AVR\arduino\Bottom_heater\Code\Bottom_heater\Bottom_heater\ArduinoCore\Debug\libArduinoCore.a(main.o)
 .debug_abbrev  0x00003c17       0xce R:\AVR\arduino\Bottom_heater\Code\Bottom_heater\Bottom_heater\ArduinoCore\Debug\libArduinoCore.a(new.o)
 .debug_abbrev  0x00003ce5      0x47a R:\AVR\arduino\Bottom_heater\Code\Bottom_heater\Bottom_heater\ArduinoCore\Debug\libArduinoCore.a(Print.o)
 .debug_abbrev  0x0000415f       0xfc R:\AVR\arduino\Bottom_heater\Code\Bottom_heater\Bottom_heater\ArduinoCore\Debug\libArduinoCore.a(WInterrupts.o)
 .debug_abbrev  0x0000425b      0x146 R:\AVR\arduino\Bottom_heater\Code\Bottom_heater\Bottom_heater\ArduinoCore\Debug\libArduinoCore.a(wiring.o)
 .debug_abbrev  0x000043a1      0x16b R:\AVR\arduino\Bottom_heater\Code\Bottom_heater\Bottom_heater\ArduinoCore\Debug\libArduinoCore.a(wiring_analog.o)
 .debug_abbrev  0x0000450c      0x15b R:\AVR\arduino\Bottom_heater\Code\Bottom_heater\Bottom_heater\ArduinoCore\Debug\libArduinoCore.a(wiring_digital.o)
 .debug_abbrev  0x00004667      0x4c2 R:\AVR\arduino\Bottom_heater\Code\Bottom_heater\Bottom_heater\ArduinoCore\Debug\libArduinoCore.a(WString.o)
 .debug_abbrev  0x00004b29       0x2a R:\AVR\arduino\Bottom_heater\Code\Bottom_heater\Bottom_heater\ArduinoCore\Debug\libArduinoCore.a(hooks.o)
 .debug_abbrev  0x00004b53       0x14 C:/Program Files (x86)/Atmel/Studio/7.0/Packs/atmel/ATmega_DFP/1.2.209/gcc/dev/atmega328p/avr5\libatmega328p.a(eerd_byte.o)
 .debug_abbrev  0x00004b67       0x14 C:/Program Files (x86)/Atmel/Studio/7.0/Packs/atmel/ATmega_DFP/1.2.209/gcc/dev/atmega328p/avr5\libatmega328p.a(eewr_byte.o)

.debug_line     0x00000000     0x658f
 *(.debug_line .debug_line.* .debug_line_end)
 .debug_line    0x00000000      0x133 C:/Program Files (x86)/Atmel/Studio/7.0/Packs/atmel/ATmega_DFP/1.2.209/gcc/dev/atmega328p/avr5/crtatmega328p.o
 .debug_line    0x00000133      0x213 Buzzer/Buzzer.o
 .debug_line    0x00000346      0x27b Dimmer/Dimmer.o
 .debug_line    0x000005c1      0x189 Dimmer/DimmerItem.o
 .debug_line    0x0000074a      0x36f Display/Display16x2.o
 .debug_line    0x00000ab9      0x3e8 Extensions/EepromExtension.o
 .debug_line    0x00000ea1       0xed Menu/Menu.o
 .debug_line    0x00000f8e       0xfb Menu/MenuActionItem.o
 .debug_line    0x00001089      0x1c3 Menu/MenuDoubleItem.o
 .debug_line    0x0000124c      0x327 Menu/MenuItem.o
 .debug_line    0x00001573      0x6b2 Sketch.o
 .debug_line    0x00001c25      0x32e src/libraries/Encoder_tmr/iarduino_Encoder_tmr.o
 .debug_line    0x00001f53      0x715 src/libraries/LiquidCrystal_I2C/src/LiquidCrystal_I2C.o
 .debug_line    0x00002668      0x2df src/libraries/MAX6675/max6675.o
 .debug_line    0x00002947      0x426 src/libraries/PID/PID_v1.o
 .debug_line    0x00002d6d      0x459 src/libraries/SimpleTimer/SimpleTimer.o
 .debug_line    0x000031c6      0x52e src/libraries/Wire/src/utility/twi.o
 .debug_line    0x000036f4      0x608 src/libraries/Wire/src/Wire.o
 .debug_line    0x00003cfc      0x1b4 Thermometer/Thermometer.o
 .debug_line    0x00003eb0      0x17a R:\AVR\arduino\Bottom_heater\Code\Bottom_heater\Bottom_heater\ArduinoCore\Debug\libArduinoCore.a(main.o)
 .debug_line    0x0000402a      0x12f R:\AVR\arduino\Bottom_heater\Code\Bottom_heater\Bottom_heater\ArduinoCore\Debug\libArduinoCore.a(new.o)
 .debug_line    0x00004159      0x69a R:\AVR\arduino\Bottom_heater\Code\Bottom_heater\Bottom_heater\ArduinoCore\Debug\libArduinoCore.a(Print.o)
 .debug_line    0x000047f3      0x1b5 R:\AVR\arduino\Bottom_heater\Code\Bottom_heater\Bottom_heater\ArduinoCore\Debug\libArduinoCore.a(WInterrupts.o)
 .debug_line    0x000049a8      0x2ae R:\AVR\arduino\Bottom_heater\Code\Bottom_heater\Bottom_heater\ArduinoCore\Debug\libArduinoCore.a(wiring.o)
 .debug_line    0x00004c56      0x224 R:\AVR\arduino\Bottom_heater\Code\Bottom_heater\Bottom_heater\ArduinoCore\Debug\libArduinoCore.a(wiring_analog.o)
 .debug_line    0x00004e7a      0x267 R:\AVR\arduino\Bottom_heater\Code\Bottom_heater\Bottom_heater\ArduinoCore\Debug\libArduinoCore.a(wiring_digital.o)
 .debug_line    0x000050e1     0x1355 R:\AVR\arduino\Bottom_heater\Code\Bottom_heater\Bottom_heater\ArduinoCore\Debug\libArduinoCore.a(WString.o)
 .debug_line    0x00006436       0x41 R:\AVR\arduino\Bottom_heater\Code\Bottom_heater\Bottom_heater\ArduinoCore\Debug\libArduinoCore.a(hooks.o)
 .debug_line    0x00006477       0x7a C:/Program Files (x86)/Atmel/Studio/7.0/Packs/atmel/ATmega_DFP/1.2.209/gcc/dev/atmega328p/avr5\libatmega328p.a(eerd_byte.o)
 .debug_line    0x000064f1       0x9e C:/Program Files (x86)/Atmel/Studio/7.0/Packs/atmel/ATmega_DFP/1.2.209/gcc/dev/atmega328p/avr5\libatmega328p.a(eewr_byte.o)

.debug_frame    0x00000000     0x2788
 *(.debug_frame)
 .debug_frame   0x00000000       0x88 Buzzer/Buzzer.o
 .debug_frame   0x00000088       0x90 Dimmer/Dimmer.o
 .debug_frame   0x00000118       0x50 Dimmer/DimmerItem.o
 .debug_frame   0x00000168       0xb0 Display/Display16x2.o
 .debug_frame   0x00000218      0x274 Extensions/EepromExtension.o
 .debug_frame   0x0000048c       0x90 Menu/Menu.o
 .debug_frame   0x0000051c       0x84 Menu/MenuActionItem.o
 .debug_frame   0x000005a0       0xe4 Menu/MenuDoubleItem.o
 .debug_frame   0x00000684       0xbc Menu/MenuItem.o
 .debug_frame   0x00000740      0x208 Sketch.o
 .debug_frame   0x00000948       0xbc src/libraries/Encoder_tmr/iarduino_Encoder_tmr.o
 .debug_frame   0x00000a04      0x29c src/libraries/LiquidCrystal_I2C/src/LiquidCrystal_I2C.o
 .debug_frame   0x00000ca0       0x98 src/libraries/MAX6675/max6675.o
 .debug_frame   0x00000d38      0x2dc src/libraries/PID/PID_v1.o
 .debug_frame   0x00001014      0x1f4 src/libraries/SimpleTimer/SimpleTimer.o
 .debug_frame   0x00001208      0x134 src/libraries/Wire/src/utility/twi.o
 .debug_frame   0x0000133c      0x284 src/libraries/Wire/src/Wire.o
 .debug_frame   0x000015c0       0x68 Thermometer/Thermometer.o
 .debug_frame   0x00001628       0x54 R:\AVR\arduino\Bottom_heater\Code\Bottom_heater\Bottom_heater\ArduinoCore\Debug\libArduinoCore.a(main.o)
 .debug_frame   0x0000167c       0x54 R:\AVR\arduino\Bottom_heater\Code\Bottom_heater\Bottom_heater\ArduinoCore\Debug\libArduinoCore.a(new.o)
 .debug_frame   0x000016d0      0x3ac R:\AVR\arduino\Bottom_heater\Code\Bottom_heater\Bottom_heater\ArduinoCore\Debug\libArduinoCore.a(Print.o)
 .debug_frame   0x00001a7c       0xf4 R:\AVR\arduino\Bottom_heater\Code\Bottom_heater\Bottom_heater\ArduinoCore\Debug\libArduinoCore.a(WInterrupts.o)
 .debug_frame   0x00001b70       0xc4 R:\AVR\arduino\Bottom_heater\Code\Bottom_heater\Bottom_heater\ArduinoCore\Debug\libArduinoCore.a(wiring.o)
 .debug_frame   0x00001c34       0x54 R:\AVR\arduino\Bottom_heater\Code\Bottom_heater\Bottom_heater\ArduinoCore\Debug\libArduinoCore.a(wiring_analog.o)
 .debug_frame   0x00001c88       0x7c R:\AVR\arduino\Bottom_heater\Code\Bottom_heater\Bottom_heater\ArduinoCore\Debug\libArduinoCore.a(wiring_digital.o)
 .debug_frame   0x00001d04      0xa60 R:\AVR\arduino\Bottom_heater\Code\Bottom_heater\Bottom_heater\ArduinoCore\Debug\libArduinoCore.a(WString.o)
 .debug_frame   0x00002764       0x24 R:\AVR\arduino\Bottom_heater\Code\Bottom_heater\Bottom_heater\ArduinoCore\Debug\libArduinoCore.a(hooks.o)

.debug_str      0x00000000     0x4ea8
 *(.debug_str)
 .debug_str     0x00000000      0x208 C:/Program Files (x86)/Atmel/Studio/7.0/Packs/atmel/ATmega_DFP/1.2.209/gcc/dev/atmega328p/avr5/crtatmega328p.o
 .debug_str     0x00000208      0x674 Buzzer/Buzzer.o
                                0x6cb (size before relaxing)
 .debug_str     0x0000087c      0x1ee Dimmer/Dimmer.o
                                0x7eb (size before relaxing)
 .debug_str     0x00000a6a       0x55 Dimmer/DimmerItem.o
                                0x34d (size before relaxing)
 .debug_str     0x00000abf      0xd6f Display/Display16x2.o
                               0x1042 (size before relaxing)
 .debug_str     0x0000182e      0x60e Extensions/EepromExtension.o
                                0x8a4 (size before relaxing)
 .debug_str     0x00001e3c      0x21b Menu/Menu.o
                                0x411 (size before relaxing)
 .debug_str     0x00002057      0x1f6 Menu/MenuActionItem.o
                                0x521 (size before relaxing)
 .debug_str     0x0000224d      0x1d8 Menu/MenuDoubleItem.o
                                0x5ac (size before relaxing)
 .debug_str     0x00002425      0x17e Menu/MenuItem.o
                                0x604 (size before relaxing)
 .debug_str     0x000025a3      0x7bb Sketch.o
                               0x1536 (size before relaxing)
 .debug_str     0x00002d5e      0x1a7 src/libraries/Encoder_tmr/iarduino_Encoder_tmr.o
                                0x4f0 (size before relaxing)
 .debug_str     0x00002f05      0x8b6 src/libraries/LiquidCrystal_I2C/src/LiquidCrystal_I2C.o
                                0xc11 (size before relaxing)
 .debug_str     0x000037bb       0x77 src/libraries/MAX6675/max6675.o
                                0x3c3 (size before relaxing)
 .debug_str     0x00003832       0x82 src/libraries/PID/PID_v1.o
                                0x52e (size before relaxing)
 .debug_str     0x000038b4       0x6c src/libraries/SimpleTimer/SimpleTimer.o
                                0x608 (size before relaxing)
 .debug_str     0x00003920      0x2b2 src/libraries/Wire/src/utility/twi.o
                                0x3cb (size before relaxing)
 .debug_str     0x00003bd2      0x898 src/libraries/Wire/src/Wire.o
                               0x18c2 (size before relaxing)
 .debug_str     0x0000446a       0x5e Thermometer/Thermometer.o
                                0x43f (size before relaxing)
 .debug_str     0x000044c8       0xaa R:\AVR\arduino\Bottom_heater\Code\Bottom_heater\Bottom_heater\ArduinoCore\Debug\libArduinoCore.a(main.o)
                                0x2af (size before relaxing)
 .debug_str     0x00004572       0x3a R:\AVR\arduino\Bottom_heater\Code\Bottom_heater\Bottom_heater\ArduinoCore\Debug\libArduinoCore.a(new.o)
                                0x1c5 (size before relaxing)
 .debug_str     0x000045ac      0x36d R:\AVR\arduino\Bottom_heater\Code\Bottom_heater\Bottom_heater\ArduinoCore\Debug\libArduinoCore.a(Print.o)
                               0x123d (size before relaxing)
 .debug_str     0x00004919       0x72 R:\AVR\arduino\Bottom_heater\Code\Bottom_heater\Bottom_heater\ArduinoCore\Debug\libArduinoCore.a(WInterrupts.o)
                                0x232 (size before relaxing)
 .debug_str     0x0000498b       0x6d R:\AVR\arduino\Bottom_heater\Code\Bottom_heater\Bottom_heater\ArduinoCore\Debug\libArduinoCore.a(wiring.o)
                                0x245 (size before relaxing)
 .debug_str     0x000049f8       0x66 R:\AVR\arduino\Bottom_heater\Code\Bottom_heater\Bottom_heater\ArduinoCore\Debug\libArduinoCore.a(wiring_analog.o)
                                0x249 (size before relaxing)
 .debug_str     0x00004a5e       0x51 R:\AVR\arduino\Bottom_heater\Code\Bottom_heater\Bottom_heater\ArduinoCore\Debug\libArduinoCore.a(wiring_digital.o)
                                0x2aa (size before relaxing)
 .debug_str     0x00004aaf      0x3dd R:\AVR\arduino\Bottom_heater\Code\Bottom_heater\Bottom_heater\ArduinoCore\Debug\libArduinoCore.a(WString.o)
                               0x1190 (size before relaxing)
 .debug_str     0x00004e8c       0x1c R:\AVR\arduino\Bottom_heater\Code\Bottom_heater\Bottom_heater\ArduinoCore\Debug\libArduinoCore.a(hooks.o)
                                0x13a (size before relaxing)

.debug_loc      0x00000000     0xc98c
 *(.debug_loc)
 .debug_loc     0x00000000      0x15f Buzzer/Buzzer.o
 .debug_loc     0x0000015f      0x149 Dimmer/Dimmer.o
 .debug_loc     0x000002a8       0xe7 Dimmer/DimmerItem.o
 .debug_loc     0x0000038f      0x431 Display/Display16x2.o
 .debug_loc     0x000007c0     0x1188 Extensions/EepromExtension.o
 .debug_loc     0x00001948      0x14d Menu/Menu.o
 .debug_loc     0x00001a95       0xc4 Menu/MenuActionItem.o
 .debug_loc     0x00001b59      0x274 Menu/MenuDoubleItem.o
 .debug_loc     0x00001dcd      0x1c2 Menu/MenuItem.o
 .debug_loc     0x00001f8f      0x4eb Sketch.o
 .debug_loc     0x0000247a      0x3a5 src/libraries/Encoder_tmr/iarduino_Encoder_tmr.o
 .debug_loc     0x0000281f      0xb09 src/libraries/LiquidCrystal_I2C/src/LiquidCrystal_I2C.o
 .debug_loc     0x00003328      0x395 src/libraries/MAX6675/max6675.o
 .debug_loc     0x000036bd      0xd8a src/libraries/PID/PID_v1.o
 .debug_loc     0x00004447      0x948 src/libraries/SimpleTimer/SimpleTimer.o
 .debug_loc     0x00004d8f      0x3e6 src/libraries/Wire/src/utility/twi.o
 .debug_loc     0x00005175      0xbfd src/libraries/Wire/src/Wire.o
 .debug_loc     0x00005d72      0x15e Thermometer/Thermometer.o
 .debug_loc     0x00005ed0       0x4c R:\AVR\arduino\Bottom_heater\Code\Bottom_heater\Bottom_heater\ArduinoCore\Debug\libArduinoCore.a(new.o)
 .debug_loc     0x00005f1c     0x1c87 R:\AVR\arduino\Bottom_heater\Code\Bottom_heater\Bottom_heater\ArduinoCore\Debug\libArduinoCore.a(Print.o)
 .debug_loc     0x00007ba3      0x235 R:\AVR\arduino\Bottom_heater\Code\Bottom_heater\Bottom_heater\ArduinoCore\Debug\libArduinoCore.a(WInterrupts.o)
 .debug_loc     0x00007dd8      0x28d R:\AVR\arduino\Bottom_heater\Code\Bottom_heater\Bottom_heater\ArduinoCore\Debug\libArduinoCore.a(wiring.o)
 .debug_loc     0x00008065       0xfe R:\AVR\arduino\Bottom_heater\Code\Bottom_heater\Bottom_heater\ArduinoCore\Debug\libArduinoCore.a(wiring_analog.o)
 .debug_loc     0x00008163      0x5fc R:\AVR\arduino\Bottom_heater\Code\Bottom_heater\Bottom_heater\ArduinoCore\Debug\libArduinoCore.a(wiring_digital.o)
 .debug_loc     0x0000875f     0x422d R:\AVR\arduino\Bottom_heater\Code\Bottom_heater\Bottom_heater\ArduinoCore\Debug\libArduinoCore.a(WString.o)

.debug_macinfo
 *(.debug_macinfo)

.debug_weaknames
 *(.debug_weaknames)

.debug_funcnames
 *(.debug_funcnames)

.debug_typenames
 *(.debug_typenames)

.debug_varnames
 *(.debug_varnames)

.debug_pubtypes
 *(.debug_pubtypes)

.debug_ranges   0x00000000      0xc10
 *(.debug_ranges)
 .debug_ranges  0x00000000       0x30 Buzzer/Buzzer.o
 .debug_ranges  0x00000030       0x40 Dimmer/Dimmer.o
 .debug_ranges  0x00000070       0x20 Dimmer/DimmerItem.o
 .debug_ranges  0x00000090       0x30 Display/Display16x2.o
 .debug_ranges  0x000000c0       0xe0 Extensions/EepromExtension.o
 .debug_ranges  0x000001a0       0x40 Menu/Menu.o
 .debug_ranges  0x000001e0       0x40 Menu/MenuActionItem.o
 .debug_ranges  0x00000220       0x50 Menu/MenuDoubleItem.o
 .debug_ranges  0x00000270       0x50 Menu/MenuItem.o
 .debug_ranges  0x000002c0       0x78 Sketch.o
 .debug_ranges  0x00000338       0x38 src/libraries/Encoder_tmr/iarduino_Encoder_tmr.o
 .debug_ranges  0x00000370      0x108 src/libraries/LiquidCrystal_I2C/src/LiquidCrystal_I2C.o
 .debug_ranges  0x00000478       0x28 src/libraries/MAX6675/max6675.o
 .debug_ranges  0x000004a0       0x70 src/libraries/PID/PID_v1.o
 .debug_ranges  0x00000510       0x78 src/libraries/SimpleTimer/SimpleTimer.o
 .debug_ranges  0x00000588       0x70 src/libraries/Wire/src/utility/twi.o
 .debug_ranges  0x000005f8       0xe8 src/libraries/Wire/src/Wire.o
 .debug_ranges  0x000006e0       0x20 Thermometer/Thermometer.o
 .debug_ranges  0x00000700       0x20 R:\AVR\arduino\Bottom_heater\Code\Bottom_heater\Bottom_heater\ArduinoCore\Debug\libArduinoCore.a(main.o)
 .debug_ranges  0x00000720       0x18 R:\AVR\arduino\Bottom_heater\Code\Bottom_heater\Bottom_heater\ArduinoCore\Debug\libArduinoCore.a(new.o)
 .debug_ranges  0x00000738      0x120 R:\AVR\arduino\Bottom_heater\Code\Bottom_heater\Bottom_heater\ArduinoCore\Debug\libArduinoCore.a(Print.o)
 .debug_ranges  0x00000858       0x30 R:\AVR\arduino\Bottom_heater\Code\Bottom_heater\Bottom_heater\ArduinoCore\Debug\libArduinoCore.a(WInterrupts.o)
 .debug_ranges  0x00000888       0x38 R:\AVR\arduino\Bottom_heater\Code\Bottom_heater\Bottom_heater\ArduinoCore\Debug\libArduinoCore.a(wiring.o)
 .debug_ranges  0x000008c0       0x20 R:\AVR\arduino\Bottom_heater\Code\Bottom_heater\Bottom_heater\ArduinoCore\Debug\libArduinoCore.a(wiring_analog.o)
 .debug_ranges  0x000008e0       0x28 R:\AVR\arduino\Bottom_heater\Code\Bottom_heater\Bottom_heater\ArduinoCore\Debug\libArduinoCore.a(wiring_digital.o)
 .debug_ranges  0x00000908      0x2f8 R:\AVR\arduino\Bottom_heater\Code\Bottom_heater\Bottom_heater\ArduinoCore\Debug\libArduinoCore.a(WString.o)
 .debug_ranges  0x00000c00       0x10 R:\AVR\arduino\Bottom_heater\Code\Bottom_heater\Bottom_heater\ArduinoCore\Debug\libArduinoCore.a(hooks.o)

.debug_macro
 *(.debug_macro)
OUTPUT(Bottom_heater.elf elf32-avr)
LOAD linker stubs
