Archive member included to satisfy reference by file (symbol)

c:/program files (x86)/atmel/studio/7.0/toolchain/avr8/avr8-gnu-toolchain/bin/../lib/gcc/avr/5.4.0/../../../../avr/lib/avr5\libm.a(addsf3.o)
                              Menu/MenuDoubleItem.o (__subsf3)
c:/program files (x86)/atmel/studio/7.0/toolchain/avr8/avr8-gnu-toolchain/bin/../lib/gcc/avr/5.4.0/../../../../avr/lib/avr5\libm.a(addsf3x.o)
                              c:/program files (x86)/atmel/studio/7.0/toolchain/avr8/avr8-gnu-toolchain/bin/../lib/gcc/avr/5.4.0/../../../../avr/lib/avr5\libm.a(addsf3.o) (__addsf3x)
c:/program files (x86)/atmel/studio/7.0/toolchain/avr8/avr8-gnu-toolchain/bin/../lib/gcc/avr/5.4.0/../../../../avr/lib/avr5\libm.a(cmpsf2.o)
                              Sketch.o (__nesf2)
c:/program files (x86)/atmel/studio/7.0/toolchain/avr8/avr8-gnu-toolchain/bin/../lib/gcc/avr/5.4.0/../../../../avr/lib/avr5\libm.a(divsf3.o)
                              Sketch.o (__divsf3)
c:/program files (x86)/atmel/studio/7.0/toolchain/avr8/avr8-gnu-toolchain/bin/../lib/gcc/avr/5.4.0/../../../../avr/lib/avr5\libm.a(divsf3x.o)
                              c:/program files (x86)/atmel/studio/7.0/toolchain/avr8/avr8-gnu-toolchain/bin/../lib/gcc/avr/5.4.0/../../../../avr/lib/avr5\libm.a(divsf3.o) (__divsf3x)
c:/program files (x86)/atmel/studio/7.0/toolchain/avr8/avr8-gnu-toolchain/bin/../lib/gcc/avr/5.4.0/../../../../avr/lib/avr5\libm.a(fixsfsi.o)
                              Sketch.o (__fixsfsi)
c:/program files (x86)/atmel/studio/7.0/toolchain/avr8/avr8-gnu-toolchain/bin/../lib/gcc/avr/5.4.0/../../../../avr/lib/avr5\libm.a(fixunssfsi.o)
                              c:/program files (x86)/atmel/studio/7.0/toolchain/avr8/avr8-gnu-toolchain/bin/../lib/gcc/avr/5.4.0/../../../../avr/lib/avr5\libm.a(fixsfsi.o) (__fixunssfsi)
c:/program files (x86)/atmel/studio/7.0/toolchain/avr8/avr8-gnu-toolchain/bin/../lib/gcc/avr/5.4.0/../../../../avr/lib/avr5\libm.a(floatsisf.o)
                              src/libraries/AutoPID/AutoPID.o (__floatunsisf)
c:/program files (x86)/atmel/studio/7.0/toolchain/avr8/avr8-gnu-toolchain/bin/../lib/gcc/avr/5.4.0/../../../../avr/lib/avr5\libm.a(fp_cmp.o)
                              c:/program files (x86)/atmel/studio/7.0/toolchain/avr8/avr8-gnu-toolchain/bin/../lib/gcc/avr/5.4.0/../../../../avr/lib/avr5\libm.a(cmpsf2.o) (__fp_cmp)
c:/program files (x86)/atmel/studio/7.0/toolchain/avr8/avr8-gnu-toolchain/bin/../lib/gcc/avr/5.4.0/../../../../avr/lib/avr5\libm.a(fp_inf.o)
                              c:/program files (x86)/atmel/studio/7.0/toolchain/avr8/avr8-gnu-toolchain/bin/../lib/gcc/avr/5.4.0/../../../../avr/lib/avr5\libm.a(addsf3x.o) (__fp_inf)
c:/program files (x86)/atmel/studio/7.0/toolchain/avr8/avr8-gnu-toolchain/bin/../lib/gcc/avr/5.4.0/../../../../avr/lib/avr5\libm.a(fp_nan.o)
                              c:/program files (x86)/atmel/studio/7.0/toolchain/avr8/avr8-gnu-toolchain/bin/../lib/gcc/avr/5.4.0/../../../../avr/lib/avr5\libm.a(addsf3x.o) (__fp_nan)
c:/program files (x86)/atmel/studio/7.0/toolchain/avr8/avr8-gnu-toolchain/bin/../lib/gcc/avr/5.4.0/../../../../avr/lib/avr5\libm.a(fp_pscA.o)
                              c:/program files (x86)/atmel/studio/7.0/toolchain/avr8/avr8-gnu-toolchain/bin/../lib/gcc/avr/5.4.0/../../../../avr/lib/avr5\libm.a(addsf3x.o) (__fp_pscA)
c:/program files (x86)/atmel/studio/7.0/toolchain/avr8/avr8-gnu-toolchain/bin/../lib/gcc/avr/5.4.0/../../../../avr/lib/avr5\libm.a(fp_pscB.o)
                              c:/program files (x86)/atmel/studio/7.0/toolchain/avr8/avr8-gnu-toolchain/bin/../lib/gcc/avr/5.4.0/../../../../avr/lib/avr5\libm.a(addsf3x.o) (__fp_pscB)
c:/program files (x86)/atmel/studio/7.0/toolchain/avr8/avr8-gnu-toolchain/bin/../lib/gcc/avr/5.4.0/../../../../avr/lib/avr5\libm.a(fp_round.o)
                              c:/program files (x86)/atmel/studio/7.0/toolchain/avr8/avr8-gnu-toolchain/bin/../lib/gcc/avr/5.4.0/../../../../avr/lib/avr5\libm.a(addsf3.o) (__fp_round)
c:/program files (x86)/atmel/studio/7.0/toolchain/avr8/avr8-gnu-toolchain/bin/../lib/gcc/avr/5.4.0/../../../../avr/lib/avr5\libm.a(fp_split3.o)
                              c:/program files (x86)/atmel/studio/7.0/toolchain/avr8/avr8-gnu-toolchain/bin/../lib/gcc/avr/5.4.0/../../../../avr/lib/avr5\libm.a(addsf3x.o) (__fp_split3)
c:/program files (x86)/atmel/studio/7.0/toolchain/avr8/avr8-gnu-toolchain/bin/../lib/gcc/avr/5.4.0/../../../../avr/lib/avr5\libm.a(fp_zero.o)
                              c:/program files (x86)/atmel/studio/7.0/toolchain/avr8/avr8-gnu-toolchain/bin/../lib/gcc/avr/5.4.0/../../../../avr/lib/avr5\libm.a(addsf3x.o) (__fp_zero)
c:/program files (x86)/atmel/studio/7.0/toolchain/avr8/avr8-gnu-toolchain/bin/../lib/gcc/avr/5.4.0/../../../../avr/lib/avr5\libm.a(gesf2.o)
                              Sketch.o (__gesf2)
c:/program files (x86)/atmel/studio/7.0/toolchain/avr8/avr8-gnu-toolchain/bin/../lib/gcc/avr/5.4.0/../../../../avr/lib/avr5\libm.a(mulsf3.o)
[...]
Memory Configuration

Name             Origin             Length             Attributes
text             0x00000000         0x00020000         xr
data             0x00800060         0x0000ffa0         rw !x
eeprom           0x00810000         0x00010000         rw !x
fuse             0x00820000         0x00000003         rw !x
lock             0x00830000         0x00000400         rw !x
signature        0x00840000         0x00000400         rw !x
user_signatures  0x00850000         0x00000400         rw !x
*default*        0x00000000         0xffffffff

Linker script and memory map

Address of section .data set to 0x800100
LOAD C:/Program Files (x86)/Atmel/Studio/7.0/Packs/atmel/ATmega_DFP/1.2.209/gcc/dev/atmega328p/avr5/crtatmega328p.o
LOAD Buzzer/Buzzer.o
LOAD Dimmer/Dimmer.o
LOAD Dimmer/DimmerItem.o
LOAD Display/Display16x2.o
LOAD Extensions/EEPROMWavgat.o
LOAD Extensions/EepromExtension.o
LOAD Menu/Menu.o
LOAD Menu/MenuActionItem.o
LOAD Menu/MenuBoolItem.o
LOAD Menu/MenuDoubleItem.o
LOAD Menu/MenuIntItem.o
LOAD Menu/MenuItem.o
LOAD Sketch.o
LOAD src/libraries/AutoPID/AutoPID.o
LOAD src/libraries/CyberLib/CyberLib.o
LOAD src/libraries/Encoder_tmr/iarduino_Encoder_tmr.o
LOAD src/libraries/LiquidCrystal_I2C/src/LiquidCrystal_I2C.o
LOAD src/libraries/MAX6675/max6675.o
LOAD src/libraries/PID/PID_v1.o
LOAD src/libraries/SimpleTimer/SimpleTimer.o
LOAD src/libraries/Wire/src/utility/twi.o
LOAD src/libraries/Wire/src/Wire.o
LOAD Thermometer/Thermometer.o
START GROUP
LOAD c:/program files (x86)/atmel/studio/7.0/toolchain/avr8/avr8-gnu-toolchain/bin/../lib/gcc/avr/5.4.0/../../../../avr/lib/avr5\libm.a
LOAD R:\AVR\arduino\Bottom_heater\Code\Bottom_heater\Bottom_heater\ArduinoCoreWavgat\Debug\libArduinoCore.a
END GROUP
LOAD c:/program files (x86)/atmel/studio/7.0/toolchain/avr8/avr8-gnu-toolchain/bin/../lib/gcc/avr/5.4.0/avr5\libgcc.a
LOAD c:/program files (x86)/atmel/studio/7.0/toolchain/avr8/avr8-gnu-toolchain/bin/../lib/gcc/avr/5.4.0/../../../../avr/lib/avr5\libm.a
START GROUP
LOAD c:/program files (x86)/atmel/studio/7.0/toolchain/avr8/avr8-gnu-toolchain/bin/../lib/gcc/avr/5.4.0/avr5\libgcc.a
LOAD c:/program files (x86)/atmel/studio/7.0/toolchain/avr8/avr8-gnu-toolchain/bin/../lib/gcc/avr/5.4.0/../../../../avr/lib/avr5\libm.a
LOAD c:/program files (x86)/atmel/studio/7.0/toolchain/avr8/avr8-gnu-toolchain/bin/../lib/gcc/avr/5.4.0/../../../../avr/lib/avr5\libc.a
LOAD C:/Program Files (x86)/Atmel/Studio/7.0/Packs/atmel/ATmega_DFP/1.2.209/gcc/dev/atmega328p/avr5\libatmega328p.a
END GROUP
                0x00020000                __TEXT_REGION_LENGTH__ = DEFINED (__TEXT_REGION_LENGTH__)?__TEXT_REGION_LENGTH__:0x20000
                0x0000ffa0                __DATA_REGION_LENGTH__ = DEFINED (__DATA_REGION_LENGTH__)?__DATA_REGION_LENGTH__:0xffa0
                0x00010000                __EEPROM_REGION_LENGTH__ = DEFINED (__EEPROM_REGION_LENGTH__)?__EEPROM_REGION_LENGTH__:0x10000
                [0x00000003]                __FUSE_REGION_LENGTH__ = DEFINED (__FUSE_REGION_LENGTH__)?__FUSE_REGION_LENGTH__:0x400
                0x00000400                __LOCK_REGION_LENGTH__ = DEFINED (__LOCK_REGION_LENGTH__)?__LOCK_REGION_LENGTH__:0x400
                0x00000400                __SIGNATURE_REGION_LENGTH__ = DEFINED (__SIGNATURE_REGION_LENGTH__)?__SIGNATURE_REGION_LENGTH__:0x400
                0x00000400                __USER_SIGNATURE_REGION_LENGTH__ = DEFINED (__USER_SIGNATURE_REGION_LENGTH__)?__USER_SIGNATURE_REGION_LENGTH__:0x400

.hash
 *(.hash)

.dynsym
 *(.dynsym)

.dynstr
 *(.dynstr)

.gnu.version
 *(.gnu.version)

.gnu.version_d
 *(.gnu.version_d)

.gnu.version_r
 *(.gnu.version_r)

.rel.init
 *(.rel.init)

.rela.init
 *(.rela.init)

.rel.text
 *(.rel.text)
 *(.rel.text.*)
 *(.rel.gnu.linkonce.t*)

.rela.text
 *(.rela.text)
 *(.rela.text.*)
 *(.rela.gnu.linkonce.t*)

.rel.fini
 *(.rel.fini)

.rela.fini
 *(.rela.fini)

.rel.rodata
 *(.rel.rodata)
 *(.rel.rodata.*)
 *(.rel.gnu.linkonce.r*)

.rela.rodata
 *(.rela.rodata)
 *(.rela.rodata.*)
 *(.rela.gnu.linkonce.r*)

.rel.data
 *(.rel.data)
 *(.rel.data.*)
 *(.rel.gnu.linkonce.d*)

.rela.data
 *(.rela.data)
 *(.rela.data.*)
 *(.rela.gnu.linkonce.d*)

.rel.ctors
 *(.rel.ctors)

.rela.ctors
 *(.rela.ctors)

.rel.dtors
 *(.rel.dtors)

.rela.dtors
 *(.rela.dtors)

.rel.got
 *(.rel.got)

.rela.got
 *(.rela.got)

.rel.bss
 *(.rel.bss)

.rela.bss
 *(.rela.bss)

.rel.plt
 *(.rel.plt)

.rela.plt
 *(.rela.plt)

.text           0x00000000     0x45cc
 *(.vectors)
 .vectors       0x00000000       0x68 C:/Program Files (x86)/Atmel/Studio/7.0/Packs/atmel/ATmega_DFP/1.2.209/gcc/dev/atmega328p/avr5/crtatmega328p.o
                0x00000000                __vector_default
                0x00000000                __vectors
 *(.vectors)
 *(.progmem.gcc*)
                0x00000068                . = ALIGN (0x2)
                0x00000068                __trampolines_start = .
 *(.trampolines)
 .trampolines   0x00000068        0x0 linker stubs
 *(.trampolines*)
                0x00000068                __trampolines_end = .
 *libprintf_flt.a:*(.progmem.data)
 *libc.a:*(.progmem.data)
 *(.progmem*)
 .progmem.data.digital_pin_to_timer_PGM
                0x00000068       0x17 R:\AVR\arduino\Bottom_heater\Code\Bottom_heater\Bottom_heater\ArduinoCoreWavgat\Debug\libArduinoCore.a(wiring_digital.o)
                0x00000068                digital_pin_to_timer_PGM
 .progmem.data.digital_pin_to_bit_mask_PGM
                0x0000007f       0x1b R:\AVR\arduino\Bottom_heater\Code\Bottom_heater\Bottom_heater\ArduinoCoreWavgat\Debug\libArduinoCore.a(wiring_digital.o)
                0x0000007f                digital_pin_to_bit_mask_PGM
 .progmem.data.digital_pin_to_port_PGM
                0x0000009a       0x1b R:\AVR\arduino\Bottom_heater\Code\Bottom_heater\Bottom_heater\ArduinoCoreWavgat\Debug\libArduinoCore.a(wiring_digital.o)
                0x0000009a                digital_pin_to_port_PGM
 .progmem.data.port_to_input_PGM
                0x000000b5        0xc R:\AVR\arduino\Bottom_heater\Code\Bottom_heater\Bottom_heater\ArduinoCoreWavgat\Debug\libArduinoCore.a(wiring_digital.o)
                0x000000b5                port_to_input_PGM
 .progmem.data.port_to_output_PGM
                0x000000c1        0xc R:\AVR\arduino\Bottom_heater\Code\Bottom_heater\Bottom_heater\ArduinoCoreWavgat\Debug\libArduinoCore.a(wiring_digital.o)
                0x000000c1                port_to_output_PGM
 .progmem.data.port_to_mode_PGM
                0x000000cd        0xc R:\AVR\arduino\Bottom_heater\Code\Bottom_heater\Bottom_heater\ArduinoCoreWavgat\Debug\libArduinoCore.a(wiring_digital.o)
                0x000000cd                port_to_mode_PGM
                0x000000da                . = ALIGN (0x2)
 *fill*         0x000000d9        0x1 
 *(.jumptables)
 *(.jumptables*)
 *(.lowtext)
 *(.lowtext*)
                0x000000da                __ctors_start = .
 *(.ctors)
 .ctors         0x000000da        0x2 src/libraries/Encoder_tmr/iarduino_Encoder_tmr.o
 .ctors         0x000000dc        0x2 src/libraries/Wire/src/Wire.o
 .ctors         0x000000de        0x2 R:\AVR\arduino\Bottom_heater\Code\Bottom_heater\Bottom_heater\ArduinoCoreWavgat\Debug\libArduinoCore.a(HardwareSerial.o)
                0x000000e0                __ctors_end = .
                0x000000e0                __dtors_start = .
 *(.dtors)
                0x000000e0                __dtors_end = .
 SORT(*)(.ctors)
 SORT(*)(.dtors)
 *(.init0)
 .init0         0x000000e0        0x0 C:/Program Files (x86)/Atmel/Studio/7.0/Packs/atmel/ATmega_DFP/1.2.209/gcc/dev/atmega328p/avr5/crtatmega328p.o
                0x000000e0                __init
 *(.init0)
 *(.init1)
 *(.init1)
 *(.init2)
 .init2         0x000000e0        0xc C:/Program Files (x86)/Atmel/Studio/7.0/Packs/atmel/ATmega_DFP/1.2.209/gcc/dev/atmega328p/avr5/crtatmega328p.o
 *(.init2)
 *(.init3)
 .init3         0x000000ec       0x18 R:\AVR\arduino\Bottom_heater\Code\Bottom_heater\Bottom_heater\ArduinoCoreWavgat\Debug\libArduinoCore.a(main.o)
                0x000000ec                _Z11__patch_wdtv
 *(.init3)
 *(.init4)
 .init4         0x00000104       0x16 c:/program files (x86)/atmel/studio/7.0/toolchain/avr8/avr8-gnu-toolchain/bin/../lib/gcc/avr/5.4.0/avr5\libgcc.a(_copy_data.o)
                0x00000104                __do_copy_data
 .init4         0x0000011a       0x10 c:/program files (x86)/atmel/studio/7.0/toolchain/avr8/avr8-gnu-toolchain/bin/../lib/gcc/avr/5.4.0/avr5\libgcc.a(_clear_bss.o)
                0x0000011a                __do_clear_bss
 *(.init4)
 *(.init5)
 *(.init5)
 *(.init6)
 .init6         0x0000012a       0x16 c:/program files (x86)/atmel/studio/7.0/toolchain/avr8/avr8-gnu-toolchain/bin/../lib/gcc/avr/5.4.0/avr5\libgcc.a(_ctors.o)
                0x0000012a                __do_global_ctors
 *(.init6)
 *(.init7)
 *(.init7)
 *(.init8)
 *(.init8)
 *(.init9)
 .init9         0x00000140        0x8 C:/Program Files (x86)/Atmel/Studio/7.0/Packs/atmel/ATmega_DFP/1.2.209/gcc/dev/atmega328p/avr5/crtatmega328p.o
 *(.init9)
 *(.text)
 .text          0x00000148        0x4 C:/Program Files (x86)/Atmel/Studio/7.0/Packs/atmel/ATmega_DFP/1.2.209/gcc/dev/atmega328p/avr5/crtatmega328p.o
                0x00000148                __vector_22
                0x00000148                __vector_12
                0x00000148                __bad_interrupt
                0x00000148                __vector_6
                0x00000148                __vector_3
                0x00000148                __vector_23
                0x00000148                __vector_25
                0x00000148                __vector_11
                0x00000148                __vector_17
                0x00000148                __vector_5
                0x00000148                __vector_4
                0x00000148                __vector_9
                0x00000148                __vector_21
                0x00000148                __vector_15
                0x00000148                __vector_8
                0x00000148                __vector_14
                0x00000148                __vector_10
                0x00000148                __vector_20
                0x0000014c                . = ALIGN (0x2)
 *(.text.*)
 .text._Z18BeepTimerInterruptv
                0x0000014c       0x1a Buzzer/Buzzer.o
                0x0000014c                _Z18BeepTimerInterruptv
 .text._Z23FrequencyTimerInterruptv
                0x00000166       0x36 Buzzer/Buzzer.o
                0x00000166                _Z23FrequencyTimerInterruptv
 .text._ZN6BuzzerC2Ei
                0x0000019c       0x80 Buzzer/Buzzer.o
                0x0000019c                _ZN6BuzzerC2Ei
                0x0000019c                _ZN6BuzzerC1Ei
 .text._ZN6Buzzer3RunEv
                0x0000021c        0xc Buzzer/Buzzer.o
                0x0000021c                _ZN6Buzzer3RunEv
 .text._ZN6Buzzer8BuzzerOnEl
                0x00000228       0x5c Buzzer/Buzzer.o
                0x00000228                _ZN6Buzzer8BuzzerOnEl
 .text._Z10DetectDownv
                0x00000284       0x3a Dimmer/Dimmer.o
                0x00000284                _Z10DetectDownv
 .text._Z8DetectUpv
                0x000002be       0x1a Dimmer/Dimmer.o
                0x000002be                _Z8DetectUpv
 .text._Z14TimerInterruptv
                0x000002d8       0x68 Dimmer/Dimmer.o
                0x000002d8                _Z14TimerInterruptv
 .text._ZN6DimmerC2EiP10DimmerItemS1_
                0x00000340       0x40 Dimmer/Dimmer.o
                0x00000340                _ZN6DimmerC2EiP10DimmerItemS1_
                0x00000340                _ZN6DimmerC1EiP10DimmerItemS1_
 .text._ZN6Dimmer15UpdateItemValueEii
                0x00000380       0x12 Dimmer/Dimmer.o
                0x00000380                _ZN6Dimmer15UpdateItemValueEii
 .text._ZN10DimmerItemC2Ei
                0x00000392       0x1e Dimmer/DimmerItem.o
                0x00000392                _ZN10DimmerItemC1Ei
                0x00000392                _ZN10DimmerItemC2Ei
 .text._ZN10DimmerItem11UpdateValueEi
                0x000003b0        0x8 Dimmer/DimmerItem.o
                0x000003b0                _ZN10DimmerItem11UpdateValueEi
 .text._ZN11Display16x2C2EP17LiquidCrystal_I2C
                0x000003b8        0x8 Display/Display16x2.o
                0x000003b8                _ZN11Display16x2C1EP17LiquidCrystal_I2C
                0x000003b8                _ZN11Display16x2C2EP17LiquidCrystal_I2C
 .text._ZN11Display16x215PrintLineValuesEiiii
                0x000003c0      0x1ac Display/Display16x2.o
                0x000003c0                _ZN11Display16x215PrintLineValuesEiiii
 .text._ZN12EEPROMWavgat4readEj
                0x0000056c        0xe Extensions/EEPROMWavgat.o
                0x0000056c                _ZN12EEPROMWavgat4readEj
 .text._ZN12EEPROMWavgat5writeEjh
                0x0000057a       0x16 Extensions/EEPROMWavgat.o
                0x0000057a                _ZN12EEPROMWavgat5writeEjh
 .text._ZN15EepromExtensionC2Ev
                0x00000590       0x20 Extensions/EepromExtension.o
                0x00000590                _ZN15EepromExtensionC1Ev
                0x00000590                _ZN15EepromExtensionC2Ev
 .text._ZN15EepromExtension4ReadEi
                0x000005b0        0xa Extensions/EepromExtension.o
                0x000005b0                _ZN15EepromExtension4ReadEi
 .text._ZN15EepromExtension5WriteEih
                0x000005ba       0x4e Extensions/EepromExtension.o
                0x000005ba                _ZN15EepromExtension5WriteEih
 .text._ZN15EepromExtension7IntReadEi
                0x00000608       0x3a Extensions/EepromExtension.o
                0x00000608                _ZN15EepromExtension7IntReadEi
 .text._ZN15EepromExtension8IntWriteEii
                0x00000642       0x36 Extensions/EepromExtension.o
                0x00000642                _ZN15EepromExtension8IntWriteEii
 .text._ZN4MenuC2EP9IMenuItem
                0x00000678        0x8 Menu/Menu.o
                0x00000678                _ZN4MenuC1EP9IMenuItem
                0x00000678                _ZN4MenuC2EP9IMenuItem
 .text._ZN4Menu4GoUpEv
                0x00000680       0x14 Menu/Menu.o
                0x00000680                _ZN4Menu4GoUpEv
 .text._ZN4Menu6GoDownEv
                0x00000694       0x14 Menu/Menu.o
                0x00000694                _ZN4Menu6GoDownEv
 .text._ZN4Menu5BeginEv
                0x000006a8       0x14 Menu/Menu.o
                0x000006a8                _ZN4Menu5BeginEv
 .text._ZN4Menu8GoChoiceEv
                0x000006bc       0x26 Menu/Menu.o
                0x000006bc                _ZN4Menu8GoChoiceEv
 .text._ZN4Menu6GoMainEv
                0x000006e2       0x14 Menu/Menu.o
                0x000006e2                _ZN4Menu6GoMainEv
 .text._ZN14MenuActionItemD2Ev
                0x000006f6        0x2 Menu/MenuActionItem.o
                0x000006f6                _ZN14MenuActionItemD2Ev
                0x000006f6                _ZN14MenuActionItemD1Ev
 .text._ZN14MenuActionItem8GoChoiceEv
                0x000006f8        0x8 Menu/MenuActionItem.o
                0x000006f8                _ZN14MenuActionItem8GoChoiceEv
 .text._ZN14MenuActionItem7GetNameEv
                0x00000700        0x8 Menu/MenuActionItem.o
                0x00000700                _ZN14MenuActionItem7GetNameEv
 .text._ZN14MenuActionItem5BeginEv
                0x00000708        0xc Menu/MenuActionItem.o
                0x00000708                _ZN14MenuActionItem5BeginEv
 .text._ZN14MenuActionItem6GoMainEv
                0x00000714        0x2 Menu/MenuActionItem.o
                0x00000714                _ZN14MenuActionItem4GoUpEv
                0x00000714                _ZN14MenuActionItem6GoDownEv
                0x00000714                _ZN14MenuActionItem6GoMainEv
 .text._ZN14MenuActionItemD0Ev
                0x00000716        0x4 Menu/MenuActionItem.o
                0x00000716                _ZN14MenuActionItemD0Ev
 .text._ZN14MenuActionItemC2EPcP9IMenuItemPFvvE
                0x0000071a       0x18 Menu/MenuActionItem.o
                0x0000071a                _ZN14MenuActionItemC1EPcP9IMenuItemPFvvE
                0x0000071a                _ZN14MenuActionItemC2EPcP9IMenuItemPFvvE
 .text._ZN12MenuBoolItemD2Ev
                0x00000732        0x2 Menu/MenuBoolItem.o
                0x00000732                _ZN12MenuBoolItemD2Ev
                0x00000732                _ZN12MenuBoolItemD1Ev
 .text._ZN12MenuBoolItem4GoUpEv
                0x00000734       0x1e Menu/MenuBoolItem.o
                0x00000734                _ZN12MenuBoolItem4GoUpEv
 .text._ZN12MenuBoolItem6GoDownEv
                0x00000752        0xe Menu/MenuBoolItem.o
                0x00000752                _ZN12MenuBoolItem6GoDownEv
 .text._ZN12MenuBoolItem8GoChoiceEv
                0x00000760        0x8 Menu/MenuBoolItem.o
                0x00000760                _ZN12MenuBoolItem8GoChoiceEv
 .text._ZN12MenuBoolItem7GetNameEv
                0x00000768        0x8 Menu/MenuBoolItem.o
                0x00000768                _ZN12MenuBoolItem7GetNameEv
 .text._ZN12MenuBoolItem6GoMainEv
                0x00000770        0x2 Menu/MenuBoolItem.o
                0x00000770                _ZN12MenuBoolItem6GoMainEv
 .text._ZN12MenuBoolItemD0Ev
                0x00000772        0x4 Menu/MenuBoolItem.o
                0x00000772                _ZN12MenuBoolItemD0Ev
 .text._ZN12MenuBoolItem5BeginEv
                0x00000776       0x52 Menu/MenuBoolItem.o
                0x00000776                _ZN12MenuBoolItem5BeginEv
 .text._ZN12MenuBoolItemC2EPcPbP9IMenuItemP17LiquidCrystal_I2C
                0x000007c8       0x24 Menu/MenuBoolItem.o
                0x000007c8                _ZN12MenuBoolItemC1EPcPbP9IMenuItemP17LiquidCrystal_I2C
                0x000007c8                _ZN12MenuBoolItemC2EPcPbP9IMenuItemP17LiquidCrystal_I2C
 .text._ZN14MenuDoubleItemD2Ev
                0x000007ec        0x2 Menu/MenuDoubleItem.o
                0x000007ec                _ZN14MenuDoubleItemD2Ev
                0x000007ec                _ZN14MenuDoubleItemD1Ev
 .text._ZN14MenuDoubleItem4GoUpEv
                0x000007ee       0x44 Menu/MenuDoubleItem.o
                0x000007ee                _ZN14MenuDoubleItem4GoUpEv
 .text._ZN14MenuDoubleItem6GoDownEv
                0x00000832       0x44 Menu/MenuDoubleItem.o
                0x00000832                _ZN14MenuDoubleItem6GoDownEv
 .text._ZN14MenuDoubleItem8GoChoiceEv
                0x00000876        0x8 Menu/MenuDoubleItem.o
                0x00000876                _ZN14MenuDoubleItem8GoChoiceEv
 .text._ZN14MenuDoubleItem7GetNameEv
                0x0000087e        0x8 Menu/MenuDoubleItem.o
                0x0000087e                _ZN14MenuDoubleItem7GetNameEv
 .text._ZN14MenuDoubleItem6GoMainEv
                0x00000886        0x2 Menu/MenuDoubleItem.o
                0x00000886                _ZN14MenuDoubleItem6GoMainEv
 .text._ZN14MenuDoubleItemD0Ev
                0x00000888        0x4 Menu/MenuDoubleItem.o
                0x00000888                _ZN14MenuDoubleItemD0Ev
 .text._ZN14MenuDoubleItem5BeginEv
                0x0000088c       0x4e Menu/MenuDoubleItem.o
                0x0000088c                _ZN14MenuDoubleItem5BeginEv
 .text._ZN14MenuDoubleItemC2EPcPdP9IMenuItemP17LiquidCrystal_I2C
                0x000008da       0x24 Menu/MenuDoubleItem.o
                0x000008da                _ZN14MenuDoubleItemC2EPcPdP9IMenuItemP17LiquidCrystal_I2C
                0x000008da                _ZN14MenuDoubleItemC1EPcPdP9IMenuItemP17LiquidCrystal_I2C
 .text._ZN8MenuItemD2Ev
                0x000008fe        0x2 Menu/MenuItem.o
                0x000008fe                _ZN8MenuItemD1Ev
                0x000008fe                _ZN8MenuItemD2Ev
 .text._ZN8MenuItem4GoUpEv
                0x00000900       0x3a Menu/MenuItem.o
                0x00000900                _ZN8MenuItem4GoUpEv
 .text._ZN8MenuItem6GoDownEv
                0x0000093a       0x3a Menu/MenuItem.o
                0x0000093a                _ZN8MenuItem6GoDownEv
 .text._ZN8MenuItem8GoChoiceEv
                0x00000974       0x20 Menu/MenuItem.o
                0x00000974                _ZN8MenuItem8GoChoiceEv
 .text._ZN8MenuItem7GetNameEv
                0x00000994        0x8 Menu/MenuItem.o
                0x00000994                _ZN8MenuItem7GetNameEv
 .text._ZN8MenuItem6GoMainEv
                0x0000099c        0x8 Menu/MenuItem.o
                0x0000099c                _ZN8MenuItem6GoMainEv
 .text._ZN8MenuItemD0Ev
                0x000009a4        0x4 Menu/MenuItem.o
                0x000009a4                _ZN8MenuItemD0Ev
 .text._ZN8MenuItem5BeginEv
                0x000009a8       0x62 Menu/MenuItem.o
                0x000009a8                _ZN8MenuItem5BeginEv
 .text._ZN8MenuItemC2EPcPP9IMenuItemiP17LiquidCrystal_I2C
                0x00000a0a       0x28 Menu/MenuItem.o
                0x00000a0a                _ZN8MenuItemC2EPcPP9IMenuItemiP17LiquidCrystal_I2C
                0x00000a0a                _ZN8MenuItemC1EPcPP9IMenuItemiP17LiquidCrystal_I2C
 .text._Z18ExitSoundMenuClickv
                0x00000a32       0x22 Sketch.o
                0x00000a32                _Z18ExitSoundMenuClickv
 .text._Z21TimerHeatingInterruptv
                0x00000a54      0x150 Sketch.o
                0x00000a54                _Z21TimerHeatingInterruptv
 .text._Z13CheckTempBeepv
                0x00000ba4       0xbe Sketch.o
                0x00000ba4                _Z13CheckTempBeepv
 .text._Z13HeatingUpdatev
                0x00000c62       0x84 Sketch.o
                0x00000c62                _Z13HeatingUpdatev
 .text._Z13DisplayUpdatev
                0x00000ce6      0x116 Sketch.o
                0x00000ce6                _Z13DisplayUpdatev
 .text._Z22TimerUpdateTemperaturev
                0x00000dfc       0x4c Sketch.o
                0x00000dfc                _Z22TimerUpdateTemperaturev
 .text._Z13EncoderUpdatev
                0x00000e48       0x40 Sketch.o
                0x00000e48                _Z13EncoderUpdatev
 .text._Z15EncoderButtonUpv
                0x00000e88       0x3e Sketch.o
                0x00000e88                _Z15EncoderButtonUpv
 .text._Z19EncoderButtonUpdatev
                0x00000ec6       0x24 Sketch.o
                0x00000ec6                _Z19EncoderButtonUpdatev
 .text.loop     0x00000eea       0x20 Sketch.o
                0x00000eea                loop
 .text._Z20ReadSettingsInEepromv
                0x00000f0a       0x92 Sketch.o
                0x00000f0a                _Z20ReadSettingsInEepromv
 .text._Z20SaveSettingsInEepromv
                0x00000f9c      0x152 Sketch.o
                0x00000f9c                _Z20SaveSettingsInEepromv
 .text._Z13ExitMenuClickv
                0x000010ee       0x36 Sketch.o
                0x000010ee                _Z13ExitMenuClickv
 .text._Z13StopMenuClickv
                0x00001124       0x30 Sketch.o
                0x00001124                _Z13StopMenuClickv
 .text._Z14StartMenuClickv
                0x00001154       0x32 Sketch.o
                0x00001154                _Z14StartMenuClickv
 .text._Z15CreateMenuItemsv
                0x00001186      0x22c Sketch.o
                0x00001186                _Z15CreateMenuItemsv
 .text.setup    0x000013b2      0x26c Sketch.o
                0x000013b2                setup
 .text._Z11StartTimer1PFvvEm
                0x0000161e      0x14c src/libraries/CyberLib/CyberLib.o
                0x0000161e                _Z11StartTimer1PFvvEm
 .text._Z10StopTimer1v
                0x0000176a        0xc src/libraries/CyberLib/CyberLib.o
                0x0000176a                _Z10StopTimer1v
 .text._Z12ResumeTimer1v
                0x00001776        0xc src/libraries/CyberLib/CyberLib.o
                0x00001776                _Z12ResumeTimer1v
 .text.__vector_13
                0x00001782       0x5e src/libraries/CyberLib/CyberLib.o
                0x00001782                __vector_13
 .text._ZN20iarduino_Encoder_tmrC2Ehh
                0x000017e0       0xb8 src/libraries/Encoder_tmr/iarduino_Encoder_tmr.o
                0x000017e0                _ZN20iarduino_Encoder_tmrC1Ehh
                0x000017e0                _ZN20iarduino_Encoder_tmrC2Ehh
 .text._ZN20iarduino_Encoder_tmr4readEv
                0x00001898       0x44 src/libraries/Encoder_tmr/iarduino_Encoder_tmr.o
                0x00001898                _ZN20iarduino_Encoder_tmr4readEv
 .text._ZN20iarduino_Encoder_tmr18func_TIMER2_SETREGEm
                0x000018dc       0xb2 src/libraries/Encoder_tmr/iarduino_Encoder_tmr.o
                0x000018dc                _ZN20iarduino_Encoder_tmr18func_TIMER2_SETREGEm
 .text._ZN20iarduino_Encoder_tmr5beginEv
                0x0000198e       0x42 src/libraries/Encoder_tmr/iarduino_Encoder_tmr.o
                0x0000198e                _ZN20iarduino_Encoder_tmr5beginEv
 .text.__vector_7
                0x000019d0      0x118 src/libraries/Encoder_tmr/iarduino_Encoder_tmr.o
                0x000019d0                __vector_7
 .text.startup._GLOBAL__sub_I_IETVC
                0x00001ae8        0x6 src/libraries/Encoder_tmr/iarduino_Encoder_tmr.o
 .text._ZN17LiquidCrystal_I2CC2Ehhhh
                0x00001aee       0x20 src/libraries/LiquidCrystal_I2C/src/LiquidCrystal_I2C.o
                0x00001aee                _ZN17LiquidCrystal_I2CC2Ehhhh
                0x00001aee                _ZN17LiquidCrystal_I2CC1Ehhhh
 .text._ZN17LiquidCrystal_I2C13expanderWriteEh
                0x00001b0e       0x2e src/libraries/LiquidCrystal_I2C/src/LiquidCrystal_I2C.o
                0x00001b0e                _ZN17LiquidCrystal_I2C13expanderWriteEh
 .text._ZN17LiquidCrystal_I2C11pulseEnableEh
                0x00001b3c       0x30 src/libraries/LiquidCrystal_I2C/src/LiquidCrystal_I2C.o
                0x00001b3c                _ZN17LiquidCrystal_I2C11pulseEnableEh
 .text._ZN17LiquidCrystal_I2C10write4bitsEh
                0x00001b6c       0x1c src/libraries/LiquidCrystal_I2C/src/LiquidCrystal_I2C.o
                0x00001b6c                _ZN17LiquidCrystal_I2C10write4bitsEh
 .text._ZN17LiquidCrystal_I2C4sendEhh
                0x00001b88       0x2e src/libraries/LiquidCrystal_I2C/src/LiquidCrystal_I2C.o
                0x00001b88                _ZN17LiquidCrystal_I2C4sendEhh
 .text._ZN17LiquidCrystal_I2C7commandEh
                0x00001bb6        0x6 src/libraries/LiquidCrystal_I2C/src/LiquidCrystal_I2C.o
                0x00001bb6                _ZN17LiquidCrystal_I2C7commandEh
 .text._ZN17LiquidCrystal_I2C5clearEv
                0x00001bbc        0xe src/libraries/LiquidCrystal_I2C/src/LiquidCrystal_I2C.o
                0x00001bbc                _ZN17LiquidCrystal_I2C5clearEv
 .text._ZN17LiquidCrystal_I2C4homeEv
                0x00001bca        0xe src/libraries/LiquidCrystal_I2C/src/LiquidCrystal_I2C.o
                0x00001bca                _ZN17LiquidCrystal_I2C4homeEv
 .text._ZN17LiquidCrystal_I2C9setCursorEhh
                0x00001bd8       0x5c src/libraries/LiquidCrystal_I2C/src/LiquidCrystal_I2C.o
                0x00001bd8                _ZN17LiquidCrystal_I2C9setCursorEhh
 .text._ZN17LiquidCrystal_I2C7displayEv
                0x00001c34       0x10 src/libraries/LiquidCrystal_I2C/src/LiquidCrystal_I2C.o
                0x00001c34                _ZN17LiquidCrystal_I2C7displayEv
 .text._ZN17LiquidCrystal_I2C5writeEh
                0x00001c44        0xc src/libraries/LiquidCrystal_I2C/src/LiquidCrystal_I2C.o
                0x00001c44                _ZN17LiquidCrystal_I2C5writeEh
 .text._ZN17LiquidCrystal_I2C5beginEv
                0x00001c50       0xb2 src/libraries/LiquidCrystal_I2C/src/LiquidCrystal_I2C.o
                0x00001c50                _ZN17LiquidCrystal_I2C5beginEv
 .text._ZN7MAX6675C2Eaaa
                0x00001d02       0x30 src/libraries/MAX6675/max6675.o
                0x00001d02                _ZN7MAX6675C2Eaaa
                0x00001d02                _ZN7MAX6675C1Eaaa
 .text._ZN7MAX66757spireadEv
                0x00001d32       0x78 src/libraries/MAX6675/max6675.o
                0x00001d32                _ZN7MAX66757spireadEv
 .text._ZN7MAX667511readCelsiusEv
                0x00001daa       0x78 src/libraries/MAX6675/max6675.o
                0x00001daa                _ZN7MAX667511readCelsiusEv
 .text._ZN3PID7ComputeEv
                0x00001e22      0x244 src/libraries/PID/PID_v1.o
                0x00001e22                _ZN3PID7ComputeEv
 .text._ZN3PID10SetTuningsEddd
                0x00002066      0x174 src/libraries/PID/PID_v1.o
                0x00002066                _ZN3PID10SetTuningsEddd
 .text._ZN3PID15SetOutputLimitsEdd
                0x000021da      0x100 src/libraries/PID/PID_v1.o
                0x000021da                _ZN3PID15SetOutputLimitsEdd
 .text._ZN3PID10InitializeEv
                0x000022da       0x8c src/libraries/PID/PID_v1.o
                0x000022da                _ZN3PID10InitializeEv
 .text._ZN3PID7SetModeEi
                0x00002366       0x2c src/libraries/PID/PID_v1.o
                0x00002366                _ZN3PID7SetModeEi
 .text._ZN3PID22SetControllerDirectionEi
                0x00002392       0x78 src/libraries/PID/PID_v1.o
                0x00002392                _ZN3PID22SetControllerDirectionEi
 .text._ZN3PIDC2EPdS0_S0_dddi
                0x0000240a       0xde src/libraries/PID/PID_v1.o
                0x0000240a                _ZN3PIDC2EPdS0_S0_dddi
                0x0000240a                _ZN3PIDC1EPdS0_S0_dddi
 .text._ZN11SimpleTimerC2Ev
                0x000024e8       0x64 src/libraries/SimpleTimer/SimpleTimer.o
                0x000024e8                _ZN11SimpleTimerC1Ev
                0x000024e8                _ZN11SimpleTimerC2Ev
 .text._ZN11SimpleTimer17findFirstFreeSlotEv
                0x0000254c       0x34 src/libraries/SimpleTimer/SimpleTimer.o
                0x0000254c                _ZN11SimpleTimer17findFirstFreeSlotEv
 .text._ZN11SimpleTimer8setTimerElPFvvEi
                0x00002580       0xb2 src/libraries/SimpleTimer/SimpleTimer.o
                0x00002580                _ZN11SimpleTimer8setTimerElPFvvEi
 .text._ZN11SimpleTimer14updateIntervalEil
                0x00002632       0x1c src/libraries/SimpleTimer/SimpleTimer.o
                0x00002632                _ZN11SimpleTimer14updateIntervalEil
 .text._ZN11SimpleTimer11setIntervalElPFvvE
                0x0000264e       0x12 src/libraries/SimpleTimer/SimpleTimer.o
                0x0000264e                _ZN11SimpleTimer11setIntervalElPFvvE
 .text._ZN11SimpleTimer11deleteTimerEi
                0x00002660       0x7e src/libraries/SimpleTimer/SimpleTimer.o
                0x00002660                _ZN11SimpleTimer11deleteTimerEi
 .text._ZN11SimpleTimer3runEv
                0x000026de      0x18a src/libraries/SimpleTimer/SimpleTimer.o
                0x000026de                _ZN11SimpleTimer3runEv
 .text._ZN11SimpleTimer12restartTimerEi
                0x00002868       0x34 src/libraries/SimpleTimer/SimpleTimer.o
                0x00002868                _ZN11SimpleTimer12restartTimerEi
 .text._ZN11SimpleTimer6enableEi
                0x0000289c       0x16 src/libraries/SimpleTimer/SimpleTimer.o
                0x0000289c                _ZN11SimpleTimer6enableEi
 .text._ZN11SimpleTimer7disableEi
                0x000028b2       0x14 src/libraries/SimpleTimer/SimpleTimer.o
                0x000028b2                _ZN11SimpleTimer7disableEi
 .text.twi_init
                0x000028c6       0x3c src/libraries/Wire/src/utility/twi.o
                0x000028c6                twi_init
 .text.twi_writeTo
                0x00002902       0xac src/libraries/Wire/src/utility/twi.o
                0x00002902                twi_writeTo
 .text.twi_transmit
                0x000029ae       0x50 src/libraries/Wire/src/utility/twi.o
                0x000029ae                twi_transmit
 .text.twi_stop
                0x000029fe       0x14 src/libraries/Wire/src/utility/twi.o
                0x000029fe                twi_stop
 .text.twi_releaseBus
                0x00002a12        0xc src/libraries/Wire/src/utility/twi.o
                0x00002a12                twi_releaseBus
 .text.__vector_24
                0x00002a1e      0x25a src/libraries/Wire/src/utility/twi.o
                0x00002a1e                __vector_24
 .text._ZN7TwoWire9availableEv
                0x00002c78       0x10 src/libraries/Wire/src/Wire.o
                0x00002c78                _ZN7TwoWire9availableEv
 .text._ZN7TwoWire4readEv
                0x00002c88       0x28 src/libraries/Wire/src/Wire.o
                0x00002c88                _ZN7TwoWire4readEv
 .text._ZN7TwoWire4peekEv
                0x00002cb0       0x1e src/libraries/Wire/src/Wire.o
                0x00002cb0                _ZN7TwoWire4peekEv
 .text._ZN7TwoWire5flushEv
                0x00002cce        0x2 src/libraries/Wire/src/Wire.o
                0x00002cce                _ZN7TwoWire5flushEv
 .text._ZN7TwoWire5writeEPKhj
                0x00002cd0       0x5a src/libraries/Wire/src/Wire.o
                0x00002cd0                _ZN7TwoWire5writeEPKhj
 .text._ZN7TwoWire5writeEh
                0x00002d2a       0x5e src/libraries/Wire/src/Wire.o
                0x00002d2a                _ZN7TwoWire5writeEh
 .text._ZN7TwoWireC2Ev
                0x00002d88       0x20 src/libraries/Wire/src/Wire.o
                0x00002d88                _ZN7TwoWireC1Ev
                0x00002d88                _ZN7TwoWireC2Ev
 .text._ZN7TwoWire5beginEv
                0x00002da8       0x14 src/libraries/Wire/src/Wire.o
                0x00002da8                _ZN7TwoWire5beginEv
 .text._ZN7TwoWire17beginTransmissionEh
                0x00002dbc       0x14 src/libraries/Wire/src/Wire.o
                0x00002dbc                _ZN7TwoWire17beginTransmissionEh
 .text._ZN7TwoWire15endTransmissionEh
                0x00002dd0       0x26 src/libraries/Wire/src/Wire.o
                0x00002dd0                _ZN7TwoWire15endTransmissionEh
 .text._ZN7TwoWire15endTransmissionEv
                0x00002df6        0x6 src/libraries/Wire/src/Wire.o
                0x00002df6                _ZN7TwoWire15endTransmissionEv
 .text.startup._GLOBAL__sub_I__ZN7TwoWire8rxBufferE
                0x00002dfc        0x8 src/libraries/Wire/src/Wire.o
 .text._ZN11ThermometerC2Eiii
                0x00002e04       0x4a Thermometer/Thermometer.o
                0x00002e04                _ZN11ThermometerC1Eiii
                0x00002e04                _ZN11ThermometerC2Eiii
 .text._ZN11Thermometer4ReadEv
                0x00002e4e        0xa Thermometer/Thermometer.o
                0x00002e4e                _ZN11Thermometer4ReadEv
 .text.avr-libc.fplib
                0x00002e58        0xe c:/program files (x86)/atmel/studio/7.0/toolchain/avr8/avr8-gnu-toolchain/bin/../lib/gcc/avr/5.4.0/../../../../avr/lib/avr5\libm.a(addsf3.o)
                0x00002e58                __subsf3
                0x00002e5a                __addsf3
 .text.avr-libc.fplib
                0x00002e66       0xcc c:/program files (x86)/atmel/studio/7.0/toolchain/avr8/avr8-gnu-toolchain/bin/../lib/gcc/avr/5.4.0/../../../../avr/lib/avr5\libm.a(addsf3x.o)
                0x00002e88                __addsf3x
 .text.avr-libc.fplib
                0x00002f32        0xa c:/program files (x86)/atmel/studio/7.0/toolchain/avr8/avr8-gnu-toolchain/bin/../lib/gcc/avr/5.4.0/../../../../avr/lib/avr5\libm.a(cmpsf2.o)
                0x00002f32                __nesf2
                0x00002f32                __eqsf2
                0x00002f32                __cmpsf2
                0x00002f32                __ltsf2
                0x00002f32                __lesf2
 .text.avr-libc.fplib
                0x00002f3c        0x8 c:/program files (x86)/atmel/studio/7.0/toolchain/avr8/avr8-gnu-toolchain/bin/../lib/gcc/avr/5.4.0/../../../../avr/lib/avr5\libm.a(divsf3.o)
                0x00002f3c                __divsf3
 .text.avr-libc.fplib
                0x00002f44       0xdc c:/program files (x86)/atmel/studio/7.0/toolchain/avr8/avr8-gnu-toolchain/bin/../lib/gcc/avr/5.4.0/../../../../avr/lib/avr5\libm.a(divsf3x.o)
                0x00002f64                __divsf3x
                0x00002f6a                __divsf3_pse
 .text.avr-libc.fplib
                0x00003020        0xe c:/program files (x86)/atmel/studio/7.0/toolchain/avr8/avr8-gnu-toolchain/bin/../lib/gcc/avr/5.4.0/../../../../avr/lib/avr5\libm.a(fixsfsi.o)
                0x00003020                __fixsfsi
 .text.avr-libc.fplib
                0x0000302e       0x5e c:/program files (x86)/atmel/studio/7.0/toolchain/avr8/avr8-gnu-toolchain/bin/../lib/gcc/avr/5.4.0/../../../../avr/lib/avr5\libm.a(fixunssfsi.o)
                0x0000302e                __fixunssfsi
 .text.avr-libc.fplib
                0x0000308c       0x7a c:/program files (x86)/atmel/studio/7.0/toolchain/avr8/avr8-gnu-toolchain/bin/../lib/gcc/avr/5.4.0/../../../../avr/lib/avr5\libm.a(floatsisf.o)
                0x0000308c                __floatunsisf
                0x00003090                __floatsisf
 .text.avr-libc.fplib
                0x00003106       0x48 c:/program files (x86)/atmel/studio/7.0/toolchain/avr8/avr8-gnu-toolchain/bin/../lib/gcc/avr/5.4.0/../../../../avr/lib/avr5\libm.a(fp_cmp.o)
                0x00003106                __fp_cmp
 .text.avr-libc.fplib
                0x0000314e        0xc c:/program files (x86)/atmel/studio/7.0/toolchain/avr8/avr8-gnu-toolchain/bin/../lib/gcc/avr/5.4.0/../../../../avr/lib/avr5\libm.a(fp_inf.o)
                0x0000314e                __fp_inf
 .text.avr-libc.fplib
                0x0000315a        0x6 c:/program files (x86)/atmel/studio/7.0/toolchain/avr8/avr8-gnu-toolchain/bin/../lib/gcc/avr/5.4.0/../../../../avr/lib/avr5\libm.a(fp_nan.o)
                0x0000315a                __fp_nan
 .text.avr-libc.fplib
                0x00003160        0xe c:/program files (x86)/atmel/studio/7.0/toolchain/avr8/avr8-gnu-toolchain/bin/../lib/gcc/avr/5.4.0/../../../../avr/lib/avr5\libm.a(fp_pscA.o)
                0x00003160                __fp_pscA
 .text.avr-libc.fplib
                0x0000316e        0xe c:/program files (x86)/atmel/studio/7.0/toolchain/avr8/avr8-gnu-toolchain/bin/../lib/gcc/avr/5.4.0/../../../../avr/lib/avr5\libm.a(fp_pscB.o)
                0x0000316e                __fp_pscB
 .text.avr-libc.fplib
                0x0000317c       0x22 c:/program files (x86)/atmel/studio/7.0/toolchain/avr8/avr8-gnu-toolchain/bin/../lib/gcc/avr/5.4.0/../../../../avr/lib/avr5\libm.a(fp_round.o)
                0x0000317c                __fp_round
 .text.avr-libc.fplib
                0x0000319e       0x44 c:/program files (x86)/atmel/studio/7.0/toolchain/avr8/avr8-gnu-toolchain/bin/../lib/gcc/avr/5.4.0/../../../../avr/lib/avr5\libm.a(fp_split3.o)
                0x0000319e                __fp_split3
                0x000031ae                __fp_splitA
 .text.avr-libc.fplib
                0x000031e2        0xe c:/program files (x86)/atmel/studio/7.0/toolchain/avr8/avr8-gnu-toolchain/bin/../lib/gcc/avr/5.4.0/../../../../avr/lib/avr5\libm.a(fp_zero.o)
                0x000031e2                __fp_zero
                0x000031e4                __fp_szero
 .text.avr-libc.fplib
                0x000031f0        0xa c:/program files (x86)/atmel/studio/7.0/toolchain/avr8/avr8-gnu-toolchain/bin/../lib/gcc/avr/5.4.0/../../../../avr/lib/avr5\libm.a(gesf2.o)
                0x000031f0                __gesf2
                0x000031f0                __gtsf2
 .text.avr-libc.fplib
                0x000031fa        0x8 c:/program files (x86)/atmel/studio/7.0/toolchain/avr8/avr8-gnu-toolchain/bin/../lib/gcc/avr/5.4.0/../../../../avr/lib/avr5\libm.a(mulsf3.o)
                0x000031fa                __mulsf3
 .text.avr-libc.fplib
                0x00003202       0xd2 c:/program files (x86)/atmel/studio/7.0/toolchain/avr8/avr8-gnu-toolchain/bin/../lib/gcc/avr/5.4.0/../../../../avr/lib/avr5\libm.a(mulsf3x.o)
                0x00003220                __mulsf3x
                0x00003226                __mulsf3_pse
 .text._ZN14HardwareSerial9availableEv
                0x000032d4       0x20 R:\AVR\arduino\Bottom_heater\Code\Bottom_heater\Bottom_heater\ArduinoCoreWavgat\Debug\libArduinoCore.a(HardwareSerial.o)
                0x000032d4                _ZN14HardwareSerial9availableEv
 .text._ZN14HardwareSerial4peekEv
                0x000032f4       0x38 R:\AVR\arduino\Bottom_heater\Code\Bottom_heater\Bottom_heater\ArduinoCoreWavgat\Debug\libArduinoCore.a(HardwareSerial.o)
                0x000032f4                _ZN14HardwareSerial4peekEv
 .text._ZN14HardwareSerial4readEv
                0x0000332c       0x40 R:\AVR\arduino\Bottom_heater\Code\Bottom_heater\Bottom_heater\ArduinoCoreWavgat\Debug\libArduinoCore.a(HardwareSerial.o)
                0x0000332c                _ZN14HardwareSerial4readEv
 .text._ZN14HardwareSerial5flushEv
                0x0000336c       0x16 R:\AVR\arduino\Bottom_heater\Code\Bottom_heater\Bottom_heater\ArduinoCoreWavgat\Debug\libArduinoCore.a(HardwareSerial.o)
                0x0000336c                _ZN14HardwareSerial5flushEv
 .text._ZN14HardwareSerial5writeEh
                0x00003382       0x84 R:\AVR\arduino\Bottom_heater\Code\Bottom_heater\Bottom_heater\ArduinoCoreWavgat\Debug\libArduinoCore.a(HardwareSerial.o)
                0x00003382                _ZN14HardwareSerial5writeEh
 .text._Z11serialEventv
                0x00003406        0x2 R:\AVR\arduino\Bottom_heater\Code\Bottom_heater\Bottom_heater\ArduinoCoreWavgat\Debug\libArduinoCore.a(HardwareSerial.o)
                0x00003406                _Z11serialEventv
 .text.__vector_18
                0x00003408       0x74 R:\AVR\arduino\Bottom_heater\Code\Bottom_heater\Bottom_heater\ArduinoCoreWavgat\Debug\libArduinoCore.a(HardwareSerial.o)
                0x00003408                __vector_18
 .text._Z14serialEventRunv
                0x0000347c       0x12 R:\AVR\arduino\Bottom_heater\Code\Bottom_heater\Bottom_heater\ArduinoCoreWavgat\Debug\libArduinoCore.a(HardwareSerial.o)
                0x0000347c                _Z14serialEventRunv
 .text.__vector_19
                0x0000348e       0x76 R:\AVR\arduino\Bottom_heater\Code\Bottom_heater\Bottom_heater\ArduinoCoreWavgat\Debug\libArduinoCore.a(HardwareSerial.o)
                0x0000348e                __vector_19
 .text.startup._GLOBAL__sub_I_rx_buffer
                0x00003504       0x76 R:\AVR\arduino\Bottom_heater\Code\Bottom_heater\Bottom_heater\ArduinoCoreWavgat\Debug\libArduinoCore.a(HardwareSerial.o)
 .text._Z8sysClockh.part.0
                0x0000357a       0x42 R:\AVR\arduino\Bottom_heater\Code\Bottom_heater\Bottom_heater\ArduinoCoreWavgat\Debug\libArduinoCore.a(main.o)
 .text._Z13lgt8fx8x_initv
                0x000035bc       0x2e R:\AVR\arduino\Bottom_heater\Code\Bottom_heater\Bottom_heater\ArduinoCoreWavgat\Debug\libArduinoCore.a(main.o)
                0x000035bc                _Z13lgt8fx8x_initv
 .text.startup.main
                0x000035ea       0x1e R:\AVR\arduino\Bottom_heater\Code\Bottom_heater\Bottom_heater\ArduinoCoreWavgat\Debug\libArduinoCore.a(main.o)
                0x000035ea                main
 .text._Znwj    0x00003608        0x4 R:\AVR\arduino\Bottom_heater\Code\Bottom_heater\Bottom_heater\ArduinoCoreWavgat\Debug\libArduinoCore.a(new.o)
                0x00003608                _Znwj
 .text._Znaj    0x0000360c        0x4 R:\AVR\arduino\Bottom_heater\Code\Bottom_heater\Bottom_heater\ArduinoCoreWavgat\Debug\libArduinoCore.a(new.o)
                0x0000360c                _Znaj
 .text._ZdlPv   0x00003610        0x4 R:\AVR\arduino\Bottom_heater\Code\Bottom_heater\Bottom_heater\ArduinoCoreWavgat\Debug\libArduinoCore.a(new.o)
                0x00003610                _ZdlPv
 .text._ZN5Print5writeEPKhj
                0x00003614       0x50 R:\AVR\arduino\Bottom_heater\Code\Bottom_heater\Bottom_heater\ArduinoCoreWavgat\Debug\libArduinoCore.a(Print.o)
                0x00003614                _ZN5Print5writeEPKhj
 .text._ZN5Print5writeEPKc
                0x00003664       0x2a R:\AVR\arduino\Bottom_heater\Code\Bottom_heater\Bottom_heater\ArduinoCoreWavgat\Debug\libArduinoCore.a(Print.o)
                0x00003664                _ZN5Print5writeEPKc
 .text._ZN5Print5printERK6String
                0x0000368e       0x6a R:\AVR\arduino\Bottom_heater\Code\Bottom_heater\Bottom_heater\ArduinoCoreWavgat\Debug\libArduinoCore.a(Print.o)
                0x0000368e                _ZN5Print5printERK6String
 .text._ZN5Print5printEPKc
                0x000036f8        0x4 R:\AVR\arduino\Bottom_heater\Code\Bottom_heater\Bottom_heater\ArduinoCoreWavgat\Debug\libArduinoCore.a(Print.o)
                0x000036f8                _ZN5Print5printEPKc
 .text._ZN5Print5printEc
                0x000036fc        0xe R:\AVR\arduino\Bottom_heater\Code\Bottom_heater\Bottom_heater\ArduinoCoreWavgat\Debug\libArduinoCore.a(Print.o)
                0x000036fc                _ZN5Print5printEc
 .text._ZN5Print7printlnEv
                0x0000370a       0x28 R:\AVR\arduino\Bottom_heater\Code\Bottom_heater\Bottom_heater\ArduinoCoreWavgat\Debug\libArduinoCore.a(Print.o)
                0x0000370a                _ZN5Print7printlnEv
 .text._ZN5Print11printNumberEmh
                0x00003732       0xac R:\AVR\arduino\Bottom_heater\Code\Bottom_heater\Bottom_heater\ArduinoCoreWavgat\Debug\libArduinoCore.a(Print.o)
                0x00003732                _ZN5Print11printNumberEmh
 .text._ZN5Print5printEmi
                0x000037de       0x1a R:\AVR\arduino\Bottom_heater\Code\Bottom_heater\Bottom_heater\ArduinoCoreWavgat\Debug\libArduinoCore.a(Print.o)
                0x000037de                _ZN5Print5printEmi
 .text._ZN5Print5printEhi
                0x000037f8        0xe R:\AVR\arduino\Bottom_heater\Code\Bottom_heater\Bottom_heater\ArduinoCoreWavgat\Debug\libArduinoCore.a(Print.o)
                0x000037f8                _ZN5Print5printEhi
 .text._ZN5Print7printlnEhi
                0x00003806       0x24 R:\AVR\arduino\Bottom_heater\Code\Bottom_heater\Bottom_heater\ArduinoCoreWavgat\Debug\libArduinoCore.a(Print.o)
                0x00003806                _ZN5Print7printlnEhi
 .text._ZN5Print5printEli
                0x0000382a       0x90 R:\AVR\arduino\Bottom_heater\Code\Bottom_heater\Bottom_heater\ArduinoCoreWavgat\Debug\libArduinoCore.a(Print.o)
                0x0000382a                _ZN5Print5printEli
 .text._ZN5Print5printEii
                0x000038ba        0xe R:\AVR\arduino\Bottom_heater\Code\Bottom_heater\Bottom_heater\ArduinoCoreWavgat\Debug\libArduinoCore.a(Print.o)
                0x000038ba                _ZN5Print5printEii
 .text._ZN5Print10printFloatEdh
                0x000038c8      0x1ba R:\AVR\arduino\Bottom_heater\Code\Bottom_heater\Bottom_heater\ArduinoCoreWavgat\Debug\libArduinoCore.a(Print.o)
                0x000038c8                _ZN5Print10printFloatEdh
 .text._ZN5Print5printEdi
                0x00003a82        0x4 R:\AVR\arduino\Bottom_heater\Code\Bottom_heater\Bottom_heater\ArduinoCoreWavgat\Debug\libArduinoCore.a(Print.o)
                0x00003a82                _ZN5Print5printEdi
 .text.attachInterrupt
                0x00003a86       0x40 R:\AVR\arduino\Bottom_heater\Code\Bottom_heater\Bottom_heater\ArduinoCoreWavgat\Debug\libArduinoCore.a(WInterrupts.o)
                0x00003a86                attachInterrupt
 .text.__vector_1
                0x00003ac6       0x5a R:\AVR\arduino\Bottom_heater\Code\Bottom_heater\Bottom_heater\ArduinoCoreWavgat\Debug\libArduinoCore.a(WInterrupts.o)
                0x00003ac6                __vector_1
 .text.__vector_2
                0x00003b20       0x5a R:\AVR\arduino\Bottom_heater\Code\Bottom_heater\Bottom_heater\ArduinoCoreWavgat\Debug\libArduinoCore.a(WInterrupts.o)
                0x00003b20                __vector_2
 .text.__vector_16
                0x00003b7a       0x94 R:\AVR\arduino\Bottom_heater\Code\Bottom_heater\Bottom_heater\ArduinoCoreWavgat\Debug\libArduinoCore.a(wiring.o)
                0x00003b7a                __vector_16
 .text.millis   0x00003c0e       0x18 R:\AVR\arduino\Bottom_heater\Code\Bottom_heater\Bottom_heater\ArduinoCoreWavgat\Debug\libArduinoCore.a(wiring.o)
                0x00003c0e                millis
 .text.micros   0x00003c26       0x4a R:\AVR\arduino\Bottom_heater\Code\Bottom_heater\Bottom_heater\ArduinoCoreWavgat\Debug\libArduinoCore.a(wiring.o)
                0x00003c26                micros
 .text.delay    0x00003c70       0x4c R:\AVR\arduino\Bottom_heater\Code\Bottom_heater\Bottom_heater\ArduinoCoreWavgat\Debug\libArduinoCore.a(wiring.o)
                0x00003c70                delay
 .text.delayMicroseconds
                0x00003cbc       0x14 R:\AVR\arduino\Bottom_heater\Code\Bottom_heater\Bottom_heater\ArduinoCoreWavgat\Debug\libArduinoCore.a(wiring.o)
                0x00003cbc                delayMicroseconds
 .text.init     0x00003cd0       0x76 R:\AVR\arduino\Bottom_heater\Code\Bottom_heater\Bottom_heater\ArduinoCoreWavgat\Debug\libArduinoCore.a(wiring.o)
                0x00003cd0                init
 .text.turnOffPWM
                0x00003d46       0x52 R:\AVR\arduino\Bottom_heater\Code\Bottom_heater\Bottom_heater\ArduinoCoreWavgat\Debug\libArduinoCore.a(wiring_digital.o)
 .text.pinMode  0x00003d98       0xc0 R:\AVR\arduino\Bottom_heater\Code\Bottom_heater\Bottom_heater\ArduinoCoreWavgat\Debug\libArduinoCore.a(wiring_digital.o)
                0x00003d98                pinMode
 .text.digitalWrite
                0x00003e58       0x5e R:\AVR\arduino\Bottom_heater\Code\Bottom_heater\Bottom_heater\ArduinoCoreWavgat\Debug\libArduinoCore.a(wiring_digital.o)
                0x00003e58                digitalWrite
 .text.digitalRead
                0x00003eb6       0x52 R:\AVR\arduino\Bottom_heater\Code\Bottom_heater\Bottom_heater\ArduinoCoreWavgat\Debug\libArduinoCore.a(wiring_digital.o)
                0x00003eb6                digitalRead
 .text._ZN6StringD2Ev
                0x00003f08        0xa R:\AVR\arduino\Bottom_heater\Code\Bottom_heater\Bottom_heater\ArduinoCoreWavgat\Debug\libArduinoCore.a(WString.o)
                0x00003f08                _ZN6StringD2Ev
                0x00003f08                _ZN6StringD1Ev
 .text._ZN6String10invalidateEv
                0x00003f12       0x24 R:\AVR\arduino\Bottom_heater\Code\Bottom_heater\Bottom_heater\ArduinoCoreWavgat\Debug\libArduinoCore.a(WString.o)
                0x00003f12                _ZN6String10invalidateEv
 .text._ZN6String12changeBufferEj
                0x00003f36       0x34 R:\AVR\arduino\Bottom_heater\Code\Bottom_heater\Bottom_heater\ArduinoCoreWavgat\Debug\libArduinoCore.a(WString.o)
                0x00003f36                _ZN6String12changeBufferEj
 .text._ZN6String7reserveEj
                0x00003f6a       0x38 R:\AVR\arduino\Bottom_heater\Code\Bottom_heater\Bottom_heater\ArduinoCoreWavgat\Debug\libArduinoCore.a(WString.o)
                0x00003f6a                _ZN6String7reserveEj
 .text._ZN6String4copyEPKcj
                0x00003fa2       0x42 R:\AVR\arduino\Bottom_heater\Code\Bottom_heater\Bottom_heater\ArduinoCoreWavgat\Debug\libArduinoCore.a(WString.o)
                0x00003fa2                _ZN6String4copyEPKcj
 .text._ZN6StringaSEPKc
                0x00003fe4       0x2e R:\AVR\arduino\Bottom_heater\Code\Bottom_heater\Bottom_heater\ArduinoCoreWavgat\Debug\libArduinoCore.a(WString.o)
                0x00003fe4                _ZN6StringaSEPKc
 .text._ZN6StringC2Eih
                0x00004012       0x5a R:\AVR\arduino\Bottom_heater\Code\Bottom_heater\Bottom_heater\ArduinoCoreWavgat\Debug\libArduinoCore.a(WString.o)
                0x00004012                _ZN6StringC2Eih
                0x00004012                _ZN6StringC1Eih
 .text._ZNK6StringixEj
                0x0000406c       0x22 R:\AVR\arduino\Bottom_heater\Code\Bottom_heater\Bottom_heater\ArduinoCoreWavgat\Debug\libArduinoCore.a(WString.o)
                0x0000406c                _ZNK6StringixEj
 .text.avr-libc
                0x0000408e      0x242 R:\AVR\arduino\Bottom_heater\Code\Bottom_heater\Bottom_heater\ArduinoCoreWavgat\Debug\libArduinoCore.a(malloc.o)
                0x0000408e                malloc
                0x000041be                free
 .text.avr-libc
                0x000042d0      0x1ca R:\AVR\arduino\Bottom_heater\Code\Bottom_heater\Bottom_heater\ArduinoCoreWavgat\Debug\libArduinoCore.a(realloc.o)
                0x000042d0                realloc
 .text.avr-libc.fplib
                0x0000449a        0xa c:/program files (x86)/atmel/studio/7.0/toolchain/avr8/avr8-gnu-toolchain/bin/../lib/gcc/avr/5.4.0/../../../../avr/lib/avr5\libm.a(unordsf2.o)
                0x0000449a                __unordsf2
 .text.libgcc.div
                0x000044a4       0x44 c:/program files (x86)/atmel/studio/7.0/toolchain/avr8/avr8-gnu-toolchain/bin/../lib/gcc/avr/5.4.0/avr5\libgcc.a(_udivmodsi4.o)
                0x000044a4                __udivmodsi4
 .text.libgcc.mul
                0x000044e8       0x16 c:/program files (x86)/atmel/studio/7.0/toolchain/avr8/avr8-gnu-toolchain/bin/../lib/gcc/avr/5.4.0/avr5\libgcc.a(_muluhisi3.o)
                0x000044e8                __muluhisi3
 .text.libgcc   0x000044fe        0xc c:/program files (x86)/atmel/studio/7.0/toolchain/avr8/avr8-gnu-toolchain/bin/../lib/gcc/avr/5.4.0/avr5\libgcc.a(_tablejump2.o)
                0x000044fe                __tablejump2__
 .text.libgcc.mul
                0x0000450a       0x1e c:/program files (x86)/atmel/studio/7.0/toolchain/avr8/avr8-gnu-toolchain/bin/../lib/gcc/avr/5.4.0/avr5\libgcc.a(_umulhisi3.o)
                0x0000450a                __umulhisi3
 .text.avr-libc
                0x00004528       0x12 c:/program files (x86)/atmel/studio/7.0/toolchain/avr8/avr8-gnu-toolchain/bin/../lib/gcc/avr/5.4.0/../../../../avr/lib/avr5\libc.a(memcpy.o)
                0x00004528                memcpy
 .text.avr-libc
                0x0000453a        0xe c:/program files (x86)/atmel/studio/7.0/toolchain/avr8/avr8-gnu-toolchain/bin/../lib/gcc/avr/5.4.0/../../../../avr/lib/avr5\libc.a(strcpy.o)
                0x0000453a                strcpy
 .text.avr-libc
                0x00004548       0x16 c:/program files (x86)/atmel/studio/7.0/toolchain/avr8/avr8-gnu-toolchain/bin/../lib/gcc/avr/5.4.0/../../../../avr/lib/avr5\libc.a(itoa.o)
                0x00004548                __itoa
                0x00004548                itoa
 .text.avr-libc
                0x0000455e       0x16 c:/program files (x86)/atmel/studio/7.0/toolchain/avr8/avr8-gnu-toolchain/bin/../lib/gcc/avr/5.4.0/../../../../avr/lib/avr5\libc.a(itoa_ncheck.o)
                0x0000455e                __itoa_ncheck
 .text.avr-libc
                0x00004574       0x34 c:/program files (x86)/atmel/studio/7.0/toolchain/avr8/avr8-gnu-toolchain/bin/../lib/gcc/avr/5.4.0/../../../../avr/lib/avr5\libc.a(utoa_ncheck.o)
                0x00004574                __utoa_ncheck
                0x00004576                __utoa_common
 .text.avr-libc
                0x000045a8       0x20 c:/program files (x86)/atmel/studio/7.0/toolchain/avr8/avr8-gnu-toolchain/bin/../lib/gcc/avr/5.4.0/../../../../avr/lib/avr5\libc.a(strrev.o)
                0x000045a8                strrev
                0x000045c8                . = ALIGN (0x2)
 *(.fini9)
 .fini9         0x000045c8        0x0 c:/program files (x86)/atmel/studio/7.0/toolchain/avr8/avr8-gnu-toolchain/bin/../lib/gcc/avr/5.4.0/avr5\libgcc.a(_exit.o)
                0x000045c8                _exit
                0x000045c8                exit
 *(.fini9)
 *(.fini8)
 *(.fini8)
 *(.fini7)
 *(.fini7)
 *(.fini6)
 *(.fini6)
 *(.fini5)
 *(.fini5)
 *(.fini4)
 *(.fini4)
 *(.fini3)
 *(.fini3)
 *(.fini2)
 *(.fini2)
 *(.fini1)
 *(.fini1)
 *(.fini0)
 .fini0         0x000045c8        0x4 c:/program files (x86)/atmel/studio/7.0/toolchain/avr8/avr8-gnu-toolchain/bin/../lib/gcc/avr/5.4.0/avr5\libgcc.a(_exit.o)
 *(.fini0)
                0x000045cc                _etext = .

.data           0x00800100      0x136 load address 0x000045cc
                0x00800100                PROVIDE (__data_start, .)
 *(.data)
 *(.data*)
 .data._heightBeep
                0x00800100        0x1 Buzzer/Buzzer.o
                0x00800100                _heightBeep
 .data._menuTempSetSound
                0x00800101        0x1 Sketch.o
                0x00800101                _menuTempSetSound
 .data._menuClickSound
                0x00800102        0x1 Sketch.o
                0x00800102                _menuClickSound
 .data._temDownBeepOn
                0x00800103        0x1 Sketch.o
                0x00800103                _temDownBeepOn
 .data._temUpBeepOn
                0x00800104        0x1 Sketch.o
                0x00800104                _temUpBeepOn
 .data._regulationDown
                0x00800105        0x1 Sketch.o
                0x00800105                _regulationDown
 .data._menuActive
                0x00800106        0x1 Sketch.o
                0x00800106                _menuActive
 .data.__malloc_heap_end
                0x00800107        0x2 R:\AVR\arduino\Bottom_heater\Code\Bottom_heater\Bottom_heater\ArduinoCoreWavgat\Debug\libArduinoCore.a(malloc.o)
                0x00800107                __malloc_heap_end
 .data.__malloc_heap_start
                0x00800109        0x2 R:\AVR\arduino\Bottom_heater\Code\Bottom_heater\Bottom_heater\ArduinoCoreWavgat\Debug\libArduinoCore.a(malloc.o)
                0x00800109                __malloc_heap_start
 .data.__malloc_margin
                0x0080010b        0x2 R:\AVR\arduino\Bottom_heater\Code\Bottom_heater\Bottom_heater\ArduinoCoreWavgat\Debug\libArduinoCore.a(malloc.o)
                0x0080010b                __malloc_margin
 *(.gnu.linkonce.d*)
 *(.rodata)
 .rodata        0x0080010d        0x8 src/libraries/LiquidCrystal_I2C/src/LiquidCrystal_I2C.o
 *(.rodata*)
 .rodata.str1.1
                0x00800115       0x11 Display/Display16x2.o
 .rodata.str1.1
                0x00800126       0x17 Extensions/EepromExtension.o
 .rodata._ZTV14MenuActionItem
                0x0080013d       0x14 Menu/MenuActionItem.o
                0x0080013d                _ZTV14MenuActionItem
 .rodata.str1.1
                0x00800151        0xb Menu/MenuBoolItem.o
 .rodata._ZTV12MenuBoolItem
                0x0080015c       0x14 Menu/MenuBoolItem.o
                0x0080015c                _ZTV12MenuBoolItem
 .rodata._ZTV14MenuDoubleItem
                0x00800170       0x14 Menu/MenuDoubleItem.o
                0x00800170                _ZTV14MenuDoubleItem
 .rodata._ZTV8MenuItem
                0x00800184       0x14 Menu/MenuItem.o
                0x00800184                _ZTV8MenuItem
 .rodata.str1.1
                0x00800198       0x67 Sketch.o
 .rodata._ZTV17LiquidCrystal_I2C
                0x008001ff        0x8 src/libraries/LiquidCrystal_I2C/src/LiquidCrystal_I2C.o
                0x008001ff                _ZTV17LiquidCrystal_I2C
 .rodata._ZTV7TwoWire
                0x00800207       0x10 src/libraries/Wire/src/Wire.o
                0x00800207                _ZTV7TwoWire
 .rodata._ZTV14HardwareSerial
                0x00800217       0x10 R:\AVR\arduino\Bottom_heater\Code\Bottom_heater\Bottom_heater\ArduinoCoreWavgat\Debug\libArduinoCore.a(HardwareSerial.o)
                0x00800217                _ZTV14HardwareSerial
 .rodata.str1.1
                0x00800227        0xe R:\AVR\arduino\Bottom_heater\Code\Bottom_heater\Bottom_heater\ArduinoCoreWavgat\Debug\libArduinoCore.a(Print.o)
 *(.gnu.linkonce.r*)
                0x00800236                . = ALIGN (0x2)
 *fill*         0x00800235        0x1 
                0x00800236                _edata = .
                0x00800236                PROVIDE (__data_end, .)

.bss            0x00800236      0x21c
                0x00800236                PROVIDE (__bss_start, .)
 *(.bss)
 *(.bss*)
 .bss._beepStart
                0x00800236        0x1 Buzzer/Buzzer.o
                0x00800236                _beepStart
 .bss._frequencyTimerId
                0x00800237        0x2 Buzzer/Buzzer.o
                0x00800237                _frequencyTimerId
 .bss._timerId  0x00800239        0x2 Buzzer/Buzzer.o
                0x00800239                _timerId
 .bss._timer    0x0080023b        0x2 Buzzer/Buzzer.o
                0x0080023b                _timer
 .bss._buzzerPin
                0x0080023d        0x2 Buzzer/Buzzer.o
                0x0080023d                _buzzerPin
 .bss._itemDownValue
                0x0080023f        0x2 Dimmer/Dimmer.o
                0x0080023f                _itemDownValue
 .bss._itemUpValue
                0x00800241        0x2 Dimmer/Dimmer.o
                0x00800241                _itemUpValue
 .bss._itemDown
                0x00800243        0x2 Dimmer/Dimmer.o
                0x00800243                _itemDown
 .bss._itemUp   0x00800245        0x2 Dimmer/Dimmer.o
                0x00800245                _itemUp
 .bss._tic      0x00800247        0x2 Dimmer/Dimmer.o
                0x00800247                _tic
 .bss._buttonDown
                0x00800249        0x1 Sketch.o
                0x00800249                _buttonDown
 .bss._timerUpdateTemperatureId
                0x0080024a        0x2 Sketch.o
                0x0080024a                _timerUpdateTemperatureId
 .bss._timerHeatingId
                0x0080024c        0x2 Sketch.o
                0x0080024c                _timerHeatingId
 .bss._pidOldDownVal
                0x0080024e        0x2 Sketch.o
                0x0080024e                _pidOldDownVal
 .bss._regulationUp
                0x00800250        0x1 Sketch.o
                0x00800250                _regulationUp
 .bss._heaterOn
                0x00800251        0x1 Sketch.o
                0x00800251                _heaterOn
 .bss._outputDownVal
                0x00800252        0x4 Sketch.o
                0x00800252                _outputDownVal
 .bss._outputUpVal
                0x00800256        0x4 Sketch.o
                0x00800256                _outputUpVal
 .bss._setTempDown
                0x0080025a        0x4 Sketch.o
                0x0080025a                _setTempDown
 .bss._setTempUp
                0x0080025e        0x4 Sketch.o
                0x0080025e                _setTempUp
 .bss._tempDown
                0x00800262        0x4 Sketch.o
                0x00800262                _tempDown
 .bss._tempUp   0x00800266        0x4 Sketch.o
                0x00800266                _tempUp
 .bss._soundSettingMenu
                0x0080026a        0x2 Sketch.o
                0x0080026a                _soundSettingMenu
 .bss._mainMenu
                0x0080026c        0x2 Sketch.o
                0x0080026c                _mainMenu
 .bss._parSoundItemMain
                0x0080026e        0x2 Sketch.o
                0x0080026e                _parSoundItemMain
 .bss._parItemMain
                0x00800270        0x2 Sketch.o
                0x00800270                _parItemMain
 .bss._buzzer   0x00800272        0x2 Sketch.o
                0x00800272                _buzzer
 .bss._eeprom   0x00800274        0x2 Sketch.o
                0x00800274                _eeprom
 .bss._timerHeating
                0x00800276        0x2 Sketch.o
                0x00800276                _timerHeating
 .bss._menu     0x00800278        0x2 Sketch.o
                0x00800278                _menu
 .bss._lcd      0x0080027a        0x2 Sketch.o
                0x0080027a                _lcd
 .bss._encoder  0x0080027c        0x2 Sketch.o
                0x0080027c                _encoder
 .bss._pidDown  0x0080027e        0x2 Sketch.o
                0x0080027e                _pidDown
 .bss._pidUp    0x00800280        0x2 Sketch.o
                0x00800280                _pidUp
 .bss._display  0x00800282        0x2 Sketch.o
                0x00800282                _display
 .bss._thermometer
                0x00800284        0x2 Sketch.o
                0x00800284                _thermometer
 .bss._dimmer   0x00800286        0x2 Sketch.o
                0x00800286                _dimmer
 .bss.dub_tcnt1
                0x00800288        0x2 src/libraries/CyberLib/CyberLib.o
                0x00800288                dub_tcnt1
 .bss.func      0x0080028a        0x2 src/libraries/CyberLib/CyberLib.o
                0x0080028a                func
 .bss.IETVC     0x0080028c       0x4b src/libraries/Encoder_tmr/iarduino_Encoder_tmr.o
                0x0080028c                IETVC
 .bss.twi_error
                0x008002d7        0x1 src/libraries/Wire/src/utility/twi.o
 .bss.twi_rxBufferIndex
                0x008002d8        0x1 src/libraries/Wire/src/utility/twi.o
 .bss.twi_rxBuffer
                0x008002d9       0x20 src/libraries/Wire/src/utility/twi.o
 .bss.twi_txBufferLength
                0x008002f9        0x1 src/libraries/Wire/src/utility/twi.o
 .bss.twi_txBufferIndex
                0x008002fa        0x1 src/libraries/Wire/src/utility/twi.o
 .bss.twi_txBuffer
                0x008002fb       0x20 src/libraries/Wire/src/utility/twi.o
 .bss.twi_masterBufferLength
                0x0080031b        0x1 src/libraries/Wire/src/utility/twi.o
 .bss.twi_masterBufferIndex
                0x0080031c        0x1 src/libraries/Wire/src/utility/twi.o
 .bss.twi_masterBuffer
                0x0080031d       0x20 src/libraries/Wire/src/utility/twi.o
 .bss.twi_onSlaveReceive
                0x0080033d        0x2 src/libraries/Wire/src/utility/twi.o
 .bss.twi_onSlaveTransmit
                0x0080033f        0x2 src/libraries/Wire/src/utility/twi.o
 .bss.twi_inRepStart
                0x00800341        0x1 src/libraries/Wire/src/utility/twi.o
 .bss.twi_sendStop
                0x00800342        0x1 src/libraries/Wire/src/utility/twi.o
 .bss.twi_slarw
                0x00800343        0x1 src/libraries/Wire/src/utility/twi.o
 .bss.twi_state
                0x00800344        0x1 src/libraries/Wire/src/utility/twi.o
 .bss.Wire      0x00800345        0xc src/libraries/Wire/src/Wire.o
                0x00800345                Wire
 .bss._ZN7TwoWire12transmittingE
                0x00800351        0x1 src/libraries/Wire/src/Wire.o
                0x00800351                _ZN7TwoWire12transmittingE
 .bss._ZN7TwoWire14txBufferLengthE
                0x00800352        0x1 src/libraries/Wire/src/Wire.o
                0x00800352                _ZN7TwoWire14txBufferLengthE
 .bss._ZN7TwoWire13txBufferIndexE
                0x00800353        0x1 src/libraries/Wire/src/Wire.o
                0x00800353                _ZN7TwoWire13txBufferIndexE
 .bss._ZN7TwoWire8txBufferE
                0x00800354       0x20 src/libraries/Wire/src/Wire.o
                0x00800354                _ZN7TwoWire8txBufferE
 .bss._ZN7TwoWire9txAddressE
                0x00800374        0x1 src/libraries/Wire/src/Wire.o
                0x00800374                _ZN7TwoWire9txAddressE
 .bss._ZN7TwoWire14rxBufferLengthE
                0x00800375        0x1 src/libraries/Wire/src/Wire.o
                0x00800375                _ZN7TwoWire14rxBufferLengthE
 .bss._ZN7TwoWire13rxBufferIndexE
                0x00800376        0x1 src/libraries/Wire/src/Wire.o
                0x00800376                _ZN7TwoWire13rxBufferIndexE
 .bss._ZN7TwoWire8rxBufferE
                0x00800377       0x20 src/libraries/Wire/src/Wire.o
                0x00800377                _ZN7TwoWire8rxBufferE
 .bss.Serial    0x00800397       0x22 R:\AVR\arduino\Bottom_heater\Code\Bottom_heater\Bottom_heater\ArduinoCoreWavgat\Debug\libArduinoCore.a(HardwareSerial.o)
                0x00800397                Serial
 .bss.tx_buffer
                0x008003b9       0x44 R:\AVR\arduino\Bottom_heater\Code\Bottom_heater\Bottom_heater\ArduinoCoreWavgat\Debug\libArduinoCore.a(HardwareSerial.o)
                0x008003b9                tx_buffer
 .bss.rx_buffer
                0x008003fd       0x44 R:\AVR\arduino\Bottom_heater\Code\Bottom_heater\Bottom_heater\ArduinoCoreWavgat\Debug\libArduinoCore.a(HardwareSerial.o)
                0x008003fd                rx_buffer
 .bss.intFunc   0x00800441        0x4 R:\AVR\arduino\Bottom_heater\Code\Bottom_heater\Bottom_heater\ArduinoCoreWavgat\Debug\libArduinoCore.a(WInterrupts.o)
 .bss.timer0_fract
                0x00800445        0x1 R:\AVR\arduino\Bottom_heater\Code\Bottom_heater\Bottom_heater\ArduinoCoreWavgat\Debug\libArduinoCore.a(wiring.o)
 .bss.timer0_millis
                0x00800446        0x4 R:\AVR\arduino\Bottom_heater\Code\Bottom_heater\Bottom_heater\ArduinoCoreWavgat\Debug\libArduinoCore.a(wiring.o)
                0x00800446                timer0_millis
 .bss.timer0_overflow_count
                0x0080044a        0x4 R:\AVR\arduino\Bottom_heater\Code\Bottom_heater\Bottom_heater\ArduinoCoreWavgat\Debug\libArduinoCore.a(wiring.o)
                0x0080044a                timer0_overflow_count
 *(COMMON)
 COMMON         0x0080044e        0x4 R:\AVR\arduino\Bottom_heater\Code\Bottom_heater\Bottom_heater\ArduinoCoreWavgat\Debug\libArduinoCore.a(malloc.o)
                0x0080044e                __brkval
                0x00800450                __flp
                0x00800452                PROVIDE (__bss_end, .)
                0x000045cc                __data_load_start = LOADADDR (.data)
                0x00004702                __data_load_end = (__data_load_start + SIZEOF (.data))

.noinit         0x00800452        0x0
                [!provide]                PROVIDE (__noinit_start, .)
 *(.noinit*)
                [!provide]                PROVIDE (__noinit_end, .)
                0x00800452                _end = .
                0x00800452                PROVIDE (__heap_start, .)

.eeprom         0x00810000        0x0
 *(.eeprom*)
                0x00810000                __eeprom_end = .

.fuse
 *(.fuse)
 *(.lfuse)
 *(.hfuse)
 *(.efuse)

.lock
 *(.lock*)

.signature
 *(.signature*)

.user_signatures
 *(.user_signatures*)

.stab
 *(.stab)

.stabstr
 *(.stabstr)

.stab.excl
 *(.stab.excl)

.stab.exclstr
 *(.stab.exclstr)

.stab.index
 *(.stab.index)

.stab.indexstr
 *(.stab.indexstr)

.comment        0x00000000       0x30
 *(.comment)
 .comment       0x00000000       0x30 Buzzer/Buzzer.o
                                 0x31 (size before relaxing)
 .comment       0x00000030       0x31 Dimmer/Dimmer.o
 .comment       0x00000030       0x31 Dimmer/DimmerItem.o
 .comment       0x00000030       0x31 Display/Display16x2.o
 .comment       0x00000030       0x31 Extensions/EEPROMWavgat.o
 .comment       0x00000030       0x31 Extensions/EepromExtension.o
 .comment       0x00000030       0x31 Menu/Menu.o
 .comment       0x00000030       0x31 Menu/MenuActionItem.o
 .comment       0x00000030       0x31 Menu/MenuBoolItem.o
 .comment       0x00000030       0x31 Menu/MenuDoubleItem.o
 .comment       0x00000030       0x31 Menu/MenuItem.o
 .comment       0x00000030       0x31 Sketch.o
 .comment       0x00000030       0x31 src/libraries/CyberLib/CyberLib.o
 .comment       0x00000030       0x31 src/libraries/Encoder_tmr/iarduino_Encoder_tmr.o
 .comment       0x00000030       0x31 src/libraries/LiquidCrystal_I2C/src/LiquidCrystal_I2C.o
 .comment       0x00000030       0x31 src/libraries/MAX6675/max6675.o
 .comment       0x00000030       0x31 src/libraries/PID/PID_v1.o
 .comment       0x00000030       0x31 src/libraries/SimpleTimer/SimpleTimer.o
 .comment       0x00000030       0x31 src/libraries/Wire/src/utility/twi.o
 .comment       0x00000030       0x31 src/libraries/Wire/src/Wire.o
 .comment       0x00000030       0x31 Thermometer/Thermometer.o
 .comment       0x00000030       0x31 R:\AVR\arduino\Bottom_heater\Code\Bottom_heater\Bottom_heater\ArduinoCoreWavgat\Debug\libArduinoCore.a(HardwareSerial.o)
 .comment       0x00000030       0x31 R:\AVR\arduino\Bottom_heater\Code\Bottom_heater\Bottom_heater\ArduinoCoreWavgat\Debug\libArduinoCore.a(main.o)
 .comment       0x00000030       0x31 R:\AVR\arduino\Bottom_heater\Code\Bottom_heater\Bottom_heater\ArduinoCoreWavgat\Debug\libArduinoCore.a(new.o)
 .comment       0x00000030       0x31 R:\AVR\arduino\Bottom_heater\Code\Bottom_heater\Bottom_heater\ArduinoCoreWavgat\Debug\libArduinoCore.a(Print.o)
 .comment       0x00000030       0x31 R:\AVR\arduino\Bottom_heater\Code\Bottom_heater\Bottom_heater\ArduinoCoreWavgat\Debug\libArduinoCore.a(WInterrupts.o)
 .comment       0x00000030       0x31 R:\AVR\arduino\Bottom_heater\Code\Bottom_heater\Bottom_heater\ArduinoCoreWavgat\Debug\libArduinoCore.a(wiring.o)
 .comment       0x00000030       0x31 R:\AVR\arduino\Bottom_heater\Code\Bottom_heater\Bottom_heater\ArduinoCoreWavgat\Debug\libArduinoCore.a(wiring_digital.o)
 .comment       0x00000030       0x31 R:\AVR\arduino\Bottom_heater\Code\Bottom_heater\Bottom_heater\ArduinoCoreWavgat\Debug\libArduinoCore.a(WString.o)
 .comment       0x00000030       0x31 R:\AVR\arduino\Bottom_heater\Code\Bottom_heater\Bottom_heater\ArduinoCoreWavgat\Debug\libArduinoCore.a(malloc.o)
 .comment       0x00000030       0x31 R:\AVR\arduino\Bottom_heater\Code\Bottom_heater\Bottom_heater\ArduinoCoreWavgat\Debug\libArduinoCore.a(realloc.o)

.note.gnu.avr.deviceinfo
                0x00000000       0x40
 .note.gnu.avr.deviceinfo
                0x00000000       0x40 C:/Program Files (x86)/Atmel/Studio/7.0/Packs/atmel/ATmega_DFP/1.2.209/gcc/dev/atmega328p/avr5/crtatmega328p.o

.note.gnu.build-id
 *(.note.gnu.build-id)

.debug
 *(.debug)

.line
 *(.line)

.debug_srcinfo
 *(.debug_srcinfo)

.debug_sfnames
 *(.debug_sfnames)

.debug_aranges  0x00000000      0xea0
 *(.debug_aranges)
 .debug_aranges
                0x00000000       0x48 Buzzer/Buzzer.o
 .debug_aranges
                0x00000048       0x48 Dimmer/Dimmer.o
 .debug_aranges
                0x00000090       0x30 Dimmer/DimmerItem.o
 .debug_aranges
                0x000000c0       0x40 Display/Display16x2.o
 .debug_aranges
                0x00000100       0x38 Extensions/EEPROMWavgat.o
 .debug_aranges
                0x00000138       0x98 Extensions/EepromExtension.o
 .debug_aranges
                0x000001d0       0x50 Menu/Menu.o
 .debug_aranges
                0x00000220       0x50 Menu/MenuActionItem.o
 .debug_aranges
                0x00000270       0x60 Menu/MenuBoolItem.o
 .debug_aranges
                0x000002d0       0x60 Menu/MenuDoubleItem.o
 .debug_aranges
                0x00000330       0x60 Menu/MenuItem.o
 .debug_aranges
                0x00000390       0xa8 Sketch.o
 .debug_aranges
                0x00000438       0xf0 src/libraries/CyberLib/CyberLib.o
 .debug_aranges
                0x00000528       0x48 src/libraries/Encoder_tmr/iarduino_Encoder_tmr.o
 .debug_aranges
                0x00000570      0x108 src/libraries/LiquidCrystal_I2C/src/LiquidCrystal_I2C.o
 .debug_aranges
                0x00000678       0x38 src/libraries/MAX6675/max6675.o
 .debug_aranges
                0x000006b0       0x80 src/libraries/PID/PID_v1.o
 .debug_aranges
                0x00000730       0x88 src/libraries/SimpleTimer/SimpleTimer.o
 .debug_aranges
                0x000007b8       0x80 src/libraries/Wire/src/utility/twi.o
 .debug_aranges
                0x00000838       0xe8 src/libraries/Wire/src/Wire.o
 .debug_aranges
                0x00000920       0x30 Thermometer/Thermometer.o
 .debug_aranges
                0x00000950       0x90 R:\AVR\arduino\Bottom_heater\Code\Bottom_heater\Bottom_heater\ArduinoCoreWavgat\Debug\libArduinoCore.a(HardwareSerial.o)
 .debug_aranges
                0x000009e0       0x40 R:\AVR\arduino\Bottom_heater\Code\Bottom_heater\Bottom_heater\ArduinoCoreWavgat\Debug\libArduinoCore.a(main.o)
 .debug_aranges
                0x00000a20       0x48 R:\AVR\arduino\Bottom_heater\Code\Bottom_heater\Bottom_heater\ArduinoCoreWavgat\Debug\libArduinoCore.a(new.o)
 .debug_aranges
                0x00000a68       0xf0 R:\AVR\arduino\Bottom_heater\Code\Bottom_heater\Bottom_heater\ArduinoCoreWavgat\Debug\libArduinoCore.a(Print.o)
 .debug_aranges
                0x00000b58       0x38 R:\AVR\arduino\Bottom_heater\Code\Bottom_heater\Bottom_heater\ArduinoCoreWavgat\Debug\libArduinoCore.a(WInterrupts.o)
 .debug_aranges
                0x00000b90       0x48 R:\AVR\arduino\Bottom_heater\Code\Bottom_heater\Bottom_heater\ArduinoCoreWavgat\Debug\libArduinoCore.a(wiring.o)
 .debug_aranges
                0x00000bd8       0x40 R:\AVR\arduino\Bottom_heater\Code\Bottom_heater\Bottom_heater\ArduinoCoreWavgat\Debug\libArduinoCore.a(wiring_digital.o)
 .debug_aranges
                0x00000c18      0x240 R:\AVR\arduino\Bottom_heater\Code\Bottom_heater\Bottom_heater\ArduinoCoreWavgat\Debug\libArduinoCore.a(WString.o)
 .debug_aranges
                0x00000e58       0x28 R:\AVR\arduino\Bottom_heater\Code\Bottom_heater\Bottom_heater\ArduinoCoreWavgat\Debug\libArduinoCore.a(malloc.o)
 .debug_aranges
                0x00000e80       0x20 R:\AVR\arduino\Bottom_heater\Code\Bottom_heater\Bottom_heater\ArduinoCoreWavgat\Debug\libArduinoCore.a(realloc.o)

.debug_pubnames
 *(.debug_pubnames)

.debug_info     0x00000000    0x18973
 *(.debug_info .gnu.linkonce.wi.*)
 .debug_info    0x00000000      0x5f4 C:/Program Files (x86)/Atmel/Studio/7.0/Packs/atmel/ATmega_DFP/1.2.209/gcc/dev/atmega328p/avr5/crtatmega328p.o
 .debug_info    0x000005f4      0x87d Buzzer/Buzzer.o
 .debug_info    0x00000e71      0x663 Dimmer/Dimmer.o
 .debug_info    0x000014d4      0x334 Dimmer/DimmerItem.o
 .debug_info    0x00001808     0x15b0 Display/Display16x2.o
 .debug_info    0x00002db8      0x499 Extensions/EEPROMWavgat.o
 .debug_info    0x00003251     0x14df Extensions/EepromExtension.o
 .debug_info    0x00004730      0x500 Menu/Menu.o
 .debug_info    0x00004c30      0x623 Menu/MenuActionItem.o
 .debug_info    0x00005253      0x736 Menu/MenuBoolItem.o
 .debug_info    0x00005989      0x741 Menu/MenuDoubleItem.o
 .debug_info    0x000060ca      0x88c Menu/MenuItem.o
 .debug_info    0x00006956     0x261f Sketch.o
 .debug_info    0x00008f75      0x9a6 src/libraries/CyberLib/CyberLib.o
 .debug_info    0x0000991b      0x705 src/libraries/Encoder_tmr/iarduino_Encoder_tmr.o
 .debug_info    0x0000a020     0x145c src/libraries/LiquidCrystal_I2C/src/LiquidCrystal_I2C.o
 .debug_info    0x0000b47c      0x593 src/libraries/MAX6675/max6675.o
 .debug_info    0x0000ba0f      0x9aa src/libraries/PID/PID_v1.o
 .debug_info    0x0000c3b9      0x9ec src/libraries/SimpleTimer/SimpleTimer.o
 .debug_info    0x0000cda5      0x621 src/libraries/Wire/src/utility/twi.o
 .debug_info    0x0000d3c6     0x225b src/libraries/Wire/src/Wire.o
 .debug_info    0x0000f621      0x4ae Thermometer/Thermometer.o
 .debug_info    0x0000facf     0x1d1e R:\AVR\arduino\Bottom_heater\Code\Bottom_heater\Bottom_heater\ArduinoCoreWavgat\Debug\libArduinoCore.a(HardwareSerial.o)
 .debug_info    0x000117ed      0x318 R:\AVR\arduino\Bottom_heater\Code\Bottom_heater\Bottom_heater\ArduinoCoreWavgat\Debug\libArduinoCore.a(main.o)
 .debug_info    0x00011b05      0x1c4 R:\AVR\arduino\Bottom_heater\Code\Bottom_heater\Bottom_heater\ArduinoCoreWavgat\Debug\libArduinoCore.a(new.o)
 .debug_info    0x00011cc9     0x2572 R:\AVR\arduino\Bottom_heater\Code\Bottom_heater\Bottom_heater\ArduinoCoreWavgat\Debug\libArduinoCore.a(Print.o)
 .debug_info    0x0001423b      0x224 R:\AVR\arduino\Bottom_heater\Code\Bottom_heater\Bottom_heater\ArduinoCoreWavgat\Debug\libArduinoCore.a(WInterrupts.o)
 .debug_info    0x0001445f      0x2c7 R:\AVR\arduino\Bottom_heater\Code\Bottom_heater\Bottom_heater\ArduinoCoreWavgat\Debug\libArduinoCore.a(wiring.o)
 .debug_info    0x00014726      0x67e R:\AVR\arduino\Bottom_heater\Code\Bottom_heater\Bottom_heater\ArduinoCoreWavgat\Debug\libArduinoCore.a(wiring_digital.o)
 .debug_info    0x00014da4     0x3721 R:\AVR\arduino\Bottom_heater\Code\Bottom_heater\Bottom_heater\ArduinoCoreWavgat\Debug\libArduinoCore.a(WString.o)
 .debug_info    0x000184c5      0x243 R:\AVR\arduino\Bottom_heater\Code\Bottom_heater\Bottom_heater\ArduinoCoreWavgat\Debug\libArduinoCore.a(malloc.o)
 .debug_info    0x00018708      0x26b R:\AVR\arduino\Bottom_heater\Code\Bottom_heater\Bottom_heater\ArduinoCoreWavgat\Debug\libArduinoCore.a(realloc.o)

.debug_abbrev   0x00000000     0x56d3
 *(.debug_abbrev)
 .debug_abbrev  0x00000000      0x5a2 C:/Program Files (x86)/Atmel/Studio/7.0/Packs/atmel/ATmega_DFP/1.2.209/gcc/dev/atmega328p/avr5/crtatmega328p.o
 .debug_abbrev  0x000005a2      0x2a6 Buzzer/Buzzer.o
 .debug_abbrev  0x00000848      0x22d Dimmer/Dimmer.o
 .debug_abbrev  0x00000a75      0x1c1 Dimmer/DimmerItem.o
 .debug_abbrev  0x00000c36      0x310 Display/Display16x2.o
 .debug_abbrev  0x00000f46      0x167 Extensions/EEPROMWavgat.o
 .debug_abbrev  0x000010ad      0x32f Extensions/EepromExtension.o
 .debug_abbrev  0x000013dc      0x23a Menu/Menu.o
 .debug_abbrev  0x00001616      0x265 Menu/MenuActionItem.o
 .debug_abbrev  0x0000187b      0x2be Menu/MenuBoolItem.o
 .debug_abbrev  0x00001b39      0x2c6 Menu/MenuDoubleItem.o
 .debug_abbrev  0x00001dff      0x2e2 Menu/MenuItem.o
 .debug_abbrev  0x000020e1      0x4d7 Sketch.o
 .debug_abbrev  0x000025b8      0x396 src/libraries/CyberLib/CyberLib.o
 .debug_abbrev  0x0000294e      0x2b7 src/libraries/Encoder_tmr/iarduino_Encoder_tmr.o
 .debug_abbrev  0x00002c05      0x30c src/libraries/LiquidCrystal_I2C/src/LiquidCrystal_I2C.o
 .debug_abbrev  0x00002f11      0x250 src/libraries/MAX6675/max6675.o
 .debug_abbrev  0x00003161      0x28a src/libraries/PID/PID_v1.o
 .debug_abbrev  0x000033eb      0x2cc src/libraries/SimpleTimer/SimpleTimer.o
 .debug_abbrev  0x000036b7      0x260 src/libraries/Wire/src/utility/twi.o
 .debug_abbrev  0x00003917      0x528 src/libraries/Wire/src/Wire.o
 .debug_abbrev  0x00003e3f      0x213 Thermometer/Thermometer.o
 .debug_abbrev  0x00004052      0x501 R:\AVR\arduino\Bottom_heater\Code\Bottom_heater\Bottom_heater\ArduinoCoreWavgat\Debug\libArduinoCore.a(HardwareSerial.o)
 .debug_abbrev  0x00004553      0x193 R:\AVR\arduino\Bottom_heater\Code\Bottom_heater\Bottom_heater\ArduinoCoreWavgat\Debug\libArduinoCore.a(main.o)
 .debug_abbrev  0x000046e6      0x146 R:\AVR\arduino\Bottom_heater\Code\Bottom_heater\Bottom_heater\ArduinoCoreWavgat\Debug\libArduinoCore.a(new.o)
 .debug_abbrev  0x0000482c      0x44c R:\AVR\arduino\Bottom_heater\Code\Bottom_heater\Bottom_heater\ArduinoCoreWavgat\Debug\libArduinoCore.a(Print.o)
 .debug_abbrev  0x00004c78       0xe6 R:\AVR\arduino\Bottom_heater\Code\Bottom_heater\Bottom_heater\ArduinoCoreWavgat\Debug\libArduinoCore.a(WInterrupts.o)
 .debug_abbrev  0x00004d5e      0x134 R:\AVR\arduino\Bottom_heater\Code\Bottom_heater\Bottom_heater\ArduinoCoreWavgat\Debug\libArduinoCore.a(wiring.o)
 .debug_abbrev  0x00004e92      0x193 R:\AVR\arduino\Bottom_heater\Code\Bottom_heater\Bottom_heater\ArduinoCoreWavgat\Debug\libArduinoCore.a(wiring_digital.o)
 .debug_abbrev  0x00005025      0x48b R:\AVR\arduino\Bottom_heater\Code\Bottom_heater\Bottom_heater\ArduinoCoreWavgat\Debug\libArduinoCore.a(WString.o)
 .debug_abbrev  0x000054b0       0xfd R:\AVR\arduino\Bottom_heater\Code\Bottom_heater\Bottom_heater\ArduinoCoreWavgat\Debug\libArduinoCore.a(malloc.o)
 .debug_abbrev  0x000055ad      0x126 R:\AVR\arduino\Bottom_heater\Code\Bottom_heater\Bottom_heater\ArduinoCoreWavgat\Debug\libArduinoCore.a(realloc.o)

.debug_line     0x00000000     0x7dbb
 *(.debug_line .debug_line.* .debug_line_end)
 .debug_line    0x00000000      0x133 C:/Program Files (x86)/Atmel/Studio/7.0/Packs/atmel/ATmega_DFP/1.2.209/gcc/dev/atmega328p/avr5/crtatmega328p.o
 .debug_line    0x00000133      0x29e Buzzer/Buzzer.o
 .debug_line    0x000003d1      0x29d Dimmer/Dimmer.o
 .debug_line    0x0000066e      0x1d7 Dimmer/DimmerItem.o
 .debug_line    0x00000845      0x3bd Display/Display16x2.o
 .debug_line    0x00000c02      0x24e Extensions/EEPROMWavgat.o
 .debug_line    0x00000e50      0x526 Extensions/EepromExtension.o
 .debug_line    0x00001376       0xed Menu/Menu.o
 .debug_line    0x00001463      0x12a Menu/MenuActionItem.o
 .debug_line    0x0000158d      0x1de Menu/MenuBoolItem.o
 .debug_line    0x0000176b      0x1f2 Menu/MenuDoubleItem.o
 .debug_line    0x0000195d      0x37e Menu/MenuItem.o
 .debug_line    0x00001cdb      0x83b Sketch.o
 .debug_line    0x00002516      0x741 src/libraries/CyberLib/CyberLib.o
 .debug_line    0x00002c57      0x37c src/libraries/Encoder_tmr/iarduino_Encoder_tmr.o
 .debug_line    0x00002fd3      0x6fa src/libraries/LiquidCrystal_I2C/src/LiquidCrystal_I2C.o
 .debug_line    0x000036cd      0x32d src/libraries/MAX6675/max6675.o
 .debug_line    0x000039fa      0x474 src/libraries/PID/PID_v1.o
 .debug_line    0x00003e6e      0x4a7 src/libraries/SimpleTimer/SimpleTimer.o
 .debug_line    0x00004315      0x588 src/libraries/Wire/src/utility/twi.o
 .debug_line    0x0000489d      0x5b3 src/libraries/Wire/src/Wire.o
 .debug_line    0x00004e50      0x20b Thermometer/Thermometer.o
 .debug_line    0x0000505b      0x595 R:\AVR\arduino\Bottom_heater\Code\Bottom_heater\Bottom_heater\ArduinoCoreWavgat\Debug\libArduinoCore.a(HardwareSerial.o)
 .debug_line    0x000055f0      0x2db R:\AVR\arduino\Bottom_heater\Code\Bottom_heater\Bottom_heater\ArduinoCoreWavgat\Debug\libArduinoCore.a(main.o)
 .debug_line    0x000058cb      0x192 R:\AVR\arduino\Bottom_heater\Code\Bottom_heater\Bottom_heater\ArduinoCoreWavgat\Debug\libArduinoCore.a(new.o)
 .debug_line    0x00005a5d      0x683 R:\AVR\arduino\Bottom_heater\Code\Bottom_heater\Bottom_heater\ArduinoCoreWavgat\Debug\libArduinoCore.a(Print.o)
 .debug_line    0x000060e0      0x1f4 R:\AVR\arduino\Bottom_heater\Code\Bottom_heater\Bottom_heater\ArduinoCoreWavgat\Debug\libArduinoCore.a(WInterrupts.o)
 .debug_line    0x000062d4      0x2b9 R:\AVR\arduino\Bottom_heater\Code\Bottom_heater\Bottom_heater\ArduinoCoreWavgat\Debug\libArduinoCore.a(wiring.o)
 .debug_line    0x0000658d      0x322 R:\AVR\arduino\Bottom_heater\Code\Bottom_heater\Bottom_heater\ArduinoCoreWavgat\Debug\libArduinoCore.a(wiring_digital.o)
 .debug_line    0x000068af      0xfa8 R:\AVR\arduino\Bottom_heater\Code\Bottom_heater\Bottom_heater\ArduinoCoreWavgat\Debug\libArduinoCore.a(WString.o)
 .debug_line    0x00007857      0x2f7 R:\AVR\arduino\Bottom_heater\Code\Bottom_heater\Bottom_heater\ArduinoCoreWavgat\Debug\libArduinoCore.a(malloc.o)
 .debug_line    0x00007b4e      0x26d R:\AVR\arduino\Bottom_heater\Code\Bottom_heater\Bottom_heater\ArduinoCoreWavgat\Debug\libArduinoCore.a(realloc.o)

.debug_frame    0x00000000     0x2d50
 *(.debug_frame)
 .debug_frame   0x00000000       0x98 Buzzer/Buzzer.o
 .debug_frame   0x00000098       0x74 Dimmer/Dimmer.o
 .debug_frame   0x0000010c       0x50 Dimmer/DimmerItem.o
 .debug_frame   0x0000015c       0xb0 Display/Display16x2.o
 .debug_frame   0x0000020c       0xa4 Extensions/EEPROMWavgat.o
 .debug_frame   0x000002b0      0x320 Extensions/EepromExtension.o
 .debug_frame   0x000005d0       0x90 Menu/Menu.o
 .debug_frame   0x00000660       0x84 Menu/MenuActionItem.o
 .debug_frame   0x000006e4       0xbc Menu/MenuBoolItem.o
 .debug_frame   0x000007a0       0xe4 Menu/MenuDoubleItem.o
 .debug_frame   0x00000884       0xbc Menu/MenuItem.o
 .debug_frame   0x00000940      0x268 Sketch.o
 .debug_frame   0x00000ba8      0x2c4 src/libraries/CyberLib/CyberLib.o
 .debug_frame   0x00000e6c       0xbc src/libraries/Encoder_tmr/iarduino_Encoder_tmr.o
 .debug_frame   0x00000f28      0x27c src/libraries/LiquidCrystal_I2C/src/LiquidCrystal_I2C.o
 .debug_frame   0x000011a4       0x98 src/libraries/MAX6675/max6675.o
 .debug_frame   0x0000123c      0x2dc src/libraries/PID/PID_v1.o
 .debug_frame   0x00001518      0x1f4 src/libraries/SimpleTimer/SimpleTimer.o
 .debug_frame   0x0000170c      0x134 src/libraries/Wire/src/utility/twi.o
 .debug_frame   0x00001840      0x264 src/libraries/Wire/src/Wire.o
 .debug_frame   0x00001aa4       0x68 Thermometer/Thermometer.o
 .debug_frame   0x00001b0c      0x200 R:\AVR\arduino\Bottom_heater\Code\Bottom_heater\Bottom_heater\ArduinoCoreWavgat\Debug\libArduinoCore.a(HardwareSerial.o)
 .debug_frame   0x00001d0c       0x74 R:\AVR\arduino\Bottom_heater\Code\Bottom_heater\Bottom_heater\ArduinoCoreWavgat\Debug\libArduinoCore.a(main.o)
 .debug_frame   0x00001d80       0x94 R:\AVR\arduino\Bottom_heater\Code\Bottom_heater\Bottom_heater\ArduinoCoreWavgat\Debug\libArduinoCore.a(new.o)
 .debug_frame   0x00001e14      0x3e0 R:\AVR\arduino\Bottom_heater\Code\Bottom_heater\Bottom_heater\ArduinoCoreWavgat\Debug\libArduinoCore.a(Print.o)
 .debug_frame   0x000021f4       0xe4 R:\AVR\arduino\Bottom_heater\Code\Bottom_heater\Bottom_heater\ArduinoCoreWavgat\Debug\libArduinoCore.a(WInterrupts.o)
 .debug_frame   0x000022d8       0xbc R:\AVR\arduino\Bottom_heater\Code\Bottom_heater\Bottom_heater\ArduinoCoreWavgat\Debug\libArduinoCore.a(wiring.o)
 .debug_frame   0x00002394       0x94 R:\AVR\arduino\Bottom_heater\Code\Bottom_heater\Bottom_heater\ArduinoCoreWavgat\Debug\libArduinoCore.a(wiring_digital.o)
 .debug_frame   0x00002428      0x868 R:\AVR\arduino\Bottom_heater\Code\Bottom_heater\Bottom_heater\ArduinoCoreWavgat\Debug\libArduinoCore.a(WString.o)
 .debug_frame   0x00002c90       0x54 R:\AVR\arduino\Bottom_heater\Code\Bottom_heater\Bottom_heater\ArduinoCoreWavgat\Debug\libArduinoCore.a(malloc.o)
 .debug_frame   0x00002ce4       0x6c R:\AVR\arduino\Bottom_heater\Code\Bottom_heater\Bottom_heater\ArduinoCoreWavgat\Debug\libArduinoCore.a(realloc.o)

.debug_str      0x00000000     0x56ff
 *(.debug_str)
 .debug_str     0x00000000      0x208 C:/Program Files (x86)/Atmel/Studio/7.0/Packs/atmel/ATmega_DFP/1.2.209/gcc/dev/atmega328p/avr5/crtatmega328p.o
 .debug_str     0x00000208      0x67b Buzzer/Buzzer.o
                                0x6d7 (size before relaxing)
 .debug_str     0x00000883      0x255 Dimmer/Dimmer.o
                                0x4bd (size before relaxing)
 .debug_str     0x00000ad8       0x48 Dimmer/DimmerItem.o
                                0x2fa (size before relaxing)
 .debug_str     0x00000b20      0xb5d Display/Display16x2.o
                                0xdc9 (size before relaxing)
 .debug_str     0x0000167d      0x192 Extensions/EEPROMWavgat.o
                                0x39e (size before relaxing)
 .debug_str     0x0000180f      0x65a Extensions/EepromExtension.o
                                0xac9 (size before relaxing)
 .debug_str     0x00001e69      0x21b Menu/Menu.o
                                0x404 (size before relaxing)
 .debug_str     0x00002084      0x1f6 Menu/MenuActionItem.o
                                0x514 (size before relaxing)
 .debug_str     0x0000227a      0x1ba Menu/MenuBoolItem.o
                                0x584 (size before relaxing)
 .debug_str     0x00002434      0x1cb Menu/MenuDoubleItem.o
                                0x5a6 (size before relaxing)
 .debug_str     0x000025ff      0x185 Menu/MenuItem.o
                                0x5b1 (size before relaxing)
 .debug_str     0x00002784      0x8d2 Sketch.o
                               0x1772 (size before relaxing)
 .debug_str     0x00003056      0x3b8 src/libraries/CyberLib/CyberLib.o
                                0x65d (size before relaxing)
 .debug_str     0x0000340e      0x1a7 src/libraries/Encoder_tmr/iarduino_Encoder_tmr.o
                                0x49d (size before relaxing)
 .debug_str     0x000035b5      0x861 src/libraries/LiquidCrystal_I2C/src/LiquidCrystal_I2C.o
                                0xb75 (size before relaxing)
 .debug_str     0x00003e16       0x77 src/libraries/MAX6675/max6675.o
                                0x377 (size before relaxing)
 .debug_str     0x00003e8d       0x82 src/libraries/PID/PID_v1.o
                                0x4e2 (size before relaxing)
 .debug_str     0x00003f0f       0x6c src/libraries/SimpleTimer/SimpleTimer.o
                                0x5b5 (size before relaxing)
 .debug_str     0x00003f7b      0x2ac src/libraries/Wire/src/utility/twi.o
                                0x3db (size before relaxing)
 .debug_str     0x00004227      0x779 src/libraries/Wire/src/Wire.o
                               0x14fc (size before relaxing)
 .debug_str     0x000049a0       0x5e Thermometer/Thermometer.o
                                0x3f3 (size before relaxing)
 .debug_str     0x000049fe      0x3cd R:\AVR\arduino\Bottom_heater\Code\Bottom_heater\Bottom_heater\ArduinoCoreWavgat\Debug\libArduinoCore.a(HardwareSerial.o)
                               0x12bc (size before relaxing)
 .debug_str     0x00004dcb       0x6e R:\AVR\arduino\Bottom_heater\Code\Bottom_heater\Bottom_heater\ArduinoCoreWavgat\Debug\libArduinoCore.a(main.o)
                                0x2cb (size before relaxing)
 .debug_str     0x00004e39       0x8f R:\AVR\arduino\Bottom_heater\Code\Bottom_heater\Bottom_heater\ArduinoCoreWavgat\Debug\libArduinoCore.a(new.o)
                                0x237 (size before relaxing)
 .debug_str     0x00004ec8      0x321 R:\AVR\arduino\Bottom_heater\Code\Bottom_heater\Bottom_heater\ArduinoCoreWavgat\Debug\libArduinoCore.a(Print.o)
                                0xf90 (size before relaxing)
 .debug_str     0x000051e9       0x6a R:\AVR\arduino\Bottom_heater\Code\Bottom_heater\Bottom_heater\ArduinoCoreWavgat\Debug\libArduinoCore.a(WInterrupts.o)
                                0x249 (size before relaxing)
 .debug_str     0x00005253       0x61 R:\AVR\arduino\Bottom_heater\Code\Bottom_heater\Bottom_heater\ArduinoCoreWavgat\Debug\libArduinoCore.a(wiring.o)
                                0x255 (size before relaxing)
 .debug_str     0x000052b4       0x78 R:\AVR\arduino\Bottom_heater\Code\Bottom_heater\Bottom_heater\ArduinoCoreWavgat\Debug\libArduinoCore.a(wiring_digital.o)
                                0x2d7 (size before relaxing)
 .debug_str     0x0000532c      0x303 R:\AVR\arduino\Bottom_heater\Code\Bottom_heater\Bottom_heater\ArduinoCoreWavgat\Debug\libArduinoCore.a(WString.o)
                                0xe7b (size before relaxing)
 .debug_str     0x0000562f       0xa2 R:\AVR\arduino\Bottom_heater\Code\Bottom_heater\Bottom_heater\ArduinoCoreWavgat\Debug\libArduinoCore.a(malloc.o)
                                0x257 (size before relaxing)
 .debug_str     0x000056d1       0x2e R:\AVR\arduino\Bottom_heater\Code\Bottom_heater\Bottom_heater\ArduinoCoreWavgat\Debug\libArduinoCore.a(realloc.o)
                                0x22e (size before relaxing)

.debug_loc      0x00000000     0xdf0f
 *(.debug_loc)
 .debug_loc     0x00000000      0x15f Buzzer/Buzzer.o
 .debug_loc     0x0000015f       0xa8 Dimmer/Dimmer.o
 .debug_loc     0x00000207       0xe7 Dimmer/DimmerItem.o
 .debug_loc     0x000002ee      0x431 Display/Display16x2.o
 .debug_loc     0x0000071f      0x383 Extensions/EEPROMWavgat.o
 .debug_loc     0x00000aa2     0x1195 Extensions/EepromExtension.o
 .debug_loc     0x00001c37      0x14d Menu/Menu.o
 .debug_loc     0x00001d84       0xc4 Menu/MenuActionItem.o
 .debug_loc     0x00001e48      0x1a2 Menu/MenuBoolItem.o
 .debug_loc     0x00001fea      0x274 Menu/MenuDoubleItem.o