Archive member included to satisfy reference by file (symbol)

c:/program files (x86)/atmel/studio/7.0/toolchain/avr8/avr8-gnu-toolchain/bin/../lib/gcc/avr/5.4.0/../../../../avr/lib/avr5\libm.a(addsf3.o)
                              src/libraries/AutoPID/AutoPID.o (__subsf3)
c:/program files (x86)/atmel/studio/7.0/toolchain/avr8/avr8-gnu-toolchain/bin/../lib/gcc/avr/5.4.0/../../../../avr/lib/avr5\libm.a(addsf3x.o)
                              c:/program files (x86)/atmel/studio/7.0/toolchain/avr8/avr8-gnu-toolchain/bin/../lib/gcc/avr/5.4.0/../../../../avr/lib/avr5\libm.a(addsf3.o) (__addsf3x)
c:/program files (x86)/atmel/studio/7.0/toolchain/avr8/avr8-gnu-toolchain/bin/../lib/gcc/avr/5.4.0/../../../../avr/lib/avr5\libm.a(cmpsf2.o)
                              src/libraries/AutoPID/AutoPID.o (__nesf2)
c:/program files (x86)/atmel/studio/7.0/toolchain/avr8/avr8-gnu-toolchain/bin/../lib/gcc/avr/5.4.0/../../../../avr/lib/avr5\libm.a(divsf3.o)
                              Sketch.o (__divsf3)
c:/program files (x86)/atmel/studio/7.0/toolchain/avr8/avr8-gnu-toolchain/bin/../lib/gcc/avr/5.4.0/../../../../avr/lib/avr5\libm.a(divsf3x.o)
                              c:/program files (x86)/atmel/studio/7.0/toolchain/avr8/avr8-gnu-toolchain/bin/../lib/gcc/avr/5.4.0/../../../../avr/lib/avr5\libm.a(divsf3.o) (__divsf3x)
c:/program files (x86)/atmel/studio/7.0/toolchain/avr8/avr8-gnu-toolchain/bin/../lib/gcc/avr/5.4.0/../../../../avr/lib/avr5\libm.a(fixsfsi.o)
                              Sketch.o (__fixsfsi)
c:/program files (x86)/atmel/studio/7.0/toolchain/avr8/avr8-gnu-toolchain/bin/../lib/gcc/avr/5.4.0/../../../../avr/lib/avr5\libm.a(fixunssfsi.o)
                              c:/program files (x86)/atmel/studio/7.0/toolchain/avr8/avr8-gnu-toolchain/bin/../lib/gcc/avr/5.4.0/../../../../avr/lib/avr5\libm.a(fixsfsi.o) (__fixunssfsi)
c:/program files (x86)/atmel/studio/7.0/toolchain/avr8/avr8-gnu-toolchain/bin/../lib/gcc/avr/5.4.0/../../../../avr/lib/avr5\libm.a(floatsisf.o)
                              Sketch.o (__floatunsisf)
c:/program files (x86)/atmel/studio/7.0/toolchain/avr8/avr8-gnu-toolchain/bin/../lib/gcc/avr/5.4.0/../../../../avr/lib/avr5\libm.a(fp_cmp.o)
                              c:/program files (x86)/atmel/studio/7.0/toolchain/avr8/avr8-gnu-toolchain/bin/../lib/gcc/avr/5.4.0/../../../../avr/lib/avr5\libm.a(cmpsf2.o) (__fp_cmp)
c:/program files (x86)/atmel/studio/7.0/toolchain/avr8/avr8-gnu-toolchain/bin/../lib/gcc/avr/5.4.0/../../../../avr/lib/avr5\libm.a(fp_inf.o)
                              c:/program files (x86)/atmel/studio/7.0/toolchain/avr8/avr8-gnu-toolchain/bin/../lib/gcc/avr/5.4.0/../../../../avr/lib/avr5\libm.a(addsf3x.o) (__fp_inf)
c:/program files (x86)/atmel/studio/7.0/toolchain/avr8/avr8-gnu-toolchain/bin/../lib/gcc/avr/5.4.0/../../../../avr/lib/avr5\libm.a(fp_nan.o)
                              c:/program files (x86)/atmel/studio/7.0/toolchain/avr8/avr8-gnu-toolchain/bin/../lib/gcc/avr/5.4.0/../../../../avr/lib/avr5\libm.a(addsf3x.o) (__fp_nan)
c:/program files (x86)/atmel/studio/7.0/toolchain/avr8/avr8-gnu-toolchain/bin/../lib/gcc/avr/5.4.0/../../../../avr/lib/avr5\libm.a(fp_pscA.o)
                              c:/program files (x86)/atmel/studio/7.0/toolchain/avr8/avr8-gnu-toolchain/bin/../lib/gcc/avr/5.4.0/../../../../avr/lib/avr5\libm.a(addsf3x.o) (__fp_pscA)
c:/program files (x86)/atmel/studio/7.0/toolchain/avr8/avr8-gnu-toolchain/bin/../lib/gcc/avr/5.4.0/../../../../avr/lib/avr5\libm.a(fp_pscB.o)
                              c:/program files (x86)/atmel/studio/7.0/toolchain/avr8/avr8-gnu-toolchain/bin/../lib/gcc/avr/5.4.0/../../../../avr/lib/avr5\libm.a(addsf3x.o) (__fp_pscB)
c:/program files (x86)/atmel/studio/7.0/toolchain/avr8/avr8-gnu-toolchain/bin/../lib/gcc/avr/5.4.0/../../../../avr/lib/avr5\libm.a(fp_round.o)
                              c:/program files (x86)/atmel/studio/7.0/toolchain/avr8/avr8-gnu-toolchain/bin/../lib/gcc/avr/5.4.0/../../../../avr/lib/avr5\libm.a(addsf3.o) (__fp_round)
c:/program files (x86)/atmel/studio/7.0/toolchain/avr8/avr8-gnu-toolchain/bin/../lib/gcc/avr/5.4.0/../../../../avr/lib/avr5\libm.a(fp_split3.o)
                              c:/program files (x86)/atmel/studio/7.0/toolchain/avr8/avr8-gnu-toolchain/bin/../lib/gcc/avr/5.4.0/../../../../avr/lib/avr5\libm.a(addsf3x.o) (__fp_split3)
c:/program files (x86)/atmel/studio/7.0/toolchain/avr8/avr8-gnu-toolchain/bin/../lib/gcc/avr/5.4.0/../../../../avr/lib/avr5\libm.a(fp_zero.o)
                              c:/program files (x86)/atmel/studio/7.0/toolchain/avr8/avr8-gnu-toolchain/bin/../lib/gcc/avr/5.4.0/../../../../avr/lib/avr5\libm.a(addsf3x.o) (__fp_zero)
c:/program files (x86)/atmel/studio/7.0/toolchain/avr8/avr8-gnu-toolchain/bin/../lib/gcc/avr/5.4.0/../../../../avr/lib/avr5\libm.a(gesf2.o)
                              src/libraries/AutoPID/AutoPID.o (__gtsf2)
[...]
Memory Configuration

Name             Origin             Length             Attributes
text             0x00000000         0x00020000         xr
data             0x00800060         0x0000ffa0         rw !x
eeprom           0x00810000         0x00010000         rw !x
fuse             0x00820000         0x00000003         rw !x
lock             0x00830000         0x00000400         rw !x
signature        0x00840000         0x00000400         rw !x
user_signatures  0x00850000         0x00000400         rw !x
*default*        0x00000000         0xffffffff

Linker script and memory map

Address of section .data set to 0x800100
LOAD C:/Program Files (x86)/Atmel/Studio/7.0/Packs/atmel/ATmega_DFP/1.2.209/gcc/dev/atmega328p/avr5/crtatmega328p.o
LOAD Dimmer/Dimmer.o
LOAD Dimmer/DimmerItem.o
LOAD Display/Display16x2.o
LOAD Sketch.o
LOAD src/libraries/AutoPID/AutoPID.o
LOAD src/libraries/CyberLib/CyberLib.o
LOAD src/libraries/LiquidCrystal_I2C/src/LiquidCrystal_I2C.o
LOAD src/libraries/MAX6675/max6675.o
LOAD src/libraries/Wire/src/utility/twi.o
LOAD src/libraries/Wire/src/Wire.o
LOAD Thermometer/Thermometer.o
START GROUP
LOAD c:/program files (x86)/atmel/studio/7.0/toolchain/avr8/avr8-gnu-toolchain/bin/../lib/gcc/avr/5.4.0/../../../../avr/lib/avr5\libm.a
LOAD R:\AVR\arduino\Bottom_heater\Code\Bottom_heater\Bottom_heater\ArduinoCore\Debug\libArduinoCore.a
END GROUP
LOAD c:/program files (x86)/atmel/studio/7.0/toolchain/avr8/avr8-gnu-toolchain/bin/../lib/gcc/avr/5.4.0/avr5\libgcc.a
LOAD c:/program files (x86)/atmel/studio/7.0/toolchain/avr8/avr8-gnu-toolchain/bin/../lib/gcc/avr/5.4.0/../../../../avr/lib/avr5\libm.a
START GROUP
LOAD c:/program files (x86)/atmel/studio/7.0/toolchain/avr8/avr8-gnu-toolchain/bin/../lib/gcc/avr/5.4.0/avr5\libgcc.a
LOAD c:/program files (x86)/atmel/studio/7.0/toolchain/avr8/avr8-gnu-toolchain/bin/../lib/gcc/avr/5.4.0/../../../../avr/lib/avr5\libm.a
LOAD c:/program files (x86)/atmel/studio/7.0/toolchain/avr8/avr8-gnu-toolchain/bin/../lib/gcc/avr/5.4.0/../../../../avr/lib/avr5\libc.a
LOAD C:/Program Files (x86)/Atmel/Studio/7.0/Packs/atmel/ATmega_DFP/1.2.209/gcc/dev/atmega328p/avr5\libatmega328p.a
END GROUP
                0x00020000                __TEXT_REGION_LENGTH__ = DEFINED (__TEXT_REGION_LENGTH__)?__TEXT_REGION_LENGTH__:0x20000
                0x0000ffa0                __DATA_REGION_LENGTH__ = DEFINED (__DATA_REGION_LENGTH__)?__DATA_REGION_LENGTH__:0xffa0
                0x00010000                __EEPROM_REGION_LENGTH__ = DEFINED (__EEPROM_REGION_LENGTH__)?__EEPROM_REGION_LENGTH__:0x10000
                [0x00000003]                __FUSE_REGION_LENGTH__ = DEFINED (__FUSE_REGION_LENGTH__)?__FUSE_REGION_LENGTH__:0x400
                0x00000400                __LOCK_REGION_LENGTH__ = DEFINED (__LOCK_REGION_LENGTH__)?__LOCK_REGION_LENGTH__:0x400
                0x00000400                __SIGNATURE_REGION_LENGTH__ = DEFINED (__SIGNATURE_REGION_LENGTH__)?__SIGNATURE_REGION_LENGTH__:0x400
                0x00000400                __USER_SIGNATURE_REGION_LENGTH__ = DEFINED (__USER_SIGNATURE_REGION_LENGTH__)?__USER_SIGNATURE_REGION_LENGTH__:0x400

.hash
 *(.hash)

.dynsym
 *(.dynsym)

.dynstr
 *(.dynstr)

.gnu.version
 *(.gnu.version)

.gnu.version_d
 *(.gnu.version_d)

.gnu.version_r
 *(.gnu.version_r)

.rel.init
 *(.rel.init)

.rela.init
 *(.rela.init)

.rel.text
 *(.rel.text)
 *(.rel.text.*)
 *(.rel.gnu.linkonce.t*)

.rela.text
 *(.rela.text)
 *(.rela.text.*)
 *(.rela.gnu.linkonce.t*)

.rel.fini
 *(.rel.fini)

.rela.fini
 *(.rela.fini)

.rel.rodata
 *(.rel.rodata)
 *(.rel.rodata.*)
 *(.rel.gnu.linkonce.r*)

.rela.rodata
 *(.rela.rodata)
 *(.rela.rodata.*)
 *(.rela.gnu.linkonce.r*)

.rel.data
 *(.rel.data)
 *(.rel.data.*)
 *(.rel.gnu.linkonce.d*)

.rela.data
 *(.rela.data)
 *(.rela.data.*)
 *(.rela.gnu.linkonce.d*)

.rel.ctors
 *(.rel.ctors)

.rela.ctors
 *(.rela.ctors)

.rel.dtors
 *(.rel.dtors)

.rela.dtors
 *(.rela.dtors)

.rel.got
 *(.rel.got)

.rela.got
 *(.rela.got)

.rel.bss
 *(.rel.bss)

.rela.bss
 *(.rela.bss)

.rel.plt
 *(.rel.plt)

.rela.plt
 *(.rela.plt)

.text           0x00000000     0x23cc
 *(.vectors)
 .vectors       0x00000000       0x68 C:/Program Files (x86)/Atmel/Studio/7.0/Packs/atmel/ATmega_DFP/1.2.209/gcc/dev/atmega328p/avr5/crtatmega328p.o
                0x00000000                __vector_default
                0x00000000                __vectors
 *(.vectors)
 *(.progmem.gcc*)
                0x00000068                . = ALIGN (0x2)
                0x00000068                __trampolines_start = .
 *(.trampolines)
 .trampolines   0x00000068        0x0 linker stubs
 *(.trampolines*)
                0x00000068                __trampolines_end = .
 *libprintf_flt.a:*(.progmem.data)
 *libc.a:*(.progmem.data)
 *(.progmem*)
 .progmem.data.digital_pin_to_timer_PGM
                0x00000068       0x14 R:\AVR\arduino\Bottom_heater\Code\Bottom_heater\Bottom_heater\ArduinoCore\Debug\libArduinoCore.a(wiring_digital.o)
                0x00000068                digital_pin_to_timer_PGM
 .progmem.data.digital_pin_to_bit_mask_PGM
                0x0000007c       0x14 R:\AVR\arduino\Bottom_heater\Code\Bottom_heater\Bottom_heater\ArduinoCore\Debug\libArduinoCore.a(wiring_digital.o)
                0x0000007c                digital_pin_to_bit_mask_PGM
 .progmem.data.digital_pin_to_port_PGM
                0x00000090       0x14 R:\AVR\arduino\Bottom_heater\Code\Bottom_heater\Bottom_heater\ArduinoCore\Debug\libArduinoCore.a(wiring_digital.o)
                0x00000090                digital_pin_to_port_PGM
 .progmem.data.port_to_input_PGM
                0x000000a4        0xa R:\AVR\arduino\Bottom_heater\Code\Bottom_heater\Bottom_heater\ArduinoCore\Debug\libArduinoCore.a(wiring_digital.o)
                0x000000a4                port_to_input_PGM
 .progmem.data.port_to_output_PGM
                0x000000ae        0xa R:\AVR\arduino\Bottom_heater\Code\Bottom_heater\Bottom_heater\ArduinoCore\Debug\libArduinoCore.a(wiring_digital.o)
                0x000000ae                port_to_output_PGM
 .progmem.data.port_to_mode_PGM
                0x000000b8        0xa R:\AVR\arduino\Bottom_heater\Code\Bottom_heater\Bottom_heater\ArduinoCore\Debug\libArduinoCore.a(wiring_digital.o)
                0x000000b8                port_to_mode_PGM
                0x000000c2                . = ALIGN (0x2)
 *(.jumptables)
 *(.jumptables*)
 *(.lowtext)
 *(.lowtext*)
                0x000000c2                __ctors_start = .
 *(.ctors)
 .ctors         0x000000c2        0x2 src/libraries/Wire/src/Wire.o
                0x000000c4                __ctors_end = .
                0x000000c4                __dtors_start = .
 *(.dtors)
                0x000000c4                __dtors_end = .
 SORT(*)(.ctors)
 SORT(*)(.dtors)
 *(.init0)
 .init0         0x000000c4        0x0 C:/Program Files (x86)/Atmel/Studio/7.0/Packs/atmel/ATmega_DFP/1.2.209/gcc/dev/atmega328p/avr5/crtatmega328p.o
                0x000000c4                __init
 *(.init0)
 *(.init1)
 *(.init1)
 *(.init2)
 .init2         0x000000c4        0xc C:/Program Files (x86)/Atmel/Studio/7.0/Packs/atmel/ATmega_DFP/1.2.209/gcc/dev/atmega328p/avr5/crtatmega328p.o
 *(.init2)
 *(.init3)
 *(.init3)
 *(.init4)
 .init4         0x000000d0       0x16 c:/program files (x86)/atmel/studio/7.0/toolchain/avr8/avr8-gnu-toolchain/bin/../lib/gcc/avr/5.4.0/avr5\libgcc.a(_copy_data.o)
                0x000000d0                __do_copy_data
 .init4         0x000000e6       0x10 c:/program files (x86)/atmel/studio/7.0/toolchain/avr8/avr8-gnu-toolchain/bin/../lib/gcc/avr/5.4.0/avr5\libgcc.a(_clear_bss.o)
                0x000000e6                __do_clear_bss
 *(.init4)
 *(.init5)
 *(.init5)
 *(.init6)
 .init6         0x000000f6       0x16 c:/program files (x86)/atmel/studio/7.0/toolchain/avr8/avr8-gnu-toolchain/bin/../lib/gcc/avr/5.4.0/avr5\libgcc.a(_ctors.o)
                0x000000f6                __do_global_ctors
 *(.init6)
 *(.init7)
 *(.init7)
 *(.init8)
 *(.init8)
 *(.init9)
 .init9         0x0000010c        0x8 C:/Program Files (x86)/Atmel/Studio/7.0/Packs/atmel/ATmega_DFP/1.2.209/gcc/dev/atmega328p/avr5/crtatmega328p.o
 *(.init9)
 *(.text)
 .text          0x00000114        0x4 C:/Program Files (x86)/Atmel/Studio/7.0/Packs/atmel/ATmega_DFP/1.2.209/gcc/dev/atmega328p/avr5/crtatmega328p.o
                0x00000114                __vector_22
                0x00000114                __vector_12
                0x00000114                __bad_interrupt
                0x00000114                __vector_6
                0x00000114                __vector_3
                0x00000114                __vector_23
                0x00000114                __vector_25
                0x00000114                __vector_11
                0x00000114                __vector_17
                0x00000114                __vector_19
                0x00000114                __vector_7
                0x00000114                __vector_5
                0x00000114                __vector_4
                0x00000114                __vector_9
                0x00000114                __vector_21
                0x00000114                __vector_15
                0x00000114                __vector_8
                0x00000114                __vector_14
                0x00000114                __vector_10
                0x00000114                __vector_18
                0x00000114                __vector_20
                0x00000118                . = ALIGN (0x2)
 *(.text.*)
 .text._Z14TimerInterruptv
                0x00000118       0x5a Dimmer/Dimmer.o
                0x00000118                _Z14TimerInterruptv
 .text._Z10DetectDownv
                0x00000172       0x3c Dimmer/Dimmer.o
                0x00000172                _Z10DetectDownv
 .text._Z8DetectUpv
                0x000001ae       0x1a Dimmer/Dimmer.o
                0x000001ae                _Z8DetectUpv
 .text._ZN6DimmerC2EiP10DimmerItemPi
                0x000001c8       0x42 Dimmer/Dimmer.o
                0x000001c8                _ZN6DimmerC2EiP10DimmerItemPi
                0x000001c8                _ZN6DimmerC1EiP10DimmerItemPi
 .text._ZN6Dimmer15UpdateItemValueEPi
                0x0000020a        0xa Dimmer/Dimmer.o
                0x0000020a                _ZN6Dimmer15UpdateItemValueEPi
 .text._ZN10DimmerItemC2Ei
                0x00000214       0x1e Dimmer/DimmerItem.o
                0x00000214                _ZN10DimmerItemC1Ei
                0x00000214                _ZN10DimmerItemC2Ei
 .text._ZN10DimmerItem11UpdateValueEi
                0x00000232        0xa Dimmer/DimmerItem.o
                0x00000232                _ZN10DimmerItem11UpdateValueEi
 .text._ZN10DimmerItemD2Ev
                0x0000023c        0x2 Dimmer/DimmerItem.o
                0x0000023c                _ZN10DimmerItemD2Ev
                0x0000023c                _ZN10DimmerItemD1Ev
 .text._ZN11Display16x2C2Eiii
                0x0000023e       0x54 Display/Display16x2.o
                0x0000023e                _ZN11Display16x2C2Eiii
                0x0000023e                _ZN11Display16x2C1Eiii
 .text._ZN11Display16x215PrintLineValuesEiiii
                0x00000292       0xea Display/Display16x2.o
                0x00000292                _ZN11Display16x215PrintLineValuesEiiii
 .text._ZN11Display16x29ClearEditEi
                0x0000037c       0x22 Display/Display16x2.o
                0x0000037c                _ZN11Display16x29ClearEditEi
 .text.setup    0x0000039e      0x240 Sketch.o
                0x0000039e                setup
 .text.loop     0x000005de      0x19e Sketch.o
                0x000005de                loop
 .text._ZN7AutoPIDC2EPdS0_S0_ddddd
                0x0000077c       0x8c src/libraries/AutoPID/AutoPID.o
                0x0000077c                _ZN7AutoPIDC1EPdS0_S0_ddddd
                0x0000077c                _ZN7AutoPIDC2EPdS0_S0_ddddd
 .text._ZN7AutoPID11setBangBangEd
                0x00000808       0x14 src/libraries/AutoPID/AutoPID.o
                0x00000808                _ZN7AutoPID11setBangBangEd
 .text._ZN7AutoPID11setTimeStepEm
                0x0000081c        0xc src/libraries/AutoPID/AutoPID.o
                0x0000081c                _ZN7AutoPID11setTimeStepEm
 .text._ZN7AutoPID10atSetPointEd
                0x00000828       0x84 src/libraries/AutoPID/AutoPID.o
                0x00000828                _ZN7AutoPID10atSetPointEd
 .text._ZN7AutoPID5resetEv
                0x000008ac       0x28 src/libraries/AutoPID/AutoPID.o
                0x000008ac                _ZN7AutoPID5resetEv
 .text._ZN7AutoPID3runEv
                0x000008d4      0x318 src/libraries/AutoPID/AutoPID.o
                0x000008d4                _ZN7AutoPID3runEv
 .text._Z11StartTimer1PFvvEm
                0x00000bec      0x14c src/libraries/CyberLib/CyberLib.o
                0x00000bec                _Z11StartTimer1PFvvEm
 .text._Z10StopTimer1v
                0x00000d38        0xc src/libraries/CyberLib/CyberLib.o
                0x00000d38                _Z10StopTimer1v
 .text._Z12ResumeTimer1v
                0x00000d44        0xc src/libraries/CyberLib/CyberLib.o
                0x00000d44                _Z12ResumeTimer1v
 .text.__vector_13
                0x00000d50       0x5e src/libraries/CyberLib/CyberLib.o
                0x00000d50                __vector_13
 .text._ZN5Print17availableForWriteEv
                0x00000dae        0x6 src/libraries/LiquidCrystal_I2C/src/LiquidCrystal_I2C.o
                0x00000dae                _ZN5Print17availableForWriteEv
 .text._ZN5Print5flushEv
                0x00000db4        0x2 src/libraries/LiquidCrystal_I2C/src/LiquidCrystal_I2C.o
                0x00000db4                _ZN5Print5flushEv
 .text._ZN17LiquidCrystal_I2CC2Ehhhh
                0x00000db6       0x20 src/libraries/LiquidCrystal_I2C/src/LiquidCrystal_I2C.o
                0x00000db6                _ZN17LiquidCrystal_I2CC2Ehhhh
                0x00000db6                _ZN17LiquidCrystal_I2CC1Ehhhh
 .text._ZN17LiquidCrystal_I2C13expanderWriteEh
                0x00000dd6       0x2e src/libraries/LiquidCrystal_I2C/src/LiquidCrystal_I2C.o
                0x00000dd6                _ZN17LiquidCrystal_I2C13expanderWriteEh
 .text._ZN17LiquidCrystal_I2C11pulseEnableEh
                0x00000e04       0x30 src/libraries/LiquidCrystal_I2C/src/LiquidCrystal_I2C.o
                0x00000e04                _ZN17LiquidCrystal_I2C11pulseEnableEh
 .text._ZN17LiquidCrystal_I2C10write4bitsEh
                0x00000e34       0x1c src/libraries/LiquidCrystal_I2C/src/LiquidCrystal_I2C.o
                0x00000e34                _ZN17LiquidCrystal_I2C10write4bitsEh
 .text._ZN17LiquidCrystal_I2C4sendEhh
                0x00000e50       0x2e src/libraries/LiquidCrystal_I2C/src/LiquidCrystal_I2C.o
                0x00000e50                _ZN17LiquidCrystal_I2C4sendEhh
 .text._ZN17LiquidCrystal_I2C7commandEh
                0x00000e7e        0x6 src/libraries/LiquidCrystal_I2C/src/LiquidCrystal_I2C.o
                0x00000e7e                _ZN17LiquidCrystal_I2C7commandEh
 .text._ZN17LiquidCrystal_I2C5clearEv
                0x00000e84        0xe src/libraries/LiquidCrystal_I2C/src/LiquidCrystal_I2C.o
                0x00000e84                _ZN17LiquidCrystal_I2C5clearEv
 .text._ZN17LiquidCrystal_I2C4homeEv
                0x00000e92        0xe src/libraries/LiquidCrystal_I2C/src/LiquidCrystal_I2C.o
                0x00000e92                _ZN17LiquidCrystal_I2C4homeEv
 .text._ZN17LiquidCrystal_I2C9setCursorEhh
                0x00000ea0       0x5c src/libraries/LiquidCrystal_I2C/src/LiquidCrystal_I2C.o
                0x00000ea0                _ZN17LiquidCrystal_I2C9setCursorEhh
 .text._ZN17LiquidCrystal_I2C7displayEv
                0x00000efc       0x10 src/libraries/LiquidCrystal_I2C/src/LiquidCrystal_I2C.o
                0x00000efc                _ZN17LiquidCrystal_I2C7displayEv
 .text._ZN17LiquidCrystal_I2C5writeEh
                0x00000f0c        0xc src/libraries/LiquidCrystal_I2C/src/LiquidCrystal_I2C.o
                0x00000f0c                _ZN17LiquidCrystal_I2C5writeEh
 .text._ZN17LiquidCrystal_I2C5beginEv
                0x00000f18       0xb2 src/libraries/LiquidCrystal_I2C/src/LiquidCrystal_I2C.o
                0x00000f18                _ZN17LiquidCrystal_I2C5beginEv
 .text._ZN7MAX6675C2Eaaa
                0x00000fca       0x30 src/libraries/MAX6675/max6675.o
                0x00000fca                _ZN7MAX6675C2Eaaa
                0x00000fca                _ZN7MAX6675C1Eaaa
 .text._ZN7MAX66757spireadEv
                0x00000ffa       0x78 src/libraries/MAX6675/max6675.o
                0x00000ffa                _ZN7MAX66757spireadEv
 .text._ZN7MAX667511readCelsiusEv
                0x00001072       0x78 src/libraries/MAX6675/max6675.o
                0x00001072                _ZN7MAX667511readCelsiusEv
 .text.twi_init
                0x000010ea       0x3c src/libraries/Wire/src/utility/twi.o
                0x000010ea                twi_init
 .text.twi_writeTo
                0x00001126       0xac src/libraries/Wire/src/utility/twi.o
                0x00001126                twi_writeTo
 .text.twi_transmit
                0x000011d2       0x50 src/libraries/Wire/src/utility/twi.o
                0x000011d2                twi_transmit
 .text.twi_stop
                0x00001222       0x14 src/libraries/Wire/src/utility/twi.o
                0x00001222                twi_stop
 .text.twi_releaseBus
                0x00001236        0xc src/libraries/Wire/src/utility/twi.o
                0x00001236                twi_releaseBus
 .text.__vector_24
                0x00001242      0x25a src/libraries/Wire/src/utility/twi.o
                0x00001242                __vector_24
 .text._ZN7TwoWire9availableEv
                0x0000149c       0x10 src/libraries/Wire/src/Wire.o
                0x0000149c                _ZN7TwoWire9availableEv
 .text._ZN7TwoWire4readEv
                0x000014ac       0x28 src/libraries/Wire/src/Wire.o
                0x000014ac                _ZN7TwoWire4readEv
 .text._ZN7TwoWire4peekEv
                0x000014d4       0x1e src/libraries/Wire/src/Wire.o
                0x000014d4                _ZN7TwoWire4peekEv
 .text._ZN7TwoWire5flushEv
                0x000014f2        0x2 src/libraries/Wire/src/Wire.o
                0x000014f2                _ZN7TwoWire5flushEv
 .text._ZN7TwoWire5writeEPKhj
                0x000014f4       0x5a src/libraries/Wire/src/Wire.o
                0x000014f4                _ZN7TwoWire5writeEPKhj
 .text._ZN7TwoWire5writeEh
                0x0000154e       0x5e src/libraries/Wire/src/Wire.o
                0x0000154e                _ZN7TwoWire5writeEh
 .text._ZN7TwoWireC2Ev
                0x000015ac       0x20 src/libraries/Wire/src/Wire.o
                0x000015ac                _ZN7TwoWireC1Ev
                0x000015ac                _ZN7TwoWireC2Ev
 .text._ZN7TwoWire5beginEv
                0x000015cc       0x14 src/libraries/Wire/src/Wire.o
                0x000015cc                _ZN7TwoWire5beginEv
 .text._ZN7TwoWire17beginTransmissionEh
                0x000015e0       0x14 src/libraries/Wire/src/Wire.o
                0x000015e0                _ZN7TwoWire17beginTransmissionEh
 .text._ZN7TwoWire15endTransmissionEh
                0x000015f4       0x26 src/libraries/Wire/src/Wire.o
                0x000015f4                _ZN7TwoWire15endTransmissionEh
 .text._ZN7TwoWire15endTransmissionEv
                0x0000161a        0x6 src/libraries/Wire/src/Wire.o
                0x0000161a                _ZN7TwoWire15endTransmissionEv
 .text.startup._GLOBAL__sub_I__ZN7TwoWire8rxBufferE
                0x00001620        0x8 src/libraries/Wire/src/Wire.o
 .text._ZN11ThermometerC2Eiii
                0x00001628       0x40 Thermometer/Thermometer.o
                0x00001628                _ZN11ThermometerC1Eiii
                0x00001628                _ZN11ThermometerC2Eiii
 .text._ZN11Thermometer4ReadEv
                0x00001668        0xa Thermometer/Thermometer.o
                0x00001668                _ZN11Thermometer4ReadEv
 .text.avr-libc.fplib
                0x00001672        0xe c:/program files (x86)/atmel/studio/7.0/toolchain/avr8/avr8-gnu-toolchain/bin/../lib/gcc/avr/5.4.0/../../../../avr/lib/avr5\libm.a(addsf3.o)
                0x00001672                __subsf3
                0x00001674                __addsf3
 .text.avr-libc.fplib
                0x00001680       0xcc c:/program files (x86)/atmel/studio/7.0/toolchain/avr8/avr8-gnu-toolchain/bin/../lib/gcc/avr/5.4.0/../../../../avr/lib/avr5\libm.a(addsf3x.o)
                0x000016a2                __addsf3x
 .text.avr-libc.fplib
                0x0000174c        0xa c:/program files (x86)/atmel/studio/7.0/toolchain/avr8/avr8-gnu-toolchain/bin/../lib/gcc/avr/5.4.0/../../../../avr/lib/avr5\libm.a(cmpsf2.o)
                0x0000174c                __nesf2
                0x0000174c                __eqsf2
                0x0000174c                __cmpsf2
                0x0000174c                __ltsf2
                0x0000174c                __lesf2
 .text.avr-libc.fplib
                0x00001756        0x8 c:/program files (x86)/atmel/studio/7.0/toolchain/avr8/avr8-gnu-toolchain/bin/../lib/gcc/avr/5.4.0/../../../../avr/lib/avr5\libm.a(divsf3.o)
                0x00001756                __divsf3
 .text.avr-libc.fplib
                0x0000175e       0xdc c:/program files (x86)/atmel/studio/7.0/toolchain/avr8/avr8-gnu-toolchain/bin/../lib/gcc/avr/5.4.0/../../../../avr/lib/avr5\libm.a(divsf3x.o)
                0x0000177e                __divsf3x
                0x00001784                __divsf3_pse
 .text.avr-libc.fplib
                0x0000183a        0xe c:/program files (x86)/atmel/studio/7.0/toolchain/avr8/avr8-gnu-toolchain/bin/../lib/gcc/avr/5.4.0/../../../../avr/lib/avr5\libm.a(fixsfsi.o)
                0x0000183a                __fixsfsi
 .text.avr-libc.fplib
                0x00001848       0x5e c:/program files (x86)/atmel/studio/7.0/toolchain/avr8/avr8-gnu-toolchain/bin/../lib/gcc/avr/5.4.0/../../../../avr/lib/avr5\libm.a(fixunssfsi.o)
                0x00001848                __fixunssfsi
 .text.avr-libc.fplib
                0x000018a6       0x7a c:/program files (x86)/atmel/studio/7.0/toolchain/avr8/avr8-gnu-toolchain/bin/../lib/gcc/avr/5.4.0/../../../../avr/lib/avr5\libm.a(floatsisf.o)
                0x000018a6                __floatunsisf
                0x000018aa                __floatsisf
 .text.avr-libc.fplib
                0x00001920       0x48 c:/program files (x86)/atmel/studio/7.0/toolchain/avr8/avr8-gnu-toolchain/bin/../lib/gcc/avr/5.4.0/../../../../avr/lib/avr5\libm.a(fp_cmp.o)
                0x00001920                __fp_cmp
 .text.avr-libc.fplib
                0x00001968        0xc c:/program files (x86)/atmel/studio/7.0/toolchain/avr8/avr8-gnu-toolchain/bin/../lib/gcc/avr/5.4.0/../../../../avr/lib/avr5\libm.a(fp_inf.o)
                0x00001968                __fp_inf
 .text.avr-libc.fplib
                0x00001974        0x6 c:/program files (x86)/atmel/studio/7.0/toolchain/avr8/avr8-gnu-toolchain/bin/../lib/gcc/avr/5.4.0/../../../../avr/lib/avr5\libm.a(fp_nan.o)
                0x00001974                __fp_nan
 .text.avr-libc.fplib
                0x0000197a        0xe c:/program files (x86)/atmel/studio/7.0/toolchain/avr8/avr8-gnu-toolchain/bin/../lib/gcc/avr/5.4.0/../../../../avr/lib/avr5\libm.a(fp_pscA.o)
                0x0000197a                __fp_pscA
 .text.avr-libc.fplib
                0x00001988        0xe c:/program files (x86)/atmel/studio/7.0/toolchain/avr8/avr8-gnu-toolchain/bin/../lib/gcc/avr/5.4.0/../../../../avr/lib/avr5\libm.a(fp_pscB.o)
                0x00001988                __fp_pscB
 .text.avr-libc.fplib
                0x00001996       0x22 c:/program files (x86)/atmel/studio/7.0/toolchain/avr8/avr8-gnu-toolchain/bin/../lib/gcc/avr/5.4.0/../../../../avr/lib/avr5\libm.a(fp_round.o)
                0x00001996                __fp_round
 .text.avr-libc.fplib
                0x000019b8       0x44 c:/program files (x86)/atmel/studio/7.0/toolchain/avr8/avr8-gnu-toolchain/bin/../lib/gcc/avr/5.4.0/../../../../avr/lib/avr5\libm.a(fp_split3.o)
                0x000019b8                __fp_split3
                0x000019c8                __fp_splitA
 .text.avr-libc.fplib
                0x000019fc        0xe c:/program files (x86)/atmel/studio/7.0/toolchain/avr8/avr8-gnu-toolchain/bin/../lib/gcc/avr/5.4.0/../../../../avr/lib/avr5\libm.a(fp_zero.o)
                0x000019fc                __fp_zero
                0x000019fe                __fp_szero
 .text.avr-libc.fplib
                0x00001a0a        0xa c:/program files (x86)/atmel/studio/7.0/toolchain/avr8/avr8-gnu-toolchain/bin/../lib/gcc/avr/5.4.0/../../../../avr/lib/avr5\libm.a(gesf2.o)
                0x00001a0a                __gesf2
                0x00001a0a                __gtsf2
 .text.avr-libc.fplib
                0x00001a14        0x8 c:/program files (x86)/atmel/studio/7.0/toolchain/avr8/avr8-gnu-toolchain/bin/../lib/gcc/avr/5.4.0/../../../../avr/lib/avr5\libm.a(mulsf3.o)
                0x00001a14                __mulsf3
 .text.avr-libc.fplib
                0x00001a1c       0xd2 c:/program files (x86)/atmel/studio/7.0/toolchain/avr8/avr8-gnu-toolchain/bin/../lib/gcc/avr/5.4.0/../../../../avr/lib/avr5\libm.a(mulsf3x.o)
                0x00001a3a                __mulsf3x
                0x00001a40                __mulsf3_pse
 .text.initVariant
                0x00001aee        0x2 R:\AVR\arduino\Bottom_heater\Code\Bottom_heater\Bottom_heater\ArduinoCore\Debug\libArduinoCore.a(main.o)
                0x00001aee                initVariant
 .text.startup.main
                0x00001af0       0x1e R:\AVR\arduino\Bottom_heater\Code\Bottom_heater\Bottom_heater\ArduinoCore\Debug\libArduinoCore.a(main.o)
                0x00001af0                main
 .text._Znwj    0x00001b0e        0x4 R:\AVR\arduino\Bottom_heater\Code\Bottom_heater\Bottom_heater\ArduinoCore\Debug\libArduinoCore.a(new.o)
                0x00001b0e                _Znwj
 .text._ZN5Print5writeEPKhj
                0x00001b12       0x54 R:\AVR\arduino\Bottom_heater\Code\Bottom_heater\Bottom_heater\ArduinoCore\Debug\libArduinoCore.a(Print.o)
                0x00001b12                _ZN5Print5writeEPKhj
 .text._ZN5Print5writeEPKc
                0x00001b66       0x2a R:\AVR\arduino\Bottom_heater\Code\Bottom_heater\Bottom_heater\ArduinoCore\Debug\libArduinoCore.a(Print.o)
                0x00001b66                _ZN5Print5writeEPKc
 .text._ZN5Print5printEPKc
                0x00001b90        0x4 R:\AVR\arduino\Bottom_heater\Code\Bottom_heater\Bottom_heater\ArduinoCore\Debug\libArduinoCore.a(Print.o)
                0x00001b90                _ZN5Print5printEPKc
 .text._ZN5Print5printEc
                0x00001b94        0xe R:\AVR\arduino\Bottom_heater\Code\Bottom_heater\Bottom_heater\ArduinoCore\Debug\libArduinoCore.a(Print.o)
                0x00001b94                _ZN5Print5printEc
 .text._ZN5Print11printNumberEmh
                0x00001ba2       0x92 R:\AVR\arduino\Bottom_heater\Code\Bottom_heater\Bottom_heater\ArduinoCore\Debug\libArduinoCore.a(Print.o)
                0x00001ba2                _ZN5Print11printNumberEmh
 .text._ZN5Print5printEli
                0x00001c34       0x90 R:\AVR\arduino\Bottom_heater\Code\Bottom_heater\Bottom_heater\ArduinoCore\Debug\libArduinoCore.a(Print.o)
                0x00001c34                _ZN5Print5printEli
 .text._ZN5Print5printEii
                0x00001cc4        0xe R:\AVR\arduino\Bottom_heater\Code\Bottom_heater\Bottom_heater\ArduinoCore\Debug\libArduinoCore.a(Print.o)
                0x00001cc4                _ZN5Print5printEii
 .text.nothing  0x00001cd2        0x2 R:\AVR\arduino\Bottom_heater\Code\Bottom_heater\Bottom_heater\ArduinoCore\Debug\libArduinoCore.a(WInterrupts.o)
 .text.attachInterrupt
                0x00001cd4       0x40 R:\AVR\arduino\Bottom_heater\Code\Bottom_heater\Bottom_heater\ArduinoCore\Debug\libArduinoCore.a(WInterrupts.o)
                0x00001cd4                attachInterrupt
 .text.__vector_1
                0x00001d14       0x4e R:\AVR\arduino\Bottom_heater\Code\Bottom_heater\Bottom_heater\ArduinoCore\Debug\libArduinoCore.a(WInterrupts.o)
                0x00001d14                __vector_1
 .text.__vector_2
                0x00001d62       0x4e R:\AVR\arduino\Bottom_heater\Code\Bottom_heater\Bottom_heater\ArduinoCore\Debug\libArduinoCore.a(WInterrupts.o)
                0x00001d62                __vector_2
 .text.__vector_16
                0x00001db0       0x94 R:\AVR\arduino\Bottom_heater\Code\Bottom_heater\Bottom_heater\ArduinoCore\Debug\libArduinoCore.a(wiring.o)
                0x00001db0                __vector_16
 .text.millis   0x00001e44       0x18 R:\AVR\arduino\Bottom_heater\Code\Bottom_heater\Bottom_heater\ArduinoCore\Debug\libArduinoCore.a(wiring.o)
                0x00001e44                millis
 .text.micros   0x00001e5c       0x4a R:\AVR\arduino\Bottom_heater\Code\Bottom_heater\Bottom_heater\ArduinoCore\Debug\libArduinoCore.a(wiring.o)
                0x00001e5c                micros
 .text.delay    0x00001ea6       0x78 R:\AVR\arduino\Bottom_heater\Code\Bottom_heater\Bottom_heater\ArduinoCore\Debug\libArduinoCore.a(wiring.o)
                0x00001ea6                delay
 .text.delayMicroseconds
                0x00001f1e       0x16 R:\AVR\arduino\Bottom_heater\Code\Bottom_heater\Bottom_heater\ArduinoCore\Debug\libArduinoCore.a(wiring.o)
                0x00001f1e                delayMicroseconds
 .text.init     0x00001f34       0x76 R:\AVR\arduino\Bottom_heater\Code\Bottom_heater\Bottom_heater\ArduinoCore\Debug\libArduinoCore.a(wiring.o)
                0x00001f34                init
 .text.turnOffPWM
                0x00001faa       0x52 R:\AVR\arduino\Bottom_heater\Code\Bottom_heater\Bottom_heater\ArduinoCore\Debug\libArduinoCore.a(wiring_digital.o)
 .text.pinMode  0x00001ffc       0x78 R:\AVR\arduino\Bottom_heater\Code\Bottom_heater\Bottom_heater\ArduinoCore\Debug\libArduinoCore.a(wiring_digital.o)
                0x00001ffc                pinMode
 .text.digitalWrite
                0x00002074       0x5e R:\AVR\arduino\Bottom_heater\Code\Bottom_heater\Bottom_heater\ArduinoCore\Debug\libArduinoCore.a(wiring_digital.o)
                0x00002074                digitalWrite
 .text.digitalRead
                0x000020d2       0x52 R:\AVR\arduino\Bottom_heater\Code\Bottom_heater\Bottom_heater\ArduinoCore\Debug\libArduinoCore.a(wiring_digital.o)
                0x000020d2                digitalRead
 .text.__empty  0x00002124        0x2 R:\AVR\arduino\Bottom_heater\Code\Bottom_heater\Bottom_heater\ArduinoCore\Debug\libArduinoCore.a(hooks.o)
                0x00002124                yield
 .text.libgcc.div
                0x00002126       0x44 c:/program files (x86)/atmel/studio/7.0/toolchain/avr8/avr8-gnu-toolchain/bin/../lib/gcc/avr/5.4.0/avr5\libgcc.a(_udivmodsi4.o)
                0x00002126                __udivmodsi4
 .text.libgcc   0x0000216a        0xc c:/program files (x86)/atmel/studio/7.0/toolchain/avr8/avr8-gnu-toolchain/bin/../lib/gcc/avr/5.4.0/avr5\libgcc.a(_tablejump2.o)
                0x0000216a                __tablejump2__
 .text.avr-libc
                0x00002176      0x242 c:/program files (x86)/atmel/studio/7.0/toolchain/avr8/avr8-gnu-toolchain/bin/../lib/gcc/avr/5.4.0/../../../../avr/lib/avr5\libc.a(malloc.o)
                0x00002176                malloc
                0x000022a6                free
 .text.avr-libc
                0x000023b8       0x10 C:/Program Files (x86)/Atmel/Studio/7.0/Packs/atmel/ATmega_DFP/1.2.209/gcc/dev/atmega328p/avr5\libatmega328p.a(eerd_byte.o)
                0x000023b8                eeprom_read_byte
                0x000023c8                . = ALIGN (0x2)
 *(.fini9)
 .fini9         0x000023c8        0x0 c:/program files (x86)/atmel/studio/7.0/toolchain/avr8/avr8-gnu-toolchain/bin/../lib/gcc/avr/5.4.0/avr5\libgcc.a(_exit.o)
                0x000023c8                _exit
                0x000023c8                exit
 *(.fini9)
 *(.fini8)
 *(.fini8)
 *(.fini7)
 *(.fini7)
 *(.fini6)
 *(.fini6)
 *(.fini5)
 *(.fini5)
 *(.fini4)
 *(.fini4)
 *(.fini3)
 *(.fini3)
 *(.fini2)
 *(.fini2)
 *(.fini1)
 *(.fini1)
 *(.fini0)
 .fini0         0x000023c8        0x4 c:/program files (x86)/atmel/studio/7.0/toolchain/avr8/avr8-gnu-toolchain/bin/../lib/gcc/avr/5.4.0/avr5\libgcc.a(_exit.o)
 *(.fini0)
                0x000023cc                _etext = .

.data           0x00800100       0x40 load address 0x000023cc
                0x00800100                PROVIDE (__data_start, .)
 *(.data)
 .data          0x00800100        0x6 c:/program files (x86)/atmel/studio/7.0/toolchain/avr8/avr8-gnu-toolchain/bin/../lib/gcc/avr/5.4.0/../../../../avr/lib/avr5\libc.a(malloc.o)
                0x00800100                __malloc_heap_end
                0x00800102                __malloc_heap_start
                0x00800104                __malloc_margin
 *(.data*)
 .data.intFunc  0x00800106        0x4 R:\AVR\arduino\Bottom_heater\Code\Bottom_heater\Bottom_heater\ArduinoCore\Debug\libArduinoCore.a(WInterrupts.o)
 *(.gnu.linkonce.d*)
 *(.rodata)
 .rodata        0x0080010a        0x8 src/libraries/LiquidCrystal_I2C/src/LiquidCrystal_I2C.o
 *(.rodata*)
 .rodata.str1.1
                0x00800112       0x10 Display/Display16x2.o
                                 0x12 (size before relaxing)
 .rodata._ZTV17LiquidCrystal_I2C
                0x00800122        0xc src/libraries/LiquidCrystal_I2C/src/LiquidCrystal_I2C.o
                0x00800122                _ZTV17LiquidCrystal_I2C
 .rodata._ZTV7TwoWire
                0x0080012e       0x12 src/libraries/Wire/src/Wire.o
                0x0080012e                _ZTV7TwoWire
 *(.gnu.linkonce.r*)
                0x00800140                . = ALIGN (0x2)
                0x00800140                _edata = .
                0x00800140                PROVIDE (__data_end, .)

.bss            0x00800140       0xfb
                0x00800140                PROVIDE (__bss_start, .)
 *(.bss)
 *(.bss*)
 .bss._tic      0x00800140        0x2 Dimmer/Dimmer.o
                0x00800140                _tic
 .bss._itemValues
                0x00800142        0x2 Dimmer/Dimmer.o
                0x00800142                _itemValues
 .bss._items    0x00800144        0x2 Dimmer/Dimmer.o
                0x00800144                _items
 .bss._zeroPin  0x00800146        0x2 Dimmer/Dimmer.o
                0x00800146                _zeroPin
 .bss._outputDownVal
                0x00800148        0x4 Sketch.o
                0x00800148                _outputDownVal
 .bss._outputUpVal
                0x0080014c        0x4 Sketch.o
                0x0080014c                _outputUpVal
 .bss._setTempDown
                0x00800150        0x4 Sketch.o
                0x00800150                _setTempDown
 .bss._setTempUp
                0x00800154        0x4 Sketch.o
                0x00800154                _setTempUp
 .bss._tempDown
                0x00800158        0x4 Sketch.o
                0x00800158                _tempDown
 .bss._tempUp   0x0080015c        0x4 Sketch.o
                0x0080015c                _tempUp
 .bss._pidDown  0x00800160        0x2 Sketch.o
                0x00800160                _pidDown
 .bss._pidUp    0x00800162        0x2 Sketch.o
                0x00800162                _pidUp
 .bss._display  0x00800164        0x2 Sketch.o
                0x00800164                _display
 .bss._thermometer
                0x00800166        0x2 Sketch.o
                0x00800166                _thermometer
 .bss._dimmer   0x00800168        0x2 Sketch.o
                0x00800168                _dimmer
 .bss.dub_tcnt1
                0x0080016a        0x2 src/libraries/CyberLib/CyberLib.o
                0x0080016a                dub_tcnt1
 .bss.func      0x0080016c        0x2 src/libraries/CyberLib/CyberLib.o
                0x0080016c                func
 .bss.twi_error
                0x0080016e        0x1 src/libraries/Wire/src/utility/twi.o
 .bss.twi_rxBufferIndex
                0x0080016f        0x1 src/libraries/Wire/src/utility/twi.o
 .bss.twi_rxBuffer
                0x00800170       0x20 src/libraries/Wire/src/utility/twi.o
 .bss.twi_txBufferLength
                0x00800190        0x1 src/libraries/Wire/src/utility/twi.o
 .bss.twi_txBufferIndex
                0x00800191        0x1 src/libraries/Wire/src/utility/twi.o
 .bss.twi_txBuffer
                0x00800192       0x20 src/libraries/Wire/src/utility/twi.o
 .bss.twi_masterBufferLength
                0x008001b2        0x1 src/libraries/Wire/src/utility/twi.o
 .bss.twi_masterBufferIndex
                0x008001b3        0x1 src/libraries/Wire/src/utility/twi.o
 .bss.twi_masterBuffer
                0x008001b4       0x20 src/libraries/Wire/src/utility/twi.o
 .bss.twi_onSlaveReceive
                0x008001d4        0x2 src/libraries/Wire/src/utility/twi.o
 .bss.twi_onSlaveTransmit
                0x008001d6        0x2 src/libraries/Wire/src/utility/twi.o
 .bss.twi_inRepStart
                0x008001d8        0x1 src/libraries/Wire/src/utility/twi.o
 .bss.twi_sendStop
                0x008001d9        0x1 src/libraries/Wire/src/utility/twi.o
 .bss.twi_slarw
                0x008001da        0x1 src/libraries/Wire/src/utility/twi.o
 .bss.twi_state
                0x008001db        0x1 src/libraries/Wire/src/utility/twi.o
 .bss.Wire      0x008001dc        0xc src/libraries/Wire/src/Wire.o
                0x008001dc                Wire
 .bss._ZN7TwoWire12transmittingE
                0x008001e8        0x1 src/libraries/Wire/src/Wire.o
                0x008001e8                _ZN7TwoWire12transmittingE
 .bss._ZN7TwoWire14txBufferLengthE
                0x008001e9        0x1 src/libraries/Wire/src/Wire.o
                0x008001e9                _ZN7TwoWire14txBufferLengthE
 .bss._ZN7TwoWire13txBufferIndexE
                0x008001ea        0x1 src/libraries/Wire/src/Wire.o
                0x008001ea                _ZN7TwoWire13txBufferIndexE
 .bss._ZN7TwoWire8txBufferE
                0x008001eb       0x20 src/libraries/Wire/src/Wire.o
                0x008001eb                _ZN7TwoWire8txBufferE
 .bss._ZN7TwoWire9txAddressE
                0x0080020b        0x1 src/libraries/Wire/src/Wire.o
                0x0080020b                _ZN7TwoWire9txAddressE
 .bss._ZN7TwoWire14rxBufferLengthE
                0x0080020c        0x1 src/libraries/Wire/src/Wire.o
                0x0080020c                _ZN7TwoWire14rxBufferLengthE
 .bss._ZN7TwoWire13rxBufferIndexE
                0x0080020d        0x1 src/libraries/Wire/src/Wire.o
                0x0080020d                _ZN7TwoWire13rxBufferIndexE
 .bss._ZN7TwoWire8rxBufferE
                0x0080020e       0x20 src/libraries/Wire/src/Wire.o
                0x0080020e                _ZN7TwoWire8rxBufferE
 .bss.timer0_fract
                0x0080022e        0x1 R:\AVR\arduino\Bottom_heater\Code\Bottom_heater\Bottom_heater\ArduinoCore\Debug\libArduinoCore.a(wiring.o)
 .bss.timer0_millis
                0x0080022f        0x4 R:\AVR\arduino\Bottom_heater\Code\Bottom_heater\Bottom_heater\ArduinoCore\Debug\libArduinoCore.a(wiring.o)
                0x0080022f                timer0_millis
 .bss.timer0_overflow_count
                0x00800233        0x4 R:\AVR\arduino\Bottom_heater\Code\Bottom_heater\Bottom_heater\ArduinoCore\Debug\libArduinoCore.a(wiring.o)
                0x00800233                timer0_overflow_count
 *(COMMON)
 COMMON         0x00800237        0x4 c:/program files (x86)/atmel/studio/7.0/toolchain/avr8/avr8-gnu-toolchain/bin/../lib/gcc/avr/5.4.0/../../../../avr/lib/avr5\libc.a(malloc.o)
                0x00800237                __brkval
                0x00800239                __flp
                0x0080023b                PROVIDE (__bss_end, .)
                0x000023cc                __data_load_start = LOADADDR (.data)
                0x0000240c                __data_load_end = (__data_load_start + SIZEOF (.data))

.noinit         0x0080023b        0x0
                [!provide]                PROVIDE (__noinit_start, .)
 *(.noinit*)
                [!provide]                PROVIDE (__noinit_end, .)
                0x0080023b                _end = .
                0x0080023b                PROVIDE (__heap_start, .)

.eeprom         0x00810000        0x0
 *(.eeprom*)
                0x00810000                __eeprom_end = .

.fuse
 *(.fuse)
 *(.lfuse)
 *(.hfuse)
 *(.efuse)

.lock
 *(.lock*)

.signature
 *(.signature*)

.user_signatures
 *(.user_signatures*)

.stab
 *(.stab)

.stabstr
 *(.stabstr)

.stab.excl
 *(.stab.excl)

.stab.exclstr
 *(.stab.exclstr)

.stab.index
 *(.stab.index)

.stab.indexstr
 *(.stab.indexstr)

.comment        0x00000000       0x30
 *(.comment)
 .comment       0x00000000       0x30 Dimmer/Dimmer.o
                                 0x31 (size before relaxing)
 .comment       0x00000030       0x31 Dimmer/DimmerItem.o
 .comment       0x00000030       0x31 Display/Display16x2.o
 .comment       0x00000030       0x31 Sketch.o
 .comment       0x00000030       0x31 src/libraries/AutoPID/AutoPID.o
 .comment       0x00000030       0x31 src/libraries/CyberLib/CyberLib.o
 .comment       0x00000030       0x31 src/libraries/LiquidCrystal_I2C/src/LiquidCrystal_I2C.o
 .comment       0x00000030       0x31 src/libraries/MAX6675/max6675.o
 .comment       0x00000030       0x31 src/libraries/Wire/src/utility/twi.o
 .comment       0x00000030       0x31 src/libraries/Wire/src/Wire.o
 .comment       0x00000030       0x31 Thermometer/Thermometer.o
 .comment       0x00000030       0x31 R:\AVR\arduino\Bottom_heater\Code\Bottom_heater\Bottom_heater\ArduinoCore\Debug\libArduinoCore.a(main.o)
 .comment       0x00000030       0x31 R:\AVR\arduino\Bottom_heater\Code\Bottom_heater\Bottom_heater\ArduinoCore\Debug\libArduinoCore.a(new.o)
 .comment       0x00000030       0x31 R:\AVR\arduino\Bottom_heater\Code\Bottom_heater\Bottom_heater\ArduinoCore\Debug\libArduinoCore.a(Print.o)
 .comment       0x00000030       0x31 R:\AVR\arduino\Bottom_heater\Code\Bottom_heater\Bottom_heater\ArduinoCore\Debug\libArduinoCore.a(WInterrupts.o)
 .comment       0x00000030       0x31 R:\AVR\arduino\Bottom_heater\Code\Bottom_heater\Bottom_heater\ArduinoCore\Debug\libArduinoCore.a(wiring.o)
 .comment       0x00000030       0x31 R:\AVR\arduino\Bottom_heater\Code\Bottom_heater\Bottom_heater\ArduinoCore\Debug\libArduinoCore.a(wiring_digital.o)
 .comment       0x00000030       0x31 R:\AVR\arduino\Bottom_heater\Code\Bottom_heater\Bottom_heater\ArduinoCore\Debug\libArduinoCore.a(hooks.o)
 .comment       0x00000030       0x31 c:/program files (x86)/atmel/studio/7.0/toolchain/avr8/avr8-gnu-toolchain/bin/../lib/gcc/avr/5.4.0/../../../../avr/lib/avr5\libc.a(malloc.o)

.note.gnu.avr.deviceinfo
                0x00000000       0x40
 .note.gnu.avr.deviceinfo
                0x00000000       0x40 C:/Program Files (x86)/Atmel/Studio/7.0/Packs/atmel/ATmega_DFP/1.2.209/gcc/dev/atmega328p/avr5/crtatmega328p.o

.note.gnu.build-id
 *(.note.gnu.build-id)

.debug
 *(.debug)

.line
 *(.line)

.debug_srcinfo
 *(.debug_srcinfo)

.debug_sfnames
 *(.debug_sfnames)

.debug_aranges  0x00000000      0x7b0
 *(.debug_aranges)
 .debug_aranges
                0x00000000       0x48 Dimmer/Dimmer.o
 .debug_aranges
                0x00000048       0x30 Dimmer/DimmerItem.o
 .debug_aranges
                0x00000078       0x40 Display/Display16x2.o
 .debug_aranges
                0x000000b8       0x28 Sketch.o
 .debug_aranges
                0x000000e0       0x90 src/libraries/AutoPID/AutoPID.o
 .debug_aranges
                0x00000170       0xf0 src/libraries/CyberLib/CyberLib.o
 .debug_aranges
                0x00000260      0x118 src/libraries/LiquidCrystal_I2C/src/LiquidCrystal_I2C.o
 .debug_aranges
                0x00000378       0x38 src/libraries/MAX6675/max6675.o
 .debug_aranges
                0x000003b0       0x80 src/libraries/Wire/src/utility/twi.o
 .debug_aranges
                0x00000430       0xf8 src/libraries/Wire/src/Wire.o
 .debug_aranges
                0x00000528       0x30 Thermometer/Thermometer.o
 .debug_aranges
                0x00000558       0x30 R:\AVR\arduino\Bottom_heater\Code\Bottom_heater\Bottom_heater\ArduinoCore\Debug\libArduinoCore.a(main.o)
 .debug_aranges
                0x00000588       0x28 R:\AVR\arduino\Bottom_heater\Code\Bottom_heater\Bottom_heater\ArduinoCore\Debug\libArduinoCore.a(new.o)
 .debug_aranges
                0x000005b0      0x100 R:\AVR\arduino\Bottom_heater\Code\Bottom_heater\Bottom_heater\ArduinoCore\Debug\libArduinoCore.a(Print.o)
 .debug_aranges
                0x000006b0       0x40 R:\AVR\arduino\Bottom_heater\Code\Bottom_heater\Bottom_heater\ArduinoCore\Debug\libArduinoCore.a(WInterrupts.o)
 .debug_aranges
                0x000006f0       0x48 R:\AVR\arduino\Bottom_heater\Code\Bottom_heater\Bottom_heater\ArduinoCore\Debug\libArduinoCore.a(wiring.o)
 .debug_aranges
                0x00000738       0x38 R:\AVR\arduino\Bottom_heater\Code\Bottom_heater\Bottom_heater\ArduinoCore\Debug\libArduinoCore.a(wiring_digital.o)
 .debug_aranges
                0x00000770       0x20 R:\AVR\arduino\Bottom_heater\Code\Bottom_heater\Bottom_heater\ArduinoCore\Debug\libArduinoCore.a(hooks.o)
 .debug_aranges
                0x00000790       0x20 C:/Program Files (x86)/Atmel/Studio/7.0/Packs/atmel/ATmega_DFP/1.2.209/gcc/dev/atmega328p/avr5\libatmega328p.a(eerd_byte.o)

.debug_pubnames
 *(.debug_pubnames)

.debug_info     0x00000000     0xc5bc
 *(.debug_info .gnu.linkonce.wi.*)
 .debug_info    0x00000000      0x5f4 C:/Program Files (x86)/Atmel/Studio/7.0/Packs/atmel/ATmega_DFP/1.2.209/gcc/dev/atmega328p/avr5/crtatmega328p.o
 .debug_info    0x000005f4      0x648 Dimmer/Dimmer.o
 .debug_info    0x00000c3c      0x34d Dimmer/DimmerItem.o
 .debug_info    0x00000f89      0x744 Display/Display16x2.o
 .debug_info    0x000016cd     0x1542 Sketch.o
 .debug_info    0x00002c0f      0xae3 src/libraries/AutoPID/AutoPID.o
 .debug_info    0x000036f2      0x9b3 src/libraries/CyberLib/CyberLib.o
 .debug_info    0x000040a5     0x1508 src/libraries/LiquidCrystal_I2C/src/LiquidCrystal_I2C.o
 .debug_info    0x000055ad      0x5a5 src/libraries/MAX6675/max6675.o
 .debug_info    0x00005b52      0x604 src/libraries/Wire/src/utility/twi.o
 .debug_info    0x00006156     0x27b4 src/libraries/Wire/src/Wire.o
 .debug_info    0x0000890a      0x491 Thermometer/Thermometer.o
 .debug_info    0x00008d9b      0x237 R:\AVR\arduino\Bottom_heater\Code\Bottom_heater\Bottom_heater\ArduinoCore\Debug\libArduinoCore.a(main.o)
 .debug_info    0x00008fd2      0x11c R:\AVR\arduino\Bottom_heater\Code\Bottom_heater\Bottom_heater\ArduinoCore\Debug\libArduinoCore.a(new.o)
 .debug_info    0x000090ee     0x28ff R:\AVR\arduino\Bottom_heater\Code\Bottom_heater\Bottom_heater\ArduinoCore\Debug\libArduinoCore.a(Print.o)
 .debug_info    0x0000b9ed      0x21c R:\AVR\arduino\Bottom_heater\Code\Bottom_heater\Bottom_heater\ArduinoCore\Debug\libArduinoCore.a(WInterrupts.o)
 .debug_info    0x0000bc09      0x2cb R:\AVR\arduino\Bottom_heater\Code\Bottom_heater\Bottom_heater\ArduinoCore\Debug\libArduinoCore.a(wiring.o)
 .debug_info    0x0000bed4      0x5fe R:\AVR\arduino\Bottom_heater\Code\Bottom_heater\Bottom_heater\ArduinoCore\Debug\libArduinoCore.a(wiring_digital.o)
 .debug_info    0x0000c4d2       0x3e R:\AVR\arduino\Bottom_heater\Code\Bottom_heater\Bottom_heater\ArduinoCore\Debug\libArduinoCore.a(hooks.o)
 .debug_info    0x0000c510       0xac C:/Program Files (x86)/Atmel/Studio/7.0/Packs/atmel/ATmega_DFP/1.2.209/gcc/dev/atmega328p/avr5\libatmega328p.a(eerd_byte.o)

.debug_abbrev   0x00000000     0x2f58
 *(.debug_abbrev)
 .debug_abbrev  0x00000000      0x5a2 C:/Program Files (x86)/Atmel/Studio/7.0/Packs/atmel/ATmega_DFP/1.2.209/gcc/dev/atmega328p/avr5/crtatmega328p.o
 .debug_abbrev  0x000005a2      0x24e Dimmer/Dimmer.o
 .debug_abbrev  0x000007f0      0x1e2 Dimmer/DimmerItem.o
 .debug_abbrev  0x000009d2      0x245 Display/Display16x2.o
 .debug_abbrev  0x00000c17      0x2e6 Sketch.o
 .debug_abbrev  0x00000efd      0x2b4 src/libraries/AutoPID/AutoPID.o
 .debug_abbrev  0x000011b1      0x3b0 src/libraries/CyberLib/CyberLib.o
 .debug_abbrev  0x00001561      0x356 src/libraries/LiquidCrystal_I2C/src/LiquidCrystal_I2C.o
 .debug_abbrev  0x000018b7      0x271 src/libraries/MAX6675/max6675.o
 .debug_abbrev  0x00001b28      0x260 src/libraries/Wire/src/utility/twi.o
 .debug_abbrev  0x00001d88      0x581 src/libraries/Wire/src/Wire.o
 .debug_abbrev  0x00002309      0x1ff Thermometer/Thermometer.o
 .debug_abbrev  0x00002508      0x12d R:\AVR\arduino\Bottom_heater\Code\Bottom_heater\Bottom_heater\ArduinoCore\Debug\libArduinoCore.a(main.o)
 .debug_abbrev  0x00002635       0xce R:\AVR\arduino\Bottom_heater\Code\Bottom_heater\Bottom_heater\ArduinoCore\Debug\libArduinoCore.a(new.o)
 .debug_abbrev  0x00002703      0x47a R:\AVR\arduino\Bottom_heater\Code\Bottom_heater\Bottom_heater\ArduinoCore\Debug\libArduinoCore.a(Print.o)
 .debug_abbrev  0x00002b7d       0xfc R:\AVR\arduino\Bottom_heater\Code\Bottom_heater\Bottom_heater\ArduinoCore\Debug\libArduinoCore.a(WInterrupts.o)
 .debug_abbrev  0x00002c79      0x146 R:\AVR\arduino\Bottom_heater\Code\Bottom_heater\Bottom_heater\ArduinoCore\Debug\libArduinoCore.a(wiring.o)
 .debug_abbrev  0x00002dbf      0x15b R:\AVR\arduino\Bottom_heater\Code\Bottom_heater\Bottom_heater\ArduinoCore\Debug\libArduinoCore.a(wiring_digital.o)
 .debug_abbrev  0x00002f1a       0x2a R:\AVR\arduino\Bottom_heater\Code\Bottom_heater\Bottom_heater\ArduinoCore\Debug\libArduinoCore.a(hooks.o)
 .debug_abbrev  0x00002f44       0x14 C:/Program Files (x86)/Atmel/Studio/7.0/Packs/atmel/ATmega_DFP/1.2.209/gcc/dev/atmega328p/avr5\libatmega328p.a(eerd_byte.o)

.debug_line     0x00000000     0x3e23
 *(.debug_line .debug_line.* .debug_line_end)
 .debug_line    0x00000000      0x133 C:/Program Files (x86)/Atmel/Studio/7.0/Packs/atmel/ATmega_DFP/1.2.209/gcc/dev/atmega328p/avr5/crtatmega328p.o
 .debug_line    0x00000133      0x242 Dimmer/Dimmer.o
 .debug_line    0x00000375      0x189 Dimmer/DimmerItem.o
 .debug_line    0x000004fe      0x32a Display/Display16x2.o
 .debug_line    0x00000828      0x339 Sketch.o
 .debug_line    0x00000b61      0x41c src/libraries/AutoPID/AutoPID.o
 .debug_line    0x00000f7d      0x719 src/libraries/CyberLib/CyberLib.o
 .debug_line    0x00001696      0x715 src/libraries/LiquidCrystal_I2C/src/LiquidCrystal_I2C.o
 .debug_line    0x00001dab      0x2df src/libraries/MAX6675/max6675.o
 .debug_line    0x0000208a      0x52e src/libraries/Wire/src/utility/twi.o
 .debug_line    0x000025b8      0x608 src/libraries/Wire/src/Wire.o
 .debug_line    0x00002bc0      0x19b Thermometer/Thermometer.o
 .debug_line    0x00002d5b      0x17a R:\AVR\arduino\Bottom_heater\Code\Bottom_heater\Bottom_heater\ArduinoCore\Debug\libArduinoCore.a(main.o)
 .debug_line    0x00002ed5      0x12f R:\AVR\arduino\Bottom_heater\Code\Bottom_heater\Bottom_heater\ArduinoCore\Debug\libArduinoCore.a(new.o)
 .debug_line    0x00003004      0x69a R:\AVR\arduino\Bottom_heater\Code\Bottom_heater\Bottom_heater\ArduinoCore\Debug\libArduinoCore.a(Print.o)
 .debug_line    0x0000369e      0x1b5 R:\AVR\arduino\Bottom_heater\Code\Bottom_heater\Bottom_heater\ArduinoCore\Debug\libArduinoCore.a(WInterrupts.o)
 .debug_line    0x00003853      0x2ae R:\AVR\arduino\Bottom_heater\Code\Bottom_heater\Bottom_heater\ArduinoCore\Debug\libArduinoCore.a(wiring.o)
 .debug_line    0x00003b01      0x267 R:\AVR\arduino\Bottom_heater\Code\Bottom_heater\Bottom_heater\ArduinoCore\Debug\libArduinoCore.a(wiring_digital.o)
 .debug_line    0x00003d68       0x41 R:\AVR\arduino\Bottom_heater\Code\Bottom_heater\Bottom_heater\ArduinoCore\Debug\libArduinoCore.a(hooks.o)
 .debug_line    0x00003da9       0x7a C:/Program Files (x86)/Atmel/Studio/7.0/Packs/atmel/ATmega_DFP/1.2.209/gcc/dev/atmega328p/avr5\libatmega328p.a(eerd_byte.o)

.debug_frame    0x00000000     0x156c
 *(.debug_frame)
 .debug_frame   0x00000000       0x74 Dimmer/Dimmer.o
 .debug_frame   0x00000074       0x50 Dimmer/DimmerItem.o
 .debug_frame   0x000000c4       0xd8 Display/Display16x2.o
 .debug_frame   0x0000019c       0xd8 Sketch.o
 .debug_frame   0x00000274      0x234 src/libraries/AutoPID/AutoPID.o
 .debug_frame   0x000004a8      0x2c4 src/libraries/CyberLib/CyberLib.o
 .debug_frame   0x0000076c      0x29c src/libraries/LiquidCrystal_I2C/src/LiquidCrystal_I2C.o
 .debug_frame   0x00000a08       0x98 src/libraries/MAX6675/max6675.o
 .debug_frame   0x00000aa0      0x134 src/libraries/Wire/src/utility/twi.o
 .debug_frame   0x00000bd4      0x284 src/libraries/Wire/src/Wire.o
 .debug_frame   0x00000e58       0x68 Thermometer/Thermometer.o
 .debug_frame   0x00000ec0       0x54 R:\AVR\arduino\Bottom_heater\Code\Bottom_heater\Bottom_heater\ArduinoCore\Debug\libArduinoCore.a(main.o)
 .debug_frame   0x00000f14       0x54 R:\AVR\arduino\Bottom_heater\Code\Bottom_heater\Bottom_heater\ArduinoCore\Debug\libArduinoCore.a(new.o)
 .debug_frame   0x00000f68      0x3ac R:\AVR\arduino\Bottom_heater\Code\Bottom_heater\Bottom_heater\ArduinoCore\Debug\libArduinoCore.a(Print.o)
 .debug_frame   0x00001314       0xf4 R:\AVR\arduino\Bottom_heater\Code\Bottom_heater\Bottom_heater\ArduinoCore\Debug\libArduinoCore.a(WInterrupts.o)
 .debug_frame   0x00001408       0xc4 R:\AVR\arduino\Bottom_heater\Code\Bottom_heater\Bottom_heater\ArduinoCore\Debug\libArduinoCore.a(wiring.o)
 .debug_frame   0x000014cc       0x7c R:\AVR\arduino\Bottom_heater\Code\Bottom_heater\Bottom_heater\ArduinoCore\Debug\libArduinoCore.a(wiring_digital.o)
 .debug_frame   0x00001548       0x24 R:\AVR\arduino\Bottom_heater\Code\Bottom_heater\Bottom_heater\ArduinoCore\Debug\libArduinoCore.a(hooks.o)

.debug_str      0x00000000     0x3b9c
 *(.debug_str)
 .debug_str     0x00000000      0x208 C:/Program Files (x86)/Atmel/Studio/7.0/Packs/atmel/ATmega_DFP/1.2.209/gcc/dev/atmega328p/avr5/crtatmega328p.o
 .debug_str     0x00000208      0x449 Dimmer/Dimmer.o
                                0x4bc (size before relaxing)
 .debug_str     0x00000651       0x55 Dimmer/DimmerItem.o
                                0x34d (size before relaxing)
 .debug_str     0x000006a6      0x248 Display/Display16x2.o
                                0x4ba (size before relaxing)
 .debug_str     0x000008ee      0x7b3 Sketch.o
                                0xc7e (size before relaxing)
 .debug_str     0x000010a1      0x106 src/libraries/AutoPID/AutoPID.o
                                0x5d8 (size before relaxing)
 .debug_str     0x000011a7      0x3b7 src/libraries/CyberLib/CyberLib.o
                                0x692 (size before relaxing)
 .debug_str     0x0000155e      0x8aa src/libraries/LiquidCrystal_I2C/src/LiquidCrystal_I2C.o
                                0xc11 (size before relaxing)
 .debug_str     0x00001e08       0x83 src/libraries/MAX6675/max6675.o
                                0x3c3 (size before relaxing)
 .debug_str     0x00001e8b      0x2b2 src/libraries/Wire/src/utility/twi.o
                                0x3cb (size before relaxing)
 .debug_str     0x0000213d     0x13c7 src/libraries/Wire/src/Wire.o
                               0x18c2 (size before relaxing)
 .debug_str     0x00003504       0x5e Thermometer/Thermometer.o
                                0x439 (size before relaxing)
 .debug_str     0x00003562       0xaa R:\AVR\arduino\Bottom_heater\Code\Bottom_heater\Bottom_heater\ArduinoCore\Debug\libArduinoCore.a(main.o)
                                0x2af (size before relaxing)
 .debug_str     0x0000360c       0x50 R:\AVR\arduino\Bottom_heater\Code\Bottom_heater\Bottom_heater\ArduinoCore\Debug\libArduinoCore.a(new.o)
                                0x1c5 (size before relaxing)
 .debug_str     0x0000365c      0x38f R:\AVR\arduino\Bottom_heater\Code\Bottom_heater\Bottom_heater\ArduinoCore\Debug\libArduinoCore.a(Print.o)
                               0x123d (size before relaxing)
 .debug_str     0x000039eb       0x72 R:\AVR\arduino\Bottom_heater\Code\Bottom_heater\Bottom_heater\ArduinoCore\Debug\libArduinoCore.a(WInterrupts.o)
                                0x232 (size before relaxing)
 .debug_str     0x00003a5d       0x6d R:\AVR\arduino\Bottom_heater\Code\Bottom_heater\Bottom_heater\ArduinoCore\Debug\libArduinoCore.a(wiring.o)
                                0x245 (size before relaxing)
 .debug_str     0x00003aca       0xb6 R:\AVR\arduino\Bottom_heater\Code\Bottom_heater\Bottom_heater\ArduinoCore\Debug\libArduinoCore.a(wiring_digital.o)
                                0x2aa (size before relaxing)
 .debug_str     0x00003b80       0x1c R:\AVR\arduino\Bottom_heater\Code\Bottom_heater\Bottom_heater\ArduinoCore\Debug\libArduinoCore.a(hooks.o)
                                0x13a (size before relaxing)

.debug_loc      0x00000000     0x60cf
 *(.debug_loc)
 .debug_loc     0x00000000       0xe4 Dimmer/Dimmer.o
 .debug_loc     0x000000e4       0xe7 Dimmer/DimmerItem.o
 .debug_loc     0x000001cb      0x3e0 Display/Display16x2.o
 .debug_loc     0x000005ab      0x293 Sketch.o
 .debug_loc     0x0000083e      0x74b src/libraries/AutoPID/AutoPID.o
 .debug_loc     0x00000f89      0x9e4 src/libraries/CyberLib/CyberLib.o
 .debug_loc     0x0000196d      0xb09 src/libraries/LiquidCrystal_I2C/src/LiquidCrystal_I2C.o
 .debug_loc     0x00002476      0x395 src/libraries/MAX6675/max6675.o
 .debug_loc     0x0000280b      0x3e6 src/libraries/Wire/src/utility/twi.o
 .debug_loc     0x00002bf1      0xbfd src/libraries/Wire/src/Wire.o
 .debug_loc     0x000037ee      0x150 Thermometer/Thermometer.o
 .debug_loc     0x0000393e       0x4c R:\AVR\arduino\Bottom_heater\Code\Bottom_heater\Bottom_heater\ArduinoCore\Debug\libArduinoCore.a(new.o)
 .debug_loc     0x0000398a     0x1c87 R:\AVR\arduino\Bottom_heater\Code\Bottom_heater\Bottom_heater\ArduinoCore\Debug\libArduinoCore.a(Print.o)
 .debug_loc     0x00005611      0x235 R:\AVR\arduino\Bottom_heater\Code\Bottom_heater\Bottom_heater\ArduinoCore\Debug\libArduinoCore.a(WInterrupts.o)
 .debug_loc     0x00005846      0x28d R:\AVR\arduino\Bottom_heater\Code\Bottom_heater\Bottom_heater\ArduinoCore\Debug\libArduinoCore.a(wiring.o)
 .debug_loc     0x00005ad3      0x5fc R:\AVR\arduino\Bottom_heater\Code\Bottom_heater\Bottom_heater\ArduinoCore\Debug\libArduinoCore.a(wiring_digital.o)

.debug_macinfo
 *(.debug_macinfo)

.debug_weaknames
 *(.debug_weaknames)

.debug_funcnames
 *(.debug_funcnames)

.debug_typenames
 *(.debug_typenames)

.debug_varnames
 *(.debug_varnames)

.debug_pubtypes
 *(.debug_pubtypes)

.debug_ranges   0x00000000      0x708
 *(.debug_ranges)
 .debug_ranges  0x00000000       0x38 Dimmer/Dimmer.o
 .debug_ranges  0x00000038       0x20 Dimmer/DimmerItem.o
 .debug_ranges  0x00000058       0x30 Display/Display16x2.o
 .debug_ranges  0x00000088       0x18 Sketch.o
 .debug_ranges  0x000000a0       0x80 src/libraries/AutoPID/AutoPID.o
 .debug_ranges  0x00000120      0x148 src/libraries/CyberLib/CyberLib.o
 .debug_ranges  0x00000268      0x108 src/libraries/LiquidCrystal_I2C/src/LiquidCrystal_I2C.o
 .debug_ranges  0x00000370       0x28 src/libraries/MAX6675/max6675.o
 .debug_ranges  0x00000398       0x70 src/libraries/Wire/src/utility/twi.o
 .debug_ranges  0x00000408       0xe8 src/libraries/Wire/src/Wire.o
 .debug_ranges  0x000004f0       0x20 Thermometer/Thermometer.o
 .debug_ranges  0x00000510       0x20 R:\AVR\arduino\Bottom_heater\Code\Bottom_heater\Bottom_heater\ArduinoCore\Debug\libArduinoCore.a(main.o)
 .debug_ranges  0x00000530       0x18 R:\AVR\arduino\Bottom_heater\Code\Bottom_heater\Bottom_heater\ArduinoCore\Debug\libArduinoCore.a(new.o)
 .debug_ranges  0x00000548      0x120 R:\AVR\arduino\Bottom_heater\Code\Bottom_heater\Bottom_heater\ArduinoCore\Debug\libArduinoCore.a(Print.o)
 .debug_ranges  0x00000668       0x30 R:\AVR\arduino\Bottom_heater\Code\Bottom_heater\Bottom_heater\ArduinoCore\Debug\libArduinoCore.a(WInterrupts.o)
 .debug_ranges  0x00000698       0x38 R:\AVR\arduino\Bottom_heater\Code\Bottom_heater\Bottom_heater\ArduinoCore\Debug\libArduinoCore.a(wiring.o)
 .debug_ranges  0x000006d0       0x28 R:\AVR\arduino\Bottom_heater\Code\Bottom_heater\Bottom_heater\ArduinoCore\Debug\libArduinoCore.a(wiring_digital.o)
 .debug_ranges  0x000006f8       0x10 R:\AVR\arduino\Bottom_heater\Code\Bottom_heater\Bottom_heater\ArduinoCore\Debug\libArduinoCore.a(hooks.o)

.debug_macro
 *(.debug_macro)
OUTPUT(Bottom_heater.elf elf32-avr)
LOAD linker stubs
