Archive member included to satisfy reference by file (symbol)

c:/program files (x86)/atmel/studio/7.0/toolchain/avr8/avr8-gnu-toolchain/bin/../lib/gcc/avr/5.4.0/../../../../avr/lib/avr5\libm.a(addsf3.o)
                              Menu/MenuDoubleItem.o (__subsf3)
c:/program files (x86)/atmel/studio/7.0/toolchain/avr8/avr8-gnu-toolchain/bin/../lib/gcc/avr/5.4.0/../../../../avr/lib/avr5\libm.a(addsf3x.o)
                              c:/program files (x86)/atmel/studio/7.0/toolchain/avr8/avr8-gnu-toolchain/bin/../lib/gcc/avr/5.4.0/../../../../avr/lib/avr5\libm.a(addsf3.o) (__addsf3x)
c:/program files (x86)/atmel/studio/7.0/toolchain/avr8/avr8-gnu-toolchain/bin/../lib/gcc/avr/5.4.0/../../../../avr/lib/avr5\libm.a(cmpsf2.o)
                              Sketch.o (__nesf2)
c:/program files (x86)/atmel/studio/7.0/toolchain/avr8/avr8-gnu-toolchain/bin/../lib/gcc/avr/5.4.0/../../../../avr/lib/avr5\libm.a(divsf3.o)
                              Sketch.o (__divsf3)
c:/program files (x86)/atmel/studio/7.0/toolchain/avr8/avr8-gnu-toolchain/bin/../lib/gcc/avr/5.4.0/../../../../avr/lib/avr5\libm.a(divsf3x.o)
                              c:/program files (x86)/atmel/studio/7.0/toolchain/avr8/avr8-gnu-toolchain/bin/../lib/gcc/avr/5.4.0/../../../../avr/lib/avr5\libm.a(divsf3.o) (__divsf3x)
c:/program files (x86)/atmel/studio/7.0/toolchain/avr8/avr8-gnu-toolchain/bin/../lib/gcc/avr/5.4.0/../../../../avr/lib/avr5\libm.a(fixsfsi.o)
                              Sketch.o (__fixsfsi)
c:/program files (x86)/atmel/studio/7.0/toolchain/avr8/avr8-gnu-toolchain/bin/../lib/gcc/avr/5.4.0/../../../../avr/lib/avr5\libm.a(fixunssfsi.o)
                              c:/program files (x86)/atmel/studio/7.0/toolchain/avr8/avr8-gnu-toolchain/bin/../lib/gcc/avr/5.4.0/../../../../avr/lib/avr5\libm.a(fixsfsi.o) (__fixunssfsi)
c:/program files (x86)/atmel/studio/7.0/toolchain/avr8/avr8-gnu-toolchain/bin/../lib/gcc/avr/5.4.0/../../../../avr/lib/avr5\libm.a(floatsisf.o)
                              src/libraries/AutoPID/AutoPID.o (__floatunsisf)
c:/program files (x86)/atmel/studio/7.0/toolchain/avr8/avr8-gnu-toolchain/bin/../lib/gcc/avr/5.4.0/../../../../avr/lib/avr5\libm.a(fp_cmp.o)
                              c:/program files (x86)/atmel/studio/7.0/toolchain/avr8/avr8-gnu-toolchain/bin/../lib/gcc/avr/5.4.0/../../../../avr/lib/avr5\libm.a(cmpsf2.o) (__fp_cmp)
c:/program files (x86)/atmel/studio/7.0/toolchain/avr8/avr8-gnu-toolchain/bin/../lib/gcc/avr/5.4.0/../../../../avr/lib/avr5\libm.a(fp_inf.o)
                              c:/program files (x86)/atmel/studio/7.0/toolchain/avr8/avr8-gnu-toolchain/bin/../lib/gcc/avr/5.4.0/../../../../avr/lib/avr5\libm.a(addsf3x.o) (__fp_inf)
c:/program files (x86)/atmel/studio/7.0/toolchain/avr8/avr8-gnu-toolchain/bin/../lib/gcc/avr/5.4.0/../../../../avr/lib/avr5\libm.a(fp_nan.o)
                              c:/program files (x86)/atmel/studio/7.0/toolchain/avr8/avr8-gnu-toolchain/bin/../lib/gcc/avr/5.4.0/../../../../avr/lib/avr5\libm.a(addsf3x.o) (__fp_nan)
c:/program files (x86)/atmel/studio/7.0/toolchain/avr8/avr8-gnu-toolchain/bin/../lib/gcc/avr/5.4.0/../../../../avr/lib/avr5\libm.a(fp_pscA.o)
                              c:/program files (x86)/atmel/studio/7.0/toolchain/avr8/avr8-gnu-toolchain/bin/../lib/gcc/avr/5.4.0/../../../../avr/lib/avr5\libm.a(addsf3x.o) (__fp_pscA)
c:/program files (x86)/atmel/studio/7.0/toolchain/avr8/avr8-gnu-toolchain/bin/../lib/gcc/avr/5.4.0/../../../../avr/lib/avr5\libm.a(fp_pscB.o)
                              c:/program files (x86)/atmel/studio/7.0/toolchain/avr8/avr8-gnu-toolchain/bin/../lib/gcc/avr/5.4.0/../../../../avr/lib/avr5\libm.a(addsf3x.o) (__fp_pscB)
c:/program files (x86)/atmel/studio/7.0/toolchain/avr8/avr8-gnu-toolchain/bin/../lib/gcc/avr/5.4.0/../../../../avr/lib/avr5\libm.a(fp_round.o)
                              c:/program files (x86)/atmel/studio/7.0/toolchain/avr8/avr8-gnu-toolchain/bin/../lib/gcc/avr/5.4.0/../../../../avr/lib/avr5\libm.a(addsf3.o) (__fp_round)
c:/program files (x86)/atmel/studio/7.0/toolchain/avr8/avr8-gnu-toolchain/bin/../lib/gcc/avr/5.4.0/../../../../avr/lib/avr5\libm.a(fp_split3.o)
                              c:/program files (x86)/atmel/studio/7.0/toolchain/avr8/avr8-gnu-toolchain/bin/../lib/gcc/avr/5.4.0/../../../../avr/lib/avr5\libm.a(addsf3x.o) (__fp_split3)
c:/program files (x86)/atmel/studio/7.0/toolchain/avr8/avr8-gnu-toolchain/bin/../lib/gcc/avr/5.4.0/../../../../avr/lib/avr5\libm.a(fp_zero.o)
                              c:/program files (x86)/atmel/studio/7.0/toolchain/avr8/avr8-gnu-toolchain/bin/../lib/gcc/avr/5.4.0/../../../../avr/lib/avr5\libm.a(addsf3x.o) (__fp_zero)
c:/program files (x86)/atmel/studio/7.0/toolchain/avr8/avr8-gnu-toolchain/bin/../lib/gcc/avr/5.4.0/../../../../avr/lib/avr5\libm.a(gesf2.o)
                              Sketch.o (__gesf2)
c:/program files (x86)/atmel/studio/7.0/toolchain/avr8/avr8-gnu-toolchain/bin/../lib/gcc/avr/5.4.0/../../../../avr/lib/avr5\libm.a(mulsf3.o)
[...]
Memory Configuration

Name             Origin             Length             Attributes
text             0x00000000         0x00020000         xr
data             0x00800060         0x0000ffa0         rw !x
eeprom           0x00810000         0x00010000         rw !x
fuse             0x00820000         0x00000003         rw !x
lock             0x00830000         0x00000400         rw !x
signature        0x00840000         0x00000400         rw !x
user_signatures  0x00850000         0x00000400         rw !x
*default*        0x00000000         0xffffffff

Linker script and memory map

Address of section .data set to 0x800100
LOAD C:/Program Files (x86)/Atmel/Studio/7.0/Packs/atmel/ATmega_DFP/1.2.209/gcc/dev/atmega328p/avr5/crtatmega328p.o
LOAD Buzzer/Buzzer.o
LOAD Dimmer/Dimmer.o
LOAD Dimmer/DimmerItem.o
LOAD Display/Display16x2.o
LOAD Extensions/EepromExtension.o
LOAD Menu/Menu.o
LOAD Menu/MenuActionItem.o
LOAD Menu/MenuBoolItem.o
LOAD Menu/MenuDoubleItem.o
LOAD Menu/MenuIntItem.o
LOAD Menu/MenuItem.o
LOAD Sketch.o
LOAD src/libraries/AutoPID/AutoPID.o
LOAD src/libraries/Encoder_tmr/iarduino_Encoder_tmr.o
LOAD src/libraries/LiquidCrystal_I2C/src/LiquidCrystal_I2C.o
LOAD src/libraries/MAX6675/max6675.o
LOAD src/libraries/PID/PID_v1.o
LOAD src/libraries/SimpleTimer/SimpleTimer.o
LOAD src/libraries/Wire/src/utility/twi.o
LOAD src/libraries/Wire/src/Wire.o
LOAD Thermometer/Thermometer.o
START GROUP
LOAD c:/program files (x86)/atmel/studio/7.0/toolchain/avr8/avr8-gnu-toolchain/bin/../lib/gcc/avr/5.4.0/../../../../avr/lib/avr5\libm.a
LOAD R:\AVR\arduino\Bottom_heater\Code\Bottom_heater\Bottom_heater\ArduinoCore\Debug\libArduinoCore.a
END GROUP
LOAD c:/program files (x86)/atmel/studio/7.0/toolchain/avr8/avr8-gnu-toolchain/bin/../lib/gcc/avr/5.4.0/avr5\libgcc.a
LOAD c:/program files (x86)/atmel/studio/7.0/toolchain/avr8/avr8-gnu-toolchain/bin/../lib/gcc/avr/5.4.0/../../../../avr/lib/avr5\libm.a
START GROUP
LOAD c:/program files (x86)/atmel/studio/7.0/toolchain/avr8/avr8-gnu-toolchain/bin/../lib/gcc/avr/5.4.0/avr5\libgcc.a
LOAD c:/program files (x86)/atmel/studio/7.0/toolchain/avr8/avr8-gnu-toolchain/bin/../lib/gcc/avr/5.4.0/../../../../avr/lib/avr5\libm.a
LOAD c:/program files (x86)/atmel/studio/7.0/toolchain/avr8/avr8-gnu-toolchain/bin/../lib/gcc/avr/5.4.0/../../../../avr/lib/avr5\libc.a
LOAD C:/Program Files (x86)/Atmel/Studio/7.0/Packs/atmel/ATmega_DFP/1.2.209/gcc/dev/atmega328p/avr5\libatmega328p.a
END GROUP
                0x00020000                __TEXT_REGION_LENGTH__ = DEFINED (__TEXT_REGION_LENGTH__)?__TEXT_REGION_LENGTH__:0x20000
                0x0000ffa0                __DATA_REGION_LENGTH__ = DEFINED (__DATA_REGION_LENGTH__)?__DATA_REGION_LENGTH__:0xffa0
                0x00010000                __EEPROM_REGION_LENGTH__ = DEFINED (__EEPROM_REGION_LENGTH__)?__EEPROM_REGION_LENGTH__:0x10000
                [0x00000003]                __FUSE_REGION_LENGTH__ = DEFINED (__FUSE_REGION_LENGTH__)?__FUSE_REGION_LENGTH__:0x400
                0x00000400                __LOCK_REGION_LENGTH__ = DEFINED (__LOCK_REGION_LENGTH__)?__LOCK_REGION_LENGTH__:0x400
                0x00000400                __SIGNATURE_REGION_LENGTH__ = DEFINED (__SIGNATURE_REGION_LENGTH__)?__SIGNATURE_REGION_LENGTH__:0x400
                0x00000400                __USER_SIGNATURE_REGION_LENGTH__ = DEFINED (__USER_SIGNATURE_REGION_LENGTH__)?__USER_SIGNATURE_REGION_LENGTH__:0x400

.hash
 *(.hash)

.dynsym
 *(.dynsym)

.dynstr
 *(.dynstr)

.gnu.version
 *(.gnu.version)

.gnu.version_d
 *(.gnu.version_d)

.gnu.version_r
 *(.gnu.version_r)

.rel.init
 *(.rel.init)

.rela.init
 *(.rela.init)

.rel.text
 *(.rel.text)
 *(.rel.text.*)
 *(.rel.gnu.linkonce.t*)

.rela.text
 *(.rela.text)
 *(.rela.text.*)
 *(.rela.gnu.linkonce.t*)

.rel.fini
 *(.rel.fini)

.rela.fini
 *(.rela.fini)

.rel.rodata
 *(.rel.rodata)
 *(.rel.rodata.*)
 *(.rel.gnu.linkonce.r*)

.rela.rodata
 *(.rela.rodata)
 *(.rela.rodata.*)
 *(.rela.gnu.linkonce.r*)

.rel.data
 *(.rel.data)
 *(.rel.data.*)
 *(.rel.gnu.linkonce.d*)

.rela.data
 *(.rela.data)
 *(.rela.data.*)
 *(.rela.gnu.linkonce.d*)

.rel.ctors
 *(.rel.ctors)

.rela.ctors
 *(.rela.ctors)

.rel.dtors
 *(.rel.dtors)

.rela.dtors
 *(.rela.dtors)

.rel.got
 *(.rel.got)

.rela.got
 *(.rela.got)

.rel.bss
 *(.rel.bss)

.rela.bss
 *(.rela.bss)

.rel.plt
 *(.rel.plt)

.rela.plt
 *(.rela.plt)

.text           0x00000000     0x4248
 *(.vectors)
 .vectors       0x00000000       0x68 C:/Program Files (x86)/Atmel/Studio/7.0/Packs/atmel/ATmega_DFP/1.2.209/gcc/dev/atmega328p/avr5/crtatmega328p.o
                0x00000000                __vector_default
                0x00000000                __vectors
 *(.vectors)
 *(.progmem.gcc*)
                0x00000068                . = ALIGN (0x2)
                0x00000068                __trampolines_start = .
 *(.trampolines)
 .trampolines   0x00000068        0x0 linker stubs
 *(.trampolines*)
                0x00000068                __trampolines_end = .
 *libprintf_flt.a:*(.progmem.data)
 *libc.a:*(.progmem.data)
 *(.progmem*)
 .progmem.data.digital_pin_to_timer_PGM
                0x00000068       0x14 R:\AVR\arduino\Bottom_heater\Code\Bottom_heater\Bottom_heater\ArduinoCore\Debug\libArduinoCore.a(wiring_digital.o)
                0x00000068                digital_pin_to_timer_PGM
 .progmem.data.digital_pin_to_bit_mask_PGM
                0x0000007c       0x14 R:\AVR\arduino\Bottom_heater\Code\Bottom_heater\Bottom_heater\ArduinoCore\Debug\libArduinoCore.a(wiring_digital.o)
                0x0000007c                digital_pin_to_bit_mask_PGM
 .progmem.data.digital_pin_to_port_PGM
                0x00000090       0x14 R:\AVR\arduino\Bottom_heater\Code\Bottom_heater\Bottom_heater\ArduinoCore\Debug\libArduinoCore.a(wiring_digital.o)
                0x00000090                digital_pin_to_port_PGM
 .progmem.data.port_to_input_PGM
                0x000000a4        0xa R:\AVR\arduino\Bottom_heater\Code\Bottom_heater\Bottom_heater\ArduinoCore\Debug\libArduinoCore.a(wiring_digital.o)
                0x000000a4                port_to_input_PGM
 .progmem.data.port_to_output_PGM
                0x000000ae        0xa R:\AVR\arduino\Bottom_heater\Code\Bottom_heater\Bottom_heater\ArduinoCore\Debug\libArduinoCore.a(wiring_digital.o)
                0x000000ae                port_to_output_PGM
 .progmem.data.port_to_mode_PGM
                0x000000b8        0xa R:\AVR\arduino\Bottom_heater\Code\Bottom_heater\Bottom_heater\ArduinoCore\Debug\libArduinoCore.a(wiring_digital.o)
                0x000000b8                port_to_mode_PGM
                0x000000c2                . = ALIGN (0x2)
 *(.jumptables)
 *(.jumptables*)
 *(.lowtext)
 *(.lowtext*)
                0x000000c2                __ctors_start = .
 *(.ctors)
 .ctors         0x000000c2        0x2 src/libraries/Encoder_tmr/iarduino_Encoder_tmr.o
 .ctors         0x000000c4        0x2 src/libraries/Wire/src/Wire.o
 .ctors         0x000000c6        0x2 R:\AVR\arduino\Bottom_heater\Code\Bottom_heater\Bottom_heater\ArduinoCore\Debug\libArduinoCore.a(HardwareSerial0.o)
                0x000000c8                __ctors_end = .
                0x000000c8                __dtors_start = .
 *(.dtors)
                0x000000c8                __dtors_end = .
 SORT(*)(.ctors)
 SORT(*)(.dtors)
 *(.init0)
 .init0         0x000000c8        0x0 C:/Program Files (x86)/Atmel/Studio/7.0/Packs/atmel/ATmega_DFP/1.2.209/gcc/dev/atmega328p/avr5/crtatmega328p.o
                0x000000c8                __init
 *(.init0)
 *(.init1)
 *(.init1)
 *(.init2)
 .init2         0x000000c8        0xc C:/Program Files (x86)/Atmel/Studio/7.0/Packs/atmel/ATmega_DFP/1.2.209/gcc/dev/atmega328p/avr5/crtatmega328p.o
 *(.init2)
 *(.init3)
 *(.init3)
 *(.init4)
 .init4         0x000000d4       0x16 c:/program files (x86)/atmel/studio/7.0/toolchain/avr8/avr8-gnu-toolchain/bin/../lib/gcc/avr/5.4.0/avr5\libgcc.a(_copy_data.o)
                0x000000d4                __do_copy_data
 .init4         0x000000ea       0x10 c:/program files (x86)/atmel/studio/7.0/toolchain/avr8/avr8-gnu-toolchain/bin/../lib/gcc/avr/5.4.0/avr5\libgcc.a(_clear_bss.o)
                0x000000ea                __do_clear_bss
 *(.init4)
 *(.init5)
 *(.init5)
 *(.init6)
 .init6         0x000000fa       0x16 c:/program files (x86)/atmel/studio/7.0/toolchain/avr8/avr8-gnu-toolchain/bin/../lib/gcc/avr/5.4.0/avr5\libgcc.a(_ctors.o)
                0x000000fa                __do_global_ctors
 *(.init6)
 *(.init7)
 *(.init7)
 *(.init8)
 *(.init8)
 *(.init9)
 .init9         0x00000110        0x8 C:/Program Files (x86)/Atmel/Studio/7.0/Packs/atmel/ATmega_DFP/1.2.209/gcc/dev/atmega328p/avr5/crtatmega328p.o
 *(.init9)
 *(.text)
 .text          0x00000118        0x4 C:/Program Files (x86)/Atmel/Studio/7.0/Packs/atmel/ATmega_DFP/1.2.209/gcc/dev/atmega328p/avr5/crtatmega328p.o
                0x00000118                __vector_22
                0x00000118                __vector_12
                0x00000118                __bad_interrupt
                0x00000118                __vector_6
                0x00000118                __vector_3
                0x00000118                __vector_23
                0x00000118                __vector_25
                0x00000118                __vector_11
                0x00000118                __vector_13
                0x00000118                __vector_17
                0x00000118                __vector_5
                0x00000118                __vector_4
                0x00000118                __vector_9
                0x00000118                __vector_21
                0x00000118                __vector_15
                0x00000118                __vector_8
                0x00000118                __vector_14
                0x00000118                __vector_10
                0x00000118                __vector_20
                0x0000011c                . = ALIGN (0x2)
 *(.text.*)
 .text._Z18BeepTimerInterruptv
                0x0000011c       0x20 Buzzer/Buzzer.o
                0x0000011c                _Z18BeepTimerInterruptv
 .text._ZN6BuzzerC2Ei
                0x0000013c       0x5a Buzzer/Buzzer.o
                0x0000013c                _ZN6BuzzerC2Ei
                0x0000013c                _ZN6BuzzerC1Ei
 .text._ZN6Buzzer3RunEv
                0x00000196        0xc Buzzer/Buzzer.o
                0x00000196                _ZN6Buzzer3RunEv
 .text._ZN6Buzzer8BuzzerOnEl
                0x000001a2       0x60 Buzzer/Buzzer.o
                0x000001a2                _ZN6Buzzer8BuzzerOnEl
 .text._Z14TimerInterruptv
                0x00000202       0x5a Dimmer/Dimmer.o
                0x00000202                _Z14TimerInterruptv
 .text._Z10DetectDownv
                0x0000025c       0x4c Dimmer/Dimmer.o
                0x0000025c                _Z10DetectDownv
 .text._Z8DetectUpv
                0x000002a8       0x3e Dimmer/Dimmer.o
                0x000002a8                _Z8DetectUpv
 .text._ZN6DimmerC2EiP10DimmerItemPi
                0x000002e6       0x72 Dimmer/Dimmer.o
                0x000002e6                _ZN6DimmerC2EiP10DimmerItemPi
                0x000002e6                _ZN6DimmerC1EiP10DimmerItemPi
 .text._ZN6Dimmer15UpdateItemValueEPi
                0x00000358        0xa Dimmer/Dimmer.o
                0x00000358                _ZN6Dimmer15UpdateItemValueEPi
 .text._ZN6Dimmer6UpdateEv
                0x00000362        0xc Dimmer/Dimmer.o
                0x00000362                _ZN6Dimmer6UpdateEv
 .text._ZN10DimmerItemC2Ei
                0x0000036e       0x1e Dimmer/DimmerItem.o
                0x0000036e                _ZN10DimmerItemC1Ei
                0x0000036e                _ZN10DimmerItemC2Ei
 .text._ZN10DimmerItem11UpdateValueEi
                0x0000038c        0xa Dimmer/DimmerItem.o
                0x0000038c                _ZN10DimmerItem11UpdateValueEi
 .text._ZN10DimmerItemD2Ev
                0x00000396        0x2 Dimmer/DimmerItem.o
                0x00000396                _ZN10DimmerItemD2Ev
                0x00000396                _ZN10DimmerItemD1Ev
 .text._ZN11Display16x2C2EP17LiquidCrystal_I2C
                0x00000398        0x8 Display/Display16x2.o
                0x00000398                _ZN11Display16x2C1EP17LiquidCrystal_I2C
                0x00000398                _ZN11Display16x2C2EP17LiquidCrystal_I2C
 .text._ZN11Display16x215PrintLineValuesEiiii
                0x000003a0      0x1ac Display/Display16x2.o
                0x000003a0                _ZN11Display16x215PrintLineValuesEiiii
 .text._ZN15EepromExtensionC2Ev
                0x0000054c        0x2 Extensions/EepromExtension.o
                0x0000054c                _ZN15EepromExtensionC1Ev
                0x0000054c                _ZN15EepromExtensionC2Ev
 .text._ZN15EepromExtension4ReadEi
                0x0000054e        0x6 Extensions/EepromExtension.o
                0x0000054e                _ZN15EepromExtension4ReadEi
 .text._ZN15EepromExtension5WriteEih
                0x00000554        0x8 Extensions/EepromExtension.o
                0x00000554                _ZN15EepromExtension5WriteEih
 .text._ZN15EepromExtension7IntReadEi
                0x0000055c       0x24 Extensions/EepromExtension.o
                0x0000055c                _ZN15EepromExtension7IntReadEi
 .text._ZN15EepromExtension8IntWriteEii
                0x00000580       0x22 Extensions/EepromExtension.o
                0x00000580                _ZN15EepromExtension8IntWriteEii
 .text._ZN4MenuC2EP9IMenuItem
                0x000005a2        0x8 Menu/Menu.o
                0x000005a2                _ZN4MenuC1EP9IMenuItem
                0x000005a2                _ZN4MenuC2EP9IMenuItem
 .text._ZN4Menu4GoUpEv
                0x000005aa       0x14 Menu/Menu.o
                0x000005aa                _ZN4Menu4GoUpEv
 .text._ZN4Menu6GoDownEv
                0x000005be       0x14 Menu/Menu.o
                0x000005be                _ZN4Menu6GoDownEv
 .text._ZN4Menu5BeginEv
                0x000005d2       0x14 Menu/Menu.o
                0x000005d2                _ZN4Menu5BeginEv
 .text._ZN4Menu8GoChoiceEv
                0x000005e6       0x26 Menu/Menu.o
                0x000005e6                _ZN4Menu8GoChoiceEv
 .text._ZN4Menu6GoMainEv
                0x0000060c       0x14 Menu/Menu.o
                0x0000060c                _ZN4Menu6GoMainEv
 .text._ZN14MenuActionItemD2Ev
                0x00000620        0x2 Menu/MenuActionItem.o
                0x00000620                _ZN14MenuActionItemD2Ev
                0x00000620                _ZN14MenuActionItemD1Ev
 .text._ZN14MenuActionItem8GoChoiceEv
                0x00000622        0x8 Menu/MenuActionItem.o
                0x00000622                _ZN14MenuActionItem8GoChoiceEv
 .text._ZN14MenuActionItem7GetNameEv
                0x0000062a        0x8 Menu/MenuActionItem.o
                0x0000062a                _ZN14MenuActionItem7GetNameEv
 .text._ZN14MenuActionItem5BeginEv
                0x00000632        0xc Menu/MenuActionItem.o
                0x00000632                _ZN14MenuActionItem5BeginEv
 .text._ZN14MenuActionItem6GoMainEv
                0x0000063e        0x2 Menu/MenuActionItem.o
                0x0000063e                _ZN14MenuActionItem4GoUpEv
                0x0000063e                _ZN14MenuActionItem6GoDownEv
                0x0000063e                _ZN14MenuActionItem6GoMainEv
 .text._ZN14MenuActionItemD0Ev
                0x00000640        0x4 Menu/MenuActionItem.o
                0x00000640                _ZN14MenuActionItemD0Ev
 .text._ZN14MenuActionItemC2EPcP9IMenuItemPFvvE
                0x00000644       0x18 Menu/MenuActionItem.o
                0x00000644                _ZN14MenuActionItemC1EPcP9IMenuItemPFvvE
                0x00000644                _ZN14MenuActionItemC2EPcP9IMenuItemPFvvE
 .text._ZN12MenuBoolItemD2Ev
                0x0000065c        0x2 Menu/MenuBoolItem.o
                0x0000065c                _ZN12MenuBoolItemD2Ev
                0x0000065c                _ZN12MenuBoolItemD1Ev
 .text._ZN12MenuBoolItem4GoUpEv
                0x0000065e       0x1e Menu/MenuBoolItem.o
                0x0000065e                _ZN12MenuBoolItem4GoUpEv
 .text._ZN12MenuBoolItem6GoDownEv
                0x0000067c        0xe Menu/MenuBoolItem.o
                0x0000067c                _ZN12MenuBoolItem6GoDownEv
 .text._ZN12MenuBoolItem8GoChoiceEv
                0x0000068a        0x8 Menu/MenuBoolItem.o
                0x0000068a                _ZN12MenuBoolItem8GoChoiceEv
 .text._ZN12MenuBoolItem7GetNameEv
                0x00000692        0x8 Menu/MenuBoolItem.o
                0x00000692                _ZN12MenuBoolItem7GetNameEv
 .text._ZN12MenuBoolItem6GoMainEv
                0x0000069a        0x2 Menu/MenuBoolItem.o
                0x0000069a                _ZN12MenuBoolItem6GoMainEv
 .text._ZN12MenuBoolItemD0Ev
                0x0000069c        0x4 Menu/MenuBoolItem.o
                0x0000069c                _ZN12MenuBoolItemD0Ev
 .text._ZN12MenuBoolItem5BeginEv
                0x000006a0       0x52 Menu/MenuBoolItem.o
                0x000006a0                _ZN12MenuBoolItem5BeginEv
 .text._ZN12MenuBoolItemC2EPcPbP9IMenuItemP17LiquidCrystal_I2C
                0x000006f2       0x24 Menu/MenuBoolItem.o
                0x000006f2                _ZN12MenuBoolItemC1EPcPbP9IMenuItemP17LiquidCrystal_I2C
                0x000006f2                _ZN12MenuBoolItemC2EPcPbP9IMenuItemP17LiquidCrystal_I2C
 .text._ZN14MenuDoubleItemD2Ev
                0x00000716        0x2 Menu/MenuDoubleItem.o
                0x00000716                _ZN14MenuDoubleItemD2Ev
                0x00000716                _ZN14MenuDoubleItemD1Ev
 .text._ZN14MenuDoubleItem4GoUpEv
                0x00000718       0x44 Menu/MenuDoubleItem.o
                0x00000718                _ZN14MenuDoubleItem4GoUpEv
 .text._ZN14MenuDoubleItem6GoDownEv
                0x0000075c       0x44 Menu/MenuDoubleItem.o
                0x0000075c                _ZN14MenuDoubleItem6GoDownEv
 .text._ZN14MenuDoubleItem8GoChoiceEv
                0x000007a0        0x8 Menu/MenuDoubleItem.o
                0x000007a0                _ZN14MenuDoubleItem8GoChoiceEv
 .text._ZN14MenuDoubleItem7GetNameEv
                0x000007a8        0x8 Menu/MenuDoubleItem.o
                0x000007a8                _ZN14MenuDoubleItem7GetNameEv
 .text._ZN14MenuDoubleItem6GoMainEv
                0x000007b0        0x2 Menu/MenuDoubleItem.o
                0x000007b0                _ZN14MenuDoubleItem6GoMainEv
 .text._ZN14MenuDoubleItemD0Ev
                0x000007b2        0x4 Menu/MenuDoubleItem.o
                0x000007b2                _ZN14MenuDoubleItemD0Ev
 .text._ZN14MenuDoubleItem5BeginEv
                0x000007b6       0x4e Menu/MenuDoubleItem.o
                0x000007b6                _ZN14MenuDoubleItem5BeginEv
 .text._ZN14MenuDoubleItemC2EPcPdP9IMenuItemP17LiquidCrystal_I2C
                0x00000804       0x24 Menu/MenuDoubleItem.o
                0x00000804                _ZN14MenuDoubleItemC2EPcPdP9IMenuItemP17LiquidCrystal_I2C
                0x00000804                _ZN14MenuDoubleItemC1EPcPdP9IMenuItemP17LiquidCrystal_I2C
 .text._ZN8MenuItemD2Ev
                0x00000828        0x2 Menu/MenuItem.o
                0x00000828                _ZN8MenuItemD1Ev
                0x00000828                _ZN8MenuItemD2Ev
 .text._ZN8MenuItem4GoUpEv
                0x0000082a       0x3a Menu/MenuItem.o
                0x0000082a                _ZN8MenuItem4GoUpEv
 .text._ZN8MenuItem6GoDownEv
                0x00000864       0x3a Menu/MenuItem.o
                0x00000864                _ZN8MenuItem6GoDownEv
 .text._ZN8MenuItem8GoChoiceEv
                0x0000089e       0x20 Menu/MenuItem.o
                0x0000089e                _ZN8MenuItem8GoChoiceEv
 .text._ZN8MenuItem7GetNameEv
                0x000008be        0x8 Menu/MenuItem.o
                0x000008be                _ZN8MenuItem7GetNameEv
 .text._ZN8MenuItem6GoMainEv
                0x000008c6        0x8 Menu/MenuItem.o
                0x000008c6                _ZN8MenuItem6GoMainEv
 .text._ZN8MenuItemD0Ev
                0x000008ce        0x4 Menu/MenuItem.o
                0x000008ce                _ZN8MenuItemD0Ev
 .text._ZN8MenuItem5BeginEv
                0x000008d2       0x62 Menu/MenuItem.o
                0x000008d2                _ZN8MenuItem5BeginEv
 .text._ZN8MenuItemC2EPcPP9IMenuItemiP17LiquidCrystal_I2C
                0x00000934       0x28 Menu/MenuItem.o
                0x00000934                _ZN8MenuItemC2EPcPP9IMenuItemiP17LiquidCrystal_I2C
                0x00000934                _ZN8MenuItemC1EPcPP9IMenuItemiP17LiquidCrystal_I2C
 .text._Z18ExitSoundMenuClickv
                0x0000095c       0x22 Sketch.o
                0x0000095c                _Z18ExitSoundMenuClickv
 .text._Z21TimerHeatingInterruptv
                0x0000097e      0x150 Sketch.o
                0x0000097e                _Z21TimerHeatingInterruptv
 .text._Z13CheckTempBeepv
                0x00000ace       0xbe Sketch.o
                0x00000ace                _Z13CheckTempBeepv
 .text._Z13HeatingUpdatev
                0x00000b8c       0x96 Sketch.o
                0x00000b8c                _Z13HeatingUpdatev
 .text._Z13DisplayUpdatev
                0x00000c22      0x116 Sketch.o
                0x00000c22                _Z13DisplayUpdatev
 .text._Z22TimerUpdateTemperaturev
                0x00000d38       0x48 Sketch.o
                0x00000d38                _Z22TimerUpdateTemperaturev
 .text._Z13EncoderUpdatev
                0x00000d80       0x40 Sketch.o
                0x00000d80                _Z13EncoderUpdatev
 .text._Z20ReadSettingsInEepromv
                0x00000dc0       0x92 Sketch.o
                0x00000dc0                _Z20ReadSettingsInEepromv
 .text._Z20SaveSettingsInEepromv
                0x00000e52      0x14a Sketch.o
                0x00000e52                _Z20SaveSettingsInEepromv
 .text._Z13ExitMenuClickv
                0x00000f9c       0x36 Sketch.o
                0x00000f9c                _Z13ExitMenuClickv
 .text._Z13StopMenuClickv
                0x00000fd2       0x30 Sketch.o
                0x00000fd2                _Z13StopMenuClickv
 .text._Z14StartMenuClickv
                0x00001002       0x32 Sketch.o
                0x00001002                _Z14StartMenuClickv
 .text._Z19EncoderButtonUpdatev
                0x00001034       0x5c Sketch.o
                0x00001034                _Z19EncoderButtonUpdatev
 .text.loop     0x00001090       0x30 Sketch.o
                0x00001090                loop
 .text._Z15CreateMenuItemsv
                0x000010c0      0x22c Sketch.o
                0x000010c0                _Z15CreateMenuItemsv
 .text.setup    0x000012ec      0x276 Sketch.o
                0x000012ec                setup
 .text._ZN20iarduino_Encoder_tmrC2Ehh
                0x00001562       0xb8 src/libraries/Encoder_tmr/iarduino_Encoder_tmr.o
                0x00001562                _ZN20iarduino_Encoder_tmrC1Ehh
                0x00001562                _ZN20iarduino_Encoder_tmrC2Ehh
 .text._ZN20iarduino_Encoder_tmr4readEv
                0x0000161a       0x44 src/libraries/Encoder_tmr/iarduino_Encoder_tmr.o
                0x0000161a                _ZN20iarduino_Encoder_tmr4readEv
 .text._ZN20iarduino_Encoder_tmr18func_TIMER2_SETREGEm
                0x0000165e       0xb2 src/libraries/Encoder_tmr/iarduino_Encoder_tmr.o
                0x0000165e                _ZN20iarduino_Encoder_tmr18func_TIMER2_SETREGEm
 .text._ZN20iarduino_Encoder_tmr5beginEv
                0x00001710       0x42 src/libraries/Encoder_tmr/iarduino_Encoder_tmr.o
                0x00001710                _ZN20iarduino_Encoder_tmr5beginEv
 .text.__vector_7
                0x00001752      0x118 src/libraries/Encoder_tmr/iarduino_Encoder_tmr.o
                0x00001752                __vector_7
 .text.startup._GLOBAL__sub_I_IETVC
                0x0000186a        0x6 src/libraries/Encoder_tmr/iarduino_Encoder_tmr.o
 .text._ZN5Print17availableForWriteEv
                0x00001870        0x6 src/libraries/LiquidCrystal_I2C/src/LiquidCrystal_I2C.o
                0x00001870                _ZN5Print17availableForWriteEv
 .text._ZN5Print5flushEv
                0x00001876        0x2 src/libraries/LiquidCrystal_I2C/src/LiquidCrystal_I2C.o
                0x00001876                _ZN5Print5flushEv
 .text._ZN17LiquidCrystal_I2CC2Ehhhh
                0x00001878       0x20 src/libraries/LiquidCrystal_I2C/src/LiquidCrystal_I2C.o
                0x00001878                _ZN17LiquidCrystal_I2CC2Ehhhh
                0x00001878                _ZN17LiquidCrystal_I2CC1Ehhhh
 .text._ZN17LiquidCrystal_I2C13expanderWriteEh
                0x00001898       0x2e src/libraries/LiquidCrystal_I2C/src/LiquidCrystal_I2C.o
                0x00001898                _ZN17LiquidCrystal_I2C13expanderWriteEh
 .text._ZN17LiquidCrystal_I2C11pulseEnableEh
                0x000018c6       0x30 src/libraries/LiquidCrystal_I2C/src/LiquidCrystal_I2C.o
                0x000018c6                _ZN17LiquidCrystal_I2C11pulseEnableEh
 .text._ZN17LiquidCrystal_I2C10write4bitsEh
                0x000018f6       0x1c src/libraries/LiquidCrystal_I2C/src/LiquidCrystal_I2C.o
                0x000018f6                _ZN17LiquidCrystal_I2C10write4bitsEh
 .text._ZN17LiquidCrystal_I2C4sendEhh
                0x00001912       0x2e src/libraries/LiquidCrystal_I2C/src/LiquidCrystal_I2C.o
                0x00001912                _ZN17LiquidCrystal_I2C4sendEhh
 .text._ZN17LiquidCrystal_I2C7commandEh
                0x00001940        0x6 src/libraries/LiquidCrystal_I2C/src/LiquidCrystal_I2C.o
                0x00001940                _ZN17LiquidCrystal_I2C7commandEh
 .text._ZN17LiquidCrystal_I2C5clearEv
                0x00001946        0xe src/libraries/LiquidCrystal_I2C/src/LiquidCrystal_I2C.o
                0x00001946                _ZN17LiquidCrystal_I2C5clearEv
 .text._ZN17LiquidCrystal_I2C4homeEv
                0x00001954        0xe src/libraries/LiquidCrystal_I2C/src/LiquidCrystal_I2C.o
                0x00001954                _ZN17LiquidCrystal_I2C4homeEv
 .text._ZN17LiquidCrystal_I2C9setCursorEhh
                0x00001962       0x5c src/libraries/LiquidCrystal_I2C/src/LiquidCrystal_I2C.o
                0x00001962                _ZN17LiquidCrystal_I2C9setCursorEhh
 .text._ZN17LiquidCrystal_I2C7displayEv
                0x000019be       0x10 src/libraries/LiquidCrystal_I2C/src/LiquidCrystal_I2C.o
                0x000019be                _ZN17LiquidCrystal_I2C7displayEv
 .text._ZN17LiquidCrystal_I2C5writeEh
                0x000019ce        0xc src/libraries/LiquidCrystal_I2C/src/LiquidCrystal_I2C.o
                0x000019ce                _ZN17LiquidCrystal_I2C5writeEh
 .text._ZN17LiquidCrystal_I2C5beginEv
                0x000019da       0xb2 src/libraries/LiquidCrystal_I2C/src/LiquidCrystal_I2C.o
                0x000019da                _ZN17LiquidCrystal_I2C5beginEv
 .text._ZN7MAX6675C2Eaaa
                0x00001a8c       0x30 src/libraries/MAX6675/max6675.o
                0x00001a8c                _ZN7MAX6675C2Eaaa
                0x00001a8c                _ZN7MAX6675C1Eaaa
 .text._ZN7MAX66757spireadEv
                0x00001abc       0x78 src/libraries/MAX6675/max6675.o
                0x00001abc                _ZN7MAX66757spireadEv
 .text._ZN7MAX667511readCelsiusEv
                0x00001b34       0x78 src/libraries/MAX6675/max6675.o
                0x00001b34                _ZN7MAX667511readCelsiusEv
 .text._ZN3PID7ComputeEv
                0x00001bac      0x244 src/libraries/PID/PID_v1.o
                0x00001bac                _ZN3PID7ComputeEv
 .text._ZN3PID10SetTuningsEddd
                0x00001df0      0x174 src/libraries/PID/PID_v1.o
                0x00001df0                _ZN3PID10SetTuningsEddd
 .text._ZN3PID10InitializeEv
                0x00001f64       0x8c src/libraries/PID/PID_v1.o
                0x00001f64                _ZN3PID10InitializeEv
 .text._ZN3PID7SetModeEi
                0x00001ff0       0x2c src/libraries/PID/PID_v1.o
                0x00001ff0                _ZN3PID7SetModeEi
 .text._ZN3PID22SetControllerDirectionEi
                0x0000201c       0x78 src/libraries/PID/PID_v1.o
                0x0000201c                _ZN3PID22SetControllerDirectionEi
 .text._ZN3PIDC2EPdS0_S0_dddi
                0x00002094       0xde src/libraries/PID/PID_v1.o
                0x00002094                _ZN3PIDC2EPdS0_S0_dddi
                0x00002094                _ZN3PIDC1EPdS0_S0_dddi
 .text._ZN11SimpleTimerC2Ev
                0x00002172       0x64 src/libraries/SimpleTimer/SimpleTimer.o
                0x00002172                _ZN11SimpleTimerC1Ev
                0x00002172                _ZN11SimpleTimerC2Ev
 .text._ZN11SimpleTimer17findFirstFreeSlotEv
                0x000021d6       0x34 src/libraries/SimpleTimer/SimpleTimer.o
                0x000021d6                _ZN11SimpleTimer17findFirstFreeSlotEv
 .text._ZN11SimpleTimer8setTimerElPFvvEi
                0x0000220a       0xb2 src/libraries/SimpleTimer/SimpleTimer.o
                0x0000220a                _ZN11SimpleTimer8setTimerElPFvvEi
 .text._ZN11SimpleTimer14updateIntervalEil
                0x000022bc       0x1c src/libraries/SimpleTimer/SimpleTimer.o
                0x000022bc                _ZN11SimpleTimer14updateIntervalEil
 .text._ZN11SimpleTimer11setIntervalElPFvvE
                0x000022d8       0x12 src/libraries/SimpleTimer/SimpleTimer.o
                0x000022d8                _ZN11SimpleTimer11setIntervalElPFvvE
 .text._ZN11SimpleTimer11deleteTimerEi
                0x000022ea       0x7e src/libraries/SimpleTimer/SimpleTimer.o
                0x000022ea                _ZN11SimpleTimer11deleteTimerEi
 .text._ZN11SimpleTimer3runEv
                0x00002368      0x18a src/libraries/SimpleTimer/SimpleTimer.o
                0x00002368                _ZN11SimpleTimer3runEv
 .text._ZN11SimpleTimer12restartTimerEi
                0x000024f2       0x34 src/libraries/SimpleTimer/SimpleTimer.o
                0x000024f2                _ZN11SimpleTimer12restartTimerEi
 .text._ZN11SimpleTimer6enableEi
                0x00002526       0x16 src/libraries/SimpleTimer/SimpleTimer.o
                0x00002526                _ZN11SimpleTimer6enableEi
 .text._ZN11SimpleTimer7disableEi
                0x0000253c       0x14 src/libraries/SimpleTimer/SimpleTimer.o
                0x0000253c                _ZN11SimpleTimer7disableEi
 .text.twi_init
                0x00002550       0x3c src/libraries/Wire/src/utility/twi.o
                0x00002550                twi_init
 .text.twi_writeTo
                0x0000258c       0xac src/libraries/Wire/src/utility/twi.o
                0x0000258c                twi_writeTo
 .text.twi_transmit
                0x00002638       0x50 src/libraries/Wire/src/utility/twi.o
                0x00002638                twi_transmit
 .text.twi_stop
                0x00002688       0x14 src/libraries/Wire/src/utility/twi.o
                0x00002688                twi_stop
 .text.twi_releaseBus
                0x0000269c        0xc src/libraries/Wire/src/utility/twi.o
                0x0000269c                twi_releaseBus
 .text.__vector_24
                0x000026a8      0x25a src/libraries/Wire/src/utility/twi.o
                0x000026a8                __vector_24
 .text._ZN7TwoWire9availableEv
                0x00002902       0x10 src/libraries/Wire/src/Wire.o
                0x00002902                _ZN7TwoWire9availableEv
 .text._ZN7TwoWire4readEv
                0x00002912       0x28 src/libraries/Wire/src/Wire.o
                0x00002912                _ZN7TwoWire4readEv
 .text._ZN7TwoWire4peekEv
                0x0000293a       0x1e src/libraries/Wire/src/Wire.o
                0x0000293a                _ZN7TwoWire4peekEv
 .text._ZN7TwoWire5flushEv
                0x00002958        0x2 src/libraries/Wire/src/Wire.o
                0x00002958                _ZN7TwoWire5flushEv
 .text._ZN7TwoWire5writeEPKhj
                0x0000295a       0x5a src/libraries/Wire/src/Wire.o
                0x0000295a                _ZN7TwoWire5writeEPKhj
 .text._ZN7TwoWire5writeEh
                0x000029b4       0x5e src/libraries/Wire/src/Wire.o
                0x000029b4                _ZN7TwoWire5writeEh
 .text._ZN7TwoWireC2Ev
                0x00002a12       0x20 src/libraries/Wire/src/Wire.o
                0x00002a12                _ZN7TwoWireC1Ev
                0x00002a12                _ZN7TwoWireC2Ev
 .text._ZN7TwoWire5beginEv
                0x00002a32       0x14 src/libraries/Wire/src/Wire.o
                0x00002a32                _ZN7TwoWire5beginEv
 .text._ZN7TwoWire17beginTransmissionEh
                0x00002a46       0x14 src/libraries/Wire/src/Wire.o
                0x00002a46                _ZN7TwoWire17beginTransmissionEh
 .text._ZN7TwoWire15endTransmissionEh
                0x00002a5a       0x26 src/libraries/Wire/src/Wire.o
                0x00002a5a                _ZN7TwoWire15endTransmissionEh
 .text._ZN7TwoWire15endTransmissionEv
                0x00002a80        0x6 src/libraries/Wire/src/Wire.o
                0x00002a80                _ZN7TwoWire15endTransmissionEv
 .text.startup._GLOBAL__sub_I__ZN7TwoWire8rxBufferE
                0x00002a86        0x8 src/libraries/Wire/src/Wire.o
 .text._ZN11ThermometerC2Eiii
                0x00002a8e       0x4a Thermometer/Thermometer.o
                0x00002a8e                _ZN11ThermometerC1Eiii
                0x00002a8e                _ZN11ThermometerC2Eiii
 .text._ZN11Thermometer4ReadEv
                0x00002ad8        0xa Thermometer/Thermometer.o
                0x00002ad8                _ZN11Thermometer4ReadEv
 .text.avr-libc.fplib
                0x00002ae2        0xe c:/program files (x86)/atmel/studio/7.0/toolchain/avr8/avr8-gnu-toolchain/bin/../lib/gcc/avr/5.4.0/../../../../avr/lib/avr5\libm.a(addsf3.o)
                0x00002ae2                __subsf3
                0x00002ae4                __addsf3
 .text.avr-libc.fplib
                0x00002af0       0xcc c:/program files (x86)/atmel/studio/7.0/toolchain/avr8/avr8-gnu-toolchain/bin/../lib/gcc/avr/5.4.0/../../../../avr/lib/avr5\libm.a(addsf3x.o)
                0x00002b12                __addsf3x
 .text.avr-libc.fplib
                0x00002bbc        0xa c:/program files (x86)/atmel/studio/7.0/toolchain/avr8/avr8-gnu-toolchain/bin/../lib/gcc/avr/5.4.0/../../../../avr/lib/avr5\libm.a(cmpsf2.o)
                0x00002bbc                __nesf2
                0x00002bbc                __eqsf2
                0x00002bbc                __cmpsf2
                0x00002bbc                __ltsf2
                0x00002bbc                __lesf2
 .text.avr-libc.fplib
                0x00002bc6        0x8 c:/program files (x86)/atmel/studio/7.0/toolchain/avr8/avr8-gnu-toolchain/bin/../lib/gcc/avr/5.4.0/../../../../avr/lib/avr5\libm.a(divsf3.o)
                0x00002bc6                __divsf3
 .text.avr-libc.fplib
                0x00002bce       0xdc c:/program files (x86)/atmel/studio/7.0/toolchain/avr8/avr8-gnu-toolchain/bin/../lib/gcc/avr/5.4.0/../../../../avr/lib/avr5\libm.a(divsf3x.o)
                0x00002bee                __divsf3x
                0x00002bf4                __divsf3_pse
 .text.avr-libc.fplib
                0x00002caa        0xe c:/program files (x86)/atmel/studio/7.0/toolchain/avr8/avr8-gnu-toolchain/bin/../lib/gcc/avr/5.4.0/../../../../avr/lib/avr5\libm.a(fixsfsi.o)
                0x00002caa                __fixsfsi
 .text.avr-libc.fplib
                0x00002cb8       0x5e c:/program files (x86)/atmel/studio/7.0/toolchain/avr8/avr8-gnu-toolchain/bin/../lib/gcc/avr/5.4.0/../../../../avr/lib/avr5\libm.a(fixunssfsi.o)
                0x00002cb8                __fixunssfsi
 .text.avr-libc.fplib
                0x00002d16       0x7a c:/program files (x86)/atmel/studio/7.0/toolchain/avr8/avr8-gnu-toolchain/bin/../lib/gcc/avr/5.4.0/../../../../avr/lib/avr5\libm.a(floatsisf.o)
                0x00002d16                __floatunsisf
                0x00002d1a                __floatsisf
 .text.avr-libc.fplib
                0x00002d90       0x48 c:/program files (x86)/atmel/studio/7.0/toolchain/avr8/avr8-gnu-toolchain/bin/../lib/gcc/avr/5.4.0/../../../../avr/lib/avr5\libm.a(fp_cmp.o)
                0x00002d90                __fp_cmp
 .text.avr-libc.fplib
                0x00002dd8        0xc c:/program files (x86)/atmel/studio/7.0/toolchain/avr8/avr8-gnu-toolchain/bin/../lib/gcc/avr/5.4.0/../../../../avr/lib/avr5\libm.a(fp_inf.o)
                0x00002dd8                __fp_inf
 .text.avr-libc.fplib
                0x00002de4        0x6 c:/program files (x86)/atmel/studio/7.0/toolchain/avr8/avr8-gnu-toolchain/bin/../lib/gcc/avr/5.4.0/../../../../avr/lib/avr5\libm.a(fp_nan.o)
                0x00002de4                __fp_nan
 .text.avr-libc.fplib
                0x00002dea        0xe c:/program files (x86)/atmel/studio/7.0/toolchain/avr8/avr8-gnu-toolchain/bin/../lib/gcc/avr/5.4.0/../../../../avr/lib/avr5\libm.a(fp_pscA.o)
                0x00002dea                __fp_pscA
 .text.avr-libc.fplib
                0x00002df8        0xe c:/program files (x86)/atmel/studio/7.0/toolchain/avr8/avr8-gnu-toolchain/bin/../lib/gcc/avr/5.4.0/../../../../avr/lib/avr5\libm.a(fp_pscB.o)
                0x00002df8                __fp_pscB
 .text.avr-libc.fplib
                0x00002e06       0x22 c:/program files (x86)/atmel/studio/7.0/toolchain/avr8/avr8-gnu-toolchain/bin/../lib/gcc/avr/5.4.0/../../../../avr/lib/avr5\libm.a(fp_round.o)
                0x00002e06                __fp_round
 .text.avr-libc.fplib
                0x00002e28       0x44 c:/program files (x86)/atmel/studio/7.0/toolchain/avr8/avr8-gnu-toolchain/bin/../lib/gcc/avr/5.4.0/../../../../avr/lib/avr5\libm.a(fp_split3.o)
                0x00002e28                __fp_split3
                0x00002e38                __fp_splitA
 .text.avr-libc.fplib
                0x00002e6c        0xe c:/program files (x86)/atmel/studio/7.0/toolchain/avr8/avr8-gnu-toolchain/bin/../lib/gcc/avr/5.4.0/../../../../avr/lib/avr5\libm.a(fp_zero.o)
                0x00002e6c                __fp_zero
                0x00002e6e                __fp_szero
 .text.avr-libc.fplib
                0x00002e7a        0xa c:/program files (x86)/atmel/studio/7.0/toolchain/avr8/avr8-gnu-toolchain/bin/../lib/gcc/avr/5.4.0/../../../../avr/lib/avr5\libm.a(gesf2.o)
                0x00002e7a                __gesf2
                0x00002e7a                __gtsf2
 .text.avr-libc.fplib
                0x00002e84        0x8 c:/program files (x86)/atmel/studio/7.0/toolchain/avr8/avr8-gnu-toolchain/bin/../lib/gcc/avr/5.4.0/../../../../avr/lib/avr5\libm.a(mulsf3.o)
                0x00002e84                __mulsf3
 .text.avr-libc.fplib
                0x00002e8c       0xd2 c:/program files (x86)/atmel/studio/7.0/toolchain/avr8/avr8-gnu-toolchain/bin/../lib/gcc/avr/5.4.0/../../../../avr/lib/avr5\libm.a(mulsf3x.o)
                0x00002eaa                __mulsf3x
                0x00002eb0                __mulsf3_pse
 .text._ZN14HardwareSerial9availableEv
                0x00002f5e       0x18 R:\AVR\arduino\Bottom_heater\Code\Bottom_heater\Bottom_heater\ArduinoCore\Debug\libArduinoCore.a(HardwareSerial.o)
                0x00002f5e                _ZN14HardwareSerial9availableEv
 .text._ZN14HardwareSerial4peekEv
                0x00002f76       0x1c R:\AVR\arduino\Bottom_heater\Code\Bottom_heater\Bottom_heater\ArduinoCore\Debug\libArduinoCore.a(HardwareSerial.o)
                0x00002f76                _ZN14HardwareSerial4peekEv
 .text._ZN14HardwareSerial4readEv
                0x00002f92       0x28 R:\AVR\arduino\Bottom_heater\Code\Bottom_heater\Bottom_heater\ArduinoCore\Debug\libArduinoCore.a(HardwareSerial.o)
                0x00002f92                _ZN14HardwareSerial4readEv
 .text._ZN14HardwareSerial17availableForWriteEv
                0x00002fba       0x1e R:\AVR\arduino\Bottom_heater\Code\Bottom_heater\Bottom_heater\ArduinoCore\Debug\libArduinoCore.a(HardwareSerial.o)
                0x00002fba                _ZN14HardwareSerial17availableForWriteEv
 .text._Z14serialEventRunv
                0x00002fd8       0x1c R:\AVR\arduino\Bottom_heater\Code\Bottom_heater\Bottom_heater\ArduinoCore\Debug\libArduinoCore.a(HardwareSerial.o)
                0x00002fd8                _Z14serialEventRunv
 .text._ZN14HardwareSerial17_tx_udr_empty_irqEv
                0x00002ff4       0x42 R:\AVR\arduino\Bottom_heater\Code\Bottom_heater\Bottom_heater\ArduinoCore\Debug\libArduinoCore.a(HardwareSerial.o)
                0x00002ff4                _ZN14HardwareSerial17_tx_udr_empty_irqEv
 .text._ZN14HardwareSerial5writeEh
                0x00003036       0x8e R:\AVR\arduino\Bottom_heater\Code\Bottom_heater\Bottom_heater\ArduinoCore\Debug\libArduinoCore.a(HardwareSerial.o)
                0x00003036                _ZN14HardwareSerial5writeEh
 .text._ZN14HardwareSerial5flushEv
                0x000030c4       0x44 R:\AVR\arduino\Bottom_heater\Code\Bottom_heater\Bottom_heater\ArduinoCore\Debug\libArduinoCore.a(HardwareSerial.o)
                0x000030c4                _ZN14HardwareSerial5flushEv
 .text._ZN14HardwareSerial5beginEmh
                0x00003108       0xca R:\AVR\arduino\Bottom_heater\Code\Bottom_heater\Bottom_heater\ArduinoCore\Debug\libArduinoCore.a(HardwareSerial.o)
                0x00003108                _ZN14HardwareSerial5beginEmh
 .text.__vector_18
                0x000031d2       0x64 R:\AVR\arduino\Bottom_heater\Code\Bottom_heater\Bottom_heater\ArduinoCore\Debug\libArduinoCore.a(HardwareSerial0.o)
                0x000031d2                __vector_18
 .text.__vector_19
                0x00003236       0x4c R:\AVR\arduino\Bottom_heater\Code\Bottom_heater\Bottom_heater\ArduinoCore\Debug\libArduinoCore.a(HardwareSerial0.o)
                0x00003236                __vector_19
 .text._Z17Serial0_availablev
                0x00003282       0x14 R:\AVR\arduino\Bottom_heater\Code\Bottom_heater\Bottom_heater\ArduinoCore\Debug\libArduinoCore.a(HardwareSerial0.o)
                0x00003282                _Z17Serial0_availablev
 .text.startup._GLOBAL__sub_I___vector_18
                0x00003296       0x5a R:\AVR\arduino\Bottom_heater\Code\Bottom_heater\Bottom_heater\ArduinoCore\Debug\libArduinoCore.a(HardwareSerial0.o)
 .text.initVariant
                0x000032f0        0x2 R:\AVR\arduino\Bottom_heater\Code\Bottom_heater\Bottom_heater\ArduinoCore\Debug\libArduinoCore.a(main.o)
                0x000032f0                initVariant
 .text.startup.main
                0x000032f2       0x1e R:\AVR\arduino\Bottom_heater\Code\Bottom_heater\Bottom_heater\ArduinoCore\Debug\libArduinoCore.a(main.o)
                0x000032f2                main
 .text._Znwj    0x00003310        0x4 R:\AVR\arduino\Bottom_heater\Code\Bottom_heater\Bottom_heater\ArduinoCore\Debug\libArduinoCore.a(new.o)
                0x00003310                _Znwj
 .text._Znaj    0x00003314        0x4 R:\AVR\arduino\Bottom_heater\Code\Bottom_heater\Bottom_heater\ArduinoCore\Debug\libArduinoCore.a(new.o)
                0x00003314                _Znaj
 .text._ZdlPv   0x00003318        0x4 R:\AVR\arduino\Bottom_heater\Code\Bottom_heater\Bottom_heater\ArduinoCore\Debug\libArduinoCore.a(new.o)
                0x00003318                _ZdlPv
 .text._ZN5Print5writeEPKhj
                0x0000331c       0x54 R:\AVR\arduino\Bottom_heater\Code\Bottom_heater\Bottom_heater\ArduinoCore\Debug\libArduinoCore.a(Print.o)
                0x0000331c                _ZN5Print5writeEPKhj
 .text._ZN5Print5writeEPKc
                0x00003370       0x2a R:\AVR\arduino\Bottom_heater\Code\Bottom_heater\Bottom_heater\ArduinoCore\Debug\libArduinoCore.a(Print.o)
                0x00003370                _ZN5Print5writeEPKc
 .text._ZN5Print5printERK6String
                0x0000339a       0x1c R:\AVR\arduino\Bottom_heater\Code\Bottom_heater\Bottom_heater\ArduinoCore\Debug\libArduinoCore.a(Print.o)
                0x0000339a                _ZN5Print5printERK6String
 .text._ZN5Print5printEPKc
                0x000033b6        0x4 R:\AVR\arduino\Bottom_heater\Code\Bottom_heater\Bottom_heater\ArduinoCore\Debug\libArduinoCore.a(Print.o)
                0x000033b6                _ZN5Print5printEPKc
 .text._ZN5Print5printEc
                0x000033ba        0xe R:\AVR\arduino\Bottom_heater\Code\Bottom_heater\Bottom_heater\ArduinoCore\Debug\libArduinoCore.a(Print.o)
                0x000033ba                _ZN5Print5printEc
 .text._ZN5Print11printNumberEmh
                0x000033c8       0x92 R:\AVR\arduino\Bottom_heater\Code\Bottom_heater\Bottom_heater\ArduinoCore\Debug\libArduinoCore.a(Print.o)
                0x000033c8                _ZN5Print11printNumberEmh
 .text._ZN5Print5printEmi
                0x0000345a       0x1a R:\AVR\arduino\Bottom_heater\Code\Bottom_heater\Bottom_heater\ArduinoCore\Debug\libArduinoCore.a(Print.o)
                0x0000345a                _ZN5Print5printEmi
 .text._ZN5Print5printEji
                0x00003474        0xc R:\AVR\arduino\Bottom_heater\Code\Bottom_heater\Bottom_heater\ArduinoCore\Debug\libArduinoCore.a(Print.o)
                0x00003474                _ZN5Print5printEji
 .text._ZN5Print10printFloatEdh
                0x00003480      0x1b6 R:\AVR\arduino\Bottom_heater\Code\Bottom_heater\Bottom_heater\ArduinoCore\Debug\libArduinoCore.a(Print.o)
                0x00003480                _ZN5Print10printFloatEdh
 .text._ZN5Print5printEdi
                0x00003636        0x4 R:\AVR\arduino\Bottom_heater\Code\Bottom_heater\Bottom_heater\ArduinoCore\Debug\libArduinoCore.a(Print.o)
                0x00003636                _ZN5Print5printEdi
 .text.nothing  0x0000363a        0x2 R:\AVR\arduino\Bottom_heater\Code\Bottom_heater\Bottom_heater\ArduinoCore\Debug\libArduinoCore.a(WInterrupts.o)
 .text.attachInterrupt
                0x0000363c       0x40 R:\AVR\arduino\Bottom_heater\Code\Bottom_heater\Bottom_heater\ArduinoCore\Debug\libArduinoCore.a(WInterrupts.o)
                0x0000363c                attachInterrupt
 .text.__vector_1
                0x0000367c       0x4e R:\AVR\arduino\Bottom_heater\Code\Bottom_heater\Bottom_heater\ArduinoCore\Debug\libArduinoCore.a(WInterrupts.o)
                0x0000367c                __vector_1
 .text.__vector_2
                0x000036ca       0x4e R:\AVR\arduino\Bottom_heater\Code\Bottom_heater\Bottom_heater\ArduinoCore\Debug\libArduinoCore.a(WInterrupts.o)
                0x000036ca                __vector_2
 .text.__vector_16
                0x00003718       0x94 R:\AVR\arduino\Bottom_heater\Code\Bottom_heater\Bottom_heater\ArduinoCore\Debug\libArduinoCore.a(wiring.o)
                0x00003718                __vector_16
 .text.millis   0x000037ac       0x18 R:\AVR\arduino\Bottom_heater\Code\Bottom_heater\Bottom_heater\ArduinoCore\Debug\libArduinoCore.a(wiring.o)
                0x000037ac                millis
 .text.micros   0x000037c4       0x4a R:\AVR\arduino\Bottom_heater\Code\Bottom_heater\Bottom_heater\ArduinoCore\Debug\libArduinoCore.a(wiring.o)
                0x000037c4                micros
 .text.delay    0x0000380e       0x78 R:\AVR\arduino\Bottom_heater\Code\Bottom_heater\Bottom_heater\ArduinoCore\Debug\libArduinoCore.a(wiring.o)
                0x0000380e                delay
 .text.delayMicroseconds
                0x00003886       0x16 R:\AVR\arduino\Bottom_heater\Code\Bottom_heater\Bottom_heater\ArduinoCore\Debug\libArduinoCore.a(wiring.o)
                0x00003886                delayMicroseconds
 .text.init     0x0000389c       0x76 R:\AVR\arduino\Bottom_heater\Code\Bottom_heater\Bottom_heater\ArduinoCore\Debug\libArduinoCore.a(wiring.o)
                0x0000389c                init
 .text.analogWrite
                0x00003912       0xbe R:\AVR\arduino\Bottom_heater\Code\Bottom_heater\Bottom_heater\ArduinoCore\Debug\libArduinoCore.a(wiring_analog.o)
                0x00003912                analogWrite
 .text.turnOffPWM
                0x000039d0       0x52 R:\AVR\arduino\Bottom_heater\Code\Bottom_heater\Bottom_heater\ArduinoCore\Debug\libArduinoCore.a(wiring_digital.o)
 .text.pinMode  0x00003a22       0x78 R:\AVR\arduino\Bottom_heater\Code\Bottom_heater\Bottom_heater\ArduinoCore\Debug\libArduinoCore.a(wiring_digital.o)
                0x00003a22                pinMode
 .text.digitalWrite
                0x00003a9a       0x5e R:\AVR\arduino\Bottom_heater\Code\Bottom_heater\Bottom_heater\ArduinoCore\Debug\libArduinoCore.a(wiring_digital.o)
                0x00003a9a                digitalWrite
 .text.digitalRead
                0x00003af8       0x52 R:\AVR\arduino\Bottom_heater\Code\Bottom_heater\Bottom_heater\ArduinoCore\Debug\libArduinoCore.a(wiring_digital.o)
                0x00003af8                digitalRead
 .text._ZN6StringD2Ev
                0x00003b4a        0xa R:\AVR\arduino\Bottom_heater\Code\Bottom_heater\Bottom_heater\ArduinoCore\Debug\libArduinoCore.a(WString.o)
                0x00003b4a                _ZN6StringD2Ev
                0x00003b4a                _ZN6StringD1Ev
 .text._ZN6String10invalidateEv
                0x00003b54       0x24 R:\AVR\arduino\Bottom_heater\Code\Bottom_heater\Bottom_heater\ArduinoCore\Debug\libArduinoCore.a(WString.o)
                0x00003b54                _ZN6String10invalidateEv
 .text._ZN6String12changeBufferEj
                0x00003b78       0x34 R:\AVR\arduino\Bottom_heater\Code\Bottom_heater\Bottom_heater\ArduinoCore\Debug\libArduinoCore.a(WString.o)
                0x00003b78                _ZN6String12changeBufferEj
 .text._ZN6String7reserveEj
                0x00003bac       0x38 R:\AVR\arduino\Bottom_heater\Code\Bottom_heater\Bottom_heater\ArduinoCore\Debug\libArduinoCore.a(WString.o)
                0x00003bac                _ZN6String7reserveEj
 .text._ZN6String4copyEPKcj
                0x00003be4       0x42 R:\AVR\arduino\Bottom_heater\Code\Bottom_heater\Bottom_heater\ArduinoCore\Debug\libArduinoCore.a(WString.o)
                0x00003be4                _ZN6String4copyEPKcj
 .text._ZN6StringaSEPKc
                0x00003c26       0x2e R:\AVR\arduino\Bottom_heater\Code\Bottom_heater\Bottom_heater\ArduinoCore\Debug\libArduinoCore.a(WString.o)
                0x00003c26                _ZN6StringaSEPKc
 .text._ZN6StringC2Eih
                0x00003c54       0x58 R:\AVR\arduino\Bottom_heater\Code\Bottom_heater\Bottom_heater\ArduinoCore\Debug\libArduinoCore.a(WString.o)
                0x00003c54                _ZN6StringC2Eih
                0x00003c54                _ZN6StringC1Eih
 .text.__empty  0x00003cac        0x2 R:\AVR\arduino\Bottom_heater\Code\Bottom_heater\Bottom_heater\ArduinoCore\Debug\libArduinoCore.a(hooks.o)
                0x00003cac                yield
 .text.avr-libc.fplib
                0x00003cae        0xa c:/program files (x86)/atmel/studio/7.0/toolchain/avr8/avr8-gnu-toolchain/bin/../lib/gcc/avr/5.4.0/../../../../avr/lib/avr5\libm.a(unordsf2.o)
                0x00003cae                __unordsf2
 .text.libgcc.div
                0x00003cb8       0x44 c:/program files (x86)/atmel/studio/7.0/toolchain/avr8/avr8-gnu-toolchain/bin/../lib/gcc/avr/5.4.0/avr5\libgcc.a(_udivmodsi4.o)
                0x00003cb8                __udivmodsi4
 .text.libgcc.mul
                0x00003cfc       0x16 c:/program files (x86)/atmel/studio/7.0/toolchain/avr8/avr8-gnu-toolchain/bin/../lib/gcc/avr/5.4.0/avr5\libgcc.a(_muluhisi3.o)
                0x00003cfc                __muluhisi3
 .text.libgcc   0x00003d12        0xc c:/program files (x86)/atmel/studio/7.0/toolchain/avr8/avr8-gnu-toolchain/bin/../lib/gcc/avr/5.4.0/avr5\libgcc.a(_tablejump2.o)
                0x00003d12                __tablejump2__
 .text.libgcc.mul
                0x00003d1e       0x1e c:/program files (x86)/atmel/studio/7.0/toolchain/avr8/avr8-gnu-toolchain/bin/../lib/gcc/avr/5.4.0/avr5\libgcc.a(_umulhisi3.o)
                0x00003d1e                __umulhisi3
 .text.avr-libc
                0x00003d3c      0x242 c:/program files (x86)/atmel/studio/7.0/toolchain/avr8/avr8-gnu-toolchain/bin/../lib/gcc/avr/5.4.0/../../../../avr/lib/avr5\libc.a(malloc.o)
                0x00003d3c                malloc
                0x00003e6c                free
 .text.avr-libc
                0x00003f7e      0x18c c:/program files (x86)/atmel/studio/7.0/toolchain/avr8/avr8-gnu-toolchain/bin/../lib/gcc/avr/5.4.0/../../../../avr/lib/avr5\libc.a(realloc.o)
                0x00003f7e                realloc
 .text.avr-libc
                0x0000410a       0x12 c:/program files (x86)/atmel/studio/7.0/toolchain/avr8/avr8-gnu-toolchain/bin/../lib/gcc/avr/5.4.0/../../../../avr/lib/avr5\libc.a(memcpy.o)
                0x0000410a                memcpy
 .text.avr-libc
                0x0000411c        0xe c:/program files (x86)/atmel/studio/7.0/toolchain/avr8/avr8-gnu-toolchain/bin/../lib/gcc/avr/5.4.0/../../../../avr/lib/avr5\libc.a(strcpy.o)
                0x0000411c                strcpy
 .text.avr-libc
                0x0000412a       0x16 c:/program files (x86)/atmel/studio/7.0/toolchain/avr8/avr8-gnu-toolchain/bin/../lib/gcc/avr/5.4.0/../../../../avr/lib/avr5\libc.a(itoa.o)
                0x0000412a                __itoa
                0x0000412a                itoa
 .text.avr-libc
                0x00004140       0x16 c:/program files (x86)/atmel/studio/7.0/toolchain/avr8/avr8-gnu-toolchain/bin/../lib/gcc/avr/5.4.0/../../../../avr/lib/avr5\libc.a(itoa_ncheck.o)
                0x00004140                __itoa_ncheck
 .text.avr-libc
                0x00004156       0x34 c:/program files (x86)/atmel/studio/7.0/toolchain/avr8/avr8-gnu-toolchain/bin/../lib/gcc/avr/5.4.0/../../../../avr/lib/avr5\libc.a(utoa_ncheck.o)
                0x00004156                __utoa_ncheck
                0x00004158                __utoa_common
 .text.avr-libc
                0x0000418a       0x20 c:/program files (x86)/atmel/studio/7.0/toolchain/avr8/avr8-gnu-toolchain/bin/../lib/gcc/avr/5.4.0/../../../../avr/lib/avr5\libc.a(strrev.o)
                0x0000418a                strrev
 .text.avr-libc
                0x000041aa       0x10 C:/Program Files (x86)/Atmel/Studio/7.0/Packs/atmel/ATmega_DFP/1.2.209/gcc/dev/atmega328p/avr5\libatmega328p.a(eerd_byte.o)
                0x000041aa                eeprom_read_byte
 .text.avr-libc
                0x000041ba       0x1c C:/Program Files (x86)/Atmel/Studio/7.0/Packs/atmel/ATmega_DFP/1.2.209/gcc/dev/atmega328p/avr5\libatmega328p.a(eewr_byte.o)
                0x000041ba                eeprom_write_byte
                0x000041bc                eeprom_write_r18
 .text.libgcc.prologue
                0x000041d6       0x38 c:/program files (x86)/atmel/studio/7.0/toolchain/avr8/avr8-gnu-toolchain/bin/../lib/gcc/avr/5.4.0/avr5\libgcc.a(_prologue.o)
                0x000041d6                __prologue_saves__
 .text.libgcc.prologue
                0x0000420e       0x36 c:/program files (x86)/atmel/studio/7.0/toolchain/avr8/avr8-gnu-toolchain/bin/../lib/gcc/avr/5.4.0/avr5\libgcc.a(_epilogue.o)
                0x0000420e                __epilogue_restores__
                0x00004244                . = ALIGN (0x2)
 *(.fini9)
 .fini9         0x00004244        0x0 c:/program files (x86)/atmel/studio/7.0/toolchain/avr8/avr8-gnu-toolchain/bin/../lib/gcc/avr/5.4.0/avr5\libgcc.a(_exit.o)
                0x00004244                _exit
                0x00004244                exit
 *(.fini9)
 *(.fini8)
 *(.fini8)
 *(.fini7)
 *(.fini7)
 *(.fini6)
 *(.fini6)
 *(.fini5)
 *(.fini5)
 *(.fini4)
 *(.fini4)
 *(.fini3)
 *(.fini3)
 *(.fini2)
 *(.fini2)
 *(.fini1)
 *(.fini1)
 *(.fini0)
 .fini0         0x00004244        0x4 c:/program files (x86)/atmel/studio/7.0/toolchain/avr8/avr8-gnu-toolchain/bin/../lib/gcc/avr/5.4.0/avr5\libgcc.a(_exit.o)
 *(.fini0)
                0x00004248                _etext = .

.data           0x00800100      0x12a load address 0x00004248
                0x00800100                PROVIDE (__data_start, .)
 *(.data)
 .data          0x00800100        0x6 c:/program files (x86)/atmel/studio/7.0/toolchain/avr8/avr8-gnu-toolchain/bin/../lib/gcc/avr/5.4.0/../../../../avr/lib/avr5\libc.a(malloc.o)
                0x00800100                __malloc_heap_end
                0x00800102                __malloc_heap_start
                0x00800104                __malloc_margin
 *(.data*)
 .data._menuTempSetSound
                0x00800106        0x1 Sketch.o
                0x00800106                _menuTempSetSound
 .data._menuClickSound
                0x00800107        0x1 Sketch.o
                0x00800107                _menuClickSound
 .data._temDownBeepOn
                0x00800108        0x1 Sketch.o
                0x00800108                _temDownBeepOn
 .data._temUpBeepOn
                0x00800109        0x1 Sketch.o
                0x00800109                _temUpBeepOn
 .data._regulationDown
                0x0080010a        0x1 Sketch.o
                0x0080010a                _regulationDown
 .data._menuActive
                0x0080010b        0x1 Sketch.o
                0x0080010b                _menuActive
 .data.intFunc  0x0080010c        0x4 R:\AVR\arduino\Bottom_heater\Code\Bottom_heater\Bottom_heater\ArduinoCore\Debug\libArduinoCore.a(WInterrupts.o)
 *(.gnu.linkonce.d*)
 *(.rodata)
 .rodata        0x00800110        0x8 src/libraries/LiquidCrystal_I2C/src/LiquidCrystal_I2C.o
 *(.rodata*)
 .rodata.str1.1
                0x00800118       0x11 Display/Display16x2.o
 .rodata._ZTV14MenuActionItem
                0x00800129       0x14 Menu/MenuActionItem.o
                0x00800129                _ZTV14MenuActionItem
 .rodata.str1.1
                0x0080013d        0xb Menu/MenuBoolItem.o
 .rodata._ZTV12MenuBoolItem
                0x00800148       0x14 Menu/MenuBoolItem.o
                0x00800148                _ZTV12MenuBoolItem
 .rodata._ZTV14MenuDoubleItem
                0x0080015c       0x14 Menu/MenuDoubleItem.o
                0x0080015c                _ZTV14MenuDoubleItem
 .rodata._ZTV8MenuItem
                0x00800170       0x14 Menu/MenuItem.o
                0x00800170                _ZTV8MenuItem
 .rodata.str1.1
                0x00800184       0x67 Sketch.o
 .rodata._ZTV17LiquidCrystal_I2C
                0x008001eb        0xc src/libraries/LiquidCrystal_I2C/src/LiquidCrystal_I2C.o
                0x008001eb                _ZTV17LiquidCrystal_I2C
 .rodata._ZTV7TwoWire
                0x008001f7       0x12 src/libraries/Wire/src/Wire.o
                0x008001f7                _ZTV7TwoWire
 .rodata._ZTV14HardwareSerial
                0x00800209       0x12 R:\AVR\arduino\Bottom_heater\Code\Bottom_heater\Bottom_heater\ArduinoCore\Debug\libArduinoCore.a(HardwareSerial.o)
                0x00800209                _ZTV14HardwareSerial
 .rodata.str1.1
                0x0080021b        0xf R:\AVR\arduino\Bottom_heater\Code\Bottom_heater\Bottom_heater\ArduinoCore\Debug\libArduinoCore.a(Print.o)
 *(.gnu.linkonce.r*)
                0x0080022a                . = ALIGN (0x2)
                0x0080022a                _edata = .
                0x0080022a                PROVIDE (__data_end, .)

.bss            0x0080022a      0x204
                0x0080022a                PROVIDE (__bss_start, .)
 *(.bss)
 *(.bss*)
 .bss._timerId  0x0080022a        0x2 Buzzer/Buzzer.o
                0x0080022a                _timerId
 .bss._timer    0x0080022c        0x2 Buzzer/Buzzer.o
                0x0080022c                _timer
 .bss._buzzerPin
                0x0080022e        0x2 Buzzer/Buzzer.o
                0x0080022e                _buzzerPin
 .bss._itemValues
                0x00800230        0x2 Dimmer/Dimmer.o
                0x00800230                _itemValues
 .bss._items    0x00800232        0x2 Dimmer/Dimmer.o
                0x00800232                _items
 .bss._timerDimmer
                0x00800234        0x2 Dimmer/Dimmer.o
                0x00800234                _timerDimmer
 .bss._timerDimmerId
                0x00800236        0x2 Dimmer/Dimmer.o
                0x00800236                _timerDimmerId
 .bss._tic      0x00800238        0x2 Dimmer/Dimmer.o
                0x00800238                _tic
 .bss._buttonDown
                0x0080023a        0x1 Sketch.o
                0x0080023a                _buttonDown
 .bss._timerUpdateTemperatureId
                0x0080023b        0x2 Sketch.o
                0x0080023b                _timerUpdateTemperatureId
 .bss._timerHeatingId
                0x0080023d        0x2 Sketch.o
                0x0080023d                _timerHeatingId
 .bss._pidOldDownVal
                0x0080023f        0x2 Sketch.o
                0x0080023f                _pidOldDownVal
 .bss._regulationUp
                0x00800241        0x1 Sketch.o
                0x00800241                _regulationUp
 .bss._heaterOn
                0x00800242        0x1 Sketch.o
                0x00800242                _heaterOn
 .bss._outputDownVal
                0x00800243        0x4 Sketch.o
                0x00800243                _outputDownVal
 .bss._outputUpVal
                0x00800247        0x4 Sketch.o
                0x00800247                _outputUpVal
 .bss._setTempDown
                0x0080024b        0x4 Sketch.o
                0x0080024b                _setTempDown
 .bss._setTempUp
                0x0080024f        0x4 Sketch.o
                0x0080024f                _setTempUp
 .bss._tempDown
                0x00800253        0x4 Sketch.o
                0x00800253                _tempDown
 .bss._tempUp   0x00800257        0x4 Sketch.o
                0x00800257                _tempUp
 .bss._soundSettingMenu
                0x0080025b        0x2 Sketch.o
                0x0080025b                _soundSettingMenu
 .bss._mainMenu
                0x0080025d        0x2 Sketch.o
                0x0080025d                _mainMenu
 .bss._parSoundItemMain
                0x0080025f        0x2 Sketch.o
                0x0080025f                _parSoundItemMain
 .bss._parItemMain
                0x00800261        0x2 Sketch.o
                0x00800261                _parItemMain
 .bss._buzzer   0x00800263        0x2 Sketch.o
                0x00800263                _buzzer
 .bss._eeprom   0x00800265        0x2 Sketch.o
                0x00800265                _eeprom
 .bss._timerHeating
                0x00800267        0x2 Sketch.o
                0x00800267                _timerHeating
 .bss._menu     0x00800269        0x2 Sketch.o
                0x00800269                _menu
 .bss._lcd      0x0080026b        0x2 Sketch.o
                0x0080026b                _lcd
 .bss._encoder  0x0080026d        0x2 Sketch.o
                0x0080026d                _encoder
 .bss._pidDown  0x0080026f        0x2 Sketch.o
                0x0080026f                _pidDown
 .bss._pidUp    0x00800271        0x2 Sketch.o
                0x00800271                _pidUp
 .bss._display  0x00800273        0x2 Sketch.o
                0x00800273                _display
 .bss._thermometer
                0x00800275        0x2 Sketch.o
                0x00800275                _thermometer
 .bss._dimmer   0x00800277        0x2 Sketch.o
                0x00800277                _dimmer
 .bss.IETVC     0x00800279       0x4b src/libraries/Encoder_tmr/iarduino_Encoder_tmr.o
                0x00800279                IETVC
 .bss.twi_error
                0x008002c4        0x1 src/libraries/Wire/src/utility/twi.o
 .bss.twi_rxBufferIndex
                0x008002c5        0x1 src/libraries/Wire/src/utility/twi.o
 .bss.twi_rxBuffer
                0x008002c6       0x20 src/libraries/Wire/src/utility/twi.o
 .bss.twi_txBufferLength
                0x008002e6        0x1 src/libraries/Wire/src/utility/twi.o
 .bss.twi_txBufferIndex
                0x008002e7        0x1 src/libraries/Wire/src/utility/twi.o
 .bss.twi_txBuffer
                0x008002e8       0x20 src/libraries/Wire/src/utility/twi.o
 .bss.twi_masterBufferLength
                0x00800308        0x1 src/libraries/Wire/src/utility/twi.o
 .bss.twi_masterBufferIndex
                0x00800309        0x1 src/libraries/Wire/src/utility/twi.o
 .bss.twi_masterBuffer
                0x0080030a       0x20 src/libraries/Wire/src/utility/twi.o
 .bss.twi_onSlaveReceive
                0x0080032a        0x2 src/libraries/Wire/src/utility/twi.o
 .bss.twi_onSlaveTransmit
                0x0080032c        0x2 src/libraries/Wire/src/utility/twi.o
 .bss.twi_inRepStart
                0x0080032e        0x1 src/libraries/Wire/src/utility/twi.o
 .bss.twi_sendStop
                0x0080032f        0x1 src/libraries/Wire/src/utility/twi.o
 .bss.twi_slarw
                0x00800330        0x1 src/libraries/Wire/src/utility/twi.o
 .bss.twi_state
                0x00800331        0x1 src/libraries/Wire/src/utility/twi.o
 .bss.Wire      0x00800332        0xc src/libraries/Wire/src/Wire.o
                0x00800332                Wire
 .bss._ZN7TwoWire12transmittingE
                0x0080033e        0x1 src/libraries/Wire/src/Wire.o
                0x0080033e                _ZN7TwoWire12transmittingE
 .bss._ZN7TwoWire14txBufferLengthE
                0x0080033f        0x1 src/libraries/Wire/src/Wire.o
                0x0080033f                _ZN7TwoWire14txBufferLengthE
 .bss._ZN7TwoWire13txBufferIndexE
                0x00800340        0x1 src/libraries/Wire/src/Wire.o
                0x00800340                _ZN7TwoWire13txBufferIndexE
 .bss._ZN7TwoWire8txBufferE
                0x00800341       0x20 src/libraries/Wire/src/Wire.o
                0x00800341                _ZN7TwoWire8txBufferE
 .bss._ZN7TwoWire9txAddressE
                0x00800361        0x1 src/libraries/Wire/src/Wire.o
                0x00800361                _ZN7TwoWire9txAddressE
 .bss._ZN7TwoWire14rxBufferLengthE
                0x00800362        0x1 src/libraries/Wire/src/Wire.o
                0x00800362                _ZN7TwoWire14rxBufferLengthE
 .bss._ZN7TwoWire13rxBufferIndexE
                0x00800363        0x1 src/libraries/Wire/src/Wire.o
                0x00800363                _ZN7TwoWire13rxBufferIndexE
 .bss._ZN7TwoWire8rxBufferE
                0x00800364       0x20 src/libraries/Wire/src/Wire.o
                0x00800364                _ZN7TwoWire8rxBufferE
 .bss.Serial    0x00800384       0x9d R:\AVR\arduino\Bottom_heater\Code\Bottom_heater\Bottom_heater\ArduinoCore\Debug\libArduinoCore.a(HardwareSerial0.o)
                0x00800384                Serial
 .bss.timer0_fract
                0x00800421        0x1 R:\AVR\arduino\Bottom_heater\Code\Bottom_heater\Bottom_heater\ArduinoCore\Debug\libArduinoCore.a(wiring.o)
 .bss.timer0_millis
                0x00800422        0x4 R:\AVR\arduino\Bottom_heater\Code\Bottom_heater\Bottom_heater\ArduinoCore\Debug\libArduinoCore.a(wiring.o)
                0x00800422                timer0_millis
 .bss.timer0_overflow_count
                0x00800426        0x4 R:\AVR\arduino\Bottom_heater\Code\Bottom_heater\Bottom_heater\ArduinoCore\Debug\libArduinoCore.a(wiring.o)
                0x00800426                timer0_overflow_count
 *(COMMON)
 COMMON         0x0080042a        0x4 c:/program files (x86)/atmel/studio/7.0/toolchain/avr8/avr8-gnu-toolchain/bin/../lib/gcc/avr/5.4.0/../../../../avr/lib/avr5\libc.a(malloc.o)
                0x0080042a                __brkval
                0x0080042c                __flp
                0x0080042e                PROVIDE (__bss_end, .)
                0x00004248                __data_load_start = LOADADDR (.data)
                0x00004372                __data_load_end = (__data_load_start + SIZEOF (.data))

.noinit         0x0080042e        0x0
                [!provide]                PROVIDE (__noinit_start, .)
 *(.noinit*)
                [!provide]                PROVIDE (__noinit_end, .)
                0x0080042e                _end = .
                0x0080042e                PROVIDE (__heap_start, .)

.eeprom         0x00810000        0x0
 *(.eeprom*)
                0x00810000                __eeprom_end = .

.fuse
 *(.fuse)
 *(.lfuse)
 *(.hfuse)
 *(.efuse)

.lock
 *(.lock*)

.signature
 *(.signature*)

.user_signatures
 *(.user_signatures*)

.stab
 *(.stab)

.stabstr
 *(.stabstr)

.stab.excl
 *(.stab.excl)

.stab.exclstr
 *(.stab.exclstr)

.stab.index
 *(.stab.index)

.stab.indexstr
 *(.stab.indexstr)

.comment        0x00000000       0x30
 *(.comment)
 .comment       0x00000000       0x30 Buzzer/Buzzer.o
                                 0x31 (size before relaxing)
 .comment       0x00000030       0x31 Dimmer/Dimmer.o
 .comment       0x00000030       0x31 Dimmer/DimmerItem.o
 .comment       0x00000030       0x31 Display/Display16x2.o
 .comment       0x00000030       0x31 Extensions/EepromExtension.o
 .comment       0x00000030       0x31 Menu/Menu.o
 .comment       0x00000030       0x31 Menu/MenuActionItem.o
 .comment       0x00000030       0x31 Menu/MenuBoolItem.o
 .comment       0x00000030       0x31 Menu/MenuDoubleItem.o
 .comment       0x00000030       0x31 Menu/MenuItem.o
 .comment       0x00000030       0x31 Sketch.o
 .comment       0x00000030       0x31 src/libraries/Encoder_tmr/iarduino_Encoder_tmr.o
 .comment       0x00000030       0x31 src/libraries/LiquidCrystal_I2C/src/LiquidCrystal_I2C.o
 .comment       0x00000030       0x31 src/libraries/MAX6675/max6675.o
 .comment       0x00000030       0x31 src/libraries/PID/PID_v1.o
 .comment       0x00000030       0x31 src/libraries/SimpleTimer/SimpleTimer.o
 .comment       0x00000030       0x31 src/libraries/Wire/src/utility/twi.o
 .comment       0x00000030       0x31 src/libraries/Wire/src/Wire.o
 .comment       0x00000030       0x31 Thermometer/Thermometer.o
 .comment       0x00000030       0x31 R:\AVR\arduino\Bottom_heater\Code\Bottom_heater\Bottom_heater\ArduinoCore\Debug\libArduinoCore.a(HardwareSerial.o)
 .comment       0x00000030       0x31 R:\AVR\arduino\Bottom_heater\Code\Bottom_heater\Bottom_heater\ArduinoCore\Debug\libArduinoCore.a(HardwareSerial0.o)
 .comment       0x00000030       0x31 R:\AVR\arduino\Bottom_heater\Code\Bottom_heater\Bottom_heater\ArduinoCore\Debug\libArduinoCore.a(main.o)
 .comment       0x00000030       0x31 R:\AVR\arduino\Bottom_heater\Code\Bottom_heater\Bottom_heater\ArduinoCore\Debug\libArduinoCore.a(new.o)
 .comment       0x00000030       0x31 R:\AVR\arduino\Bottom_heater\Code\Bottom_heater\Bottom_heater\ArduinoCore\Debug\libArduinoCore.a(Print.o)
 .comment       0x00000030       0x31 R:\AVR\arduino\Bottom_heater\Code\Bottom_heater\Bottom_heater\ArduinoCore\Debug\libArduinoCore.a(WInterrupts.o)
 .comment       0x00000030       0x31 R:\AVR\arduino\Bottom_heater\Code\Bottom_heater\Bottom_heater\ArduinoCore\Debug\libArduinoCore.a(wiring.o)
 .comment       0x00000030       0x31 R:\AVR\arduino\Bottom_heater\Code\Bottom_heater\Bottom_heater\ArduinoCore\Debug\libArduinoCore.a(wiring_analog.o)
 .comment       0x00000030       0x31 R:\AVR\arduino\Bottom_heater\Code\Bottom_heater\Bottom_heater\ArduinoCore\Debug\libArduinoCore.a(wiring_digital.o)
 .comment       0x00000030       0x31 R:\AVR\arduino\Bottom_heater\Code\Bottom_heater\Bottom_heater\ArduinoCore\Debug\libArduinoCore.a(WString.o)
 .comment       0x00000030       0x31 R:\AVR\arduino\Bottom_heater\Code\Bottom_heater\Bottom_heater\ArduinoCore\Debug\libArduinoCore.a(hooks.o)
 .comment       0x00000030       0x31 c:/program files (x86)/atmel/studio/7.0/toolchain/avr8/avr8-gnu-toolchain/bin/../lib/gcc/avr/5.4.0/../../../../avr/lib/avr5\libc.a(malloc.o)
 .comment       0x00000030       0x31 c:/program files (x86)/atmel/studio/7.0/toolchain/avr8/avr8-gnu-toolchain/bin/../lib/gcc/avr/5.4.0/../../../../avr/lib/avr5\libc.a(realloc.o)

.note.gnu.avr.deviceinfo
                0x00000000       0x40
 .note.gnu.avr.deviceinfo
                0x00000000       0x40 C:/Program Files (x86)/Atmel/Studio/7.0/Packs/atmel/ATmega_DFP/1.2.209/gcc/dev/atmega328p/avr5/crtatmega328p.o

.note.gnu.build-id
 *(.note.gnu.build-id)

.debug
 *(.debug)

.line
 *(.line)

.debug_srcinfo
 *(.debug_srcinfo)

.debug_sfnames
 *(.debug_sfnames)

.debug_aranges  0x00000000      0xe50
 *(.debug_aranges)
 .debug_aranges
                0x00000000       0x40 Buzzer/Buzzer.o
 .debug_aranges
                0x00000040       0x50 Dimmer/Dimmer.o
 .debug_aranges
                0x00000090       0x30 Dimmer/DimmerItem.o
 .debug_aranges
                0x000000c0       0x40 Display/Display16x2.o
 .debug_aranges
                0x00000100       0x98 Extensions/EepromExtension.o
 .debug_aranges
                0x00000198       0x50 Menu/Menu.o
 .debug_aranges
                0x000001e8       0x50 Menu/MenuActionItem.o
 .debug_aranges
                0x00000238       0x60 Menu/MenuBoolItem.o
 .debug_aranges
                0x00000298       0x60 Menu/MenuDoubleItem.o
 .debug_aranges
                0x000002f8       0x60 Menu/MenuItem.o
 .debug_aranges
                0x00000358       0xa0 Sketch.o
 .debug_aranges
                0x000003f8       0x48 src/libraries/Encoder_tmr/iarduino_Encoder_tmr.o
 .debug_aranges
                0x00000440      0x118 src/libraries/LiquidCrystal_I2C/src/LiquidCrystal_I2C.o
 .debug_aranges
                0x00000558       0x38 src/libraries/MAX6675/max6675.o
 .debug_aranges
                0x00000590       0x80 src/libraries/PID/PID_v1.o
 .debug_aranges
                0x00000610       0x88 src/libraries/SimpleTimer/SimpleTimer.o
 .debug_aranges
                0x00000698       0x80 src/libraries/Wire/src/utility/twi.o
 .debug_aranges
                0x00000718       0xf8 src/libraries/Wire/src/Wire.o
 .debug_aranges
                0x00000810       0x30 Thermometer/Thermometer.o
 .debug_aranges
                0x00000840       0x68 R:\AVR\arduino\Bottom_heater\Code\Bottom_heater\Bottom_heater\ArduinoCore\Debug\libArduinoCore.a(HardwareSerial.o)
 .debug_aranges
                0x000008a8       0x48 R:\AVR\arduino\Bottom_heater\Code\Bottom_heater\Bottom_heater\ArduinoCore\Debug\libArduinoCore.a(HardwareSerial0.o)
 .debug_aranges
                0x000008f0       0x30 R:\AVR\arduino\Bottom_heater\Code\Bottom_heater\Bottom_heater\ArduinoCore\Debug\libArduinoCore.a(main.o)
 .debug_aranges
                0x00000920       0x28 R:\AVR\arduino\Bottom_heater\Code\Bottom_heater\Bottom_heater\ArduinoCore\Debug\libArduinoCore.a(new.o)
 .debug_aranges
                0x00000948      0x100 R:\AVR\arduino\Bottom_heater\Code\Bottom_heater\Bottom_heater\ArduinoCore\Debug\libArduinoCore.a(Print.o)
 .debug_aranges
                0x00000a48       0x40 R:\AVR\arduino\Bottom_heater\Code\Bottom_heater\Bottom_heater\ArduinoCore\Debug\libArduinoCore.a(WInterrupts.o)
 .debug_aranges
                0x00000a88       0x48 R:\AVR\arduino\Bottom_heater\Code\Bottom_heater\Bottom_heater\ArduinoCore\Debug\libArduinoCore.a(wiring.o)
 .debug_aranges
                0x00000ad0       0x30 R:\AVR\arduino\Bottom_heater\Code\Bottom_heater\Bottom_heater\ArduinoCore\Debug\libArduinoCore.a(wiring_analog.o)
 .debug_aranges
                0x00000b00       0x38 R:\AVR\arduino\Bottom_heater\Code\Bottom_heater\Bottom_heater\ArduinoCore\Debug\libArduinoCore.a(wiring_digital.o)
 .debug_aranges
                0x00000b38      0x2b8 R:\AVR\arduino\Bottom_heater\Code\Bottom_heater\Bottom_heater\ArduinoCore\Debug\libArduinoCore.a(WString.o)
 .debug_aranges
                0x00000df0       0x20 R:\AVR\arduino\Bottom_heater\Code\Bottom_heater\Bottom_heater\ArduinoCore\Debug\libArduinoCore.a(hooks.o)
 .debug_aranges
                0x00000e10       0x20 C:/Program Files (x86)/Atmel/Studio/7.0/Packs/atmel/ATmega_DFP/1.2.209/gcc/dev/atmega328p/avr5\libatmega328p.a(eerd_byte.o)
 .debug_aranges
                0x00000e30       0x20 C:/Program Files (x86)/Atmel/Studio/7.0/Packs/atmel/ATmega_DFP/1.2.209/gcc/dev/atmega328p/avr5\libatmega328p.a(eewr_byte.o)

.debug_pubnames
 *(.debug_pubnames)

.debug_info     0x00000000    0x1b329
 *(.debug_info .gnu.linkonce.wi.*)
 .debug_info    0x00000000      0x5f4 C:/Program Files (x86)/Atmel/Studio/7.0/Packs/atmel/ATmega_DFP/1.2.209/gcc/dev/atmega328p/avr5/crtatmega328p.o
 .debug_info    0x000005f4      0x82c Buzzer/Buzzer.o
 .debug_info    0x00000e20      0xa39 Dimmer/Dimmer.o
 .debug_info    0x00001859      0x34d Dimmer/DimmerItem.o
 .debug_info    0x00001ba6     0x18a3 Display/Display16x2.o
 .debug_info    0x00003449     0x16b0 Extensions/EepromExtension.o
 .debug_info    0x00004af9      0x50e Menu/Menu.o
 .debug_info    0x00005007      0x62f Menu/MenuActionItem.o
 .debug_info    0x00005636      0x742 Menu/MenuBoolItem.o
 .debug_info    0x00005d78      0x746 Menu/MenuDoubleItem.o
 .debug_info    0x000064be      0x8a0 Menu/MenuItem.o
 .debug_info    0x00006d5e     0x25b8 Sketch.o
 .debug_info    0x00009316      0x71e src/libraries/Encoder_tmr/iarduino_Encoder_tmr.o
 .debug_info    0x00009a34     0x1508 src/libraries/LiquidCrystal_I2C/src/LiquidCrystal_I2C.o
 .debug_info    0x0000af3c      0x5a5 src/libraries/MAX6675/max6675.o
 .debug_info    0x0000b4e1      0x9bc src/libraries/PID/PID_v1.o
 .debug_info    0x0000be9d      0xa05 src/libraries/SimpleTimer/SimpleTimer.o
 .debug_info    0x0000c8a2      0x604 src/libraries/Wire/src/utility/twi.o
 .debug_info    0x0000cea6     0x27b4 src/libraries/Wire/src/Wire.o
 .debug_info    0x0000f65a      0x4be Thermometer/Thermometer.o
 .debug_info    0x0000fb18     0x1e89 R:\AVR\arduino\Bottom_heater\Code\Bottom_heater\Bottom_heater\ArduinoCore\Debug\libArduinoCore.a(HardwareSerial.o)
 .debug_info    0x000119a1     0x1b16 R:\AVR\arduino\Bottom_heater\Code\Bottom_heater\Bottom_heater\ArduinoCore\Debug\libArduinoCore.a(HardwareSerial0.o)
 .debug_info    0x000134b7      0x237 R:\AVR\arduino\Bottom_heater\Code\Bottom_heater\Bottom_heater\ArduinoCore\Debug\libArduinoCore.a(main.o)
 .debug_info    0x000136ee      0x11c R:\AVR\arduino\Bottom_heater\Code\Bottom_heater\Bottom_heater\ArduinoCore\Debug\libArduinoCore.a(new.o)
 .debug_info    0x0001380a     0x28ff R:\AVR\arduino\Bottom_heater\Code\Bottom_heater\Bottom_heater\ArduinoCore\Debug\libArduinoCore.a(Print.o)
 .debug_info    0x00016109      0x21c R:\AVR\arduino\Bottom_heater\Code\Bottom_heater\Bottom_heater\ArduinoCore\Debug\libArduinoCore.a(WInterrupts.o)
 .debug_info    0x00016325      0x2cb R:\AVR\arduino\Bottom_heater\Code\Bottom_heater\Bottom_heater\ArduinoCore\Debug\libArduinoCore.a(wiring.o)
 .debug_info    0x000165f0      0x26d R:\AVR\arduino\Bottom_heater\Code\Bottom_heater\Bottom_heater\ArduinoCore\Debug\libArduinoCore.a(wiring_analog.o)
 .debug_info    0x0001685d      0x5fe R:\AVR\arduino\Bottom_heater\Code\Bottom_heater\Bottom_heater\ArduinoCore\Debug\libArduinoCore.a(wiring_digital.o)
 .debug_info    0x00016e5b     0x4338 R:\AVR\arduino\Bottom_heater\Code\Bottom_heater\Bottom_heater\ArduinoCore\Debug\libArduinoCore.a(WString.o)
 .debug_info    0x0001b193       0x3e R:\AVR\arduino\Bottom_heater\Code\Bottom_heater\Bottom_heater\ArduinoCore\Debug\libArduinoCore.a(hooks.o)
 .debug_info    0x0001b1d1       0xac C:/Program Files (x86)/Atmel/Studio/7.0/Packs/atmel/ATmega_DFP/1.2.209/gcc/dev/atmega328p/avr5\libatmega328p.a(eerd_byte.o)
 .debug_info    0x0001b27d       0xac C:/Program Files (x86)/Atmel/Studio/7.0/Packs/atmel/ATmega_DFP/1.2.209/gcc/dev/atmega328p/avr5\libatmega328p.a(eewr_byte.o)

.debug_abbrev   0x00000000     0x570f
 *(.debug_abbrev)
 .debug_abbrev  0x00000000      0x5a2 C:/Program Files (x86)/Atmel/Studio/7.0/Packs/atmel/ATmega_DFP/1.2.209/gcc/dev/atmega328p/avr5/crtatmega328p.o
 .debug_abbrev  0x000005a2      0x2c3 Buzzer/Buzzer.o
 .debug_abbrev  0x00000865      0x2e6 Dimmer/Dimmer.o
 .debug_abbrev  0x00000b4b      0x1e2 Dimmer/DimmerItem.o
 .debug_abbrev  0x00000d2d      0x334 Display/Display16x2.o
 .debug_abbrev  0x00001061      0x2bd Extensions/EepromExtension.o
 .debug_abbrev  0x0000131e      0x23a Menu/Menu.o
 .debug_abbrev  0x00001558      0x261 Menu/MenuActionItem.o
 .debug_abbrev  0x000017b9      0x2cf Menu/MenuBoolItem.o
 .debug_abbrev  0x00001a88      0x2d7 Menu/MenuDoubleItem.o
 .debug_abbrev  0x00001d5f      0x32c Menu/MenuItem.o
 .debug_abbrev  0x0000208b      0x5ab Sketch.o
 .debug_abbrev  0x00002636      0x2d8 src/libraries/Encoder_tmr/iarduino_Encoder_tmr.o
 .debug_abbrev  0x0000290e      0x356 src/libraries/LiquidCrystal_I2C/src/LiquidCrystal_I2C.o
 .debug_abbrev  0x00002c64      0x271 src/libraries/MAX6675/max6675.o
 .debug_abbrev  0x00002ed5      0x2ab src/libraries/PID/PID_v1.o
 .debug_abbrev  0x00003180      0x2ed src/libraries/SimpleTimer/SimpleTimer.o
 .debug_abbrev  0x0000346d      0x260 src/libraries/Wire/src/utility/twi.o
 .debug_abbrev  0x000036cd      0x581 src/libraries/Wire/src/Wire.o
 .debug_abbrev  0x00003c4e      0x230 Thermometer/Thermometer.o
 .debug_abbrev  0x00003e7e      0x432 R:\AVR\arduino\Bottom_heater\Code\Bottom_heater\Bottom_heater\ArduinoCore\Debug\libArduinoCore.a(HardwareSerial.o)
 .debug_abbrev  0x000042b0      0x3ce R:\AVR\arduino\Bottom_heater\Code\Bottom_heater\Bottom_heater\ArduinoCore\Debug\libArduinoCore.a(HardwareSerial0.o)
 .debug_abbrev  0x0000467e      0x12d R:\AVR\arduino\Bottom_heater\Code\Bottom_heater\Bottom_heater\ArduinoCore\Debug\libArduinoCore.a(main.o)
 .debug_abbrev  0x000047ab       0xce R:\AVR\arduino\Bottom_heater\Code\Bottom_heater\Bottom_heater\ArduinoCore\Debug\libArduinoCore.a(new.o)
 .debug_abbrev  0x00004879      0x47a R:\AVR\arduino\Bottom_heater\Code\Bottom_heater\Bottom_heater\ArduinoCore\Debug\libArduinoCore.a(Print.o)
 .debug_abbrev  0x00004cf3       0xfc R:\AVR\arduino\Bottom_heater\Code\Bottom_heater\Bottom_heater\ArduinoCore\Debug\libArduinoCore.a(WInterrupts.o)
 .debug_abbrev  0x00004def      0x146 R:\AVR\arduino\Bottom_heater\Code\Bottom_heater\Bottom_heater\ArduinoCore\Debug\libArduinoCore.a(wiring.o)
 .debug_abbrev  0x00004f35      0x16b R:\AVR\arduino\Bottom_heater\Code\Bottom_heater\Bottom_heater\ArduinoCore\Debug\libArduinoCore.a(wiring_analog.o)
 .debug_abbrev  0x000050a0      0x15b R:\AVR\arduino\Bottom_heater\Code\Bottom_heater\Bottom_heater\ArduinoCore\Debug\libArduinoCore.a(wiring_digital.o)
 .debug_abbrev  0x000051fb      0x4c2 R:\AVR\arduino\Bottom_heater\Code\Bottom_heater\Bottom_heater\ArduinoCore\Debug\libArduinoCore.a(WString.o)
 .debug_abbrev  0x000056bd       0x2a R:\AVR\arduino\Bottom_heater\Code\Bottom_heater\Bottom_heater\ArduinoCore\Debug\libArduinoCore.a(hooks.o)
 .debug_abbrev  0x000056e7       0x14 C:/Program Files (x86)/Atmel/Studio/7.0/Packs/atmel/ATmega_DFP/1.2.209/gcc/dev/atmega328p/avr5\libatmega328p.a(eerd_byte.o)
 .debug_abbrev  0x000056fb       0x14 C:/Program Files (x86)/Atmel/Studio/7.0/Packs/atmel/ATmega_DFP/1.2.209/gcc/dev/atmega328p/avr5\libatmega328p.a(eewr_byte.o)

.debug_line     0x00000000     0x6ffb
 *(.debug_line .debug_line.* .debug_line_end)
 .debug_line    0x00000000      0x133 C:/Program Files (x86)/Atmel/Studio/7.0/Packs/atmel/ATmega_DFP/1.2.209/gcc/dev/atmega328p/avr5/crtatmega328p.o
 .debug_line    0x00000133      0x213 Buzzer/Buzzer.o
 .debug_line    0x00000346      0x27b Dimmer/Dimmer.o
 .debug_line    0x000005c1      0x189 Dimmer/DimmerItem.o
 .debug_line    0x0000074a      0x36f Display/Display16x2.o
 .debug_line    0x00000ab9      0x421 Extensions/EepromExtension.o
 .debug_line    0x00000eda       0xed Menu/Menu.o
 .debug_line    0x00000fc7       0xfb Menu/MenuActionItem.o
 .debug_line    0x000010c2      0x1af Menu/MenuBoolItem.o
 .debug_line    0x00001271      0x1c3 Menu/MenuDoubleItem.o
 .debug_line    0x00001434      0x327 Menu/MenuItem.o
 .debug_line    0x0000175b      0x85a Sketch.o
 .debug_line    0x00001fb5      0x32e src/libraries/Encoder_tmr/iarduino_Encoder_tmr.o
 .debug_line    0x000022e3      0x715 src/libraries/LiquidCrystal_I2C/src/LiquidCrystal_I2C.o
 .debug_line    0x000029f8      0x2df src/libraries/MAX6675/max6675.o
 .debug_line    0x00002cd7      0x426 src/libraries/PID/PID_v1.o
 .debug_line    0x000030fd      0x459 src/libraries/SimpleTimer/SimpleTimer.o
 .debug_line    0x00003556      0x52e src/libraries/Wire/src/utility/twi.o
 .debug_line    0x00003a84      0x608 src/libraries/Wire/src/Wire.o
 .debug_line    0x0000408c      0x1b4 Thermometer/Thermometer.o
 .debug_line    0x00004240      0x43b R:\AVR\arduino\Bottom_heater\Code\Bottom_heater\Bottom_heater\ArduinoCore\Debug\libArduinoCore.a(HardwareSerial.o)
 .debug_line    0x0000467b      0x2a1 R:\AVR\arduino\Bottom_heater\Code\Bottom_heater\Bottom_heater\ArduinoCore\Debug\libArduinoCore.a(HardwareSerial0.o)
 .debug_line    0x0000491c      0x17a R:\AVR\arduino\Bottom_heater\Code\Bottom_heater\Bottom_heater\ArduinoCore\Debug\libArduinoCore.a(main.o)
 .debug_line    0x00004a96      0x12f R:\AVR\arduino\Bottom_heater\Code\Bottom_heater\Bottom_heater\ArduinoCore\Debug\libArduinoCore.a(new.o)
 .debug_line    0x00004bc5      0x69a R:\AVR\arduino\Bottom_heater\Code\Bottom_heater\Bottom_heater\ArduinoCore\Debug\libArduinoCore.a(Print.o)
 .debug_line    0x0000525f      0x1b5 R:\AVR\arduino\Bottom_heater\Code\Bottom_heater\Bottom_heater\ArduinoCore\Debug\libArduinoCore.a(WInterrupts.o)
 .debug_line    0x00005414      0x2ae R:\AVR\arduino\Bottom_heater\Code\Bottom_heater\Bottom_heater\ArduinoCore\Debug\libArduinoCore.a(wiring.o)
 .debug_line    0x000056c2      0x224 R:\AVR\arduino\Bottom_heater\Code\Bottom_heater\Bottom_heater\ArduinoCore\Debug\libArduinoCore.a(wiring_analog.o)
 .debug_line    0x000058e6      0x267 R:\AVR\arduino\Bottom_heater\Code\Bottom_heater\Bottom_heater\ArduinoCore\Debug\libArduinoCore.a(wiring_digital.o)
 .debug_line    0x00005b4d     0x1355 R:\AVR\arduino\Bottom_heater\Code\Bottom_heater\Bottom_heater\ArduinoCore\Debug\libArduinoCore.a(WString.o)
 .debug_line    0x00006ea2       0x41 R:\AVR\arduino\Bottom_heater\Code\Bottom_heater\Bottom_heater\ArduinoCore\Debug\libArduinoCore.a(hooks.o)
 .debug_line    0x00006ee3       0x7a C:/Program Files (x86)/Atmel/Studio/7.0/Packs/atmel/ATmega_DFP/1.2.209/gcc/dev/atmega328p/avr5\libatmega328p.a(eerd_byte.o)
 .debug_line    0x00006f5d       0x9e C:/Program Files (x86)/Atmel/Studio/7.0/Packs/atmel/ATmega_DFP/1.2.209/gcc/dev/atmega328p/avr5\libatmega328p.a(eewr_byte.o)

.debug_frame    0x00000000     0x2a78
 *(.debug_frame)
 .debug_frame   0x00000000       0x88 Buzzer/Buzzer.o
 .debug_frame   0x00000088       0x90 Dimmer/Dimmer.o
 .debug_frame   0x00000118       0x50 Dimmer/DimmerItem.o
 .debug_frame   0x00000168       0xb0 Display/Display16x2.o
 .debug_frame   0x00000218      0x290 Extensions/EepromExtension.o
 .debug_frame   0x000004a8       0x90 Menu/Menu.o
 .debug_frame   0x00000538       0x84 Menu/MenuActionItem.o
 .debug_frame   0x000005bc       0xbc Menu/MenuBoolItem.o
 .debug_frame   0x00000678       0xe4 Menu/MenuDoubleItem.o
 .debug_frame   0x0000075c       0xbc Menu/MenuItem.o
 .debug_frame   0x00000818      0x230 Sketch.o
 .debug_frame   0x00000a48       0xbc src/libraries/Encoder_tmr/iarduino_Encoder_tmr.o
 .debug_frame   0x00000b04      0x29c src/libraries/LiquidCrystal_I2C/src/LiquidCrystal_I2C.o
 .debug_frame   0x00000da0       0x98 src/libraries/MAX6675/max6675.o
 .debug_frame   0x00000e38      0x2dc src/libraries/PID/PID_v1.o
 .debug_frame   0x00001114      0x1f4 src/libraries/SimpleTimer/SimpleTimer.o
 .debug_frame   0x00001308      0x134 src/libraries/Wire/src/utility/twi.o
 .debug_frame   0x0000143c      0x284 src/libraries/Wire/src/Wire.o
 .debug_frame   0x000016c0       0x68 Thermometer/Thermometer.o
 .debug_frame   0x00001728      0x110 R:\AVR\arduino\Bottom_heater\Code\Bottom_heater\Bottom_heater\ArduinoCore\Debug\libArduinoCore.a(HardwareSerial.o)
 .debug_frame   0x00001838       0xe0 R:\AVR\arduino\Bottom_heater\Code\Bottom_heater\Bottom_heater\ArduinoCore\Debug\libArduinoCore.a(HardwareSerial0.o)
 .debug_frame   0x00001918       0x54 R:\AVR\arduino\Bottom_heater\Code\Bottom_heater\Bottom_heater\ArduinoCore\Debug\libArduinoCore.a(main.o)
 .debug_frame   0x0000196c       0x54 R:\AVR\arduino\Bottom_heater\Code\Bottom_heater\Bottom_heater\ArduinoCore\Debug\libArduinoCore.a(new.o)
 .debug_frame   0x000019c0      0x3ac R:\AVR\arduino\Bottom_heater\Code\Bottom_heater\Bottom_heater\ArduinoCore\Debug\libArduinoCore.a(Print.o)
 .debug_frame   0x00001d6c       0xf4 R:\AVR\arduino\Bottom_heater\Code\Bottom_heater\Bottom_heater\ArduinoCore\Debug\libArduinoCore.a(WInterrupts.o)
 .debug_frame   0x00001e60       0xc4 R:\AVR\arduino\Bottom_heater\Code\Bottom_heater\Bottom_heater\ArduinoCore\Debug\libArduinoCore.a(wiring.o)
 .debug_frame   0x00001f24       0x54 R:\AVR\arduino\Bottom_heater\Code\Bottom_heater\Bottom_heater\ArduinoCore\Debug\libArduinoCore.a(wiring_analog.o)
 .debug_frame   0x00001f78       0x7c R:\AVR\arduino\Bottom_heater\Code\Bottom_heater\Bottom_heater\ArduinoCore\Debug\libArduinoCore.a(wiring_digital.o)
 .debug_frame   0x00001ff4      0xa60 R:\AVR\arduino\Bottom_heater\Code\Bottom_heater\Bottom_heater\ArduinoCore\Debug\libArduinoCore.a(WString.o)
 .debug_frame   0x00002a54       0x24 R:\AVR\arduino\Bottom_heater\Code\Bottom_heater\Bottom_heater\ArduinoCore\Debug\libArduinoCore.a(hooks.o)

.debug_str      0x00000000     0x5553
 *(.debug_str)
 .debug_str     0x00000000      0x208 C:/Program Files (x86)/Atmel/Studio/7.0/Packs/atmel/ATmega_DFP/1.2.209/gcc/dev/atmega328p/avr5/crtatmega328p.o
 .debug_str     0x00000208      0x66f Buzzer/Buzzer.o
                                0x6cb (size before relaxing)
 .debug_str     0x00000877      0x1ee Dimmer/Dimmer.o
                                0x7eb (size before relaxing)
 .debug_str     0x00000a65       0x55 Dimmer/DimmerItem.o
                                0x34d (size before relaxing)
 .debug_str     0x00000aba      0xd6f Display/Display16x2.o
                               0x1042 (size before relaxing)
 .debug_str     0x00001829      0x62b Extensions/EepromExtension.o
                                0x8c7 (size before relaxing)
 .debug_str     0x00001e54      0x21b Menu/Menu.o
                                0x411 (size before relaxing)
 .debug_str     0x0000206f      0x1f6 Menu/MenuActionItem.o
                                0x521 (size before relaxing)
 .debug_str     0x00002265      0x1ba Menu/MenuBoolItem.o
                                0x591 (size before relaxing)
 .debug_str     0x0000241f      0x1cb Menu/MenuDoubleItem.o
                                0x5ac (size before relaxing)
 .debug_str     0x000025ea      0x17e Menu/MenuItem.o
                                0x604 (size before relaxing)
 .debug_str     0x00002768      0x906 Sketch.o
                               0x16d2 (size before relaxing)
 .debug_str     0x0000306e      0x1a7 src/libraries/Encoder_tmr/iarduino_Encoder_tmr.o
                                0x4f0 (size before relaxing)
 .debug_str     0x00003215      0x8b6 src/libraries/LiquidCrystal_I2C/src/LiquidCrystal_I2C.o
                                0xc11 (size before relaxing)
 .debug_str     0x00003acb       0x77 src/libraries/MAX6675/max6675.o
                                0x3c3 (size before relaxing)
 .debug_str     0x00003b42       0x82 src/libraries/PID/PID_v1.o
                                0x52e (size before relaxing)
 .debug_str     0x00003bc4       0x6c src/libraries/SimpleTimer/SimpleTimer.o
                                0x608 (size before relaxing)
 .debug_str     0x00003c30      0x2b2 src/libraries/Wire/src/utility/twi.o
                                0x3cb (size before relaxing)
 .debug_str     0x00003ee2      0x88e src/libraries/Wire/src/Wire.o
                               0x18c2 (size before relaxing)
 .debug_str     0x00004770       0x5e Thermometer/Thermometer.o
                                0x43f (size before relaxing)
 .debug_str     0x000047ce      0x3d1 R:\AVR\arduino\Bottom_heater\Code\Bottom_heater\Bottom_heater\ArduinoCore\Debug\libArduinoCore.a(HardwareSerial.o)
                               0x15e7 (size before relaxing)
 .debug_str     0x00004b9f       0x47 R:\AVR\arduino\Bottom_heater\Code\Bottom_heater\Bottom_heater\ArduinoCore\Debug\libArduinoCore.a(HardwareSerial0.o)
                               0x1403 (size before relaxing)
 .debug_str     0x00004be6       0x37 R:\AVR\arduino\Bottom_heater\Code\Bottom_heater\Bottom_heater\ArduinoCore\Debug\libArduinoCore.a(main.o)
                                0x2af (size before relaxing)
 .debug_str     0x00004c1d       0x3a R:\AVR\arduino\Bottom_heater\Code\Bottom_heater\Bottom_heater\ArduinoCore\Debug\libArduinoCore.a(new.o)
                                0x1c5 (size before relaxing)
 .debug_str     0x00004c57      0x36d R:\AVR\arduino\Bottom_heater\Code\Bottom_heater\Bottom_heater\ArduinoCore\Debug\libArduinoCore.a(Print.o)
                               0x123d (size before relaxing)
 .debug_str     0x00004fc4       0x72 R:\AVR\arduino\Bottom_heater\Code\Bottom_heater\Bottom_heater\ArduinoCore\Debug\libArduinoCore.a(WInterrupts.o)
                                0x232 (size before relaxing)
 .debug_str     0x00005036       0x6d R:\AVR\arduino\Bottom_heater\Code\Bottom_heater\Bottom_heater\ArduinoCore\Debug\libArduinoCore.a(wiring.o)
                                0x245 (size before relaxing)
 .debug_str     0x000050a3       0x66 R:\AVR\arduino\Bottom_heater\Code\Bottom_heater\Bottom_heater\ArduinoCore\Debug\libArduinoCore.a(wiring_analog.o)
                                0x249 (size before relaxing)
 .debug_str     0x00005109       0x51 R:\AVR\arduino\Bottom_heater\Code\Bottom_heater\Bottom_heater\ArduinoCore\Debug\libArduinoCore.a(wiring_digital.o)
                                0x2aa (size before relaxing)
 .debug_str     0x0000515a      0x3dd R:\AVR\arduino\Bottom_heater\Code\Bottom_heater\Bottom_heater\ArduinoCore\Debug\libArduinoCore.a(WString.o)
                               0x1190 (size before relaxing)
 .debug_str     0x00005537       0x1c R:\AVR\arduino\Bottom_heater\Code\Bottom_heater\Bottom_heater\ArduinoCore\Debug\libArduinoCore.a(hooks.o)
                                0x13a (size before relaxing)

.debug_loc      0x00000000     0xd259
 *(.debug_loc)
 .debug_loc     0x00000000      0x15f Buzzer/Buzzer.o
 .debug_loc     0x0000015f      0x149 Dimmer/Dimmer.o
 .debug_loc     0x000002a8       0xe7 Dimmer/DimmerItem.o
 .debug_loc     0x0000038f      0x431 Display/Display16x2.o
 .debug_loc     0x000007c0     0x1279 Extensions/EepromExtension.o
 .debug_loc     0x00001a39      0x14d Menu/Menu.o
 .debug_loc     0x00001b86       0xc4 Menu/MenuActionItem.o
 .debug_loc     0x00001c4a      0x1a2 Menu/MenuBoolItem.o
 .debug_loc     0x00001dec      0x274 Menu/MenuDoubleItem.o
 .debug_loc     0x00002060      0x1c2 Menu/MenuItem.o
 .debug_loc     0x00002222      0x4f3 Sketch.o
 .debug_loc     0x00002715      0x3a5 src/libraries/Encoder_tmr/iarduino_Encoder_tmr.o
 .debug_loc     0x00002aba      0xb09 src/libraries/LiquidCrystal_I2C/src/LiquidCrystal_I2C.o
 .debug_loc     0x000035c3      0x395 src/libraries/MAX6675/max6675.o
 .debug_loc     0x00003958      0xd8a src/libraries/PID/PID_v1.o