Archive member included to satisfy reference by file (symbol)

c:/program files (x86)/atmel/studio/7.0/toolchain/avr8/avr8-gnu-toolchain/bin/../lib/gcc/avr/5.4.0/../../../../avr/lib/avr5\libm.a(addsf3.o)
                              src/libraries/AutoPID/AutoPID.o (__subsf3)
c:/program files (x86)/atmel/studio/7.0/toolchain/avr8/avr8-gnu-toolchain/bin/../lib/gcc/avr/5.4.0/../../../../avr/lib/avr5\libm.a(addsf3x.o)
                              c:/program files (x86)/atmel/studio/7.0/toolchain/avr8/avr8-gnu-toolchain/bin/../lib/gcc/avr/5.4.0/../../../../avr/lib/avr5\libm.a(addsf3.o) (__addsf3x)
c:/program files (x86)/atmel/studio/7.0/toolchain/avr8/avr8-gnu-toolchain/bin/../lib/gcc/avr/5.4.0/../../../../avr/lib/avr5\libm.a(cmpsf2.o)
                              src/libraries/AutoPID/AutoPID.o (__nesf2)
c:/program files (x86)/atmel/studio/7.0/toolchain/avr8/avr8-gnu-toolchain/bin/../lib/gcc/avr/5.4.0/../../../../avr/lib/avr5\libm.a(divsf3.o)
                              Sketch.o (__divsf3)
c:/program files (x86)/atmel/studio/7.0/toolchain/avr8/avr8-gnu-toolchain/bin/../lib/gcc/avr/5.4.0/../../../../avr/lib/avr5\libm.a(divsf3x.o)
                              c:/program files (x86)/atmel/studio/7.0/toolchain/avr8/avr8-gnu-toolchain/bin/../lib/gcc/avr/5.4.0/../../../../avr/lib/avr5\libm.a(divsf3.o) (__divsf3x)
c:/program files (x86)/atmel/studio/7.0/toolchain/avr8/avr8-gnu-toolchain/bin/../lib/gcc/avr/5.4.0/../../../../avr/lib/avr5\libm.a(fixsfsi.o)
                              Sketch.o (__fixsfsi)
c:/program files (x86)/atmel/studio/7.0/toolchain/avr8/avr8-gnu-toolchain/bin/../lib/gcc/avr/5.4.0/../../../../avr/lib/avr5\libm.a(fixunssfsi.o)
                              c:/program files (x86)/atmel/studio/7.0/toolchain/avr8/avr8-gnu-toolchain/bin/../lib/gcc/avr/5.4.0/../../../../avr/lib/avr5\libm.a(fixsfsi.o) (__fixunssfsi)
c:/program files (x86)/atmel/studio/7.0/toolchain/avr8/avr8-gnu-toolchain/bin/../lib/gcc/avr/5.4.0/../../../../avr/lib/avr5\libm.a(floatsisf.o)
                              Sketch.o (__floatunsisf)
c:/program files (x86)/atmel/studio/7.0/toolchain/avr8/avr8-gnu-toolchain/bin/../lib/gcc/avr/5.4.0/../../../../avr/lib/avr5\libm.a(floor.o)
                              src/libraries/MyMenu/MyMenu.o (floor)
c:/program files (x86)/atmel/studio/7.0/toolchain/avr8/avr8-gnu-toolchain/bin/../lib/gcc/avr/5.4.0/../../../../avr/lib/avr5\libm.a(fp_cmp.o)
                              c:/program files (x86)/atmel/studio/7.0/toolchain/avr8/avr8-gnu-toolchain/bin/../lib/gcc/avr/5.4.0/../../../../avr/lib/avr5\libm.a(cmpsf2.o) (__fp_cmp)
c:/program files (x86)/atmel/studio/7.0/toolchain/avr8/avr8-gnu-toolchain/bin/../lib/gcc/avr/5.4.0/../../../../avr/lib/avr5\libm.a(fp_inf.o)
                              c:/program files (x86)/atmel/studio/7.0/toolchain/avr8/avr8-gnu-toolchain/bin/../lib/gcc/avr/5.4.0/../../../../avr/lib/avr5\libm.a(addsf3x.o) (__fp_inf)
c:/program files (x86)/atmel/studio/7.0/toolchain/avr8/avr8-gnu-toolchain/bin/../lib/gcc/avr/5.4.0/../../../../avr/lib/avr5\libm.a(fp_mintl.o)
                              c:/program files (x86)/atmel/studio/7.0/toolchain/avr8/avr8-gnu-toolchain/bin/../lib/gcc/avr/5.4.0/../../../../avr/lib/avr5\libm.a(floor.o) (__fp_mintl)
c:/program files (x86)/atmel/studio/7.0/toolchain/avr8/avr8-gnu-toolchain/bin/../lib/gcc/avr/5.4.0/../../../../avr/lib/avr5\libm.a(fp_mpack.o)
                              c:/program files (x86)/atmel/studio/7.0/toolchain/avr8/avr8-gnu-toolchain/bin/../lib/gcc/avr/5.4.0/../../../../avr/lib/avr5\libm.a(floor.o) (__fp_mpack)
c:/program files (x86)/atmel/studio/7.0/toolchain/avr8/avr8-gnu-toolchain/bin/../lib/gcc/avr/5.4.0/../../../../avr/lib/avr5\libm.a(fp_nan.o)
                              c:/program files (x86)/atmel/studio/7.0/toolchain/avr8/avr8-gnu-toolchain/bin/../lib/gcc/avr/5.4.0/../../../../avr/lib/avr5\libm.a(addsf3x.o) (__fp_nan)
c:/program files (x86)/atmel/studio/7.0/toolchain/avr8/avr8-gnu-toolchain/bin/../lib/gcc/avr/5.4.0/../../../../avr/lib/avr5\libm.a(fp_pscA.o)
                              c:/program files (x86)/atmel/studio/7.0/toolchain/avr8/avr8-gnu-toolchain/bin/../lib/gcc/avr/5.4.0/../../../../avr/lib/avr5\libm.a(addsf3x.o) (__fp_pscA)
c:/program files (x86)/atmel/studio/7.0/toolchain/avr8/avr8-gnu-toolchain/bin/../lib/gcc/avr/5.4.0/../../../../avr/lib/avr5\libm.a(fp_pscB.o)
                              c:/program files (x86)/atmel/studio/7.0/toolchain/avr8/avr8-gnu-toolchain/bin/../lib/gcc/avr/5.4.0/../../../../avr/lib/avr5\libm.a(addsf3x.o) (__fp_pscB)
c:/program files (x86)/atmel/studio/7.0/toolchain/avr8/avr8-gnu-toolchain/bin/../lib/gcc/avr/5.4.0/../../../../avr/lib/avr5\libm.a(fp_round.o)
                              c:/program files (x86)/atmel/studio/7.0/toolchain/avr8/avr8-gnu-toolchain/bin/../lib/gcc/avr/5.4.0/../../../../avr/lib/avr5\libm.a(addsf3.o) (__fp_round)
[...]
Memory Configuration

Name             Origin             Length             Attributes
text             0x00000000         0x00020000         xr
data             0x00800060         0x0000ffa0         rw !x
eeprom           0x00810000         0x00010000         rw !x
fuse             0x00820000         0x00000003         rw !x
lock             0x00830000         0x00000400         rw !x
signature        0x00840000         0x00000400         rw !x
user_signatures  0x00850000         0x00000400         rw !x
*default*        0x00000000         0xffffffff

Linker script and memory map

Address of section .data set to 0x800100
LOAD C:/Program Files (x86)/Atmel/Studio/7.0/Packs/atmel/ATmega_DFP/1.2.209/gcc/dev/atmega328p/avr5/crtatmega328p.o
LOAD Dimmer/Dimmer.o
LOAD Dimmer/DimmerItem.o
LOAD Display/Display16x2.o
LOAD Sketch.o
LOAD src/libraries/AutoPID/AutoPID.o
LOAD src/libraries/LiquidCrystal_I2C/src/LiquidCrystal_I2C.o
LOAD src/libraries/MAX6675/max6675.o
LOAD src/libraries/MyMenu/MyMenu.o
LOAD src/libraries/RotaryEncoder/RotaryEncoder.o
LOAD src/libraries/SimpleTimer/SimpleTimer.o
LOAD src/libraries/Wire/src/utility/twi.o
LOAD src/libraries/Wire/src/Wire.o
LOAD Thermometer/Thermometer.o
START GROUP
LOAD c:/program files (x86)/atmel/studio/7.0/toolchain/avr8/avr8-gnu-toolchain/bin/../lib/gcc/avr/5.4.0/../../../../avr/lib/avr5\libm.a
LOAD D:\Project\AVR\arduino\Bottom_heater\Code\Bottom_heater\Bottom_heater\ArduinoCore\Debug\libArduinoCore.a
END GROUP
LOAD c:/program files (x86)/atmel/studio/7.0/toolchain/avr8/avr8-gnu-toolchain/bin/../lib/gcc/avr/5.4.0/avr5\libgcc.a
LOAD c:/program files (x86)/atmel/studio/7.0/toolchain/avr8/avr8-gnu-toolchain/bin/../lib/gcc/avr/5.4.0/../../../../avr/lib/avr5\libm.a
START GROUP
LOAD c:/program files (x86)/atmel/studio/7.0/toolchain/avr8/avr8-gnu-toolchain/bin/../lib/gcc/avr/5.4.0/avr5\libgcc.a
LOAD c:/program files (x86)/atmel/studio/7.0/toolchain/avr8/avr8-gnu-toolchain/bin/../lib/gcc/avr/5.4.0/../../../../avr/lib/avr5\libm.a
LOAD c:/program files (x86)/atmel/studio/7.0/toolchain/avr8/avr8-gnu-toolchain/bin/../lib/gcc/avr/5.4.0/../../../../avr/lib/avr5\libc.a
LOAD C:/Program Files (x86)/Atmel/Studio/7.0/Packs/atmel/ATmega_DFP/1.2.209/gcc/dev/atmega328p/avr5\libatmega328p.a
END GROUP
                0x00020000                __TEXT_REGION_LENGTH__ = DEFINED (__TEXT_REGION_LENGTH__)?__TEXT_REGION_LENGTH__:0x20000
                0x0000ffa0                __DATA_REGION_LENGTH__ = DEFINED (__DATA_REGION_LENGTH__)?__DATA_REGION_LENGTH__:0xffa0
                0x00010000                __EEPROM_REGION_LENGTH__ = DEFINED (__EEPROM_REGION_LENGTH__)?__EEPROM_REGION_LENGTH__:0x10000
                [0x00000003]                __FUSE_REGION_LENGTH__ = DEFINED (__FUSE_REGION_LENGTH__)?__FUSE_REGION_LENGTH__:0x400
                0x00000400                __LOCK_REGION_LENGTH__ = DEFINED (__LOCK_REGION_LENGTH__)?__LOCK_REGION_LENGTH__:0x400
                0x00000400                __SIGNATURE_REGION_LENGTH__ = DEFINED (__SIGNATURE_REGION_LENGTH__)?__SIGNATURE_REGION_LENGTH__:0x400
                0x00000400                __USER_SIGNATURE_REGION_LENGTH__ = DEFINED (__USER_SIGNATURE_REGION_LENGTH__)?__USER_SIGNATURE_REGION_LENGTH__:0x400

.hash
 *(.hash)

.dynsym
 *(.dynsym)

.dynstr
 *(.dynstr)

.gnu.version
 *(.gnu.version)

.gnu.version_d
 *(.gnu.version_d)

.gnu.version_r
 *(.gnu.version_r)

.rel.init
 *(.rel.init)

.rela.init
 *(.rela.init)

.rel.text
 *(.rel.text)
 *(.rel.text.*)
 *(.rel.gnu.linkonce.t*)

.rela.text
 *(.rela.text)
 *(.rela.text.*)
 *(.rela.gnu.linkonce.t*)

.rel.fini
 *(.rel.fini)

.rela.fini
 *(.rela.fini)

.rel.rodata
 *(.rel.rodata)
 *(.rel.rodata.*)
 *(.rel.gnu.linkonce.r*)

.rela.rodata
 *(.rela.rodata)
 *(.rela.rodata.*)
 *(.rela.gnu.linkonce.r*)

.rel.data
 *(.rel.data)
 *(.rel.data.*)
 *(.rel.gnu.linkonce.d*)

.rela.data
 *(.rela.data)
 *(.rela.data.*)
 *(.rela.gnu.linkonce.d*)

.rel.ctors
 *(.rel.ctors)

.rela.ctors
 *(.rela.ctors)

.rel.dtors
 *(.rel.dtors)

.rela.dtors
 *(.rela.dtors)

.rel.got
 *(.rel.got)

.rela.got
 *(.rela.got)

.rel.bss
 *(.rel.bss)

.rela.bss
 *(.rela.bss)

.rel.plt
 *(.rel.plt)

.rela.plt
 *(.rela.plt)

.text           0x00000000     0x37be
 *(.vectors)
 .vectors       0x00000000       0x68 C:/Program Files (x86)/Atmel/Studio/7.0/Packs/atmel/ATmega_DFP/1.2.209/gcc/dev/atmega328p/avr5/crtatmega328p.o
                0x00000000                __vector_default
                0x00000000                __vectors
 *(.vectors)
 *(.progmem.gcc*)
                0x00000068                . = ALIGN (0x2)
                0x00000068                __trampolines_start = .
 *(.trampolines)
 .trampolines   0x00000068        0x0 linker stubs
 *(.trampolines*)
                0x00000068                __trampolines_end = .
 *libprintf_flt.a:*(.progmem.data)
 *libc.a:*(.progmem.data)
 *(.progmem*)
 .progmem.data.digital_pin_to_timer_PGM
                0x00000068       0x14 D:\Project\AVR\arduino\Bottom_heater\Code\Bottom_heater\Bottom_heater\ArduinoCore\Debug\libArduinoCore.a(wiring_digital.o)
                0x00000068                digital_pin_to_timer_PGM
 .progmem.data.digital_pin_to_bit_mask_PGM
                0x0000007c       0x14 D:\Project\AVR\arduino\Bottom_heater\Code\Bottom_heater\Bottom_heater\ArduinoCore\Debug\libArduinoCore.a(wiring_digital.o)
                0x0000007c                digital_pin_to_bit_mask_PGM
 .progmem.data.digital_pin_to_port_PGM
                0x00000090       0x14 D:\Project\AVR\arduino\Bottom_heater\Code\Bottom_heater\Bottom_heater\ArduinoCore\Debug\libArduinoCore.a(wiring_digital.o)
                0x00000090                digital_pin_to_port_PGM
 .progmem.data.port_to_input_PGM
                0x000000a4        0xa D:\Project\AVR\arduino\Bottom_heater\Code\Bottom_heater\Bottom_heater\ArduinoCore\Debug\libArduinoCore.a(wiring_digital.o)
                0x000000a4                port_to_input_PGM
 .progmem.data.port_to_output_PGM
                0x000000ae        0xa D:\Project\AVR\arduino\Bottom_heater\Code\Bottom_heater\Bottom_heater\ArduinoCore\Debug\libArduinoCore.a(wiring_digital.o)
                0x000000ae                port_to_output_PGM
 .progmem.data.port_to_mode_PGM
                0x000000b8        0xa D:\Project\AVR\arduino\Bottom_heater\Code\Bottom_heater\Bottom_heater\ArduinoCore\Debug\libArduinoCore.a(wiring_digital.o)
                0x000000b8                port_to_mode_PGM
                0x000000c2                . = ALIGN (0x2)
 *(.jumptables)
 *(.jumptables*)
 *(.lowtext)
 *(.lowtext*)
                0x000000c2                __ctors_start = .
 *(.ctors)
 .ctors         0x000000c2        0x2 src/libraries/MyMenu/MyMenu.o
 .ctors         0x000000c4        0x2 src/libraries/Wire/src/Wire.o
                0x000000c6                __ctors_end = .
                0x000000c6                __dtors_start = .
 *(.dtors)
 .dtors         0x000000c6        0x2 src/libraries/MyMenu/MyMenu.o
                0x000000c8                __dtors_end = .
 SORT(*)(.ctors)
 SORT(*)(.dtors)
 *(.init0)
 .init0         0x000000c8        0x0 C:/Program Files (x86)/Atmel/Studio/7.0/Packs/atmel/ATmega_DFP/1.2.209/gcc/dev/atmega328p/avr5/crtatmega328p.o
                0x000000c8                __init
 *(.init0)
 *(.init1)
 *(.init1)
 *(.init2)
 .init2         0x000000c8        0xc C:/Program Files (x86)/Atmel/Studio/7.0/Packs/atmel/ATmega_DFP/1.2.209/gcc/dev/atmega328p/avr5/crtatmega328p.o
 *(.init2)
 *(.init3)
 *(.init3)
 *(.init4)
 .init4         0x000000d4       0x16 c:/program files (x86)/atmel/studio/7.0/toolchain/avr8/avr8-gnu-toolchain/bin/../lib/gcc/avr/5.4.0/avr5\libgcc.a(_copy_data.o)
                0x000000d4                __do_copy_data
 .init4         0x000000ea       0x10 c:/program files (x86)/atmel/studio/7.0/toolchain/avr8/avr8-gnu-toolchain/bin/../lib/gcc/avr/5.4.0/avr5\libgcc.a(_clear_bss.o)
                0x000000ea                __do_clear_bss
 *(.init4)
 *(.init5)
 *(.init5)
 *(.init6)
 .init6         0x000000fa       0x16 c:/program files (x86)/atmel/studio/7.0/toolchain/avr8/avr8-gnu-toolchain/bin/../lib/gcc/avr/5.4.0/avr5\libgcc.a(_ctors.o)
                0x000000fa                __do_global_ctors
 *(.init6)
 *(.init7)
 *(.init7)
 *(.init8)
 *(.init8)
 *(.init9)
 .init9         0x00000110        0x8 C:/Program Files (x86)/Atmel/Studio/7.0/Packs/atmel/ATmega_DFP/1.2.209/gcc/dev/atmega328p/avr5/crtatmega328p.o
 *(.init9)
 *(.text)
 .text          0x00000118        0x4 C:/Program Files (x86)/Atmel/Studio/7.0/Packs/atmel/ATmega_DFP/1.2.209/gcc/dev/atmega328p/avr5/crtatmega328p.o
                0x00000118                __vector_22
                0x00000118                __vector_12
                0x00000118                __bad_interrupt
                0x00000118                __vector_6
                0x00000118                __vector_3
                0x00000118                __vector_23
                0x00000118                __vector_25
                0x00000118                __vector_11
                0x00000118                __vector_13
                0x00000118                __vector_17
                0x00000118                __vector_19
                0x00000118                __vector_7
                0x00000118                __vector_5
                0x00000118                __vector_4
                0x00000118                __vector_9
                0x00000118                __vector_21
                0x00000118                __vector_15
                0x00000118                __vector_8
                0x00000118                __vector_14
                0x00000118                __vector_10
                0x00000118                __vector_18
                0x00000118                __vector_20
                0x0000011c                . = ALIGN (0x2)
 *(.text.*)
 .text._ZN6Dimmer14TimerInterruptEv
                0x0000011c       0x4c Dimmer/Dimmer.o
                0x0000011c                _ZN6Dimmer14TimerInterruptEv
 .text._ZN6Dimmer10DetectDownEv
                0x00000168       0x42 Dimmer/Dimmer.o
                0x00000168                _ZN6Dimmer10DetectDownEv
 .text._ZN6Dimmer8DetectUpEv
                0x000001aa       0x34 Dimmer/Dimmer.o
                0x000001aa                _ZN6Dimmer8DetectUpEv
 .text._ZN6DimmerC2EiP10DimmerItemPi
                0x000001de       0x66 Dimmer/Dimmer.o
                0x000001de                _ZN6DimmerC2EiP10DimmerItemPi
                0x000001de                _ZN6DimmerC1EiP10DimmerItemPi
 .text._ZN6Dimmer15UpdateItemValueEPi
                0x00000244        0x8 Dimmer/Dimmer.o
                0x00000244                _ZN6Dimmer15UpdateItemValueEPi
 .text._ZN6Dimmer6UpdateEv
                0x0000024c        0xa Dimmer/Dimmer.o
                0x0000024c                _ZN6Dimmer6UpdateEv
 .text._ZN10DimmerItemC2Ei
                0x00000256       0x1e Dimmer/DimmerItem.o
                0x00000256                _ZN10DimmerItemC1Ei
                0x00000256                _ZN10DimmerItemC2Ei
 .text._ZN10DimmerItem11UpdateValueEi
                0x00000274        0xa Dimmer/DimmerItem.o
                0x00000274                _ZN10DimmerItem11UpdateValueEi
 .text._ZN10DimmerItemD2Ev
                0x0000027e        0x2 Dimmer/DimmerItem.o
                0x0000027e                _ZN10DimmerItemD2Ev
                0x0000027e                _ZN10DimmerItemD1Ev
 .text._ZN11Display16x2C2EP17LiquidCrystal_I2C
                0x00000280        0x8 Display/Display16x2.o
                0x00000280                _ZN11Display16x2C1EP17LiquidCrystal_I2C
                0x00000280                _ZN11Display16x2C2EP17LiquidCrystal_I2C
 .text._ZN11Display16x215PrintLineValuesEiiii
                0x00000288       0xea Display/Display16x2.o
                0x00000288                _ZN11Display16x215PrintLineValuesEiiii
 .text._ZN11Display16x29ClearEditEi
                0x00000372       0x22 Display/Display16x2.o
                0x00000372                _ZN11Display16x29ClearEditEi
 .text._Z12MenuCallbacki
                0x00000394        0x2 Sketch.o
                0x00000394                _Z12MenuCallbacki
 .text._Z21TimerHeatingInterruptv
                0x00000396       0x52 Sketch.o
                0x00000396                _Z21TimerHeatingInterruptv
 .text.setup    0x000003e8      0x44e Sketch.o
                0x000003e8                setup
 .text._Z13HeatingUpdatev
                0x00000836       0xe8 Sketch.o
                0x00000836                _Z13HeatingUpdatev
 .text._Z13DisplayUpdatev
                0x0000091e      0x13e Sketch.o
                0x0000091e                _Z13DisplayUpdatev
 .text._Z13EncoderUpdatev
                0x00000a5c       0x42 Sketch.o
                0x00000a5c                _Z13EncoderUpdatev
 .text._Z19EncoderButtonUpdatev
                0x00000a9e       0x26 Sketch.o
                0x00000a9e                _Z19EncoderButtonUpdatev
 .text.loop     0x00000ac4       0x28 Sketch.o
                0x00000ac4                loop
 .text._ZN7AutoPIDC2EPdS0_S0_ddddd
                0x00000aec       0x8c src/libraries/AutoPID/AutoPID.o
                0x00000aec                _ZN7AutoPIDC1EPdS0_S0_ddddd
                0x00000aec                _ZN7AutoPIDC2EPdS0_S0_ddddd
 .text._ZN7AutoPID11setBangBangEd
                0x00000b78       0x14 src/libraries/AutoPID/AutoPID.o
                0x00000b78                _ZN7AutoPID11setBangBangEd
 .text._ZN7AutoPID11setTimeStepEm
                0x00000b8c        0xc src/libraries/AutoPID/AutoPID.o
                0x00000b8c                _ZN7AutoPID11setTimeStepEm
 .text._ZN7AutoPID10atSetPointEd
                0x00000b98       0x84 src/libraries/AutoPID/AutoPID.o
                0x00000b98                _ZN7AutoPID10atSetPointEd
 .text._ZN7AutoPID5resetEv
                0x00000c1c       0x28 src/libraries/AutoPID/AutoPID.o
                0x00000c1c                _ZN7AutoPID5resetEv
 .text._ZN7AutoPID3runEv
                0x00000c44      0x318 src/libraries/AutoPID/AutoPID.o
                0x00000c44                _ZN7AutoPID3runEv
 .text._ZN5Print17availableForWriteEv
                0x00000f5c        0x6 src/libraries/LiquidCrystal_I2C/src/LiquidCrystal_I2C.o
                0x00000f5c                _ZN5Print17availableForWriteEv
 .text._ZN5Print5flushEv
                0x00000f62        0x2 src/libraries/LiquidCrystal_I2C/src/LiquidCrystal_I2C.o
                0x00000f62                _ZN5Print5flushEv
 .text._ZN17LiquidCrystal_I2CC2Ehhhh
                0x00000f64       0x20 src/libraries/LiquidCrystal_I2C/src/LiquidCrystal_I2C.o
                0x00000f64                _ZN17LiquidCrystal_I2CC2Ehhhh
                0x00000f64                _ZN17LiquidCrystal_I2CC1Ehhhh
 .text._ZN17LiquidCrystal_I2C13expanderWriteEh
                0x00000f84       0x2e src/libraries/LiquidCrystal_I2C/src/LiquidCrystal_I2C.o
                0x00000f84                _ZN17LiquidCrystal_I2C13expanderWriteEh
 .text._ZN17LiquidCrystal_I2C11pulseEnableEh
                0x00000fb2       0x30 src/libraries/LiquidCrystal_I2C/src/LiquidCrystal_I2C.o
                0x00000fb2                _ZN17LiquidCrystal_I2C11pulseEnableEh
 .text._ZN17LiquidCrystal_I2C10write4bitsEh
                0x00000fe2       0x1c src/libraries/LiquidCrystal_I2C/src/LiquidCrystal_I2C.o
                0x00000fe2                _ZN17LiquidCrystal_I2C10write4bitsEh
 .text._ZN17LiquidCrystal_I2C4sendEhh
                0x00000ffe       0x2e src/libraries/LiquidCrystal_I2C/src/LiquidCrystal_I2C.o
                0x00000ffe                _ZN17LiquidCrystal_I2C4sendEhh
 .text._ZN17LiquidCrystal_I2C7commandEh
                0x0000102c        0x6 src/libraries/LiquidCrystal_I2C/src/LiquidCrystal_I2C.o
                0x0000102c                _ZN17LiquidCrystal_I2C7commandEh
 .text._ZN17LiquidCrystal_I2C5clearEv
                0x00001032        0xe src/libraries/LiquidCrystal_I2C/src/LiquidCrystal_I2C.o
                0x00001032                _ZN17LiquidCrystal_I2C5clearEv
 .text._ZN17LiquidCrystal_I2C4homeEv
                0x00001040        0xe src/libraries/LiquidCrystal_I2C/src/LiquidCrystal_I2C.o
                0x00001040                _ZN17LiquidCrystal_I2C4homeEv
 .text._ZN17LiquidCrystal_I2C9setCursorEhh
                0x0000104e       0x5c src/libraries/LiquidCrystal_I2C/src/LiquidCrystal_I2C.o
                0x0000104e                _ZN17LiquidCrystal_I2C9setCursorEhh
 .text._ZN17LiquidCrystal_I2C7displayEv
                0x000010aa       0x10 src/libraries/LiquidCrystal_I2C/src/LiquidCrystal_I2C.o
                0x000010aa                _ZN17LiquidCrystal_I2C7displayEv
 .text._ZN17LiquidCrystal_I2C5writeEh
                0x000010ba        0xc src/libraries/LiquidCrystal_I2C/src/LiquidCrystal_I2C.o
                0x000010ba                _ZN17LiquidCrystal_I2C5writeEh
 .text._ZN17LiquidCrystal_I2C5beginEv
                0x000010c6       0xb2 src/libraries/LiquidCrystal_I2C/src/LiquidCrystal_I2C.o
                0x000010c6                _ZN17LiquidCrystal_I2C5beginEv
 .text._ZN7MAX6675C2Eaaa
                0x00001178       0x30 src/libraries/MAX6675/max6675.o
                0x00001178                _ZN7MAX6675C2Eaaa
                0x00001178                _ZN7MAX6675C1Eaaa
 .text._ZN7MAX66757spireadEv
                0x000011a8       0x78 src/libraries/MAX6675/max6675.o
                0x000011a8                _ZN7MAX66757spireadEv
 .text._ZN7MAX667511readCelsiusEv
                0x00001220       0x78 src/libraries/MAX6675/max6675.o
                0x00001220                _ZN7MAX667511readCelsiusEv
 .text._ZN4MItmC2E6Stringii
                0x00001298       0x5a src/libraries/MyMenu/MyMenu.o
                0x00001298                _ZN4MItmC2E6Stringii
                0x00001298                _ZN4MItmC1E6Stringii
 .text._ZN4MenuC2EP4MItmiP17LiquidCrystal_I2CPFviEi6String
                0x000012f2      0x1b6 src/libraries/MyMenu/MyMenu.o
                0x000012f2                _ZN4MenuC1EP4MItmiP17LiquidCrystal_I2CPFviEi6String
                0x000012f2                _ZN4MenuC2EP4MItmiP17LiquidCrystal_I2CPFviEi6String
 .text._ZN4MItmC2ERKS_
                0x000014a8       0x48 src/libraries/MyMenu/MyMenu.o
                0x000014a8                _ZN4MItmC1ERKS_
                0x000014a8                _ZN4MItmC2ERKS_
 .text._ZN4MItmD2Ev
                0x000014f0       0x16 src/libraries/MyMenu/MyMenu.o
                0x000014f0                _ZN4MItmD1Ev
                0x000014f0                _ZN4MItmD2Ev
 .text._ZN4Menu7drawSubEv
                0x00001506      0x286 src/libraries/MyMenu/MyMenu.o
                0x00001506                _ZN4Menu7drawSubEv
 .text._ZN4Menu9findFirstE4MItm
                0x0000178c       0xa2 src/libraries/MyMenu/MyMenu.o
                0x0000178c                _ZN4Menu9findFirstE4MItm
 .text._ZN4Menu6goNextEv
                0x0000182e      0x124 src/libraries/MyMenu/MyMenu.o
                0x0000182e                _ZN4Menu6goNextEv
 .text._ZN4Menu6goMainEv
                0x00001952        0xe src/libraries/MyMenu/MyMenu.o
                0x00001952                _ZN4Menu6goMainEv
 .text.startup._GLOBAL__sub_I_name
                0x00001960       0x18 src/libraries/MyMenu/MyMenu.o
 .text.exit._GLOBAL__sub_D_name
                0x00001978       0x10 src/libraries/MyMenu/MyMenu.o
 .text._ZN13RotaryEncoderC2Eiiiii
                0x00001988       0x6a src/libraries/RotaryEncoder/RotaryEncoder.o
                0x00001988                _ZN13RotaryEncoderC2Eiiiii
                0x00001988                _ZN13RotaryEncoderC1Eiiiii
 .text._ZN13RotaryEncoder11readEncoderEv
                0x000019f2      0x12a src/libraries/RotaryEncoder/RotaryEncoder.o
                0x000019f2                _ZN13RotaryEncoder11readEncoderEv
 .text._ZN11SimpleTimerC2Ev
                0x00001b1c       0x64 src/libraries/SimpleTimer/SimpleTimer.o
                0x00001b1c                _ZN11SimpleTimerC1Ev
                0x00001b1c                _ZN11SimpleTimerC2Ev
 .text._ZN11SimpleTimer17findFirstFreeSlotEv
                0x00001b80       0x34 src/libraries/SimpleTimer/SimpleTimer.o
                0x00001b80                _ZN11SimpleTimer17findFirstFreeSlotEv
 .text._ZN11SimpleTimer8setTimerElPFvvEi
                0x00001bb4       0xb2 src/libraries/SimpleTimer/SimpleTimer.o
                0x00001bb4                _ZN11SimpleTimer8setTimerElPFvvEi
 .text._ZN11SimpleTimer11setIntervalElPFvvE
                0x00001c66       0x12 src/libraries/SimpleTimer/SimpleTimer.o
                0x00001c66                _ZN11SimpleTimer11setIntervalElPFvvE
 .text._ZN11SimpleTimer11deleteTimerEi
                0x00001c78       0x7e src/libraries/SimpleTimer/SimpleTimer.o
                0x00001c78                _ZN11SimpleTimer11deleteTimerEi
 .text._ZN11SimpleTimer3runEv
                0x00001cf6      0x18a src/libraries/SimpleTimer/SimpleTimer.o
                0x00001cf6                _ZN11SimpleTimer3runEv
 .text._ZN11SimpleTimer12restartTimerEi
                0x00001e80       0x34 src/libraries/SimpleTimer/SimpleTimer.o
                0x00001e80                _ZN11SimpleTimer12restartTimerEi
 .text._ZN11SimpleTimer6enableEi
                0x00001eb4       0x16 src/libraries/SimpleTimer/SimpleTimer.o
                0x00001eb4                _ZN11SimpleTimer6enableEi
 .text._ZN11SimpleTimer7disableEi
                0x00001eca       0x14 src/libraries/SimpleTimer/SimpleTimer.o
                0x00001eca                _ZN11SimpleTimer7disableEi
 .text.twi_init
                0x00001ede       0x3c src/libraries/Wire/src/utility/twi.o
                0x00001ede                twi_init
 .text.twi_writeTo
                0x00001f1a       0xac src/libraries/Wire/src/utility/twi.o
                0x00001f1a                twi_writeTo
 .text.twi_transmit
                0x00001fc6       0x50 src/libraries/Wire/src/utility/twi.o
                0x00001fc6                twi_transmit
 .text.twi_stop
                0x00002016       0x14 src/libraries/Wire/src/utility/twi.o
                0x00002016                twi_stop
 .text.twi_releaseBus
                0x0000202a        0xc src/libraries/Wire/src/utility/twi.o
                0x0000202a                twi_releaseBus
 .text.__vector_24
                0x00002036      0x25a src/libraries/Wire/src/utility/twi.o
                0x00002036                __vector_24
 .text._ZN7TwoWire9availableEv
                0x00002290       0x10 src/libraries/Wire/src/Wire.o
                0x00002290                _ZN7TwoWire9availableEv
 .text._ZN7TwoWire4readEv
                0x000022a0       0x28 src/libraries/Wire/src/Wire.o
                0x000022a0                _ZN7TwoWire4readEv
 .text._ZN7TwoWire4peekEv
                0x000022c8       0x1e src/libraries/Wire/src/Wire.o
                0x000022c8                _ZN7TwoWire4peekEv
 .text._ZN7TwoWire5flushEv
                0x000022e6        0x2 src/libraries/Wire/src/Wire.o
                0x000022e6                _ZN7TwoWire5flushEv
 .text._ZN7TwoWire5writeEPKhj
                0x000022e8       0x5a src/libraries/Wire/src/Wire.o
                0x000022e8                _ZN7TwoWire5writeEPKhj
 .text._ZN7TwoWire5writeEh
                0x00002342       0x5e src/libraries/Wire/src/Wire.o
                0x00002342                _ZN7TwoWire5writeEh
 .text._ZN7TwoWireC2Ev
                0x000023a0       0x20 src/libraries/Wire/src/Wire.o
                0x000023a0                _ZN7TwoWireC1Ev
                0x000023a0                _ZN7TwoWireC2Ev
 .text._ZN7TwoWire5beginEv
                0x000023c0       0x14 src/libraries/Wire/src/Wire.o
                0x000023c0                _ZN7TwoWire5beginEv
 .text._ZN7TwoWire17beginTransmissionEh
                0x000023d4       0x14 src/libraries/Wire/src/Wire.o
                0x000023d4                _ZN7TwoWire17beginTransmissionEh
 .text._ZN7TwoWire15endTransmissionEh
                0x000023e8       0x26 src/libraries/Wire/src/Wire.o
                0x000023e8                _ZN7TwoWire15endTransmissionEh
 .text._ZN7TwoWire15endTransmissionEv
                0x0000240e        0x6 src/libraries/Wire/src/Wire.o
                0x0000240e                _ZN7TwoWire15endTransmissionEv
 .text.startup._GLOBAL__sub_I__ZN7TwoWire8rxBufferE
                0x00002414        0x8 src/libraries/Wire/src/Wire.o
 .text._ZN11ThermometerC2Eiii
                0x0000241c       0x40 Thermometer/Thermometer.o
                0x0000241c                _ZN11ThermometerC1Eiii
                0x0000241c                _ZN11ThermometerC2Eiii
 .text._ZN11Thermometer4ReadEv
                0x0000245c        0xa Thermometer/Thermometer.o
                0x0000245c                _ZN11Thermometer4ReadEv
 .text.avr-libc.fplib
                0x00002466        0xe c:/program files (x86)/atmel/studio/7.0/toolchain/avr8/avr8-gnu-toolchain/bin/../lib/gcc/avr/5.4.0/../../../../avr/lib/avr5\libm.a(addsf3.o)
                0x00002466                __subsf3
                0x00002468                __addsf3
 .text.avr-libc.fplib
                0x00002474       0xcc c:/program files (x86)/atmel/studio/7.0/toolchain/avr8/avr8-gnu-toolchain/bin/../lib/gcc/avr/5.4.0/../../../../avr/lib/avr5\libm.a(addsf3x.o)
                0x00002496                __addsf3x
 .text.avr-libc.fplib
                0x00002540        0xa c:/program files (x86)/atmel/studio/7.0/toolchain/avr8/avr8-gnu-toolchain/bin/../lib/gcc/avr/5.4.0/../../../../avr/lib/avr5\libm.a(cmpsf2.o)
                0x00002540                __nesf2
                0x00002540                __eqsf2
                0x00002540                __cmpsf2
                0x00002540                __ltsf2
                0x00002540                __lesf2
 .text.avr-libc.fplib
                0x0000254a        0x8 c:/program files (x86)/atmel/studio/7.0/toolchain/avr8/avr8-gnu-toolchain/bin/../lib/gcc/avr/5.4.0/../../../../avr/lib/avr5\libm.a(divsf3.o)
                0x0000254a                __divsf3
 .text.avr-libc.fplib
                0x00002552       0xdc c:/program files (x86)/atmel/studio/7.0/toolchain/avr8/avr8-gnu-toolchain/bin/../lib/gcc/avr/5.4.0/../../../../avr/lib/avr5\libm.a(divsf3x.o)
                0x00002572                __divsf3x
                0x00002578                __divsf3_pse
 .text.avr-libc.fplib
                0x0000262e        0xe c:/program files (x86)/atmel/studio/7.0/toolchain/avr8/avr8-gnu-toolchain/bin/../lib/gcc/avr/5.4.0/../../../../avr/lib/avr5\libm.a(fixsfsi.o)
                0x0000262e                __fixsfsi
 .text.avr-libc.fplib
                0x0000263c       0x5e c:/program files (x86)/atmel/studio/7.0/toolchain/avr8/avr8-gnu-toolchain/bin/../lib/gcc/avr/5.4.0/../../../../avr/lib/avr5\libm.a(fixunssfsi.o)
                0x0000263c                __fixunssfsi
 .text.avr-libc.fplib
                0x0000269a       0x7a c:/program files (x86)/atmel/studio/7.0/toolchain/avr8/avr8-gnu-toolchain/bin/../lib/gcc/avr/5.4.0/../../../../avr/lib/avr5\libm.a(floatsisf.o)
                0x0000269a                __floatunsisf
                0x0000269e                __floatsisf
 .text.avr-libc.fplib
                0x00002714       0x2e c:/program files (x86)/atmel/studio/7.0/toolchain/avr8/avr8-gnu-toolchain/bin/../lib/gcc/avr/5.4.0/../../../../avr/lib/avr5\libm.a(floor.o)
                0x00002714                floor
 .text.avr-libc.fplib
                0x00002742       0x48 c:/program files (x86)/atmel/studio/7.0/toolchain/avr8/avr8-gnu-toolchain/bin/../lib/gcc/avr/5.4.0/../../../../avr/lib/avr5\libm.a(fp_cmp.o)
                0x00002742                __fp_cmp
 .text.avr-libc.fplib
                0x0000278a        0xc c:/program files (x86)/atmel/studio/7.0/toolchain/avr8/avr8-gnu-toolchain/bin/../lib/gcc/avr/5.4.0/../../../../avr/lib/avr5\libm.a(fp_inf.o)
                0x0000278a                __fp_inf
 .text.avr-libc.fplib
                0x00002796       0x36 c:/program files (x86)/atmel/studio/7.0/toolchain/avr8/avr8-gnu-toolchain/bin/../lib/gcc/avr/5.4.0/../../../../avr/lib/avr5\libm.a(fp_mintl.o)
                0x00002796                __fp_mintl
 .text.avr-libc.fplib
                0x000027cc       0x1c c:/program files (x86)/atmel/studio/7.0/toolchain/avr8/avr8-gnu-toolchain/bin/../lib/gcc/avr/5.4.0/../../../../avr/lib/avr5\libm.a(fp_mpack.o)
                0x000027cc                __fp_mpack
                0x000027d0                __fp_mpack_finite
 .text.avr-libc.fplib
                0x000027e8        0x6 c:/program files (x86)/atmel/studio/7.0/toolchain/avr8/avr8-gnu-toolchain/bin/../lib/gcc/avr/5.4.0/../../../../avr/lib/avr5\libm.a(fp_nan.o)
                0x000027e8                __fp_nan
 .text.avr-libc.fplib
                0x000027ee        0xe c:/program files (x86)/atmel/studio/7.0/toolchain/avr8/avr8-gnu-toolchain/bin/../lib/gcc/avr/5.4.0/../../../../avr/lib/avr5\libm.a(fp_pscA.o)
                0x000027ee                __fp_pscA
 .text.avr-libc.fplib
                0x000027fc        0xe c:/program files (x86)/atmel/studio/7.0/toolchain/avr8/avr8-gnu-toolchain/bin/../lib/gcc/avr/5.4.0/../../../../avr/lib/avr5\libm.a(fp_pscB.o)
                0x000027fc                __fp_pscB
 .text.avr-libc.fplib
                0x0000280a       0x22 c:/program files (x86)/atmel/studio/7.0/toolchain/avr8/avr8-gnu-toolchain/bin/../lib/gcc/avr/5.4.0/../../../../avr/lib/avr5\libm.a(fp_round.o)
                0x0000280a                __fp_round
 .text.avr-libc.fplib
                0x0000282c       0x44 c:/program files (x86)/atmel/studio/7.0/toolchain/avr8/avr8-gnu-toolchain/bin/../lib/gcc/avr/5.4.0/../../../../avr/lib/avr5\libm.a(fp_split3.o)
                0x0000282c                __fp_split3
                0x0000283c                __fp_splitA
 .text.avr-libc.fplib
                0x00002870       0x30 c:/program files (x86)/atmel/studio/7.0/toolchain/avr8/avr8-gnu-toolchain/bin/../lib/gcc/avr/5.4.0/../../../../avr/lib/avr5\libm.a(fp_trunc.o)
                0x00002870                __fp_trunc
 .text.avr-libc.fplib
                0x000028a0        0xe c:/program files (x86)/atmel/studio/7.0/toolchain/avr8/avr8-gnu-toolchain/bin/../lib/gcc/avr/5.4.0/../../../../avr/lib/avr5\libm.a(fp_zero.o)
                0x000028a0                __fp_zero
                0x000028a2                __fp_szero
 .text.avr-libc.fplib
                0x000028ae        0xa c:/program files (x86)/atmel/studio/7.0/toolchain/avr8/avr8-gnu-toolchain/bin/../lib/gcc/avr/5.4.0/../../../../avr/lib/avr5\libm.a(gesf2.o)
                0x000028ae                __gesf2
                0x000028ae                __gtsf2
 .text.avr-libc.fplib
                0x000028b8        0x8 c:/program files (x86)/atmel/studio/7.0/toolchain/avr8/avr8-gnu-toolchain/bin/../lib/gcc/avr/5.4.0/../../../../avr/lib/avr5\libm.a(mulsf3.o)
                0x000028b8                __mulsf3
 .text.avr-libc.fplib
                0x000028c0       0xd2 c:/program files (x86)/atmel/studio/7.0/toolchain/avr8/avr8-gnu-toolchain/bin/../lib/gcc/avr/5.4.0/../../../../avr/lib/avr5\libm.a(mulsf3x.o)
                0x000028de                __mulsf3x
                0x000028e4                __mulsf3_pse
 .text.initVariant
                0x00002992        0x2 D:\Project\AVR\arduino\Bottom_heater\Code\Bottom_heater\Bottom_heater\ArduinoCore\Debug\libArduinoCore.a(main.o)
                0x00002992                initVariant
 .text.startup.main
                0x00002994       0x1e D:\Project\AVR\arduino\Bottom_heater\Code\Bottom_heater\Bottom_heater\ArduinoCore\Debug\libArduinoCore.a(main.o)
                0x00002994                main
 .text._Znwj    0x000029b2        0x4 D:\Project\AVR\arduino\Bottom_heater\Code\Bottom_heater\Bottom_heater\ArduinoCore\Debug\libArduinoCore.a(new.o)
                0x000029b2                _Znwj
 .text._ZN5Print5writeEPKhj
                0x000029b6       0x54 D:\Project\AVR\arduino\Bottom_heater\Code\Bottom_heater\Bottom_heater\ArduinoCore\Debug\libArduinoCore.a(Print.o)
                0x000029b6                _ZN5Print5writeEPKhj
 .text._ZN5Print5writeEPKc
                0x00002a0a       0x2a D:\Project\AVR\arduino\Bottom_heater\Code\Bottom_heater\Bottom_heater\ArduinoCore\Debug\libArduinoCore.a(Print.o)
                0x00002a0a                _ZN5Print5writeEPKc
 .text._ZN5Print5printERK6String
                0x00002a34       0x1c D:\Project\AVR\arduino\Bottom_heater\Code\Bottom_heater\Bottom_heater\ArduinoCore\Debug\libArduinoCore.a(Print.o)
                0x00002a34                _ZN5Print5printERK6String
 .text._ZN5Print5printEPKc
                0x00002a50        0x4 D:\Project\AVR\arduino\Bottom_heater\Code\Bottom_heater\Bottom_heater\ArduinoCore\Debug\libArduinoCore.a(Print.o)
                0x00002a50                _ZN5Print5printEPKc
 .text._ZN5Print5printEc
                0x00002a54        0xe D:\Project\AVR\arduino\Bottom_heater\Code\Bottom_heater\Bottom_heater\ArduinoCore\Debug\libArduinoCore.a(Print.o)
                0x00002a54                _ZN5Print5printEc
 .text._ZN5Print11printNumberEmh
                0x00002a62       0x92 D:\Project\AVR\arduino\Bottom_heater\Code\Bottom_heater\Bottom_heater\ArduinoCore\Debug\libArduinoCore.a(Print.o)
                0x00002a62                _ZN5Print11printNumberEmh
 .text._ZN5Print5printEli
                0x00002af4       0x90 D:\Project\AVR\arduino\Bottom_heater\Code\Bottom_heater\Bottom_heater\ArduinoCore\Debug\libArduinoCore.a(Print.o)
                0x00002af4                _ZN5Print5printEli
 .text._ZN5Print5printEii
                0x00002b84        0xe D:\Project\AVR\arduino\Bottom_heater\Code\Bottom_heater\Bottom_heater\ArduinoCore\Debug\libArduinoCore.a(Print.o)
                0x00002b84                _ZN5Print5printEii
 .text.nothing  0x00002b92        0x2 D:\Project\AVR\arduino\Bottom_heater\Code\Bottom_heater\Bottom_heater\ArduinoCore\Debug\libArduinoCore.a(WInterrupts.o)
 .text.attachInterrupt
                0x00002b94       0x40 D:\Project\AVR\arduino\Bottom_heater\Code\Bottom_heater\Bottom_heater\ArduinoCore\Debug\libArduinoCore.a(WInterrupts.o)
                0x00002b94                attachInterrupt
 .text.__vector_1
                0x00002bd4       0x4e D:\Project\AVR\arduino\Bottom_heater\Code\Bottom_heater\Bottom_heater\ArduinoCore\Debug\libArduinoCore.a(WInterrupts.o)
                0x00002bd4                __vector_1
 .text.__vector_2
                0x00002c22       0x4e D:\Project\AVR\arduino\Bottom_heater\Code\Bottom_heater\Bottom_heater\ArduinoCore\Debug\libArduinoCore.a(WInterrupts.o)
                0x00002c22                __vector_2
 .text.__vector_16
                0x00002c70       0x94 D:\Project\AVR\arduino\Bottom_heater\Code\Bottom_heater\Bottom_heater\ArduinoCore\Debug\libArduinoCore.a(wiring.o)
                0x00002c70                __vector_16
 .text.millis   0x00002d04       0x18 D:\Project\AVR\arduino\Bottom_heater\Code\Bottom_heater\Bottom_heater\ArduinoCore\Debug\libArduinoCore.a(wiring.o)
                0x00002d04                millis
 .text.micros   0x00002d1c       0x4a D:\Project\AVR\arduino\Bottom_heater\Code\Bottom_heater\Bottom_heater\ArduinoCore\Debug\libArduinoCore.a(wiring.o)
                0x00002d1c                micros
 .text.delay    0x00002d66       0x78 D:\Project\AVR\arduino\Bottom_heater\Code\Bottom_heater\Bottom_heater\ArduinoCore\Debug\libArduinoCore.a(wiring.o)
                0x00002d66                delay
 .text.delayMicroseconds
                0x00002dde       0x16 D:\Project\AVR\arduino\Bottom_heater\Code\Bottom_heater\Bottom_heater\ArduinoCore\Debug\libArduinoCore.a(wiring.o)
                0x00002dde                delayMicroseconds
 .text.init     0x00002df4       0x76 D:\Project\AVR\arduino\Bottom_heater\Code\Bottom_heater\Bottom_heater\ArduinoCore\Debug\libArduinoCore.a(wiring.o)
                0x00002df4                init
 .text.turnOffPWM
                0x00002e6a       0x52 D:\Project\AVR\arduino\Bottom_heater\Code\Bottom_heater\Bottom_heater\ArduinoCore\Debug\libArduinoCore.a(wiring_digital.o)
 .text.pinMode  0x00002ebc       0x78 D:\Project\AVR\arduino\Bottom_heater\Code\Bottom_heater\Bottom_heater\ArduinoCore\Debug\libArduinoCore.a(wiring_digital.o)
                0x00002ebc                pinMode
 .text.digitalWrite
                0x00002f34       0x5e D:\Project\AVR\arduino\Bottom_heater\Code\Bottom_heater\Bottom_heater\ArduinoCore\Debug\libArduinoCore.a(wiring_digital.o)
                0x00002f34                digitalWrite
 .text.digitalRead
                0x00002f92       0x52 D:\Project\AVR\arduino\Bottom_heater\Code\Bottom_heater\Bottom_heater\ArduinoCore\Debug\libArduinoCore.a(wiring_digital.o)
                0x00002f92                digitalRead
 .text._ZN6StringD2Ev
                0x00002fe4        0xa D:\Project\AVR\arduino\Bottom_heater\Code\Bottom_heater\Bottom_heater\ArduinoCore\Debug\libArduinoCore.a(WString.o)
                0x00002fe4                _ZN6StringD2Ev
                0x00002fe4                _ZN6StringD1Ev
 .text._ZN6String10invalidateEv
                0x00002fee       0x24 D:\Project\AVR\arduino\Bottom_heater\Code\Bottom_heater\Bottom_heater\ArduinoCore\Debug\libArduinoCore.a(WString.o)
                0x00002fee                _ZN6String10invalidateEv
 .text._ZN6String12changeBufferEj
                0x00003012       0x34 D:\Project\AVR\arduino\Bottom_heater\Code\Bottom_heater\Bottom_heater\ArduinoCore\Debug\libArduinoCore.a(WString.o)
                0x00003012                _ZN6String12changeBufferEj
 .text._ZN6String7reserveEj
                0x00003046       0x38 D:\Project\AVR\arduino\Bottom_heater\Code\Bottom_heater\Bottom_heater\ArduinoCore\Debug\libArduinoCore.a(WString.o)
                0x00003046                _ZN6String7reserveEj
 .text._ZN6String4copyEPKcj
                0x0000307e       0x42 D:\Project\AVR\arduino\Bottom_heater\Code\Bottom_heater\Bottom_heater\ArduinoCore\Debug\libArduinoCore.a(WString.o)
                0x0000307e                _ZN6String4copyEPKcj
 .text._ZN6StringC2EPKc
                0x000030c0       0x2a D:\Project\AVR\arduino\Bottom_heater\Code\Bottom_heater\Bottom_heater\ArduinoCore\Debug\libArduinoCore.a(WString.o)
                0x000030c0                _ZN6StringC2EPKc
                0x000030c0                _ZN6StringC1EPKc
 .text._ZN6StringaSERKS_
                0x000030ea       0x2e D:\Project\AVR\arduino\Bottom_heater\Code\Bottom_heater\Bottom_heater\ArduinoCore\Debug\libArduinoCore.a(WString.o)
                0x000030ea                _ZN6StringaSERKS_
 .text._ZN6StringC2ERKS_
                0x00003118       0x12 D:\Project\AVR\arduino\Bottom_heater\Code\Bottom_heater\Bottom_heater\ArduinoCore\Debug\libArduinoCore.a(WString.o)
                0x00003118                _ZN6StringC2ERKS_
                0x00003118                _ZN6StringC1ERKS_
 .text._ZN6StringaSEPKc
                0x0000312a       0x2e D:\Project\AVR\arduino\Bottom_heater\Code\Bottom_heater\Bottom_heater\ArduinoCore\Debug\libArduinoCore.a(WString.o)
                0x0000312a                _ZN6StringaSEPKc
 .text._ZN6String6concatEPKcj
                0x00003158       0x5c D:\Project\AVR\arduino\Bottom_heater\Code\Bottom_heater\Bottom_heater\ArduinoCore\Debug\libArduinoCore.a(WString.o)
                0x00003158                _ZN6String6concatEPKcj
 .text._ZplRK15StringSumHelperRK6String
                0x000031b4       0x26 D:\Project\AVR\arduino\Bottom_heater\Code\Bottom_heater\Bottom_heater\ArduinoCore\Debug\libArduinoCore.a(WString.o)
                0x000031b4                _ZplRK15StringSumHelperRK6String
 .text._ZplRK15StringSumHelperPKc
                0x000031da       0x32 D:\Project\AVR\arduino\Bottom_heater\Code\Bottom_heater\Bottom_heater\ArduinoCore\Debug\libArduinoCore.a(WString.o)
                0x000031da                _ZplRK15StringSumHelperPKc
 .text._ZNK6String9substringEjj
                0x0000320c       0x8a D:\Project\AVR\arduino\Bottom_heater\Code\Bottom_heater\Bottom_heater\ArduinoCore\Debug\libArduinoCore.a(WString.o)
                0x0000320c                _ZNK6String9substringEjj
 .text.__empty  0x00003296        0x2 D:\Project\AVR\arduino\Bottom_heater\Code\Bottom_heater\Bottom_heater\ArduinoCore\Debug\libArduinoCore.a(hooks.o)
                0x00003296                yield
 .text.libgcc.div
                0x00003298       0x28 c:/program files (x86)/atmel/studio/7.0/toolchain/avr8/avr8-gnu-toolchain/bin/../lib/gcc/avr/5.4.0/avr5\libgcc.a(_divmodhi4.o)
                0x00003298                _div
                0x00003298                __divmodhi4
 .text.libgcc.div
                0x000032c0       0x44 c:/program files (x86)/atmel/studio/7.0/toolchain/avr8/avr8-gnu-toolchain/bin/../lib/gcc/avr/5.4.0/avr5\libgcc.a(_udivmodsi4.o)
                0x000032c0                __udivmodsi4
 .text.libgcc.div
                0x00003304       0x28 c:/program files (x86)/atmel/studio/7.0/toolchain/avr8/avr8-gnu-toolchain/bin/../lib/gcc/avr/5.4.0/avr5\libgcc.a(_udivmodhi4.o)
                0x00003304                __udivmodhi4
 .text.libgcc   0x0000332c        0xc c:/program files (x86)/atmel/studio/7.0/toolchain/avr8/avr8-gnu-toolchain/bin/../lib/gcc/avr/5.4.0/avr5\libgcc.a(_tablejump2.o)
                0x0000332c                __tablejump2__
 .text.avr-libc
                0x00003338      0x242 c:/program files (x86)/atmel/studio/7.0/toolchain/avr8/avr8-gnu-toolchain/bin/../lib/gcc/avr/5.4.0/../../../../avr/lib/avr5\libc.a(malloc.o)
                0x00003338                malloc
                0x00003468                free
 .text.avr-libc
                0x0000357a      0x18c c:/program files (x86)/atmel/studio/7.0/toolchain/avr8/avr8-gnu-toolchain/bin/../lib/gcc/avr/5.4.0/../../../../avr/lib/avr5\libc.a(realloc.o)
                0x0000357a                realloc
 .text.avr-libc
                0x00003706       0x12 c:/program files (x86)/atmel/studio/7.0/toolchain/avr8/avr8-gnu-toolchain/bin/../lib/gcc/avr/5.4.0/../../../../avr/lib/avr5\libc.a(memcpy.o)
                0x00003706                memcpy
 .text.avr-libc
                0x00003718        0xe c:/program files (x86)/atmel/studio/7.0/toolchain/avr8/avr8-gnu-toolchain/bin/../lib/gcc/avr/5.4.0/../../../../avr/lib/avr5\libc.a(strcpy.o)
                0x00003718                strcpy
 .text.avr-libc
                0x00003726       0x10 C:/Program Files (x86)/Atmel/Studio/7.0/Packs/atmel/ATmega_DFP/1.2.209/gcc/dev/atmega328p/avr5\libatmega328p.a(eerd_byte.o)
                0x00003726                eeprom_read_byte
 .text.libgcc.prologue
                0x00003736       0x38 c:/program files (x86)/atmel/studio/7.0/toolchain/avr8/avr8-gnu-toolchain/bin/../lib/gcc/avr/5.4.0/avr5\libgcc.a(_prologue.o)
                0x00003736                __prologue_saves__
 .text.libgcc.prologue
                0x0000376e       0x36 c:/program files (x86)/atmel/studio/7.0/toolchain/avr8/avr8-gnu-toolchain/bin/../lib/gcc/avr/5.4.0/avr5\libgcc.a(_epilogue.o)
                0x0000376e                __epilogue_restores__
                0x000037a4                . = ALIGN (0x2)
 *(.fini9)
 .fini9         0x000037a4        0x0 c:/program files (x86)/atmel/studio/7.0/toolchain/avr8/avr8-gnu-toolchain/bin/../lib/gcc/avr/5.4.0/avr5\libgcc.a(_exit.o)
                0x000037a4                _exit
                0x000037a4                exit
 *(.fini9)
 *(.fini8)
 *(.fini8)
 *(.fini7)
 *(.fini7)
 *(.fini6)
 .fini6         0x000037a4       0x16 c:/program files (x86)/atmel/studio/7.0/toolchain/avr8/avr8-gnu-toolchain/bin/../lib/gcc/avr/5.4.0/avr5\libgcc.a(_dtors.o)
                0x000037a4                __do_global_dtors
 *(.fini6)
 *(.fini5)
 *(.fini5)
 *(.fini4)
 *(.fini4)
 *(.fini3)
 *(.fini3)
 *(.fini2)
 *(.fini2)
 *(.fini1)
 *(.fini1)
 *(.fini0)
 .fini0         0x000037ba        0x4 c:/program files (x86)/atmel/studio/7.0/toolchain/avr8/avr8-gnu-toolchain/bin/../lib/gcc/avr/5.4.0/avr5\libgcc.a(_exit.o)
 *(.fini0)
                0x000037be                _etext = .

.data           0x00800100       0xaa load address 0x000037be
                0x00800100                PROVIDE (__data_start, .)
 *(.data)
 .data          0x00800100        0x6 c:/program files (x86)/atmel/studio/7.0/toolchain/avr8/avr8-gnu-toolchain/bin/../lib/gcc/avr/5.4.0/../../../../avr/lib/avr5\libc.a(malloc.o)
                0x00800100                __malloc_heap_end
                0x00800102                __malloc_heap_start
                0x00800104                __malloc_margin
 *(.data*)
 .data._regulationDown
                0x00800106        0x1 Sketch.o
                0x00800106                _regulationDown
 .data._menuActive
                0x00800107        0x1 Sketch.o
                0x00800107                _menuActive
 .data.intFunc  0x00800108        0x4 D:\Project\AVR\arduino\Bottom_heater\Code\Bottom_heater\Bottom_heater\ArduinoCore\Debug\libArduinoCore.a(WInterrupts.o)
 *(.gnu.linkonce.d*)
 *(.rodata)
 .rodata        0x0080010c        0x8 src/libraries/LiquidCrystal_I2C/src/LiquidCrystal_I2C.o
 *(.rodata*)
 .rodata.str1.1
                0x00800114       0x19 Display/Display16x2.o
                                 0x1b (size before relaxing)
 .rodata.str1.1
                0x0080012d       0x4a Sketch.o
 .rodata._ZTV17LiquidCrystal_I2C
                0x00800177        0xc src/libraries/LiquidCrystal_I2C/src/LiquidCrystal_I2C.o
                0x00800177                _ZTV17LiquidCrystal_I2C
 .rodata.str1.1
                0x00800183       0x15 src/libraries/MyMenu/MyMenu.o
                                 0x18 (size before relaxing)
 .rodata._ZTV7TwoWire
                0x00800198       0x12 src/libraries/Wire/src/Wire.o
                0x00800198                _ZTV7TwoWire
 .rodata.str1.1
                0x008001aa        0x1 D:\Project\AVR\arduino\Bottom_heater\Code\Bottom_heater\Bottom_heater\ArduinoCore\Debug\libArduinoCore.a(WString.o)
 *(.gnu.linkonce.r*)
                0x008001ac                . = ALIGN (0x2)
                0x008001ac                _edata = .
                0x008001ac                PROVIDE (__data_end, .)

.bss            0x008001aa      0x10d
                0x008001aa                PROVIDE (__bss_start, .)
 *(.bss)
 *(.bss*)
 .bss._timerHeatingId
                0x008001aa        0x2 Sketch.o
                0x008001aa                _timerHeatingId
 .bss._pidOldDownVal
                0x008001ac        0x2 Sketch.o
                0x008001ac                _pidOldDownVal
 .bss._pidDownVal
                0x008001ae        0x2 Sketch.o
                0x008001ae                _pidDownVal
 .bss._pidUpVal
                0x008001b0        0x2 Sketch.o
                0x008001b0                _pidUpVal
 .bss._regulationUp
                0x008001b2        0x1 Sketch.o
                0x008001b2                _regulationUp
 .bss._heaterOn
                0x008001b3        0x1 Sketch.o
                0x008001b3                _heaterOn
 .bss._outputDownVal
                0x008001b4        0x4 Sketch.o
                0x008001b4                _outputDownVal
 .bss._outputUpVal
                0x008001b8        0x4 Sketch.o
                0x008001b8                _outputUpVal
 .bss._setTempDown
                0x008001bc        0x4 Sketch.o
                0x008001bc                _setTempDown
 .bss._setTempUp
                0x008001c0        0x4 Sketch.o
                0x008001c0                _setTempUp
 .bss._tempDown
                0x008001c4        0x4 Sketch.o
                0x008001c4                _tempDown
 .bss._tempUp   0x008001c8        0x4 Sketch.o
                0x008001c8                _tempUp
 .bss._timerHeating
                0x008001cc        0x2 Sketch.o
                0x008001cc                _timerHeating
 .bss._menu     0x008001ce        0x2 Sketch.o
                0x008001ce                _menu
 .bss._lcd      0x008001d0        0x2 Sketch.o
                0x008001d0                _lcd
 .bss._encoder  0x008001d2        0x2 Sketch.o
                0x008001d2                _encoder
 .bss._pidDown  0x008001d4        0x2 Sketch.o
                0x008001d4                _pidDown
 .bss._pidUp    0x008001d6        0x2 Sketch.o
                0x008001d6                _pidUp
 .bss._display  0x008001d8        0x2 Sketch.o
                0x008001d8                _display
 .bss._thermometer
                0x008001da        0x2 Sketch.o
                0x008001da                _thermometer
 .bss._dimmer   0x008001dc        0x2 Sketch.o
                0x008001dc                _dimmer
 .bss.sub_title
                0x008001de        0x6 src/libraries/MyMenu/MyMenu.o
                0x008001de                sub_title
 .bss.name      0x008001e4        0x6 src/libraries/MyMenu/MyMenu.o
                0x008001e4                name
 .bss.twi_error
                0x008001ea        0x1 src/libraries/Wire/src/utility/twi.o
 .bss.twi_rxBufferIndex
                0x008001eb        0x1 src/libraries/Wire/src/utility/twi.o
 .bss.twi_rxBuffer
                0x008001ec       0x20 src/libraries/Wire/src/utility/twi.o
 .bss.twi_txBufferLength
                0x0080020c        0x1 src/libraries/Wire/src/utility/twi.o
 .bss.twi_txBufferIndex
                0x0080020d        0x1 src/libraries/Wire/src/utility/twi.o
 .bss.twi_txBuffer
                0x0080020e       0x20 src/libraries/Wire/src/utility/twi.o
 .bss.twi_masterBufferLength
                0x0080022e        0x1 src/libraries/Wire/src/utility/twi.o
 .bss.twi_masterBufferIndex
                0x0080022f        0x1 src/libraries/Wire/src/utility/twi.o
 .bss.twi_masterBuffer
                0x00800230       0x20 src/libraries/Wire/src/utility/twi.o
 .bss.twi_onSlaveReceive
                0x00800250        0x2 src/libraries/Wire/src/utility/twi.o
 .bss.twi_onSlaveTransmit
                0x00800252        0x2 src/libraries/Wire/src/utility/twi.o
 .bss.twi_inRepStart
                0x00800254        0x1 src/libraries/Wire/src/utility/twi.o
 .bss.twi_sendStop
                0x00800255        0x1 src/libraries/Wire/src/utility/twi.o
 .bss.twi_slarw
                0x00800256        0x1 src/libraries/Wire/src/utility/twi.o
 .bss.twi_state
                0x00800257        0x1 src/libraries/Wire/src/utility/twi.o
 .bss.Wire      0x00800258        0xc src/libraries/Wire/src/Wire.o
                0x00800258                Wire
 .bss._ZN7TwoWire12transmittingE
                0x00800264        0x1 src/libraries/Wire/src/Wire.o
                0x00800264                _ZN7TwoWire12transmittingE
 .bss._ZN7TwoWire14txBufferLengthE
                0x00800265        0x1 src/libraries/Wire/src/Wire.o
                0x00800265                _ZN7TwoWire14txBufferLengthE
 .bss._ZN7TwoWire13txBufferIndexE
                0x00800266        0x1 src/libraries/Wire/src/Wire.o
                0x00800266                _ZN7TwoWire13txBufferIndexE
 .bss._ZN7TwoWire8txBufferE
                0x00800267       0x20 src/libraries/Wire/src/Wire.o
                0x00800267                _ZN7TwoWire8txBufferE
 .bss._ZN7TwoWire9txAddressE
                0x00800287        0x1 src/libraries/Wire/src/Wire.o
                0x00800287                _ZN7TwoWire9txAddressE
 .bss._ZN7TwoWire14rxBufferLengthE
                0x00800288        0x1 src/libraries/Wire/src/Wire.o
                0x00800288                _ZN7TwoWire14rxBufferLengthE
 .bss._ZN7TwoWire13rxBufferIndexE
                0x00800289        0x1 src/libraries/Wire/src/Wire.o
                0x00800289                _ZN7TwoWire13rxBufferIndexE
 .bss._ZN7TwoWire8rxBufferE
                0x0080028a       0x20 src/libraries/Wire/src/Wire.o
                0x0080028a                _ZN7TwoWire8rxBufferE
 .bss.timer0_fract
                0x008002aa        0x1 D:\Project\AVR\arduino\Bottom_heater\Code\Bottom_heater\Bottom_heater\ArduinoCore\Debug\libArduinoCore.a(wiring.o)
 .bss.timer0_millis
                0x008002ab        0x4 D:\Project\AVR\arduino\Bottom_heater\Code\Bottom_heater\Bottom_heater\ArduinoCore\Debug\libArduinoCore.a(wiring.o)
                0x008002ab                timer0_millis
 .bss.timer0_overflow_count
                0x008002af        0x4 D:\Project\AVR\arduino\Bottom_heater\Code\Bottom_heater\Bottom_heater\ArduinoCore\Debug\libArduinoCore.a(wiring.o)
                0x008002af                timer0_overflow_count
 *(COMMON)
 COMMON         0x008002b3        0x4 c:/program files (x86)/atmel/studio/7.0/toolchain/avr8/avr8-gnu-toolchain/bin/../lib/gcc/avr/5.4.0/../../../../avr/lib/avr5\libc.a(malloc.o)
                0x008002b3                __brkval
                0x008002b5                __flp
                0x008002b7                PROVIDE (__bss_end, .)
                0x000037be                __data_load_start = LOADADDR (.data)
                0x00003868                __data_load_end = (__data_load_start + SIZEOF (.data))

.noinit         0x008002b7        0x0
                [!provide]                PROVIDE (__noinit_start, .)
 *(.noinit*)
                [!provide]                PROVIDE (__noinit_end, .)
                0x008002b7                _end = .
                0x008002b7                PROVIDE (__heap_start, .)

.eeprom         0x00810000        0x0
 *(.eeprom*)
                0x00810000                __eeprom_end = .

.fuse
 *(.fuse)
 *(.lfuse)
 *(.hfuse)
 *(.efuse)

.lock
 *(.lock*)

.signature
 *(.signature*)

.user_signatures
 *(.user_signatures*)

.stab
 *(.stab)

.stabstr
 *(.stabstr)

.stab.excl
 *(.stab.excl)

.stab.exclstr
 *(.stab.exclstr)

.stab.index
 *(.stab.index)

.stab.indexstr
 *(.stab.indexstr)

.comment        0x00000000       0x30
 *(.comment)
 .comment       0x00000000       0x30 Dimmer/Dimmer.o
                                 0x31 (size before relaxing)
 .comment       0x00000030       0x31 Dimmer/DimmerItem.o
 .comment       0x00000030       0x31 Display/Display16x2.o
 .comment       0x00000030       0x31 Sketch.o
 .comment       0x00000030       0x31 src/libraries/AutoPID/AutoPID.o
 .comment       0x00000030       0x31 src/libraries/LiquidCrystal_I2C/src/LiquidCrystal_I2C.o
 .comment       0x00000030       0x31 src/libraries/MAX6675/max6675.o
 .comment       0x00000030       0x31 src/libraries/MyMenu/MyMenu.o
 .comment       0x00000030       0x31 src/libraries/RotaryEncoder/RotaryEncoder.o
 .comment       0x00000030       0x31 src/libraries/SimpleTimer/SimpleTimer.o
 .comment       0x00000030       0x31 src/libraries/Wire/src/utility/twi.o
 .comment       0x00000030       0x31 src/libraries/Wire/src/Wire.o
 .comment       0x00000030       0x31 Thermometer/Thermometer.o
 .comment       0x00000030       0x31 D:\Project\AVR\arduino\Bottom_heater\Code\Bottom_heater\Bottom_heater\ArduinoCore\Debug\libArduinoCore.a(main.o)
 .comment       0x00000030       0x31 D:\Project\AVR\arduino\Bottom_heater\Code\Bottom_heater\Bottom_heater\ArduinoCore\Debug\libArduinoCore.a(new.o)
 .comment       0x00000030       0x31 D:\Project\AVR\arduino\Bottom_heater\Code\Bottom_heater\Bottom_heater\ArduinoCore\Debug\libArduinoCore.a(Print.o)
 .comment       0x00000030       0x31 D:\Project\AVR\arduino\Bottom_heater\Code\Bottom_heater\Bottom_heater\ArduinoCore\Debug\libArduinoCore.a(WInterrupts.o)
 .comment       0x00000030       0x31 D:\Project\AVR\arduino\Bottom_heater\Code\Bottom_heater\Bottom_heater\ArduinoCore\Debug\libArduinoCore.a(wiring.o)
 .comment       0x00000030       0x31 D:\Project\AVR\arduino\Bottom_heater\Code\Bottom_heater\Bottom_heater\ArduinoCore\Debug\libArduinoCore.a(wiring_digital.o)
 .comment       0x00000030       0x31 D:\Project\AVR\arduino\Bottom_heater\Code\Bottom_heater\Bottom_heater\ArduinoCore\Debug\libArduinoCore.a(WString.o)
 .comment       0x00000030       0x31 D:\Project\AVR\arduino\Bottom_heater\Code\Bottom_heater\Bottom_heater\ArduinoCore\Debug\libArduinoCore.a(hooks.o)
 .comment       0x00000030       0x31 c:/program files (x86)/atmel/studio/7.0/toolchain/avr8/avr8-gnu-toolchain/bin/../lib/gcc/avr/5.4.0/../../../../avr/lib/avr5\libc.a(malloc.o)
 .comment       0x00000030       0x31 c:/program files (x86)/atmel/studio/7.0/toolchain/avr8/avr8-gnu-toolchain/bin/../lib/gcc/avr/5.4.0/../../../../avr/lib/avr5\libc.a(realloc.o)

.note.gnu.avr.deviceinfo
                0x00000000       0x40
 .note.gnu.avr.deviceinfo
                0x00000000       0x40 C:/Program Files (x86)/Atmel/Studio/7.0/Packs/atmel/ATmega_DFP/1.2.209/gcc/dev/atmega328p/avr5/crtatmega328p.o

.note.gnu.build-id
 *(.note.gnu.build-id)

.debug
 *(.debug)

.line
 *(.line)

.debug_srcinfo
 *(.debug_srcinfo)

.debug_sfnames
 *(.debug_sfnames)

.debug_aranges  0x00000000      0xb20
 *(.debug_aranges)
 .debug_aranges
                0x00000000       0x50 Dimmer/Dimmer.o
 .debug_aranges
                0x00000050       0x30 Dimmer/DimmerItem.o
 .debug_aranges
                0x00000080       0x50 Display/Display16x2.o
 .debug_aranges
                0x000000d0       0x70 Sketch.o
 .debug_aranges
                0x00000140       0x90 src/libraries/AutoPID/AutoPID.o
 .debug_aranges
                0x000001d0      0x118 src/libraries/LiquidCrystal_I2C/src/LiquidCrystal_I2C.o
 .debug_aranges
                0x000002e8       0x38 src/libraries/MAX6675/max6675.o
 .debug_aranges
                0x00000320       0xa0 src/libraries/MyMenu/MyMenu.o
 .debug_aranges
                0x000003c0       0x28 src/libraries/RotaryEncoder/RotaryEncoder.o
 .debug_aranges
                0x000003e8       0x80 src/libraries/SimpleTimer/SimpleTimer.o
 .debug_aranges
                0x00000468       0x80 src/libraries/Wire/src/utility/twi.o
 .debug_aranges
                0x000004e8       0xf8 src/libraries/Wire/src/Wire.o
 .debug_aranges
                0x000005e0       0x30 Thermometer/Thermometer.o
 .debug_aranges
                0x00000610       0x30 D:\Project\AVR\arduino\Bottom_heater\Code\Bottom_heater\Bottom_heater\ArduinoCore\Debug\libArduinoCore.a(main.o)
 .debug_aranges
                0x00000640       0x28 D:\Project\AVR\arduino\Bottom_heater\Code\Bottom_heater\Bottom_heater\ArduinoCore\Debug\libArduinoCore.a(new.o)
 .debug_aranges
                0x00000668      0x100 D:\Project\AVR\arduino\Bottom_heater\Code\Bottom_heater\Bottom_heater\ArduinoCore\Debug\libArduinoCore.a(Print.o)
 .debug_aranges
                0x00000768       0x40 D:\Project\AVR\arduino\Bottom_heater\Code\Bottom_heater\Bottom_heater\ArduinoCore\Debug\libArduinoCore.a(WInterrupts.o)
 .debug_aranges
                0x000007a8       0x48 D:\Project\AVR\arduino\Bottom_heater\Code\Bottom_heater\Bottom_heater\ArduinoCore\Debug\libArduinoCore.a(wiring.o)
 .debug_aranges
                0x000007f0       0x38 D:\Project\AVR\arduino\Bottom_heater\Code\Bottom_heater\Bottom_heater\ArduinoCore\Debug\libArduinoCore.a(wiring_digital.o)
 .debug_aranges
                0x00000828      0x2b8 D:\Project\AVR\arduino\Bottom_heater\Code\Bottom_heater\Bottom_heater\ArduinoCore\Debug\libArduinoCore.a(WString.o)
 .debug_aranges
                0x00000ae0       0x20 D:\Project\AVR\arduino\Bottom_heater\Code\Bottom_heater\Bottom_heater\ArduinoCore\Debug\libArduinoCore.a(hooks.o)
 .debug_aranges
                0x00000b00       0x20 C:/Program Files (x86)/Atmel/Studio/7.0/Packs/atmel/ATmega_DFP/1.2.209/gcc/dev/atmega328p/avr5\libatmega328p.a(eerd_byte.o)

.debug_pubnames
 *(.debug_pubnames)

.debug_info     0x00000000    0x15bdb
 *(.debug_info .gnu.linkonce.wi.*)
 .debug_info    0x00000000      0x5f4 C:/Program Files (x86)/Atmel/Studio/7.0/Packs/atmel/ATmega_DFP/1.2.209/gcc/dev/atmega328p/avr5/crtatmega328p.o
 .debug_info    0x000005f4      0xa7e Dimmer/Dimmer.o
 .debug_info    0x00001072      0x34d Dimmer/DimmerItem.o
 .debug_info    0x000013bf      0x76b Display/Display16x2.o
 .debug_info    0x00001b2a     0x3ad1 Sketch.o
 .debug_info    0x000055fb      0xae3 src/libraries/AutoPID/AutoPID.o
 .debug_info    0x000060de     0x1508 src/libraries/LiquidCrystal_I2C/src/LiquidCrystal_I2C.o
 .debug_info    0x000075e6      0x5a5 src/libraries/MAX6675/max6675.o
 .debug_info    0x00007b8b     0x2505 src/libraries/MyMenu/MyMenu.o
 .debug_info    0x0000a090      0x41a src/libraries/RotaryEncoder/RotaryEncoder.o
 .debug_info    0x0000a4aa      0x98f src/libraries/SimpleTimer/SimpleTimer.o
 .debug_info    0x0000ae39      0x604 src/libraries/Wire/src/utility/twi.o
 .debug_info    0x0000b43d     0x27b4 src/libraries/Wire/src/Wire.o
 .debug_info    0x0000dbf1      0x491 Thermometer/Thermometer.o
 .debug_info    0x0000e082      0x237 D:\Project\AVR\arduino\Bottom_heater\Code\Bottom_heater\Bottom_heater\ArduinoCore\Debug\libArduinoCore.a(main.o)
 .debug_info    0x0000e2b9      0x11c D:\Project\AVR\arduino\Bottom_heater\Code\Bottom_heater\Bottom_heater\ArduinoCore\Debug\libArduinoCore.a(new.o)
 .debug_info    0x0000e3d5     0x28ff D:\Project\AVR\arduino\Bottom_heater\Code\Bottom_heater\Bottom_heater\ArduinoCore\Debug\libArduinoCore.a(Print.o)
 .debug_info    0x00010cd4      0x21c D:\Project\AVR\arduino\Bottom_heater\Code\Bottom_heater\Bottom_heater\ArduinoCore\Debug\libArduinoCore.a(WInterrupts.o)
 .debug_info    0x00010ef0      0x2cb D:\Project\AVR\arduino\Bottom_heater\Code\Bottom_heater\Bottom_heater\ArduinoCore\Debug\libArduinoCore.a(wiring.o)
 .debug_info    0x000111bb      0x5fe D:\Project\AVR\arduino\Bottom_heater\Code\Bottom_heater\Bottom_heater\ArduinoCore\Debug\libArduinoCore.a(wiring_digital.o)
 .debug_info    0x000117b9     0x4338 D:\Project\AVR\arduino\Bottom_heater\Code\Bottom_heater\Bottom_heater\ArduinoCore\Debug\libArduinoCore.a(WString.o)
 .debug_info    0x00015af1       0x3e D:\Project\AVR\arduino\Bottom_heater\Code\Bottom_heater\Bottom_heater\ArduinoCore\Debug\libArduinoCore.a(hooks.o)
 .debug_info    0x00015b2f       0xac C:/Program Files (x86)/Atmel/Studio/7.0/Packs/atmel/ATmega_DFP/1.2.209/gcc/dev/atmega328p/avr5\libatmega328p.a(eerd_byte.o)

.debug_abbrev   0x00000000     0x3d01
 *(.debug_abbrev)
 .debug_abbrev  0x00000000      0x5a2 C:/Program Files (x86)/Atmel/Studio/7.0/Packs/atmel/ATmega_DFP/1.2.209/gcc/dev/atmega328p/avr5/crtatmega328p.o
 .debug_abbrev  0x000005a2      0x300 Dimmer/Dimmer.o
 .debug_abbrev  0x000008a2      0x1e2 Dimmer/DimmerItem.o
 .debug_abbrev  0x00000a84      0x223 Display/Display16x2.o
 .debug_abbrev  0x00000ca7      0x59f Sketch.o
 .debug_abbrev  0x00001246      0x2b4 src/libraries/AutoPID/AutoPID.o
 .debug_abbrev  0x000014fa      0x356 src/libraries/LiquidCrystal_I2C/src/LiquidCrystal_I2C.o
 .debug_abbrev  0x00001850      0x271 src/libraries/MAX6675/max6675.o
 .debug_abbrev  0x00001ac1      0x4cb src/libraries/MyMenu/MyMenu.o
 .debug_abbrev  0x00001f8c      0x1a5 src/libraries/RotaryEncoder/RotaryEncoder.o
 .debug_abbrev  0x00002131      0x2de src/libraries/SimpleTimer/SimpleTimer.o
 .debug_abbrev  0x0000240f      0x260 src/libraries/Wire/src/utility/twi.o
 .debug_abbrev  0x0000266f      0x581 src/libraries/Wire/src/Wire.o
 .debug_abbrev  0x00002bf0      0x1ff Thermometer/Thermometer.o
 .debug_abbrev  0x00002def      0x12d D:\Project\AVR\arduino\Bottom_heater\Code\Bottom_heater\Bottom_heater\ArduinoCore\Debug\libArduinoCore.a(main.o)
 .debug_abbrev  0x00002f1c       0xce D:\Project\AVR\arduino\Bottom_heater\Code\Bottom_heater\Bottom_heater\ArduinoCore\Debug\libArduinoCore.a(new.o)
 .debug_abbrev  0x00002fea      0x47a D:\Project\AVR\arduino\Bottom_heater\Code\Bottom_heater\Bottom_heater\ArduinoCore\Debug\libArduinoCore.a(Print.o)
 .debug_abbrev  0x00003464       0xfc D:\Project\AVR\arduino\Bottom_heater\Code\Bottom_heater\Bottom_heater\ArduinoCore\Debug\libArduinoCore.a(WInterrupts.o)
 .debug_abbrev  0x00003560      0x146 D:\Project\AVR\arduino\Bottom_heater\Code\Bottom_heater\Bottom_heater\ArduinoCore\Debug\libArduinoCore.a(wiring.o)
 .debug_abbrev  0x000036a6      0x15b D:\Project\AVR\arduino\Bottom_heater\Code\Bottom_heater\Bottom_heater\ArduinoCore\Debug\libArduinoCore.a(wiring_digital.o)
 .debug_abbrev  0x00003801      0x4c2 D:\Project\AVR\arduino\Bottom_heater\Code\Bottom_heater\Bottom_heater\ArduinoCore\Debug\libArduinoCore.a(WString.o)
 .debug_abbrev  0x00003cc3       0x2a D:\Project\AVR\arduino\Bottom_heater\Code\Bottom_heater\Bottom_heater\ArduinoCore\Debug\libArduinoCore.a(hooks.o)
 .debug_abbrev  0x00003ced       0x14 C:/Program Files (x86)/Atmel/Studio/7.0/Packs/atmel/ATmega_DFP/1.2.209/gcc/dev/atmega328p/avr5\libatmega328p.a(eerd_byte.o)

.debug_line     0x00000000     0x5d56
 *(.debug_line .debug_line.* .debug_line_end)
 .debug_line    0x00000000      0x133 C:/Program Files (x86)/Atmel/Studio/7.0/Packs/atmel/ATmega_DFP/1.2.209/gcc/dev/atmega328p/avr5/crtatmega328p.o
 .debug_line    0x00000133      0x2a4 Dimmer/Dimmer.o
 .debug_line    0x000003d7      0x189 Dimmer/DimmerItem.o
 .debug_line    0x00000560      0x364 Display/Display16x2.o
 .debug_line    0x000008c4      0x732 Sketch.o
 .debug_line    0x00000ff6      0x41c src/libraries/AutoPID/AutoPID.o
 .debug_line    0x00001412      0x715 src/libraries/LiquidCrystal_I2C/src/LiquidCrystal_I2C.o
 .debug_line    0x00001b27      0x2df src/libraries/MAX6675/max6675.o
 .debug_line    0x00001e06      0x781 src/libraries/MyMenu/MyMenu.o
 .debug_line    0x00002587      0x29f src/libraries/RotaryEncoder/RotaryEncoder.o
 .debug_line    0x00002826      0x442 src/libraries/SimpleTimer/SimpleTimer.o
 .debug_line    0x00002c68      0x52e src/libraries/Wire/src/utility/twi.o
 .debug_line    0x00003196      0x608 src/libraries/Wire/src/Wire.o
 .debug_line    0x0000379e      0x19b Thermometer/Thermometer.o
 .debug_line    0x00003939      0x17a D:\Project\AVR\arduino\Bottom_heater\Code\Bottom_heater\Bottom_heater\ArduinoCore\Debug\libArduinoCore.a(main.o)
 .debug_line    0x00003ab3      0x12f D:\Project\AVR\arduino\Bottom_heater\Code\Bottom_heater\Bottom_heater\ArduinoCore\Debug\libArduinoCore.a(new.o)
 .debug_line    0x00003be2      0x69a D:\Project\AVR\arduino\Bottom_heater\Code\Bottom_heater\Bottom_heater\ArduinoCore\Debug\libArduinoCore.a(Print.o)
 .debug_line    0x0000427c      0x1b5 D:\Project\AVR\arduino\Bottom_heater\Code\Bottom_heater\Bottom_heater\ArduinoCore\Debug\libArduinoCore.a(WInterrupts.o)
 .debug_line    0x00004431      0x2ae D:\Project\AVR\arduino\Bottom_heater\Code\Bottom_heater\Bottom_heater\ArduinoCore\Debug\libArduinoCore.a(wiring.o)
 .debug_line    0x000046df      0x267 D:\Project\AVR\arduino\Bottom_heater\Code\Bottom_heater\Bottom_heater\ArduinoCore\Debug\libArduinoCore.a(wiring_digital.o)
 .debug_line    0x00004946     0x1355 D:\Project\AVR\arduino\Bottom_heater\Code\Bottom_heater\Bottom_heater\ArduinoCore\Debug\libArduinoCore.a(WString.o)
 .debug_line    0x00005c9b       0x41 D:\Project\AVR\arduino\Bottom_heater\Code\Bottom_heater\Bottom_heater\ArduinoCore\Debug\libArduinoCore.a(hooks.o)
 .debug_line    0x00005cdc       0x7a C:/Program Files (x86)/Atmel/Studio/7.0/Packs/atmel/ATmega_DFP/1.2.209/gcc/dev/atmega328p/avr5\libatmega328p.a(eerd_byte.o)

.debug_frame    0x00000000     0x2388
 *(.debug_frame)
 .debug_frame   0x00000000       0xbc Dimmer/Dimmer.o
 .debug_frame   0x000000bc       0x50 Dimmer/DimmerItem.o
 .debug_frame   0x0000010c       0xe8 Display/Display16x2.o
 .debug_frame   0x000001f4      0x1c0 Sketch.o
 .debug_frame   0x000003b4      0x234 src/libraries/AutoPID/AutoPID.o
 .debug_frame   0x000005e8      0x29c src/libraries/LiquidCrystal_I2C/src/LiquidCrystal_I2C.o
 .debug_frame   0x00000884       0x98 src/libraries/MAX6675/max6675.o
 .debug_frame   0x0000091c      0x2e0 src/libraries/MyMenu/MyMenu.o
 .debug_frame   0x00000bfc       0x7c src/libraries/RotaryEncoder/RotaryEncoder.o
 .debug_frame   0x00000c78      0x1e4 src/libraries/SimpleTimer/SimpleTimer.o
 .debug_frame   0x00000e5c      0x134 src/libraries/Wire/src/utility/twi.o
 .debug_frame   0x00000f90      0x284 src/libraries/Wire/src/Wire.o
 .debug_frame   0x00001214       0x68 Thermometer/Thermometer.o
 .debug_frame   0x0000127c       0x54 D:\Project\AVR\arduino\Bottom_heater\Code\Bottom_heater\Bottom_heater\ArduinoCore\Debug\libArduinoCore.a(main.o)
 .debug_frame   0x000012d0       0x54 D:\Project\AVR\arduino\Bottom_heater\Code\Bottom_heater\Bottom_heater\ArduinoCore\Debug\libArduinoCore.a(new.o)
 .debug_frame   0x00001324      0x3ac D:\Project\AVR\arduino\Bottom_heater\Code\Bottom_heater\Bottom_heater\ArduinoCore\Debug\libArduinoCore.a(Print.o)
 .debug_frame   0x000016d0       0xf4 D:\Project\AVR\arduino\Bottom_heater\Code\Bottom_heater\Bottom_heater\ArduinoCore\Debug\libArduinoCore.a(WInterrupts.o)
 .debug_frame   0x000017c4       0xc4 D:\Project\AVR\arduino\Bottom_heater\Code\Bottom_heater\Bottom_heater\ArduinoCore\Debug\libArduinoCore.a(wiring.o)
 .debug_frame   0x00001888       0x7c D:\Project\AVR\arduino\Bottom_heater\Code\Bottom_heater\Bottom_heater\ArduinoCore\Debug\libArduinoCore.a(wiring_digital.o)
 .debug_frame   0x00001904      0xa60 D:\Project\AVR\arduino\Bottom_heater\Code\Bottom_heater\Bottom_heater\ArduinoCore\Debug\libArduinoCore.a(WString.o)
 .debug_frame   0x00002364       0x24 D:\Project\AVR\arduino\Bottom_heater\Code\Bottom_heater\Bottom_heater\ArduinoCore\Debug\libArduinoCore.a(hooks.o)

.debug_str      0x00000000     0x4674
 *(.debug_str)
 .debug_str     0x00000000      0x208 C:/Program Files (x86)/Atmel/Studio/7.0/Packs/atmel/ATmega_DFP/1.2.209/gcc/dev/atmega328p/avr5/crtatmega328p.o
 .debug_str     0x00000208      0x746 Dimmer/Dimmer.o
                                0x7cf (size before relaxing)
 .debug_str     0x0000094e       0xb2 Dimmer/DimmerItem.o
                                0x358 (size before relaxing)
 .debug_str     0x00000a00      0x26f Display/Display16x2.o
                                0x4fe (size before relaxing)
 .debug_str     0x00000c6f     0x1747 Sketch.o
                               0x2167 (size before relaxing)
 .debug_str     0x000023b6      0x106 src/libraries/AutoPID/AutoPID.o
                                0x5e3 (size before relaxing)
 .debug_str     0x000024bc      0x8a3 src/libraries/LiquidCrystal_I2C/src/LiquidCrystal_I2C.o
                                0xc1c (size before relaxing)
 .debug_str     0x00002d5f       0x80 src/libraries/MAX6675/max6675.o
                                0x3ce (size before relaxing)
 .debug_str     0x00002ddf      0x256 src/libraries/MyMenu/MyMenu.o
                               0x1307 (size before relaxing)
 .debug_str     0x00003035       0x75 src/libraries/RotaryEncoder/RotaryEncoder.o
                                0x3df (size before relaxing)
 .debug_str     0x000030aa       0x6c src/libraries/SimpleTimer/SimpleTimer.o
                                0x5e0 (size before relaxing)
 .debug_str     0x00003116      0x2b2 src/libraries/Wire/src/utility/twi.o
                                0x3d6 (size before relaxing)
 .debug_str     0x000033c8      0x898 src/libraries/Wire/src/Wire.o
                               0x18cd (size before relaxing)
 .debug_str     0x00003c60       0x5e Thermometer/Thermometer.o
                                0x444 (size before relaxing)
 .debug_str     0x00003cbe       0xb5 D:\Project\AVR\arduino\Bottom_heater\Code\Bottom_heater\Bottom_heater\ArduinoCore\Debug\libArduinoCore.a(main.o)
                                0x2ba (size before relaxing)
 .debug_str     0x00003d73       0x50 D:\Project\AVR\arduino\Bottom_heater\Code\Bottom_heater\Bottom_heater\ArduinoCore\Debug\libArduinoCore.a(new.o)
                                0x1d0 (size before relaxing)
 .debug_str     0x00003dc3      0x37c D:\Project\AVR\arduino\Bottom_heater\Code\Bottom_heater\Bottom_heater\ArduinoCore\Debug\libArduinoCore.a(Print.o)
                               0x1248 (size before relaxing)
 .debug_str     0x0000413f       0x72 D:\Project\AVR\arduino\Bottom_heater\Code\Bottom_heater\Bottom_heater\ArduinoCore\Debug\libArduinoCore.a(WInterrupts.o)
                                0x23d (size before relaxing)
 .debug_str     0x000041b1       0x60 D:\Project\AVR\arduino\Bottom_heater\Code\Bottom_heater\Bottom_heater\ArduinoCore\Debug\libArduinoCore.a(wiring.o)
                                0x250 (size before relaxing)
 .debug_str     0x00004211       0xb0 D:\Project\AVR\arduino\Bottom_heater\Code\Bottom_heater\Bottom_heater\ArduinoCore\Debug\libArduinoCore.a(wiring_digital.o)
                                0x2b5 (size before relaxing)
 .debug_str     0x000042c1      0x397 D:\Project\AVR\arduino\Bottom_heater\Code\Bottom_heater\Bottom_heater\ArduinoCore\Debug\libArduinoCore.a(WString.o)
                               0x119b (size before relaxing)
 .debug_str     0x00004658       0x1c D:\Project\AVR\arduino\Bottom_heater\Code\Bottom_heater\Bottom_heater\ArduinoCore\Debug\libArduinoCore.a(hooks.o)
                                0x145 (size before relaxing)

.debug_loc      0x00000000     0xb8b4
 *(.debug_loc)
 .debug_loc     0x00000000      0x2c0 Dimmer/Dimmer.o
 .debug_loc     0x000002c0       0xe7 Dimmer/DimmerItem.o
 .debug_loc     0x000003a7      0x3b9 Display/Display16x2.o
 .debug_loc     0x00000760      0x518 Sketch.o
 .debug_loc     0x00000c78      0x74b src/libraries/AutoPID/AutoPID.o
 .debug_loc     0x000013c3      0xb09 src/libraries/LiquidCrystal_I2C/src/LiquidCrystal_I2C.o
 .debug_loc     0x00001ecc      0x395 src/libraries/MAX6675/max6675.o
 .debug_loc     0x00002261      0xf39 src/libraries/MyMenu/MyMenu.o
 .debug_loc     0x0000319a      0x33a src/libraries/RotaryEncoder/RotaryEncoder.o
 .debug_loc     0x000034d4      0x8ef src/libraries/SimpleTimer/SimpleTimer.o
 .debug_loc     0x00003dc3      0x3e6 src/libraries/Wire/src/utility/twi.o
 .debug_loc     0x000041a9      0xbfd src/libraries/Wire/src/Wire.o
 .debug_loc     0x00004da6      0x150 Thermometer/Thermometer.o
 .debug_loc     0x00004ef6       0x4c D:\Project\AVR\arduino\Bottom_heater\Code\Bottom_heater\Bottom_heater\ArduinoCore\Debug\libArduinoCore.a(new.o)
 .debug_loc     0x00004f42     0x1c87 D:\Project\AVR\arduino\Bottom_heater\Code\Bottom_heater\Bottom_heater\ArduinoCore\Debug\libArduinoCore.a(Print.o)
 .debug_loc     0x00006bc9      0x235 D:\Project\AVR\arduino\Bottom_heater\Code\Bottom_heater\Bottom_heater\ArduinoCore\Debug\libArduinoCore.a(WInterrupts.o)
 .debug_loc     0x00006dfe      0x28d D:\Project\AVR\arduino\Bottom_heater\Code\Bottom_heater\Bottom_heater\ArduinoCore\Debug\libArduinoCore.a(wiring.o)
 .debug_loc     0x0000708b      0x5fc D:\Project\AVR\arduino\Bottom_heater\Code\Bottom_heater\Bottom_heater\ArduinoCore\Debug\libArduinoCore.a(wiring_digital.o)
 .debug_loc     0x00007687     0x422d D:\Project\AVR\arduino\Bottom_heater\Code\Bottom_heater\Bottom_heater\ArduinoCore\Debug\libArduinoCore.a(WString.o)

.debug_macinfo
 *(.debug_macinfo)

.debug_weaknames
 *(.debug_weaknames)

.debug_funcnames
 *(.debug_funcnames)

.debug_typenames
 *(.debug_typenames)

.debug_varnames
 *(.debug_varnames)

.debug_pubtypes
 *(.debug_pubtypes)

.debug_ranges   0x00000000      0xad8
 *(.debug_ranges)
 .debug_ranges  0x00000000       0x58 Dimmer/Dimmer.o
 .debug_ranges  0x00000058       0x20 Dimmer/DimmerItem.o
 .debug_ranges  0x00000078       0x40 Display/Display16x2.o
 .debug_ranges  0x000000b8       0x78 Sketch.o
 .debug_ranges  0x00000130       0x80 src/libraries/AutoPID/AutoPID.o
 .debug_ranges  0x000001b0      0x108 src/libraries/LiquidCrystal_I2C/src/LiquidCrystal_I2C.o
 .debug_ranges  0x000002b8       0x28 src/libraries/MAX6675/max6675.o
 .debug_ranges  0x000002e0      0x108 src/libraries/MyMenu/MyMenu.o
 .debug_ranges  0x000003e8       0x18 src/libraries/RotaryEncoder/RotaryEncoder.o
 .debug_ranges  0x00000400       0x70 src/libraries/SimpleTimer/SimpleTimer.o
 .debug_ranges  0x00000470       0x70 src/libraries/Wire/src/utility/twi.o
 .debug_ranges  0x000004e0       0xe8 src/libraries/Wire/src/Wire.o
 .debug_ranges  0x000005c8       0x20 Thermometer/Thermometer.o
 .debug_ranges  0x000005e8       0x20 D:\Project\AVR\arduino\Bottom_heater\Code\Bottom_heater\Bottom_heater\ArduinoCore\Debug\libArduinoCore.a(main.o)
 .debug_ranges  0x00000608       0x18 D:\Project\AVR\arduino\Bottom_heater\Code\Bottom_heater\Bottom_heater\ArduinoCore\Debug\libArduinoCore.a(new.o)
 .debug_ranges  0x00000620      0x120 D:\Project\AVR\arduino\Bottom_heater\Code\Bottom_heater\Bottom_heater\ArduinoCore\Debug\libArduinoCore.a(Print.o)
 .debug_ranges  0x00000740       0x30 D:\Project\AVR\arduino\Bottom_heater\Code\Bottom_heater\Bottom_heater\ArduinoCore\Debug\libArduinoCore.a(WInterrupts.o)
 .debug_ranges  0x00000770       0x38 D:\Project\AVR\arduino\Bottom_heater\Code\Bottom_heater\Bottom_heater\ArduinoCore\Debug\libArduinoCore.a(wiring.o)
 .debug_ranges  0x000007a8       0x28 D:\Project\AVR\arduino\Bottom_heater\Code\Bottom_heater\Bottom_heater\ArduinoCore\Debug\libArduinoCore.a(wiring_digital.o)
 .debug_ranges  0x000007d0      0x2f8 D:\Project\AVR\arduino\Bottom_heater\Code\Bottom_heater\Bottom_heater\ArduinoCore\Debug\libArduinoCore.a(WString.o)
 .debug_ranges  0x00000ac8       0x10 D:\Project\AVR\arduino\Bottom_heater\Code\Bottom_heater\Bottom_heater\ArduinoCore\Debug\libArduinoCore.a(hooks.o)

.debug_macro
 *(.debug_macro)
OUTPUT(Bottom_heater.elf elf32-avr)
LOAD linker stubs
