Archive member included to satisfy reference by file (symbol)

c:/program files (x86)/atmel/studio/7.0/toolchain/avr8/avr8-gnu-toolchain/bin/../lib/gcc/avr/5.4.0/../../../../avr/lib/avr5\libm.a(addsf3.o)
                              Menu/MenuDoubleItem.o (__subsf3)
c:/program files (x86)/atmel/studio/7.0/toolchain/avr8/avr8-gnu-toolchain/bin/../lib/gcc/avr/5.4.0/../../../../avr/lib/avr5\libm.a(addsf3x.o)
                              c:/program files (x86)/atmel/studio/7.0/toolchain/avr8/avr8-gnu-toolchain/bin/../lib/gcc/avr/5.4.0/../../../../avr/lib/avr5\libm.a(addsf3.o) (__addsf3x)
c:/program files (x86)/atmel/studio/7.0/toolchain/avr8/avr8-gnu-toolchain/bin/../lib/gcc/avr/5.4.0/../../../../avr/lib/avr5\libm.a(cmpsf2.o)
                              Sketch.o (__nesf2)
c:/program files (x86)/atmel/studio/7.0/toolchain/avr8/avr8-gnu-toolchain/bin/../lib/gcc/avr/5.4.0/../../../../avr/lib/avr5\libm.a(divsf3.o)
                              Sketch.o (__divsf3)
c:/program files (x86)/atmel/studio/7.0/toolchain/avr8/avr8-gnu-toolchain/bin/../lib/gcc/avr/5.4.0/../../../../avr/lib/avr5\libm.a(divsf3x.o)
                              c:/program files (x86)/atmel/studio/7.0/toolchain/avr8/avr8-gnu-toolchain/bin/../lib/gcc/avr/5.4.0/../../../../avr/lib/avr5\libm.a(divsf3.o) (__divsf3x)
c:/program files (x86)/atmel/studio/7.0/toolchain/avr8/avr8-gnu-toolchain/bin/../lib/gcc/avr/5.4.0/../../../../avr/lib/avr5\libm.a(fixsfsi.o)
                              Sketch.o (__fixsfsi)
c:/program files (x86)/atmel/studio/7.0/toolchain/avr8/avr8-gnu-toolchain/bin/../lib/gcc/avr/5.4.0/../../../../avr/lib/avr5\libm.a(fixunssfsi.o)
                              c:/program files (x86)/atmel/studio/7.0/toolchain/avr8/avr8-gnu-toolchain/bin/../lib/gcc/avr/5.4.0/../../../../avr/lib/avr5\libm.a(fixsfsi.o) (__fixunssfsi)
c:/program files (x86)/atmel/studio/7.0/toolchain/avr8/avr8-gnu-toolchain/bin/../lib/gcc/avr/5.4.0/../../../../avr/lib/avr5\libm.a(floatsisf.o)
                              src/libraries/AutoPID/AutoPID.o (__floatunsisf)
c:/program files (x86)/atmel/studio/7.0/toolchain/avr8/avr8-gnu-toolchain/bin/../lib/gcc/avr/5.4.0/../../../../avr/lib/avr5\libm.a(fp_cmp.o)
                              c:/program files (x86)/atmel/studio/7.0/toolchain/avr8/avr8-gnu-toolchain/bin/../lib/gcc/avr/5.4.0/../../../../avr/lib/avr5\libm.a(cmpsf2.o) (__fp_cmp)
c:/program files (x86)/atmel/studio/7.0/toolchain/avr8/avr8-gnu-toolchain/bin/../lib/gcc/avr/5.4.0/../../../../avr/lib/avr5\libm.a(fp_inf.o)
                              c:/program files (x86)/atmel/studio/7.0/toolchain/avr8/avr8-gnu-toolchain/bin/../lib/gcc/avr/5.4.0/../../../../avr/lib/avr5\libm.a(addsf3x.o) (__fp_inf)
c:/program files (x86)/atmel/studio/7.0/toolchain/avr8/avr8-gnu-toolchain/bin/../lib/gcc/avr/5.4.0/../../../../avr/lib/avr5\libm.a(fp_nan.o)
                              c:/program files (x86)/atmel/studio/7.0/toolchain/avr8/avr8-gnu-toolchain/bin/../lib/gcc/avr/5.4.0/../../../../avr/lib/avr5\libm.a(addsf3x.o) (__fp_nan)
c:/program files (x86)/atmel/studio/7.0/toolchain/avr8/avr8-gnu-toolchain/bin/../lib/gcc/avr/5.4.0/../../../../avr/lib/avr5\libm.a(fp_pscA.o)
                              c:/program files (x86)/atmel/studio/7.0/toolchain/avr8/avr8-gnu-toolchain/bin/../lib/gcc/avr/5.4.0/../../../../avr/lib/avr5\libm.a(addsf3x.o) (__fp_pscA)
c:/program files (x86)/atmel/studio/7.0/toolchain/avr8/avr8-gnu-toolchain/bin/../lib/gcc/avr/5.4.0/../../../../avr/lib/avr5\libm.a(fp_pscB.o)
                              c:/program files (x86)/atmel/studio/7.0/toolchain/avr8/avr8-gnu-toolchain/bin/../lib/gcc/avr/5.4.0/../../../../avr/lib/avr5\libm.a(addsf3x.o) (__fp_pscB)
c:/program files (x86)/atmel/studio/7.0/toolchain/avr8/avr8-gnu-toolchain/bin/../lib/gcc/avr/5.4.0/../../../../avr/lib/avr5\libm.a(fp_round.o)
                              c:/program files (x86)/atmel/studio/7.0/toolchain/avr8/avr8-gnu-toolchain/bin/../lib/gcc/avr/5.4.0/../../../../avr/lib/avr5\libm.a(addsf3.o) (__fp_round)
c:/program files (x86)/atmel/studio/7.0/toolchain/avr8/avr8-gnu-toolchain/bin/../lib/gcc/avr/5.4.0/../../../../avr/lib/avr5\libm.a(fp_split3.o)
                              c:/program files (x86)/atmel/studio/7.0/toolchain/avr8/avr8-gnu-toolchain/bin/../lib/gcc/avr/5.4.0/../../../../avr/lib/avr5\libm.a(addsf3x.o) (__fp_split3)
c:/program files (x86)/atmel/studio/7.0/toolchain/avr8/avr8-gnu-toolchain/bin/../lib/gcc/avr/5.4.0/../../../../avr/lib/avr5\libm.a(fp_zero.o)
                              c:/program files (x86)/atmel/studio/7.0/toolchain/avr8/avr8-gnu-toolchain/bin/../lib/gcc/avr/5.4.0/../../../../avr/lib/avr5\libm.a(addsf3x.o) (__fp_zero)
c:/program files (x86)/atmel/studio/7.0/toolchain/avr8/avr8-gnu-toolchain/bin/../lib/gcc/avr/5.4.0/../../../../avr/lib/avr5\libm.a(gesf2.o)
                              src/libraries/PID/PID_v1.o (__gesf2)
c:/program files (x86)/atmel/studio/7.0/toolchain/avr8/avr8-gnu-toolchain/bin/../lib/gcc/avr/5.4.0/../../../../avr/lib/avr5\libm.a(mulsf3.o)
[...]
Memory Configuration

Name             Origin             Length             Attributes
text             0x00000000         0x00020000         xr
data             0x00800060         0x0000ffa0         rw !x
eeprom           0x00810000         0x00010000         rw !x
fuse             0x00820000         0x00000003         rw !x
lock             0x00830000         0x00000400         rw !x
signature        0x00840000         0x00000400         rw !x
user_signatures  0x00850000         0x00000400         rw !x
*default*        0x00000000         0xffffffff

Linker script and memory map

Address of section .data set to 0x800100
LOAD C:/Program Files (x86)/Atmel/Studio/7.0/Packs/atmel/ATmega_DFP/1.2.209/gcc/dev/atmega328p/avr5/crtatmega328p.o
LOAD Dimmer/Dimmer.o
LOAD Dimmer/DimmerItem.o
LOAD Display/Display16x2.o
LOAD Extensions/EepromExtension.o
LOAD Menu/Menu.o
LOAD Menu/MenuActionItem.o
LOAD Menu/MenuBoolItem.o
LOAD Menu/MenuDoubleItem.o
LOAD Menu/MenuIntItem.o
LOAD Menu/MenuItem.o
LOAD Sketch.o
LOAD src/libraries/AutoPID/AutoPID.o
LOAD src/libraries/Encoder_tmr/iarduino_Encoder_tmr.o
LOAD src/libraries/LiquidCrystal_I2C/src/LiquidCrystal_I2C.o
LOAD src/libraries/MAX6675/max6675.o
LOAD src/libraries/PID/PID_v1.o
LOAD src/libraries/SimpleTimer/SimpleTimer.o
LOAD src/libraries/Wire/src/utility/twi.o
LOAD src/libraries/Wire/src/Wire.o
LOAD Thermometer/Thermometer.o
START GROUP
LOAD c:/program files (x86)/atmel/studio/7.0/toolchain/avr8/avr8-gnu-toolchain/bin/../lib/gcc/avr/5.4.0/../../../../avr/lib/avr5\libm.a
LOAD R:\AVR_Controller\Arduino\Bottom_heater\Code\Bottom_heater\Bottom_heater\ArduinoCore\Debug\libArduinoCore.a
END GROUP
LOAD c:/program files (x86)/atmel/studio/7.0/toolchain/avr8/avr8-gnu-toolchain/bin/../lib/gcc/avr/5.4.0/avr5\libgcc.a
LOAD c:/program files (x86)/atmel/studio/7.0/toolchain/avr8/avr8-gnu-toolchain/bin/../lib/gcc/avr/5.4.0/../../../../avr/lib/avr5\libm.a
START GROUP
LOAD c:/program files (x86)/atmel/studio/7.0/toolchain/avr8/avr8-gnu-toolchain/bin/../lib/gcc/avr/5.4.0/avr5\libgcc.a
LOAD c:/program files (x86)/atmel/studio/7.0/toolchain/avr8/avr8-gnu-toolchain/bin/../lib/gcc/avr/5.4.0/../../../../avr/lib/avr5\libm.a
LOAD c:/program files (x86)/atmel/studio/7.0/toolchain/avr8/avr8-gnu-toolchain/bin/../lib/gcc/avr/5.4.0/../../../../avr/lib/avr5\libc.a
LOAD C:/Program Files (x86)/Atmel/Studio/7.0/Packs/atmel/ATmega_DFP/1.2.209/gcc/dev/atmega328p/avr5\libatmega328p.a
END GROUP
                0x00020000                __TEXT_REGION_LENGTH__ = DEFINED (__TEXT_REGION_LENGTH__)?__TEXT_REGION_LENGTH__:0x20000
                0x0000ffa0                __DATA_REGION_LENGTH__ = DEFINED (__DATA_REGION_LENGTH__)?__DATA_REGION_LENGTH__:0xffa0
                0x00010000                __EEPROM_REGION_LENGTH__ = DEFINED (__EEPROM_REGION_LENGTH__)?__EEPROM_REGION_LENGTH__:0x10000
                [0x00000003]                __FUSE_REGION_LENGTH__ = DEFINED (__FUSE_REGION_LENGTH__)?__FUSE_REGION_LENGTH__:0x400
                0x00000400                __LOCK_REGION_LENGTH__ = DEFINED (__LOCK_REGION_LENGTH__)?__LOCK_REGION_LENGTH__:0x400
                0x00000400                __SIGNATURE_REGION_LENGTH__ = DEFINED (__SIGNATURE_REGION_LENGTH__)?__SIGNATURE_REGION_LENGTH__:0x400
                0x00000400                __USER_SIGNATURE_REGION_LENGTH__ = DEFINED (__USER_SIGNATURE_REGION_LENGTH__)?__USER_SIGNATURE_REGION_LENGTH__:0x400

.hash
 *(.hash)

.dynsym
 *(.dynsym)

.dynstr
 *(.dynstr)

.gnu.version
 *(.gnu.version)

.gnu.version_d
 *(.gnu.version_d)

.gnu.version_r
 *(.gnu.version_r)

.rel.init
 *(.rel.init)

.rela.init
 *(.rela.init)

.rel.text
 *(.rel.text)
 *(.rel.text.*)
 *(.rel.gnu.linkonce.t*)

.rela.text
 *(.rela.text)
 *(.rela.text.*)
 *(.rela.gnu.linkonce.t*)

.rel.fini
 *(.rel.fini)

.rela.fini
 *(.rela.fini)

.rel.rodata
 *(.rel.rodata)
 *(.rel.rodata.*)
 *(.rel.gnu.linkonce.r*)

.rela.rodata
 *(.rela.rodata)
 *(.rela.rodata.*)
 *(.rela.gnu.linkonce.r*)

.rel.data
 *(.rel.data)
 *(.rel.data.*)
 *(.rel.gnu.linkonce.d*)

.rela.data
 *(.rela.data)
 *(.rela.data.*)
 *(.rela.gnu.linkonce.d*)

.rel.ctors
 *(.rel.ctors)

.rela.ctors
 *(.rela.ctors)

.rel.dtors
 *(.rel.dtors)

.rela.dtors
 *(.rela.dtors)

.rel.got
 *(.rel.got)

.rela.got
 *(.rela.got)

.rel.bss
 *(.rel.bss)

.rela.bss
 *(.rela.bss)

.rel.plt
 *(.rel.plt)

.rela.plt
 *(.rela.plt)

.text           0x00000000     0x39b6
 *(.vectors)
 .vectors       0x00000000       0x68 C:/Program Files (x86)/Atmel/Studio/7.0/Packs/atmel/ATmega_DFP/1.2.209/gcc/dev/atmega328p/avr5/crtatmega328p.o
                0x00000000                __vector_default
                0x00000000                __vectors
 *(.vectors)
 *(.progmem.gcc*)
                0x00000068                . = ALIGN (0x2)
                0x00000068                __trampolines_start = .
 *(.trampolines)
 .trampolines   0x00000068        0x0 linker stubs
 *(.trampolines*)
                0x00000068                __trampolines_end = .
 *libprintf_flt.a:*(.progmem.data)
 *libc.a:*(.progmem.data)
 *(.progmem*)
 .progmem.data.digital_pin_to_timer_PGM
                0x00000068       0x14 R:\AVR_Controller\Arduino\Bottom_heater\Code\Bottom_heater\Bottom_heater\ArduinoCore\Debug\libArduinoCore.a(wiring_digital.o)
                0x00000068                digital_pin_to_timer_PGM
 .progmem.data.digital_pin_to_bit_mask_PGM
                0x0000007c       0x14 R:\AVR_Controller\Arduino\Bottom_heater\Code\Bottom_heater\Bottom_heater\ArduinoCore\Debug\libArduinoCore.a(wiring_digital.o)
                0x0000007c                digital_pin_to_bit_mask_PGM
 .progmem.data.digital_pin_to_port_PGM
                0x00000090       0x14 R:\AVR_Controller\Arduino\Bottom_heater\Code\Bottom_heater\Bottom_heater\ArduinoCore\Debug\libArduinoCore.a(wiring_digital.o)
                0x00000090                digital_pin_to_port_PGM
 .progmem.data.port_to_input_PGM
                0x000000a4        0xa R:\AVR_Controller\Arduino\Bottom_heater\Code\Bottom_heater\Bottom_heater\ArduinoCore\Debug\libArduinoCore.a(wiring_digital.o)
                0x000000a4                port_to_input_PGM
 .progmem.data.port_to_output_PGM
                0x000000ae        0xa R:\AVR_Controller\Arduino\Bottom_heater\Code\Bottom_heater\Bottom_heater\ArduinoCore\Debug\libArduinoCore.a(wiring_digital.o)
                0x000000ae                port_to_output_PGM
 .progmem.data.port_to_mode_PGM
                0x000000b8        0xa R:\AVR_Controller\Arduino\Bottom_heater\Code\Bottom_heater\Bottom_heater\ArduinoCore\Debug\libArduinoCore.a(wiring_digital.o)
                0x000000b8                port_to_mode_PGM
                0x000000c2                . = ALIGN (0x2)
 *(.jumptables)
 *(.jumptables*)
 *(.lowtext)
 *(.lowtext*)
                0x000000c2                __ctors_start = .
 *(.ctors)
 .ctors         0x000000c2        0x2 src/libraries/Encoder_tmr/iarduino_Encoder_tmr.o
 .ctors         0x000000c4        0x2 src/libraries/Wire/src/Wire.o
                0x000000c6                __ctors_end = .
                0x000000c6                __dtors_start = .
 *(.dtors)
                0x000000c6                __dtors_end = .
 SORT(*)(.ctors)
 SORT(*)(.dtors)
 *(.init0)
 .init0         0x000000c6        0x0 C:/Program Files (x86)/Atmel/Studio/7.0/Packs/atmel/ATmega_DFP/1.2.209/gcc/dev/atmega328p/avr5/crtatmega328p.o
                0x000000c6                __init
 *(.init0)
 *(.init1)
 *(.init1)
 *(.init2)
 .init2         0x000000c6        0xc C:/Program Files (x86)/Atmel/Studio/7.0/Packs/atmel/ATmega_DFP/1.2.209/gcc/dev/atmega328p/avr5/crtatmega328p.o
 *(.init2)
 *(.init3)
 *(.init3)
 *(.init4)
 .init4         0x000000d2       0x16 c:/program files (x86)/atmel/studio/7.0/toolchain/avr8/avr8-gnu-toolchain/bin/../lib/gcc/avr/5.4.0/avr5\libgcc.a(_copy_data.o)
                0x000000d2                __do_copy_data
 .init4         0x000000e8       0x10 c:/program files (x86)/atmel/studio/7.0/toolchain/avr8/avr8-gnu-toolchain/bin/../lib/gcc/avr/5.4.0/avr5\libgcc.a(_clear_bss.o)
                0x000000e8                __do_clear_bss
 *(.init4)
 *(.init5)
 *(.init5)
 *(.init6)
 .init6         0x000000f8       0x16 c:/program files (x86)/atmel/studio/7.0/toolchain/avr8/avr8-gnu-toolchain/bin/../lib/gcc/avr/5.4.0/avr5\libgcc.a(_ctors.o)
                0x000000f8                __do_global_ctors
 *(.init6)
 *(.init7)
 *(.init7)
 *(.init8)
 *(.init8)
 *(.init9)
 .init9         0x0000010e        0x8 C:/Program Files (x86)/Atmel/Studio/7.0/Packs/atmel/ATmega_DFP/1.2.209/gcc/dev/atmega328p/avr5/crtatmega328p.o
 *(.init9)
 *(.text)
 .text          0x00000116        0x4 C:/Program Files (x86)/Atmel/Studio/7.0/Packs/atmel/ATmega_DFP/1.2.209/gcc/dev/atmega328p/avr5/crtatmega328p.o
                0x00000116                __vector_22
                0x00000116                __vector_12
                0x00000116                __bad_interrupt
                0x00000116                __vector_6
                0x00000116                __vector_3
                0x00000116                __vector_23
                0x00000116                __vector_25
                0x00000116                __vector_11
                0x00000116                __vector_13
                0x00000116                __vector_17
                0x00000116                __vector_19
                0x00000116                __vector_5
                0x00000116                __vector_4
                0x00000116                __vector_9
                0x00000116                __vector_21
                0x00000116                __vector_15
                0x00000116                __vector_8
                0x00000116                __vector_14
                0x00000116                __vector_10
                0x00000116                __vector_18
                0x00000116                __vector_20
                0x0000011a                . = ALIGN (0x2)
 *(.text.*)
 .text._ZN6Dimmer14TimerInterruptEv
                0x0000011a       0x4c Dimmer/Dimmer.o
                0x0000011a                _ZN6Dimmer14TimerInterruptEv
 .text._ZN6Dimmer10DetectDownEv
                0x00000166       0x42 Dimmer/Dimmer.o
                0x00000166                _ZN6Dimmer10DetectDownEv
 .text._ZN6Dimmer8DetectUpEv
                0x000001a8       0x34 Dimmer/Dimmer.o
                0x000001a8                _ZN6Dimmer8DetectUpEv
 .text._ZN6DimmerC2EiP10DimmerItemPi
                0x000001dc       0x66 Dimmer/Dimmer.o
                0x000001dc                _ZN6DimmerC2EiP10DimmerItemPi
                0x000001dc                _ZN6DimmerC1EiP10DimmerItemPi
 .text._ZN6Dimmer15UpdateItemValueEPi
                0x00000242        0x8 Dimmer/Dimmer.o
                0x00000242                _ZN6Dimmer15UpdateItemValueEPi
 .text._ZN6Dimmer6UpdateEv
                0x0000024a        0xa Dimmer/Dimmer.o
                0x0000024a                _ZN6Dimmer6UpdateEv
 .text._ZN10DimmerItemC2Ei
                0x00000254       0x1e Dimmer/DimmerItem.o
                0x00000254                _ZN10DimmerItemC1Ei
                0x00000254                _ZN10DimmerItemC2Ei
 .text._ZN10DimmerItem11UpdateValueEi
                0x00000272        0xa Dimmer/DimmerItem.o
                0x00000272                _ZN10DimmerItem11UpdateValueEi
 .text._ZN10DimmerItemD2Ev
                0x0000027c        0x2 Dimmer/DimmerItem.o
                0x0000027c                _ZN10DimmerItemD2Ev
                0x0000027c                _ZN10DimmerItemD1Ev
 .text._ZN11Display16x2C2EP17LiquidCrystal_I2C
                0x0000027e        0x8 Display/Display16x2.o
                0x0000027e                _ZN11Display16x2C1EP17LiquidCrystal_I2C
                0x0000027e                _ZN11Display16x2C2EP17LiquidCrystal_I2C
 .text._ZN11Display16x215PrintLineValuesEiiii
                0x00000286      0x1ac Display/Display16x2.o
                0x00000286                _ZN11Display16x215PrintLineValuesEiiii
 .text._ZN15EepromExtensionC2Ev
                0x00000432        0x2 Extensions/EepromExtension.o
                0x00000432                _ZN15EepromExtensionC1Ev
                0x00000432                _ZN15EepromExtensionC2Ev
 .text._ZN15EepromExtension7IntReadEi
                0x00000434       0x24 Extensions/EepromExtension.o
                0x00000434                _ZN15EepromExtension7IntReadEi
 .text._ZN15EepromExtension8IntWriteEii
                0x00000458       0x22 Extensions/EepromExtension.o
                0x00000458                _ZN15EepromExtension8IntWriteEii
 .text._ZN4MenuC2EP9IMenuItem
                0x0000047a        0x8 Menu/Menu.o
                0x0000047a                _ZN4MenuC1EP9IMenuItem
                0x0000047a                _ZN4MenuC2EP9IMenuItem
 .text._ZN4Menu4GoUpEv
                0x00000482       0x14 Menu/Menu.o
                0x00000482                _ZN4Menu4GoUpEv
 .text._ZN4Menu6GoDownEv
                0x00000496       0x14 Menu/Menu.o
                0x00000496                _ZN4Menu6GoDownEv
 .text._ZN4Menu5BeginEv
                0x000004aa       0x14 Menu/Menu.o
                0x000004aa                _ZN4Menu5BeginEv
 .text._ZN4Menu8GoChoiceEv
                0x000004be       0x26 Menu/Menu.o
                0x000004be                _ZN4Menu8GoChoiceEv
 .text._ZN4Menu6GoMainEv
                0x000004e4       0x14 Menu/Menu.o
                0x000004e4                _ZN4Menu6GoMainEv
 .text._ZN14MenuActionItemD2Ev
                0x000004f8        0x2 Menu/MenuActionItem.o
                0x000004f8                _ZN14MenuActionItemD2Ev
                0x000004f8                _ZN14MenuActionItemD1Ev
 .text._ZN14MenuActionItem8GoChoiceEv
                0x000004fa        0x8 Menu/MenuActionItem.o
                0x000004fa                _ZN14MenuActionItem8GoChoiceEv
 .text._ZN14MenuActionItem7GetNameEv
                0x00000502        0x8 Menu/MenuActionItem.o
                0x00000502                _ZN14MenuActionItem7GetNameEv
 .text._ZN14MenuActionItem5BeginEv
                0x0000050a        0xc Menu/MenuActionItem.o
                0x0000050a                _ZN14MenuActionItem5BeginEv
 .text._ZN14MenuActionItem6GoMainEv
                0x00000516        0x2 Menu/MenuActionItem.o
                0x00000516                _ZN14MenuActionItem4GoUpEv
                0x00000516                _ZN14MenuActionItem6GoDownEv
                0x00000516                _ZN14MenuActionItem6GoMainEv
 .text._ZN14MenuActionItemD0Ev
                0x00000518        0x4 Menu/MenuActionItem.o
                0x00000518                _ZN14MenuActionItemD0Ev
 .text._ZN14MenuActionItemC2EPcP9IMenuItemPFvvE
                0x0000051c       0x18 Menu/MenuActionItem.o
                0x0000051c                _ZN14MenuActionItemC1EPcP9IMenuItemPFvvE
                0x0000051c                _ZN14MenuActionItemC2EPcP9IMenuItemPFvvE
 .text._ZN14MenuDoubleItemD2Ev
                0x00000534        0x2 Menu/MenuDoubleItem.o
                0x00000534                _ZN14MenuDoubleItemD2Ev
                0x00000534                _ZN14MenuDoubleItemD1Ev
 .text._ZN14MenuDoubleItem4GoUpEv
                0x00000536       0x44 Menu/MenuDoubleItem.o
                0x00000536                _ZN14MenuDoubleItem4GoUpEv
 .text._ZN14MenuDoubleItem6GoDownEv
                0x0000057a       0x44 Menu/MenuDoubleItem.o
                0x0000057a                _ZN14MenuDoubleItem6GoDownEv
 .text._ZN14MenuDoubleItem8GoChoiceEv
                0x000005be        0x8 Menu/MenuDoubleItem.o
                0x000005be                _ZN14MenuDoubleItem8GoChoiceEv
 .text._ZN14MenuDoubleItem7GetNameEv
                0x000005c6        0x8 Menu/MenuDoubleItem.o
                0x000005c6                _ZN14MenuDoubleItem7GetNameEv
 .text._ZN14MenuDoubleItem6GoMainEv
                0x000005ce        0x2 Menu/MenuDoubleItem.o
                0x000005ce                _ZN14MenuDoubleItem6GoMainEv
 .text._ZN14MenuDoubleItemD0Ev
                0x000005d0        0x4 Menu/MenuDoubleItem.o
                0x000005d0                _ZN14MenuDoubleItemD0Ev
 .text._ZN14MenuDoubleItem5BeginEv
                0x000005d4       0x4e Menu/MenuDoubleItem.o
                0x000005d4                _ZN14MenuDoubleItem5BeginEv
 .text._ZN14MenuDoubleItemC2EPcPdP9IMenuItemP17LiquidCrystal_I2C
                0x00000622       0x24 Menu/MenuDoubleItem.o
                0x00000622                _ZN14MenuDoubleItemC2EPcPdP9IMenuItemP17LiquidCrystal_I2C
                0x00000622                _ZN14MenuDoubleItemC1EPcPdP9IMenuItemP17LiquidCrystal_I2C
 .text._ZN8MenuItemD2Ev
                0x00000646        0x2 Menu/MenuItem.o
                0x00000646                _ZN8MenuItemD1Ev
                0x00000646                _ZN8MenuItemD2Ev
 .text._ZN8MenuItem4GoUpEv
                0x00000648       0x3a Menu/MenuItem.o
                0x00000648                _ZN8MenuItem4GoUpEv
 .text._ZN8MenuItem6GoDownEv
                0x00000682       0x3a Menu/MenuItem.o
                0x00000682                _ZN8MenuItem6GoDownEv
 .text._ZN8MenuItem8GoChoiceEv
                0x000006bc       0x20 Menu/MenuItem.o
                0x000006bc                _ZN8MenuItem8GoChoiceEv
 .text._ZN8MenuItem7GetNameEv
                0x000006dc        0x8 Menu/MenuItem.o
                0x000006dc                _ZN8MenuItem7GetNameEv
 .text._ZN8MenuItem6GoMainEv
                0x000006e4        0x8 Menu/MenuItem.o
                0x000006e4                _ZN8MenuItem6GoMainEv
 .text._ZN8MenuItemD0Ev
                0x000006ec        0x4 Menu/MenuItem.o
                0x000006ec                _ZN8MenuItemD0Ev
 .text._ZN8MenuItem5BeginEv
                0x000006f0       0x62 Menu/MenuItem.o
                0x000006f0                _ZN8MenuItem5BeginEv
 .text._ZN8MenuItemC2EPcPP9IMenuItemiP17LiquidCrystal_I2C
                0x00000752       0x28 Menu/MenuItem.o
                0x00000752                _ZN8MenuItemC2EPcPP9IMenuItemiP17LiquidCrystal_I2C
                0x00000752                _ZN8MenuItemC1EPcPP9IMenuItemiP17LiquidCrystal_I2C
 .text._Z21TimerHeatingInterruptv
                0x0000077a      0x150 Sketch.o
                0x0000077a                _Z21TimerHeatingInterruptv
 .text._Z13HeatingUpdatev
                0x000008ca       0x96 Sketch.o
                0x000008ca                _Z13HeatingUpdatev
 .text._Z13DisplayUpdatev
                0x00000960      0x116 Sketch.o
                0x00000960                _Z13DisplayUpdatev
 .text._Z22TimerUpdateTemperaturev
                0x00000a76       0x44 Sketch.o
                0x00000a76                _Z22TimerUpdateTemperaturev
 .text._Z13EncoderUpdatev
                0x00000aba       0x40 Sketch.o
                0x00000aba                _Z13EncoderUpdatev
 .text._Z20SaveSettingsInEepromv
                0x00000afa       0xda Sketch.o
                0x00000afa                _Z20SaveSettingsInEepromv
 .text._Z13ExitMenuClickv
                0x00000bd4       0x2c Sketch.o
                0x00000bd4                _Z13ExitMenuClickv
 .text._Z13StopMenuClickv
                0x00000c00       0x30 Sketch.o
                0x00000c00                _Z13StopMenuClickv
 .text._Z14StartMenuClickv
                0x00000c30       0x32 Sketch.o
                0x00000c30                _Z14StartMenuClickv
 .text._Z19EncoderButtonUpdatev
                0x00000c62       0x40 Sketch.o
                0x00000c62                _Z19EncoderButtonUpdatev
 .text.loop     0x00000ca2       0x2e Sketch.o
                0x00000ca2                loop
 .text._Z15CreateMenuItemsv
                0x00000cd0      0x10e Sketch.o
                0x00000cd0                _Z15CreateMenuItemsv
 .text.setup    0x00000dde      0x2a0 Sketch.o
                0x00000dde                setup
 .text._ZN20iarduino_Encoder_tmrC2Ehh
                0x0000107e       0xb8 src/libraries/Encoder_tmr/iarduino_Encoder_tmr.o
                0x0000107e                _ZN20iarduino_Encoder_tmrC1Ehh
                0x0000107e                _ZN20iarduino_Encoder_tmrC2Ehh
 .text._ZN20iarduino_Encoder_tmr4readEv
                0x00001136       0x44 src/libraries/Encoder_tmr/iarduino_Encoder_tmr.o
                0x00001136                _ZN20iarduino_Encoder_tmr4readEv
 .text._ZN20iarduino_Encoder_tmr18func_TIMER2_SETREGEm
                0x0000117a       0xb2 src/libraries/Encoder_tmr/iarduino_Encoder_tmr.o
                0x0000117a                _ZN20iarduino_Encoder_tmr18func_TIMER2_SETREGEm
 .text._ZN20iarduino_Encoder_tmr5beginEv
                0x0000122c       0x42 src/libraries/Encoder_tmr/iarduino_Encoder_tmr.o
                0x0000122c                _ZN20iarduino_Encoder_tmr5beginEv
 .text.__vector_7
                0x0000126e      0x118 src/libraries/Encoder_tmr/iarduino_Encoder_tmr.o
                0x0000126e                __vector_7
 .text.startup._GLOBAL__sub_I_IETVC
                0x00001386        0x6 src/libraries/Encoder_tmr/iarduino_Encoder_tmr.o
 .text._ZN5Print17availableForWriteEv
                0x0000138c        0x6 src/libraries/LiquidCrystal_I2C/src/LiquidCrystal_I2C.o
                0x0000138c                _ZN5Print17availableForWriteEv
 .text._ZN5Print5flushEv
                0x00001392        0x2 src/libraries/LiquidCrystal_I2C/src/LiquidCrystal_I2C.o
                0x00001392                _ZN5Print5flushEv
 .text._ZN17LiquidCrystal_I2CC2Ehhhh
                0x00001394       0x20 src/libraries/LiquidCrystal_I2C/src/LiquidCrystal_I2C.o
                0x00001394                _ZN17LiquidCrystal_I2CC2Ehhhh
                0x00001394                _ZN17LiquidCrystal_I2CC1Ehhhh
 .text._ZN17LiquidCrystal_I2C13expanderWriteEh
                0x000013b4       0x2e src/libraries/LiquidCrystal_I2C/src/LiquidCrystal_I2C.o
                0x000013b4                _ZN17LiquidCrystal_I2C13expanderWriteEh
 .text._ZN17LiquidCrystal_I2C11pulseEnableEh
                0x000013e2       0x30 src/libraries/LiquidCrystal_I2C/src/LiquidCrystal_I2C.o
                0x000013e2                _ZN17LiquidCrystal_I2C11pulseEnableEh
 .text._ZN17LiquidCrystal_I2C10write4bitsEh
                0x00001412       0x1c src/libraries/LiquidCrystal_I2C/src/LiquidCrystal_I2C.o
                0x00001412                _ZN17LiquidCrystal_I2C10write4bitsEh
 .text._ZN17LiquidCrystal_I2C4sendEhh
                0x0000142e       0x2e src/libraries/LiquidCrystal_I2C/src/LiquidCrystal_I2C.o
                0x0000142e                _ZN17LiquidCrystal_I2C4sendEhh
 .text._ZN17LiquidCrystal_I2C7commandEh
                0x0000145c        0x6 src/libraries/LiquidCrystal_I2C/src/LiquidCrystal_I2C.o
                0x0000145c                _ZN17LiquidCrystal_I2C7commandEh
 .text._ZN17LiquidCrystal_I2C5clearEv
                0x00001462        0xe src/libraries/LiquidCrystal_I2C/src/LiquidCrystal_I2C.o
                0x00001462                _ZN17LiquidCrystal_I2C5clearEv
 .text._ZN17LiquidCrystal_I2C4homeEv
                0x00001470        0xe src/libraries/LiquidCrystal_I2C/src/LiquidCrystal_I2C.o
                0x00001470                _ZN17LiquidCrystal_I2C4homeEv
 .text._ZN17LiquidCrystal_I2C9setCursorEhh
                0x0000147e       0x5c src/libraries/LiquidCrystal_I2C/src/LiquidCrystal_I2C.o
                0x0000147e                _ZN17LiquidCrystal_I2C9setCursorEhh
 .text._ZN17LiquidCrystal_I2C7displayEv
                0x000014da       0x10 src/libraries/LiquidCrystal_I2C/src/LiquidCrystal_I2C.o
                0x000014da                _ZN17LiquidCrystal_I2C7displayEv
 .text._ZN17LiquidCrystal_I2C5writeEh
                0x000014ea        0xc src/libraries/LiquidCrystal_I2C/src/LiquidCrystal_I2C.o
                0x000014ea                _ZN17LiquidCrystal_I2C5writeEh
 .text._ZN17LiquidCrystal_I2C5beginEv
                0x000014f6       0xb2 src/libraries/LiquidCrystal_I2C/src/LiquidCrystal_I2C.o
                0x000014f6                _ZN17LiquidCrystal_I2C5beginEv
 .text._ZN7MAX6675C2Eaaa
                0x000015a8       0x30 src/libraries/MAX6675/max6675.o
                0x000015a8                _ZN7MAX6675C2Eaaa
                0x000015a8                _ZN7MAX6675C1Eaaa
 .text._ZN7MAX66757spireadEv
                0x000015d8       0x78 src/libraries/MAX6675/max6675.o
                0x000015d8                _ZN7MAX66757spireadEv
 .text._ZN7MAX667511readCelsiusEv
                0x00001650       0x78 src/libraries/MAX6675/max6675.o
                0x00001650                _ZN7MAX667511readCelsiusEv
 .text._ZN3PID7ComputeEv
                0x000016c8      0x244 src/libraries/PID/PID_v1.o
                0x000016c8                _ZN3PID7ComputeEv
 .text._ZN3PID10SetTuningsEddd
                0x0000190c      0x174 src/libraries/PID/PID_v1.o
                0x0000190c                _ZN3PID10SetTuningsEddd
 .text._ZN3PID10InitializeEv
                0x00001a80       0x8c src/libraries/PID/PID_v1.o
                0x00001a80                _ZN3PID10InitializeEv
 .text._ZN3PID7SetModeEi
                0x00001b0c       0x2c src/libraries/PID/PID_v1.o
                0x00001b0c                _ZN3PID7SetModeEi
 .text._ZN3PID22SetControllerDirectionEi
                0x00001b38       0x78 src/libraries/PID/PID_v1.o
                0x00001b38                _ZN3PID22SetControllerDirectionEi
 .text._ZN3PIDC2EPdS0_S0_dddi
                0x00001bb0       0xde src/libraries/PID/PID_v1.o
                0x00001bb0                _ZN3PIDC2EPdS0_S0_dddi
                0x00001bb0                _ZN3PIDC1EPdS0_S0_dddi
 .text._ZN11SimpleTimerC2Ev
                0x00001c8e       0x64 src/libraries/SimpleTimer/SimpleTimer.o
                0x00001c8e                _ZN11SimpleTimerC1Ev
                0x00001c8e                _ZN11SimpleTimerC2Ev
 .text._ZN11SimpleTimer17findFirstFreeSlotEv
                0x00001cf2       0x34 src/libraries/SimpleTimer/SimpleTimer.o
                0x00001cf2                _ZN11SimpleTimer17findFirstFreeSlotEv
 .text._ZN11SimpleTimer8setTimerElPFvvEi
                0x00001d26       0xb2 src/libraries/SimpleTimer/SimpleTimer.o
                0x00001d26                _ZN11SimpleTimer8setTimerElPFvvEi
 .text._ZN11SimpleTimer11setIntervalElPFvvE
                0x00001dd8       0x12 src/libraries/SimpleTimer/SimpleTimer.o
                0x00001dd8                _ZN11SimpleTimer11setIntervalElPFvvE
 .text._ZN11SimpleTimer11deleteTimerEi
                0x00001dea       0x7e src/libraries/SimpleTimer/SimpleTimer.o
                0x00001dea                _ZN11SimpleTimer11deleteTimerEi
 .text._ZN11SimpleTimer3runEv
                0x00001e68      0x18a src/libraries/SimpleTimer/SimpleTimer.o
                0x00001e68                _ZN11SimpleTimer3runEv
 .text._ZN11SimpleTimer12restartTimerEi
                0x00001ff2       0x34 src/libraries/SimpleTimer/SimpleTimer.o
                0x00001ff2                _ZN11SimpleTimer12restartTimerEi
 .text._ZN11SimpleTimer6enableEi
                0x00002026       0x16 src/libraries/SimpleTimer/SimpleTimer.o
                0x00002026                _ZN11SimpleTimer6enableEi
 .text._ZN11SimpleTimer7disableEi
                0x0000203c       0x14 src/libraries/SimpleTimer/SimpleTimer.o
                0x0000203c                _ZN11SimpleTimer7disableEi
 .text.twi_init
                0x00002050       0x3c src/libraries/Wire/src/utility/twi.o
                0x00002050                twi_init
 .text.twi_writeTo
                0x0000208c       0xac src/libraries/Wire/src/utility/twi.o
                0x0000208c                twi_writeTo
 .text.twi_transmit
                0x00002138       0x50 src/libraries/Wire/src/utility/twi.o
                0x00002138                twi_transmit
 .text.twi_stop
                0x00002188       0x14 src/libraries/Wire/src/utility/twi.o
                0x00002188                twi_stop
 .text.twi_releaseBus
                0x0000219c        0xc src/libraries/Wire/src/utility/twi.o
                0x0000219c                twi_releaseBus
 .text.__vector_24
                0x000021a8      0x25a src/libraries/Wire/src/utility/twi.o
                0x000021a8                __vector_24
 .text._ZN7TwoWire9availableEv
                0x00002402       0x10 src/libraries/Wire/src/Wire.o
                0x00002402                _ZN7TwoWire9availableEv
 .text._ZN7TwoWire4readEv
                0x00002412       0x28 src/libraries/Wire/src/Wire.o
                0x00002412                _ZN7TwoWire4readEv
 .text._ZN7TwoWire4peekEv
                0x0000243a       0x1e src/libraries/Wire/src/Wire.o
                0x0000243a                _ZN7TwoWire4peekEv
 .text._ZN7TwoWire5flushEv
                0x00002458        0x2 src/libraries/Wire/src/Wire.o
                0x00002458                _ZN7TwoWire5flushEv
 .text._ZN7TwoWire5writeEPKhj
                0x0000245a       0x5a src/libraries/Wire/src/Wire.o
                0x0000245a                _ZN7TwoWire5writeEPKhj
 .text._ZN7TwoWire5writeEh
                0x000024b4       0x5e src/libraries/Wire/src/Wire.o
                0x000024b4                _ZN7TwoWire5writeEh
 .text._ZN7TwoWireC2Ev
                0x00002512       0x20 src/libraries/Wire/src/Wire.o
                0x00002512                _ZN7TwoWireC1Ev
                0x00002512                _ZN7TwoWireC2Ev
 .text._ZN7TwoWire5beginEv
                0x00002532       0x14 src/libraries/Wire/src/Wire.o
                0x00002532                _ZN7TwoWire5beginEv
 .text._ZN7TwoWire17beginTransmissionEh
                0x00002546       0x14 src/libraries/Wire/src/Wire.o
                0x00002546                _ZN7TwoWire17beginTransmissionEh
 .text._ZN7TwoWire15endTransmissionEh
                0x0000255a       0x26 src/libraries/Wire/src/Wire.o
                0x0000255a                _ZN7TwoWire15endTransmissionEh
 .text._ZN7TwoWire15endTransmissionEv
                0x00002580        0x6 src/libraries/Wire/src/Wire.o
                0x00002580                _ZN7TwoWire15endTransmissionEv
 .text.startup._GLOBAL__sub_I__ZN7TwoWire8rxBufferE
                0x00002586        0x8 src/libraries/Wire/src/Wire.o
 .text._ZN11ThermometerC2Eiii
                0x0000258e       0x4a Thermometer/Thermometer.o
                0x0000258e                _ZN11ThermometerC1Eiii
                0x0000258e                _ZN11ThermometerC2Eiii
 .text._ZN11Thermometer4ReadEv
                0x000025d8        0xa Thermometer/Thermometer.o
                0x000025d8                _ZN11Thermometer4ReadEv
 .text.avr-libc.fplib
                0x000025e2        0xe c:/program files (x86)/atmel/studio/7.0/toolchain/avr8/avr8-gnu-toolchain/bin/../lib/gcc/avr/5.4.0/../../../../avr/lib/avr5\libm.a(addsf3.o)
                0x000025e2                __subsf3
                0x000025e4                __addsf3
 .text.avr-libc.fplib
                0x000025f0       0xcc c:/program files (x86)/atmel/studio/7.0/toolchain/avr8/avr8-gnu-toolchain/bin/../lib/gcc/avr/5.4.0/../../../../avr/lib/avr5\libm.a(addsf3x.o)
                0x00002612                __addsf3x
 .text.avr-libc.fplib
                0x000026bc        0xa c:/program files (x86)/atmel/studio/7.0/toolchain/avr8/avr8-gnu-toolchain/bin/../lib/gcc/avr/5.4.0/../../../../avr/lib/avr5\libm.a(cmpsf2.o)
                0x000026bc                __nesf2
                0x000026bc                __eqsf2
                0x000026bc                __cmpsf2
                0x000026bc                __ltsf2
                0x000026bc                __lesf2
 .text.avr-libc.fplib
                0x000026c6        0x8 c:/program files (x86)/atmel/studio/7.0/toolchain/avr8/avr8-gnu-toolchain/bin/../lib/gcc/avr/5.4.0/../../../../avr/lib/avr5\libm.a(divsf3.o)
                0x000026c6                __divsf3
 .text.avr-libc.fplib
                0x000026ce       0xdc c:/program files (x86)/atmel/studio/7.0/toolchain/avr8/avr8-gnu-toolchain/bin/../lib/gcc/avr/5.4.0/../../../../avr/lib/avr5\libm.a(divsf3x.o)
                0x000026ee                __divsf3x
                0x000026f4                __divsf3_pse
 .text.avr-libc.fplib
                0x000027aa        0xe c:/program files (x86)/atmel/studio/7.0/toolchain/avr8/avr8-gnu-toolchain/bin/../lib/gcc/avr/5.4.0/../../../../avr/lib/avr5\libm.a(fixsfsi.o)
                0x000027aa                __fixsfsi
 .text.avr-libc.fplib
                0x000027b8       0x5e c:/program files (x86)/atmel/studio/7.0/toolchain/avr8/avr8-gnu-toolchain/bin/../lib/gcc/avr/5.4.0/../../../../avr/lib/avr5\libm.a(fixunssfsi.o)
                0x000027b8                __fixunssfsi
 .text.avr-libc.fplib
                0x00002816       0x7a c:/program files (x86)/atmel/studio/7.0/toolchain/avr8/avr8-gnu-toolchain/bin/../lib/gcc/avr/5.4.0/../../../../avr/lib/avr5\libm.a(floatsisf.o)
                0x00002816                __floatunsisf
                0x0000281a                __floatsisf
 .text.avr-libc.fplib
                0x00002890       0x48 c:/program files (x86)/atmel/studio/7.0/toolchain/avr8/avr8-gnu-toolchain/bin/../lib/gcc/avr/5.4.0/../../../../avr/lib/avr5\libm.a(fp_cmp.o)
                0x00002890                __fp_cmp
 .text.avr-libc.fplib
                0x000028d8        0xc c:/program files (x86)/atmel/studio/7.0/toolchain/avr8/avr8-gnu-toolchain/bin/../lib/gcc/avr/5.4.0/../../../../avr/lib/avr5\libm.a(fp_inf.o)
                0x000028d8                __fp_inf
 .text.avr-libc.fplib
                0x000028e4        0x6 c:/program files (x86)/atmel/studio/7.0/toolchain/avr8/avr8-gnu-toolchain/bin/../lib/gcc/avr/5.4.0/../../../../avr/lib/avr5\libm.a(fp_nan.o)
                0x000028e4                __fp_nan
 .text.avr-libc.fplib
                0x000028ea        0xe c:/program files (x86)/atmel/studio/7.0/toolchain/avr8/avr8-gnu-toolchain/bin/../lib/gcc/avr/5.4.0/../../../../avr/lib/avr5\libm.a(fp_pscA.o)
                0x000028ea                __fp_pscA
 .text.avr-libc.fplib
                0x000028f8        0xe c:/program files (x86)/atmel/studio/7.0/toolchain/avr8/avr8-gnu-toolchain/bin/../lib/gcc/avr/5.4.0/../../../../avr/lib/avr5\libm.a(fp_pscB.o)
                0x000028f8                __fp_pscB
 .text.avr-libc.fplib
                0x00002906       0x22 c:/program files (x86)/atmel/studio/7.0/toolchain/avr8/avr8-gnu-toolchain/bin/../lib/gcc/avr/5.4.0/../../../../avr/lib/avr5\libm.a(fp_round.o)
                0x00002906                __fp_round
 .text.avr-libc.fplib
                0x00002928       0x44 c:/program files (x86)/atmel/studio/7.0/toolchain/avr8/avr8-gnu-toolchain/bin/../lib/gcc/avr/5.4.0/../../../../avr/lib/avr5\libm.a(fp_split3.o)
                0x00002928                __fp_split3
                0x00002938                __fp_splitA
 .text.avr-libc.fplib
                0x0000296c        0xe c:/program files (x86)/atmel/studio/7.0/toolchain/avr8/avr8-gnu-toolchain/bin/../lib/gcc/avr/5.4.0/../../../../avr/lib/avr5\libm.a(fp_zero.o)
                0x0000296c                __fp_zero
                0x0000296e                __fp_szero
 .text.avr-libc.fplib
                0x0000297a        0xa c:/program files (x86)/atmel/studio/7.0/toolchain/avr8/avr8-gnu-toolchain/bin/../lib/gcc/avr/5.4.0/../../../../avr/lib/avr5\libm.a(gesf2.o)
                0x0000297a                __gesf2
                0x0000297a                __gtsf2
 .text.avr-libc.fplib
                0x00002984        0x8 c:/program files (x86)/atmel/studio/7.0/toolchain/avr8/avr8-gnu-toolchain/bin/../lib/gcc/avr/5.4.0/../../../../avr/lib/avr5\libm.a(mulsf3.o)
                0x00002984                __mulsf3
 .text.avr-libc.fplib
                0x0000298c       0xd2 c:/program files (x86)/atmel/studio/7.0/toolchain/avr8/avr8-gnu-toolchain/bin/../lib/gcc/avr/5.4.0/../../../../avr/lib/avr5\libm.a(mulsf3x.o)
                0x000029aa                __mulsf3x
                0x000029b0                __mulsf3_pse
 .text.initVariant
                0x00002a5e        0x2 R:\AVR_Controller\Arduino\Bottom_heater\Code\Bottom_heater\Bottom_heater\ArduinoCore\Debug\libArduinoCore.a(main.o)
                0x00002a5e                initVariant
 .text.startup.main
                0x00002a60       0x1e R:\AVR_Controller\Arduino\Bottom_heater\Code\Bottom_heater\Bottom_heater\ArduinoCore\Debug\libArduinoCore.a(main.o)
                0x00002a60                main
 .text._Znwj    0x00002a7e        0x4 R:\AVR_Controller\Arduino\Bottom_heater\Code\Bottom_heater\Bottom_heater\ArduinoCore\Debug\libArduinoCore.a(new.o)
                0x00002a7e                _Znwj
 .text._Znaj    0x00002a82        0x4 R:\AVR_Controller\Arduino\Bottom_heater\Code\Bottom_heater\Bottom_heater\ArduinoCore\Debug\libArduinoCore.a(new.o)
                0x00002a82                _Znaj
 .text._ZdlPv   0x00002a86        0x4 R:\AVR_Controller\Arduino\Bottom_heater\Code\Bottom_heater\Bottom_heater\ArduinoCore\Debug\libArduinoCore.a(new.o)
                0x00002a86                _ZdlPv
 .text._ZN5Print5writeEPKhj
                0x00002a8a       0x54 R:\AVR_Controller\Arduino\Bottom_heater\Code\Bottom_heater\Bottom_heater\ArduinoCore\Debug\libArduinoCore.a(Print.o)
                0x00002a8a                _ZN5Print5writeEPKhj
 .text._ZN5Print5writeEPKc
                0x00002ade       0x2a R:\AVR_Controller\Arduino\Bottom_heater\Code\Bottom_heater\Bottom_heater\ArduinoCore\Debug\libArduinoCore.a(Print.o)
                0x00002ade                _ZN5Print5writeEPKc
 .text._ZN5Print5printERK6String
                0x00002b08       0x1c R:\AVR_Controller\Arduino\Bottom_heater\Code\Bottom_heater\Bottom_heater\ArduinoCore\Debug\libArduinoCore.a(Print.o)
                0x00002b08                _ZN5Print5printERK6String
 .text._ZN5Print5printEPKc
                0x00002b24        0x4 R:\AVR_Controller\Arduino\Bottom_heater\Code\Bottom_heater\Bottom_heater\ArduinoCore\Debug\libArduinoCore.a(Print.o)
                0x00002b24                _ZN5Print5printEPKc
 .text._ZN5Print5printEc
                0x00002b28        0xe R:\AVR_Controller\Arduino\Bottom_heater\Code\Bottom_heater\Bottom_heater\ArduinoCore\Debug\libArduinoCore.a(Print.o)
                0x00002b28                _ZN5Print5printEc
 .text._ZN5Print11printNumberEmh
                0x00002b36       0x92 R:\AVR_Controller\Arduino\Bottom_heater\Code\Bottom_heater\Bottom_heater\ArduinoCore\Debug\libArduinoCore.a(Print.o)
                0x00002b36                _ZN5Print11printNumberEmh
 .text._ZN5Print5printEmi
                0x00002bc8       0x1a R:\AVR_Controller\Arduino\Bottom_heater\Code\Bottom_heater\Bottom_heater\ArduinoCore\Debug\libArduinoCore.a(Print.o)
                0x00002bc8                _ZN5Print5printEmi
 .text._ZN5Print5printEji
                0x00002be2        0xc R:\AVR_Controller\Arduino\Bottom_heater\Code\Bottom_heater\Bottom_heater\ArduinoCore\Debug\libArduinoCore.a(Print.o)
                0x00002be2                _ZN5Print5printEji
 .text._ZN5Print10printFloatEdh
                0x00002bee      0x1b6 R:\AVR_Controller\Arduino\Bottom_heater\Code\Bottom_heater\Bottom_heater\ArduinoCore\Debug\libArduinoCore.a(Print.o)
                0x00002bee                _ZN5Print10printFloatEdh
 .text._ZN5Print5printEdi
                0x00002da4        0x4 R:\AVR_Controller\Arduino\Bottom_heater\Code\Bottom_heater\Bottom_heater\ArduinoCore\Debug\libArduinoCore.a(Print.o)
                0x00002da4                _ZN5Print5printEdi
 .text.nothing  0x00002da8        0x2 R:\AVR_Controller\Arduino\Bottom_heater\Code\Bottom_heater\Bottom_heater\ArduinoCore\Debug\libArduinoCore.a(WInterrupts.o)
 .text.attachInterrupt
                0x00002daa       0x40 R:\AVR_Controller\Arduino\Bottom_heater\Code\Bottom_heater\Bottom_heater\ArduinoCore\Debug\libArduinoCore.a(WInterrupts.o)
                0x00002daa                attachInterrupt
 .text.__vector_1
                0x00002dea       0x4e R:\AVR_Controller\Arduino\Bottom_heater\Code\Bottom_heater\Bottom_heater\ArduinoCore\Debug\libArduinoCore.a(WInterrupts.o)
                0x00002dea                __vector_1
 .text.__vector_2
                0x00002e38       0x4e R:\AVR_Controller\Arduino\Bottom_heater\Code\Bottom_heater\Bottom_heater\ArduinoCore\Debug\libArduinoCore.a(WInterrupts.o)
                0x00002e38                __vector_2
 .text.__vector_16
                0x00002e86       0x94 R:\AVR_Controller\Arduino\Bottom_heater\Code\Bottom_heater\Bottom_heater\ArduinoCore\Debug\libArduinoCore.a(wiring.o)
                0x00002e86                __vector_16
 .text.millis   0x00002f1a       0x18 R:\AVR_Controller\Arduino\Bottom_heater\Code\Bottom_heater\Bottom_heater\ArduinoCore\Debug\libArduinoCore.a(wiring.o)
                0x00002f1a                millis
 .text.micros   0x00002f32       0x4a R:\AVR_Controller\Arduino\Bottom_heater\Code\Bottom_heater\Bottom_heater\ArduinoCore\Debug\libArduinoCore.a(wiring.o)
                0x00002f32                micros
 .text.delay    0x00002f7c       0x78 R:\AVR_Controller\Arduino\Bottom_heater\Code\Bottom_heater\Bottom_heater\ArduinoCore\Debug\libArduinoCore.a(wiring.o)
                0x00002f7c                delay
 .text.delayMicroseconds
                0x00002ff4       0x16 R:\AVR_Controller\Arduino\Bottom_heater\Code\Bottom_heater\Bottom_heater\ArduinoCore\Debug\libArduinoCore.a(wiring.o)
                0x00002ff4                delayMicroseconds
 .text.init     0x0000300a       0x76 R:\AVR_Controller\Arduino\Bottom_heater\Code\Bottom_heater\Bottom_heater\ArduinoCore\Debug\libArduinoCore.a(wiring.o)
                0x0000300a                init
 .text.analogWrite
                0x00003080       0xbe R:\AVR_Controller\Arduino\Bottom_heater\Code\Bottom_heater\Bottom_heater\ArduinoCore\Debug\libArduinoCore.a(wiring_analog.o)
                0x00003080                analogWrite
 .text.turnOffPWM
                0x0000313e       0x52 R:\AVR_Controller\Arduino\Bottom_heater\Code\Bottom_heater\Bottom_heater\ArduinoCore\Debug\libArduinoCore.a(wiring_digital.o)
 .text.pinMode  0x00003190       0x78 R:\AVR_Controller\Arduino\Bottom_heater\Code\Bottom_heater\Bottom_heater\ArduinoCore\Debug\libArduinoCore.a(wiring_digital.o)
                0x00003190                pinMode
 .text.digitalWrite
                0x00003208       0x5e R:\AVR_Controller\Arduino\Bottom_heater\Code\Bottom_heater\Bottom_heater\ArduinoCore\Debug\libArduinoCore.a(wiring_digital.o)
                0x00003208                digitalWrite
 .text.digitalRead
                0x00003266       0x52 R:\AVR_Controller\Arduino\Bottom_heater\Code\Bottom_heater\Bottom_heater\ArduinoCore\Debug\libArduinoCore.a(wiring_digital.o)
                0x00003266                digitalRead
 .text._ZN6StringD2Ev
                0x000032b8        0xa R:\AVR_Controller\Arduino\Bottom_heater\Code\Bottom_heater\Bottom_heater\ArduinoCore\Debug\libArduinoCore.a(WString.o)
                0x000032b8                _ZN6StringD2Ev
                0x000032b8                _ZN6StringD1Ev
 .text._ZN6String10invalidateEv
                0x000032c2       0x24 R:\AVR_Controller\Arduino\Bottom_heater\Code\Bottom_heater\Bottom_heater\ArduinoCore\Debug\libArduinoCore.a(WString.o)
                0x000032c2                _ZN6String10invalidateEv
 .text._ZN6String12changeBufferEj
                0x000032e6       0x34 R:\AVR_Controller\Arduino\Bottom_heater\Code\Bottom_heater\Bottom_heater\ArduinoCore\Debug\libArduinoCore.a(WString.o)
                0x000032e6                _ZN6String12changeBufferEj
 .text._ZN6String7reserveEj
                0x0000331a       0x38 R:\AVR_Controller\Arduino\Bottom_heater\Code\Bottom_heater\Bottom_heater\ArduinoCore\Debug\libArduinoCore.a(WString.o)
                0x0000331a                _ZN6String7reserveEj
 .text._ZN6String4copyEPKcj
                0x00003352       0x42 R:\AVR_Controller\Arduino\Bottom_heater\Code\Bottom_heater\Bottom_heater\ArduinoCore\Debug\libArduinoCore.a(WString.o)
                0x00003352                _ZN6String4copyEPKcj
 .text._ZN6StringaSEPKc
                0x00003394       0x2e R:\AVR_Controller\Arduino\Bottom_heater\Code\Bottom_heater\Bottom_heater\ArduinoCore\Debug\libArduinoCore.a(WString.o)
                0x00003394                _ZN6StringaSEPKc
 .text._ZN6StringC2Eih
                0x000033c2       0x58 R:\AVR_Controller\Arduino\Bottom_heater\Code\Bottom_heater\Bottom_heater\ArduinoCore\Debug\libArduinoCore.a(WString.o)
                0x000033c2                _ZN6StringC2Eih
                0x000033c2                _ZN6StringC1Eih
 .text.__empty  0x0000341a        0x2 R:\AVR_Controller\Arduino\Bottom_heater\Code\Bottom_heater\Bottom_heater\ArduinoCore\Debug\libArduinoCore.a(hooks.o)
                0x0000341a                yield
 .text.avr-libc.fplib
                0x0000341c        0xa c:/program files (x86)/atmel/studio/7.0/toolchain/avr8/avr8-gnu-toolchain/bin/../lib/gcc/avr/5.4.0/../../../../avr/lib/avr5\libm.a(unordsf2.o)
                0x0000341c                __unordsf2
 .text.libgcc.div
                0x00003426       0x44 c:/program files (x86)/atmel/studio/7.0/toolchain/avr8/avr8-gnu-toolchain/bin/../lib/gcc/avr/5.4.0/avr5\libgcc.a(_udivmodsi4.o)
                0x00003426                __udivmodsi4
 .text.libgcc.mul
                0x0000346a       0x16 c:/program files (x86)/atmel/studio/7.0/toolchain/avr8/avr8-gnu-toolchain/bin/../lib/gcc/avr/5.4.0/avr5\libgcc.a(_muluhisi3.o)
                0x0000346a                __muluhisi3
 .text.libgcc   0x00003480        0xc c:/program files (x86)/atmel/studio/7.0/toolchain/avr8/avr8-gnu-toolchain/bin/../lib/gcc/avr/5.4.0/avr5\libgcc.a(_tablejump2.o)
                0x00003480                __tablejump2__
 .text.libgcc.mul
                0x0000348c       0x1e c:/program files (x86)/atmel/studio/7.0/toolchain/avr8/avr8-gnu-toolchain/bin/../lib/gcc/avr/5.4.0/avr5\libgcc.a(_umulhisi3.o)
                0x0000348c                __umulhisi3
 .text.avr-libc
                0x000034aa      0x242 c:/program files (x86)/atmel/studio/7.0/toolchain/avr8/avr8-gnu-toolchain/bin/../lib/gcc/avr/5.4.0/../../../../avr/lib/avr5\libc.a(malloc.o)
                0x000034aa                malloc
                0x000035da                free
 .text.avr-libc
                0x000036ec      0x18c c:/program files (x86)/atmel/studio/7.0/toolchain/avr8/avr8-gnu-toolchain/bin/../lib/gcc/avr/5.4.0/../../../../avr/lib/avr5\libc.a(realloc.o)
                0x000036ec                realloc
 .text.avr-libc
                0x00003878       0x12 c:/program files (x86)/atmel/studio/7.0/toolchain/avr8/avr8-gnu-toolchain/bin/../lib/gcc/avr/5.4.0/../../../../avr/lib/avr5\libc.a(memcpy.o)
                0x00003878                memcpy
 .text.avr-libc
                0x0000388a        0xe c:/program files (x86)/atmel/studio/7.0/toolchain/avr8/avr8-gnu-toolchain/bin/../lib/gcc/avr/5.4.0/../../../../avr/lib/avr5\libc.a(strcpy.o)
                0x0000388a                strcpy
 .text.avr-libc
                0x00003898       0x16 c:/program files (x86)/atmel/studio/7.0/toolchain/avr8/avr8-gnu-toolchain/bin/../lib/gcc/avr/5.4.0/../../../../avr/lib/avr5\libc.a(itoa.o)
                0x00003898                __itoa
                0x00003898                itoa
 .text.avr-libc
                0x000038ae       0x16 c:/program files (x86)/atmel/studio/7.0/toolchain/avr8/avr8-gnu-toolchain/bin/../lib/gcc/avr/5.4.0/../../../../avr/lib/avr5\libc.a(itoa_ncheck.o)
                0x000038ae                __itoa_ncheck
 .text.avr-libc
                0x000038c4       0x34 c:/program files (x86)/atmel/studio/7.0/toolchain/avr8/avr8-gnu-toolchain/bin/../lib/gcc/avr/5.4.0/../../../../avr/lib/avr5\libc.a(utoa_ncheck.o)
                0x000038c4                __utoa_ncheck
                0x000038c6                __utoa_common
 .text.avr-libc
                0x000038f8       0x20 c:/program files (x86)/atmel/studio/7.0/toolchain/avr8/avr8-gnu-toolchain/bin/../lib/gcc/avr/5.4.0/../../../../avr/lib/avr5\libc.a(strrev.o)
                0x000038f8                strrev
 .text.avr-libc
                0x00003918       0x10 C:/Program Files (x86)/Atmel/Studio/7.0/Packs/atmel/ATmega_DFP/1.2.209/gcc/dev/atmega328p/avr5\libatmega328p.a(eerd_byte.o)
                0x00003918                eeprom_read_byte
 .text.avr-libc
                0x00003928       0x1c C:/Program Files (x86)/Atmel/Studio/7.0/Packs/atmel/ATmega_DFP/1.2.209/gcc/dev/atmega328p/avr5\libatmega328p.a(eewr_byte.o)
                0x00003928                eeprom_write_byte
                0x0000392a                eeprom_write_r18
 .text.libgcc.prologue
                0x00003944       0x38 c:/program files (x86)/atmel/studio/7.0/toolchain/avr8/avr8-gnu-toolchain/bin/../lib/gcc/avr/5.4.0/avr5\libgcc.a(_prologue.o)
                0x00003944                __prologue_saves__
 .text.libgcc.prologue
                0x0000397c       0x36 c:/program files (x86)/atmel/studio/7.0/toolchain/avr8/avr8-gnu-toolchain/bin/../lib/gcc/avr/5.4.0/avr5\libgcc.a(_epilogue.o)
                0x0000397c                __epilogue_restores__
                0x000039b2                . = ALIGN (0x2)
 *(.fini9)
 .fini9         0x000039b2        0x0 c:/program files (x86)/atmel/studio/7.0/toolchain/avr8/avr8-gnu-toolchain/bin/../lib/gcc/avr/5.4.0/avr5\libgcc.a(_exit.o)
                0x000039b2                _exit
                0x000039b2                exit
 *(.fini9)
 *(.fini8)
 *(.fini8)
 *(.fini7)
 *(.fini7)
 *(.fini6)
 *(.fini6)
 *(.fini5)
 *(.fini5)
 *(.fini4)
 *(.fini4)
 *(.fini3)
 *(.fini3)
 *(.fini2)
 *(.fini2)
 *(.fini1)
 *(.fini1)
 *(.fini0)
 .fini0         0x000039b2        0x4 c:/program files (x86)/atmel/studio/7.0/toolchain/avr8/avr8-gnu-toolchain/bin/../lib/gcc/avr/5.4.0/avr5\libgcc.a(_exit.o)
 *(.fini0)
                0x000039b6                _etext = .

.data           0x00800100       0xd6 load address 0x000039b6
                0x00800100                PROVIDE (__data_start, .)
 *(.data)
 .data          0x00800100        0x6 c:/program files (x86)/atmel/studio/7.0/toolchain/avr8/avr8-gnu-toolchain/bin/../lib/gcc/avr/5.4.0/../../../../avr/lib/avr5\libc.a(malloc.o)
                0x00800100                __malloc_heap_end
                0x00800102                __malloc_heap_start
                0x00800104                __malloc_margin
 *(.data*)
 .data._regulationDown
                0x00800106        0x1 Sketch.o
                0x00800106                _regulationDown
 .data._menuActive
                0x00800107        0x1 Sketch.o
                0x00800107                _menuActive
 .data._setTempDown
                0x00800108        0x4 Sketch.o
                0x00800108                _setTempDown
 .data._setTempUp
                0x0080010c        0x4 Sketch.o
                0x0080010c                _setTempUp
 .data.intFunc  0x00800110        0x4 R:\AVR_Controller\Arduino\Bottom_heater\Code\Bottom_heater\Bottom_heater\ArduinoCore\Debug\libArduinoCore.a(WInterrupts.o)
 *(.gnu.linkonce.d*)
 *(.rodata)
 .rodata        0x00800114        0x8 src/libraries/LiquidCrystal_I2C/src/LiquidCrystal_I2C.o
 *(.rodata*)
 .rodata.str1.1
                0x0080011c       0x11 Display/Display16x2.o
 .rodata._ZTV14MenuActionItem
                0x0080012d       0x14 Menu/MenuActionItem.o
                0x0080012d                _ZTV14MenuActionItem
 .rodata._ZTV14MenuDoubleItem
                0x00800141       0x14 Menu/MenuDoubleItem.o
                0x00800141                _ZTV14MenuDoubleItem
 .rodata._ZTV8MenuItem
                0x00800155       0x14 Menu/MenuItem.o
                0x00800155                _ZTV8MenuItem
 .rodata.str1.1
                0x00800169       0x3f Sketch.o
 .rodata._ZTV17LiquidCrystal_I2C
                0x008001a8        0xc src/libraries/LiquidCrystal_I2C/src/LiquidCrystal_I2C.o
                0x008001a8                _ZTV17LiquidCrystal_I2C
 .rodata._ZTV7TwoWire
                0x008001b4       0x12 src/libraries/Wire/src/Wire.o
                0x008001b4                _ZTV7TwoWire
 .rodata.str1.1
                0x008001c6        0xf R:\AVR_Controller\Arduino\Bottom_heater\Code\Bottom_heater\Bottom_heater\ArduinoCore\Debug\libArduinoCore.a(Print.o)
 *(.gnu.linkonce.r*)
                0x008001d6                . = ALIGN (0x2)
 *fill*         0x008001d5        0x1 
                0x008001d6                _edata = .
                0x008001d6                PROVIDE (__data_end, .)

.bss            0x008001d6      0x145
                0x008001d6                PROVIDE (__bss_start, .)
 *(.bss)
 *(.bss*)
 .bss._buttonDown
                0x008001d6        0x1 Sketch.o
                0x008001d6                _buttonDown
 .bss._timerUpdateTemperatureId
                0x008001d7        0x2 Sketch.o
                0x008001d7                _timerUpdateTemperatureId
 .bss._timerHeatingId
                0x008001d9        0x2 Sketch.o
                0x008001d9                _timerHeatingId
 .bss._pidOldDownVal
                0x008001db        0x2 Sketch.o
                0x008001db                _pidOldDownVal
 .bss._regulationUp
                0x008001dd        0x1 Sketch.o
                0x008001dd                _regulationUp
 .bss._heaterOn
                0x008001de        0x1 Sketch.o
                0x008001de                _heaterOn
 .bss._outputDownVal
                0x008001df        0x4 Sketch.o
                0x008001df                _outputDownVal
 .bss._outputUpVal
                0x008001e3        0x4 Sketch.o
                0x008001e3                _outputUpVal
 .bss._tempDown
                0x008001e7        0x4 Sketch.o
                0x008001e7                _tempDown
 .bss._tempUp   0x008001eb        0x4 Sketch.o
                0x008001eb                _tempUp
 .bss._eeprom   0x008001ef        0x2 Sketch.o
                0x008001ef                _eeprom
 .bss._timerHeating
                0x008001f1        0x2 Sketch.o
                0x008001f1                _timerHeating
 .bss._menu     0x008001f3        0x2 Sketch.o
                0x008001f3                _menu
 .bss._lcd      0x008001f5        0x2 Sketch.o
                0x008001f5                _lcd
 .bss._encoder  0x008001f7        0x2 Sketch.o
                0x008001f7                _encoder
 .bss._pidDown  0x008001f9        0x2 Sketch.o
                0x008001f9                _pidDown
 .bss._pidUp    0x008001fb        0x2 Sketch.o
                0x008001fb                _pidUp
 .bss._display  0x008001fd        0x2 Sketch.o
                0x008001fd                _display
 .bss._thermometer
                0x008001ff        0x2 Sketch.o
                0x008001ff                _thermometer
 .bss._dimmer   0x00800201        0x2 Sketch.o
                0x00800201                _dimmer
 .bss.IETVC     0x00800203       0x4b src/libraries/Encoder_tmr/iarduino_Encoder_tmr.o
                0x00800203                IETVC
 .bss.twi_error
                0x0080024e        0x1 src/libraries/Wire/src/utility/twi.o
 .bss.twi_rxBufferIndex
                0x0080024f        0x1 src/libraries/Wire/src/utility/twi.o
 .bss.twi_rxBuffer
                0x00800250       0x20 src/libraries/Wire/src/utility/twi.o
 .bss.twi_txBufferLength
                0x00800270        0x1 src/libraries/Wire/src/utility/twi.o
 .bss.twi_txBufferIndex
                0x00800271        0x1 src/libraries/Wire/src/utility/twi.o
 .bss.twi_txBuffer
                0x00800272       0x20 src/libraries/Wire/src/utility/twi.o
 .bss.twi_masterBufferLength
                0x00800292        0x1 src/libraries/Wire/src/utility/twi.o
 .bss.twi_masterBufferIndex
                0x00800293        0x1 src/libraries/Wire/src/utility/twi.o
 .bss.twi_masterBuffer
                0x00800294       0x20 src/libraries/Wire/src/utility/twi.o
 .bss.twi_onSlaveReceive
                0x008002b4        0x2 src/libraries/Wire/src/utility/twi.o
 .bss.twi_onSlaveTransmit
                0x008002b6        0x2 src/libraries/Wire/src/utility/twi.o
 .bss.twi_inRepStart
                0x008002b8        0x1 src/libraries/Wire/src/utility/twi.o
 .bss.twi_sendStop
                0x008002b9        0x1 src/libraries/Wire/src/utility/twi.o
 .bss.twi_slarw
                0x008002ba        0x1 src/libraries/Wire/src/utility/twi.o
 .bss.twi_state
                0x008002bb        0x1 src/libraries/Wire/src/utility/twi.o
 .bss.Wire      0x008002bc        0xc src/libraries/Wire/src/Wire.o
                0x008002bc                Wire
 .bss._ZN7TwoWire12transmittingE
                0x008002c8        0x1 src/libraries/Wire/src/Wire.o
                0x008002c8                _ZN7TwoWire12transmittingE
 .bss._ZN7TwoWire14txBufferLengthE
                0x008002c9        0x1 src/libraries/Wire/src/Wire.o
                0x008002c9                _ZN7TwoWire14txBufferLengthE
 .bss._ZN7TwoWire13txBufferIndexE
                0x008002ca        0x1 src/libraries/Wire/src/Wire.o
                0x008002ca                _ZN7TwoWire13txBufferIndexE
 .bss._ZN7TwoWire8txBufferE
                0x008002cb       0x20 src/libraries/Wire/src/Wire.o
                0x008002cb                _ZN7TwoWire8txBufferE
 .bss._ZN7TwoWire9txAddressE
                0x008002eb        0x1 src/libraries/Wire/src/Wire.o
                0x008002eb                _ZN7TwoWire9txAddressE
 .bss._ZN7TwoWire14rxBufferLengthE
                0x008002ec        0x1 src/libraries/Wire/src/Wire.o
                0x008002ec                _ZN7TwoWire14rxBufferLengthE
 .bss._ZN7TwoWire13rxBufferIndexE
                0x008002ed        0x1 src/libraries/Wire/src/Wire.o
                0x008002ed                _ZN7TwoWire13rxBufferIndexE
 .bss._ZN7TwoWire8rxBufferE
                0x008002ee       0x20 src/libraries/Wire/src/Wire.o
                0x008002ee                _ZN7TwoWire8rxBufferE
 .bss.timer0_fract
                0x0080030e        0x1 R:\AVR_Controller\Arduino\Bottom_heater\Code\Bottom_heater\Bottom_heater\ArduinoCore\Debug\libArduinoCore.a(wiring.o)
 .bss.timer0_millis
                0x0080030f        0x4 R:\AVR_Controller\Arduino\Bottom_heater\Code\Bottom_heater\Bottom_heater\ArduinoCore\Debug\libArduinoCore.a(wiring.o)
                0x0080030f                timer0_millis
 .bss.timer0_overflow_count
                0x00800313        0x4 R:\AVR_Controller\Arduino\Bottom_heater\Code\Bottom_heater\Bottom_heater\ArduinoCore\Debug\libArduinoCore.a(wiring.o)
                0x00800313                timer0_overflow_count
 *(COMMON)
 COMMON         0x00800317        0x4 c:/program files (x86)/atmel/studio/7.0/toolchain/avr8/avr8-gnu-toolchain/bin/../lib/gcc/avr/5.4.0/../../../../avr/lib/avr5\libc.a(malloc.o)
                0x00800317                __brkval
                0x00800319                __flp
                0x0080031b                PROVIDE (__bss_end, .)
                0x000039b6                __data_load_start = LOADADDR (.data)
                0x00003a8c                __data_load_end = (__data_load_start + SIZEOF (.data))

.noinit         0x0080031b        0x0
                [!provide]                PROVIDE (__noinit_start, .)
 *(.noinit*)
                [!provide]                PROVIDE (__noinit_end, .)
                0x0080031b                _end = .
                0x0080031b                PROVIDE (__heap_start, .)

.eeprom         0x00810000        0x0
 *(.eeprom*)
                0x00810000                __eeprom_end = .

.fuse
 *(.fuse)
 *(.lfuse)
 *(.hfuse)
 *(.efuse)

.lock
 *(.lock*)

.signature
 *(.signature*)

.user_signatures
 *(.user_signatures*)

.stab
 *(.stab)

.stabstr
 *(.stabstr)

.stab.excl
 *(.stab.excl)

.stab.exclstr
 *(.stab.exclstr)

.stab.index
 *(.stab.index)

.stab.indexstr
 *(.stab.indexstr)

.comment        0x00000000       0x30
 *(.comment)
 .comment       0x00000000       0x30 Dimmer/Dimmer.o
                                 0x31 (size before relaxing)
 .comment       0x00000030       0x31 Dimmer/DimmerItem.o
 .comment       0x00000030       0x31 Display/Display16x2.o
 .comment       0x00000030       0x31 Extensions/EepromExtension.o
 .comment       0x00000030       0x31 Menu/Menu.o
 .comment       0x00000030       0x31 Menu/MenuActionItem.o
 .comment       0x00000030       0x31 Menu/MenuDoubleItem.o
 .comment       0x00000030       0x31 Menu/MenuItem.o
 .comment       0x00000030       0x31 Sketch.o
 .comment       0x00000030       0x31 src/libraries/Encoder_tmr/iarduino_Encoder_tmr.o
 .comment       0x00000030       0x31 src/libraries/LiquidCrystal_I2C/src/LiquidCrystal_I2C.o
 .comment       0x00000030       0x31 src/libraries/MAX6675/max6675.o
 .comment       0x00000030       0x31 src/libraries/PID/PID_v1.o
 .comment       0x00000030       0x31 src/libraries/SimpleTimer/SimpleTimer.o
 .comment       0x00000030       0x31 src/libraries/Wire/src/utility/twi.o
 .comment       0x00000030       0x31 src/libraries/Wire/src/Wire.o
 .comment       0x00000030       0x31 Thermometer/Thermometer.o
 .comment       0x00000030       0x31 R:\AVR_Controller\Arduino\Bottom_heater\Code\Bottom_heater\Bottom_heater\ArduinoCore\Debug\libArduinoCore.a(main.o)
 .comment       0x00000030       0x31 R:\AVR_Controller\Arduino\Bottom_heater\Code\Bottom_heater\Bottom_heater\ArduinoCore\Debug\libArduinoCore.a(new.o)
 .comment       0x00000030       0x31 R:\AVR_Controller\Arduino\Bottom_heater\Code\Bottom_heater\Bottom_heater\ArduinoCore\Debug\libArduinoCore.a(Print.o)
 .comment       0x00000030       0x31 R:\AVR_Controller\Arduino\Bottom_heater\Code\Bottom_heater\Bottom_heater\ArduinoCore\Debug\libArduinoCore.a(WInterrupts.o)
 .comment       0x00000030       0x31 R:\AVR_Controller\Arduino\Bottom_heater\Code\Bottom_heater\Bottom_heater\ArduinoCore\Debug\libArduinoCore.a(wiring.o)
 .comment       0x00000030       0x31 R:\AVR_Controller\Arduino\Bottom_heater\Code\Bottom_heater\Bottom_heater\ArduinoCore\Debug\libArduinoCore.a(wiring_analog.o)
 .comment       0x00000030       0x31 R:\AVR_Controller\Arduino\Bottom_heater\Code\Bottom_heater\Bottom_heater\ArduinoCore\Debug\libArduinoCore.a(wiring_digital.o)
 .comment       0x00000030       0x31 R:\AVR_Controller\Arduino\Bottom_heater\Code\Bottom_heater\Bottom_heater\ArduinoCore\Debug\libArduinoCore.a(WString.o)
 .comment       0x00000030       0x31 R:\AVR_Controller\Arduino\Bottom_heater\Code\Bottom_heater\Bottom_heater\ArduinoCore\Debug\libArduinoCore.a(hooks.o)
 .comment       0x00000030       0x31 c:/program files (x86)/atmel/studio/7.0/toolchain/avr8/avr8-gnu-toolchain/bin/../lib/gcc/avr/5.4.0/../../../../avr/lib/avr5\libc.a(malloc.o)
 .comment       0x00000030       0x31 c:/program files (x86)/atmel/studio/7.0/toolchain/avr8/avr8-gnu-toolchain/bin/../lib/gcc/avr/5.4.0/../../../../avr/lib/avr5\libc.a(realloc.o)

.note.gnu.avr.deviceinfo
                0x00000000       0x40
 .note.gnu.avr.deviceinfo
                0x00000000       0x40 C:/Program Files (x86)/Atmel/Studio/7.0/Packs/atmel/ATmega_DFP/1.2.209/gcc/dev/atmega328p/avr5/crtatmega328p.o

.note.gnu.build-id
 *(.note.gnu.build-id)

.debug
 *(.debug)

.line
 *(.line)

.debug_srcinfo
 *(.debug_srcinfo)

.debug_sfnames
 *(.debug_sfnames)

.debug_aranges  0x00000000      0xcd8
 *(.debug_aranges)
 .debug_aranges
                0x00000000       0x50 Dimmer/Dimmer.o
 .debug_aranges
                0x00000050       0x30 Dimmer/DimmerItem.o
 .debug_aranges
                0x00000080       0x40 Display/Display16x2.o
 .debug_aranges
                0x000000c0       0x90 Extensions/EepromExtension.o
 .debug_aranges
                0x00000150       0x50 Menu/Menu.o
 .debug_aranges
                0x000001a0       0x50 Menu/MenuActionItem.o
 .debug_aranges
                0x000001f0       0x60 Menu/MenuDoubleItem.o
 .debug_aranges
                0x00000250       0x60 Menu/MenuItem.o
 .debug_aranges
                0x000002b0       0x88 Sketch.o
 .debug_aranges
                0x00000338       0x48 src/libraries/Encoder_tmr/iarduino_Encoder_tmr.o
 .debug_aranges
                0x00000380      0x118 src/libraries/LiquidCrystal_I2C/src/LiquidCrystal_I2C.o
 .debug_aranges
                0x00000498       0x38 src/libraries/MAX6675/max6675.o
 .debug_aranges
                0x000004d0       0x80 src/libraries/PID/PID_v1.o
 .debug_aranges
                0x00000550       0x80 src/libraries/SimpleTimer/SimpleTimer.o
 .debug_aranges
                0x000005d0       0x80 src/libraries/Wire/src/utility/twi.o
 .debug_aranges
                0x00000650       0xf8 src/libraries/Wire/src/Wire.o
 .debug_aranges
                0x00000748       0x30 Thermometer/Thermometer.o
 .debug_aranges
                0x00000778       0x30 R:\AVR_Controller\Arduino\Bottom_heater\Code\Bottom_heater\Bottom_heater\ArduinoCore\Debug\libArduinoCore.a(main.o)
 .debug_aranges
                0x000007a8       0x28 R:\AVR_Controller\Arduino\Bottom_heater\Code\Bottom_heater\Bottom_heater\ArduinoCore\Debug\libArduinoCore.a(new.o)
 .debug_aranges
                0x000007d0      0x100 R:\AVR_Controller\Arduino\Bottom_heater\Code\Bottom_heater\Bottom_heater\ArduinoCore\Debug\libArduinoCore.a(Print.o)
 .debug_aranges
                0x000008d0       0x40 R:\AVR_Controller\Arduino\Bottom_heater\Code\Bottom_heater\Bottom_heater\ArduinoCore\Debug\libArduinoCore.a(WInterrupts.o)
 .debug_aranges
                0x00000910       0x48 R:\AVR_Controller\Arduino\Bottom_heater\Code\Bottom_heater\Bottom_heater\ArduinoCore\Debug\libArduinoCore.a(wiring.o)
 .debug_aranges
                0x00000958       0x30 R:\AVR_Controller\Arduino\Bottom_heater\Code\Bottom_heater\Bottom_heater\ArduinoCore\Debug\libArduinoCore.a(wiring_analog.o)
 .debug_aranges
                0x00000988       0x38 R:\AVR_Controller\Arduino\Bottom_heater\Code\Bottom_heater\Bottom_heater\ArduinoCore\Debug\libArduinoCore.a(wiring_digital.o)
 .debug_aranges
                0x000009c0      0x2b8 R:\AVR_Controller\Arduino\Bottom_heater\Code\Bottom_heater\Bottom_heater\ArduinoCore\Debug\libArduinoCore.a(WString.o)
 .debug_aranges
                0x00000c78       0x20 R:\AVR_Controller\Arduino\Bottom_heater\Code\Bottom_heater\Bottom_heater\ArduinoCore\Debug\libArduinoCore.a(hooks.o)
 .debug_aranges
                0x00000c98       0x20 C:/Program Files (x86)/Atmel/Studio/7.0/Packs/atmel/ATmega_DFP/1.2.209/gcc/dev/atmega328p/avr5\libatmega328p.a(eerd_byte.o)
 .debug_aranges
                0x00000cb8       0x20 C:/Program Files (x86)/Atmel/Studio/7.0/Packs/atmel/ATmega_DFP/1.2.209/gcc/dev/atmega328p/avr5\libatmega328p.a(eewr_byte.o)

.debug_pubnames
 *(.debug_pubnames)

.debug_info     0x00000000    0x16409
 *(.debug_info .gnu.linkonce.wi.*)
 .debug_info    0x00000000      0x5f4 C:/Program Files (x86)/Atmel/Studio/7.0/Packs/atmel/ATmega_DFP/1.2.209/gcc/dev/atmega328p/avr5/crtatmega328p.o
 .debug_info    0x000005f4      0xa7e Dimmer/Dimmer.o
 .debug_info    0x00001072      0x34d Dimmer/DimmerItem.o
 .debug_info    0x000013bf     0x18a3 Display/Display16x2.o
 .debug_info    0x00002c62     0x1570 Extensions/EepromExtension.o
 .debug_info    0x000041d2      0x50e Menu/Menu.o
 .debug_info    0x000046e0      0x62f Menu/MenuActionItem.o
 .debug_info    0x00004d0f      0x746 Menu/MenuDoubleItem.o
 .debug_info    0x00005455      0x8a0 Menu/MenuItem.o
 .debug_info    0x00005cf5     0x2116 Sketch.o
 .debug_info    0x00007e0b      0x71e src/libraries/Encoder_tmr/iarduino_Encoder_tmr.o
 .debug_info    0x00008529     0x1508 src/libraries/LiquidCrystal_I2C/src/LiquidCrystal_I2C.o
 .debug_info    0x00009a31      0x5a5 src/libraries/MAX6675/max6675.o
 .debug_info    0x00009fd6      0x9bc src/libraries/PID/PID_v1.o
 .debug_info    0x0000a992      0x98f src/libraries/SimpleTimer/SimpleTimer.o
 .debug_info    0x0000b321      0x604 src/libraries/Wire/src/utility/twi.o
 .debug_info    0x0000b925     0x27b4 src/libraries/Wire/src/Wire.o
 .debug_info    0x0000e0d9      0x4be Thermometer/Thermometer.o
 .debug_info    0x0000e597      0x237 R:\AVR_Controller\Arduino\Bottom_heater\Code\Bottom_heater\Bottom_heater\ArduinoCore\Debug\libArduinoCore.a(main.o)
 .debug_info    0x0000e7ce      0x11c R:\AVR_Controller\Arduino\Bottom_heater\Code\Bottom_heater\Bottom_heater\ArduinoCore\Debug\libArduinoCore.a(new.o)
 .debug_info    0x0000e8ea     0x28ff R:\AVR_Controller\Arduino\Bottom_heater\Code\Bottom_heater\Bottom_heater\ArduinoCore\Debug\libArduinoCore.a(Print.o)
 .debug_info    0x000111e9      0x21c R:\AVR_Controller\Arduino\Bottom_heater\Code\Bottom_heater\Bottom_heater\ArduinoCore\Debug\libArduinoCore.a(WInterrupts.o)
 .debug_info    0x00011405      0x2cb R:\AVR_Controller\Arduino\Bottom_heater\Code\Bottom_heater\Bottom_heater\ArduinoCore\Debug\libArduinoCore.a(wiring.o)
 .debug_info    0x000116d0      0x26d R:\AVR_Controller\Arduino\Bottom_heater\Code\Bottom_heater\Bottom_heater\ArduinoCore\Debug\libArduinoCore.a(wiring_analog.o)
 .debug_info    0x0001193d      0x5fe R:\AVR_Controller\Arduino\Bottom_heater\Code\Bottom_heater\Bottom_heater\ArduinoCore\Debug\libArduinoCore.a(wiring_digital.o)
 .debug_info    0x00011f3b     0x4338 R:\AVR_Controller\Arduino\Bottom_heater\Code\Bottom_heater\Bottom_heater\ArduinoCore\Debug\libArduinoCore.a(WString.o)
 .debug_info    0x00016273       0x3e R:\AVR_Controller\Arduino\Bottom_heater\Code\Bottom_heater\Bottom_heater\ArduinoCore\Debug\libArduinoCore.a(hooks.o)
 .debug_info    0x000162b1       0xac C:/Program Files (x86)/Atmel/Studio/7.0/Packs/atmel/ATmega_DFP/1.2.209/gcc/dev/atmega328p/avr5\libatmega328p.a(eerd_byte.o)
 .debug_info    0x0001635d       0xac C:/Program Files (x86)/Atmel/Studio/7.0/Packs/atmel/ATmega_DFP/1.2.209/gcc/dev/atmega328p/avr5\libatmega328p.a(eewr_byte.o)

.debug_abbrev   0x00000000     0x48c3
 *(.debug_abbrev)
 .debug_abbrev  0x00000000      0x5a2 C:/Program Files (x86)/Atmel/Studio/7.0/Packs/atmel/ATmega_DFP/1.2.209/gcc/dev/atmega328p/avr5/crtatmega328p.o
 .debug_abbrev  0x000005a2      0x300 Dimmer/Dimmer.o
 .debug_abbrev  0x000008a2      0x1e2 Dimmer/DimmerItem.o
 .debug_abbrev  0x00000a84      0x334 Display/Display16x2.o
 .debug_abbrev  0x00000db8      0x2cc Extensions/EepromExtension.o
 .debug_abbrev  0x00001084      0x23a Menu/Menu.o
 .debug_abbrev  0x000012be      0x261 Menu/MenuActionItem.o
 .debug_abbrev  0x0000151f      0x2d7 Menu/MenuDoubleItem.o
 .debug_abbrev  0x000017f6      0x32c Menu/MenuItem.o
 .debug_abbrev  0x00001b22      0x4d7 Sketch.o
 .debug_abbrev  0x00001ff9      0x2d8 src/libraries/Encoder_tmr/iarduino_Encoder_tmr.o
 .debug_abbrev  0x000022d1      0x356 src/libraries/LiquidCrystal_I2C/src/LiquidCrystal_I2C.o
 .debug_abbrev  0x00002627      0x271 src/libraries/MAX6675/max6675.o
 .debug_abbrev  0x00002898      0x2ab src/libraries/PID/PID_v1.o
 .debug_abbrev  0x00002b43      0x2de src/libraries/SimpleTimer/SimpleTimer.o
 .debug_abbrev  0x00002e21      0x260 src/libraries/Wire/src/utility/twi.o
 .debug_abbrev  0x00003081      0x581 src/libraries/Wire/src/Wire.o
 .debug_abbrev  0x00003602      0x230 Thermometer/Thermometer.o
 .debug_abbrev  0x00003832      0x12d R:\AVR_Controller\Arduino\Bottom_heater\Code\Bottom_heater\Bottom_heater\ArduinoCore\Debug\libArduinoCore.a(main.o)
 .debug_abbrev  0x0000395f       0xce R:\AVR_Controller\Arduino\Bottom_heater\Code\Bottom_heater\Bottom_heater\ArduinoCore\Debug\libArduinoCore.a(new.o)
 .debug_abbrev  0x00003a2d      0x47a R:\AVR_Controller\Arduino\Bottom_heater\Code\Bottom_heater\Bottom_heater\ArduinoCore\Debug\libArduinoCore.a(Print.o)
 .debug_abbrev  0x00003ea7       0xfc R:\AVR_Controller\Arduino\Bottom_heater\Code\Bottom_heater\Bottom_heater\ArduinoCore\Debug\libArduinoCore.a(WInterrupts.o)
 .debug_abbrev  0x00003fa3      0x146 R:\AVR_Controller\Arduino\Bottom_heater\Code\Bottom_heater\Bottom_heater\ArduinoCore\Debug\libArduinoCore.a(wiring.o)
 .debug_abbrev  0x000040e9      0x16b R:\AVR_Controller\Arduino\Bottom_heater\Code\Bottom_heater\Bottom_heater\ArduinoCore\Debug\libArduinoCore.a(wiring_analog.o)
 .debug_abbrev  0x00004254      0x15b R:\AVR_Controller\Arduino\Bottom_heater\Code\Bottom_heater\Bottom_heater\ArduinoCore\Debug\libArduinoCore.a(wiring_digital.o)
 .debug_abbrev  0x000043af      0x4c2 R:\AVR_Controller\Arduino\Bottom_heater\Code\Bottom_heater\Bottom_heater\ArduinoCore\Debug\libArduinoCore.a(WString.o)
 .debug_abbrev  0x00004871       0x2a R:\AVR_Controller\Arduino\Bottom_heater\Code\Bottom_heater\Bottom_heater\ArduinoCore\Debug\libArduinoCore.a(hooks.o)
 .debug_abbrev  0x0000489b       0x14 C:/Program Files (x86)/Atmel/Studio/7.0/Packs/atmel/ATmega_DFP/1.2.209/gcc/dev/atmega328p/avr5\libatmega328p.a(eerd_byte.o)
 .debug_abbrev  0x000048af       0x14 C:/Program Files (x86)/Atmel/Studio/7.0/Packs/atmel/ATmega_DFP/1.2.209/gcc/dev/atmega328p/avr5\libatmega328p.a(eewr_byte.o)

.debug_line     0x00000000     0x6370
 *(.debug_line .debug_line.* .debug_line_end)
 .debug_line    0x00000000      0x133 C:/Program Files (x86)/Atmel/Studio/7.0/Packs/atmel/ATmega_DFP/1.2.209/gcc/dev/atmega328p/avr5/crtatmega328p.o
 .debug_line    0x00000133      0x2a4 Dimmer/Dimmer.o
 .debug_line    0x000003d7      0x189 Dimmer/DimmerItem.o
 .debug_line    0x00000560      0x36f Display/Display16x2.o
 .debug_line    0x000008cf      0x3e8 Extensions/EepromExtension.o
 .debug_line    0x00000cb7       0xed Menu/Menu.o
 .debug_line    0x00000da4       0xfb Menu/MenuActionItem.o
 .debug_line    0x00000e9f      0x1c3 Menu/MenuDoubleItem.o
 .debug_line    0x00001062      0x327 Menu/MenuItem.o
 .debug_line    0x00001389      0x694 Sketch.o
 .debug_line    0x00001a1d      0x32e src/libraries/Encoder_tmr/iarduino_Encoder_tmr.o
 .debug_line    0x00001d4b      0x715 src/libraries/LiquidCrystal_I2C/src/LiquidCrystal_I2C.o
 .debug_line    0x00002460      0x2df src/libraries/MAX6675/max6675.o
 .debug_line    0x0000273f      0x426 src/libraries/PID/PID_v1.o
 .debug_line    0x00002b65      0x442 src/libraries/SimpleTimer/SimpleTimer.o
 .debug_line    0x00002fa7      0x52e src/libraries/Wire/src/utility/twi.o
 .debug_line    0x000034d5      0x608 src/libraries/Wire/src/Wire.o
 .debug_line    0x00003add      0x1b4 Thermometer/Thermometer.o
 .debug_line    0x00003c91      0x17a R:\AVR_Controller\Arduino\Bottom_heater\Code\Bottom_heater\Bottom_heater\ArduinoCore\Debug\libArduinoCore.a(main.o)
 .debug_line    0x00003e0b      0x12f R:\AVR_Controller\Arduino\Bottom_heater\Code\Bottom_heater\Bottom_heater\ArduinoCore\Debug\libArduinoCore.a(new.o)
 .debug_line    0x00003f3a      0x69a R:\AVR_Controller\Arduino\Bottom_heater\Code\Bottom_heater\Bottom_heater\ArduinoCore\Debug\libArduinoCore.a(Print.o)
 .debug_line    0x000045d4      0x1b5 R:\AVR_Controller\Arduino\Bottom_heater\Code\Bottom_heater\Bottom_heater\ArduinoCore\Debug\libArduinoCore.a(WInterrupts.o)
 .debug_line    0x00004789      0x2ae R:\AVR_Controller\Arduino\Bottom_heater\Code\Bottom_heater\Bottom_heater\ArduinoCore\Debug\libArduinoCore.a(wiring.o)
 .debug_line    0x00004a37      0x224 R:\AVR_Controller\Arduino\Bottom_heater\Code\Bottom_heater\Bottom_heater\ArduinoCore\Debug\libArduinoCore.a(wiring_analog.o)
 .debug_line    0x00004c5b      0x267 R:\AVR_Controller\Arduino\Bottom_heater\Code\Bottom_heater\Bottom_heater\ArduinoCore\Debug\libArduinoCore.a(wiring_digital.o)
 .debug_line    0x00004ec2     0x1355 R:\AVR_Controller\Arduino\Bottom_heater\Code\Bottom_heater\Bottom_heater\ArduinoCore\Debug\libArduinoCore.a(WString.o)
 .debug_line    0x00006217       0x41 R:\AVR_Controller\Arduino\Bottom_heater\Code\Bottom_heater\Bottom_heater\ArduinoCore\Debug\libArduinoCore.a(hooks.o)
 .debug_line    0x00006258       0x7a C:/Program Files (x86)/Atmel/Studio/7.0/Packs/atmel/ATmega_DFP/1.2.209/gcc/dev/atmega328p/avr5\libatmega328p.a(eerd_byte.o)
 .debug_line    0x000062d2       0x9e C:/Program Files (x86)/Atmel/Studio/7.0/Packs/atmel/ATmega_DFP/1.2.209/gcc/dev/atmega328p/avr5\libatmega328p.a(eewr_byte.o)

.debug_frame    0x00000000     0x271c
 *(.debug_frame)
 .debug_frame   0x00000000       0xbc Dimmer/Dimmer.o
 .debug_frame   0x000000bc       0x50 Dimmer/DimmerItem.o
 .debug_frame   0x0000010c       0xb0 Display/Display16x2.o
 .debug_frame   0x000001bc      0x274 Extensions/EepromExtension.o
 .debug_frame   0x00000430       0x90 Menu/Menu.o
 .debug_frame   0x000004c0       0x84 Menu/MenuActionItem.o
 .debug_frame   0x00000544       0xe4 Menu/MenuDoubleItem.o
 .debug_frame   0x00000628       0xbc Menu/MenuItem.o
 .debug_frame   0x000006e4      0x208 Sketch.o
 .debug_frame   0x000008ec       0xbc src/libraries/Encoder_tmr/iarduino_Encoder_tmr.o
 .debug_frame   0x000009a8      0x29c src/libraries/LiquidCrystal_I2C/src/LiquidCrystal_I2C.o
 .debug_frame   0x00000c44       0x98 src/libraries/MAX6675/max6675.o
 .debug_frame   0x00000cdc      0x2dc src/libraries/PID/PID_v1.o
 .debug_frame   0x00000fb8      0x1e4 src/libraries/SimpleTimer/SimpleTimer.o
 .debug_frame   0x0000119c      0x134 src/libraries/Wire/src/utility/twi.o
 .debug_frame   0x000012d0      0x284 src/libraries/Wire/src/Wire.o
 .debug_frame   0x00001554       0x68 Thermometer/Thermometer.o
 .debug_frame   0x000015bc       0x54 R:\AVR_Controller\Arduino\Bottom_heater\Code\Bottom_heater\Bottom_heater\ArduinoCore\Debug\libArduinoCore.a(main.o)
 .debug_frame   0x00001610       0x54 R:\AVR_Controller\Arduino\Bottom_heater\Code\Bottom_heater\Bottom_heater\ArduinoCore\Debug\libArduinoCore.a(new.o)
 .debug_frame   0x00001664      0x3ac R:\AVR_Controller\Arduino\Bottom_heater\Code\Bottom_heater\Bottom_heater\ArduinoCore\Debug\libArduinoCore.a(Print.o)
 .debug_frame   0x00001a10       0xf4 R:\AVR_Controller\Arduino\Bottom_heater\Code\Bottom_heater\Bottom_heater\ArduinoCore\Debug\libArduinoCore.a(WInterrupts.o)
 .debug_frame   0x00001b04       0xc4 R:\AVR_Controller\Arduino\Bottom_heater\Code\Bottom_heater\Bottom_heater\ArduinoCore\Debug\libArduinoCore.a(wiring.o)
 .debug_frame   0x00001bc8       0x54 R:\AVR_Controller\Arduino\Bottom_heater\Code\Bottom_heater\Bottom_heater\ArduinoCore\Debug\libArduinoCore.a(wiring_analog.o)
 .debug_frame   0x00001c1c       0x7c R:\AVR_Controller\Arduino\Bottom_heater\Code\Bottom_heater\Bottom_heater\ArduinoCore\Debug\libArduinoCore.a(wiring_digital.o)
 .debug_frame   0x00001c98      0xa60 R:\AVR_Controller\Arduino\Bottom_heater\Code\Bottom_heater\Bottom_heater\ArduinoCore\Debug\libArduinoCore.a(WString.o)
 .debug_frame   0x000026f8       0x24 R:\AVR_Controller\Arduino\Bottom_heater\Code\Bottom_heater\Bottom_heater\ArduinoCore\Debug\libArduinoCore.a(hooks.o)

.debug_str      0x00000000     0x4dec
 *(.debug_str)
 .debug_str     0x00000000      0x208 C:/Program Files (x86)/Atmel/Studio/7.0/Packs/atmel/ATmega_DFP/1.2.209/gcc/dev/atmega328p/avr5/crtatmega328p.o
 .debug_str     0x00000208      0x745 Dimmer/Dimmer.o
                                0x7c7 (size before relaxing)
 .debug_str     0x0000094d       0x55 Dimmer/DimmerItem.o
                                0x34d (size before relaxing)
 .debug_str     0x000009a2      0xd6f Display/Display16x2.o
                               0x1042 (size before relaxing)
 .debug_str     0x00001711      0x60e Extensions/EepromExtension.o
                                0x8a4 (size before relaxing)
 .debug_str     0x00001d1f      0x21b Menu/Menu.o
                                0x411 (size before relaxing)
 .debug_str     0x00001f3a      0x1f6 Menu/MenuActionItem.o
                                0x521 (size before relaxing)
 .debug_str     0x00002130      0x1d8 Menu/MenuDoubleItem.o
                                0x5ac (size before relaxing)
 .debug_str     0x00002308      0x17e Menu/MenuItem.o
                                0x604 (size before relaxing)
 .debug_str     0x00002486      0x81c Sketch.o
                               0x1528 (size before relaxing)
 .debug_str     0x00002ca2      0x1a7 src/libraries/Encoder_tmr/iarduino_Encoder_tmr.o
                                0x4f0 (size before relaxing)
 .debug_str     0x00002e49      0x8b6 src/libraries/LiquidCrystal_I2C/src/LiquidCrystal_I2C.o
                                0xc11 (size before relaxing)
 .debug_str     0x000036ff       0x77 src/libraries/MAX6675/max6675.o
                                0x3c3 (size before relaxing)
 .debug_str     0x00003776       0x82 src/libraries/PID/PID_v1.o
                                0x52e (size before relaxing)
 .debug_str     0x000037f8       0x6c src/libraries/SimpleTimer/SimpleTimer.o
                                0x5d5 (size before relaxing)
 .debug_str     0x00003864      0x2b2 src/libraries/Wire/src/utility/twi.o
                                0x3cb (size before relaxing)
 .debug_str     0x00003b16      0x898 src/libraries/Wire/src/Wire.o
                               0x18c2 (size before relaxing)
 .debug_str     0x000043ae       0x5e Thermometer/Thermometer.o
                                0x43f (size before relaxing)
 .debug_str     0x0000440c       0xaa R:\AVR_Controller\Arduino\Bottom_heater\Code\Bottom_heater\Bottom_heater\ArduinoCore\Debug\libArduinoCore.a(main.o)
                                0x2af (size before relaxing)
 .debug_str     0x000044b6       0x3a R:\AVR_Controller\Arduino\Bottom_heater\Code\Bottom_heater\Bottom_heater\ArduinoCore\Debug\libArduinoCore.a(new.o)
                                0x1c5 (size before relaxing)
 .debug_str     0x000044f0      0x36d R:\AVR_Controller\Arduino\Bottom_heater\Code\Bottom_heater\Bottom_heater\ArduinoCore\Debug\libArduinoCore.a(Print.o)
                               0x123d (size before relaxing)
 .debug_str     0x0000485d       0x72 R:\AVR_Controller\Arduino\Bottom_heater\Code\Bottom_heater\Bottom_heater\ArduinoCore\Debug\libArduinoCore.a(WInterrupts.o)
                                0x232 (size before relaxing)
 .debug_str     0x000048cf       0x6d R:\AVR_Controller\Arduino\Bottom_heater\Code\Bottom_heater\Bottom_heater\ArduinoCore\Debug\libArduinoCore.a(wiring.o)
                                0x245 (size before relaxing)
 .debug_str     0x0000493c       0x66 R:\AVR_Controller\Arduino\Bottom_heater\Code\Bottom_heater\Bottom_heater\ArduinoCore\Debug\libArduinoCore.a(wiring_analog.o)
                                0x249 (size before relaxing)
 .debug_str     0x000049a2       0x51 R:\AVR_Controller\Arduino\Bottom_heater\Code\Bottom_heater\Bottom_heater\ArduinoCore\Debug\libArduinoCore.a(wiring_digital.o)
                                0x2aa (size before relaxing)
 .debug_str     0x000049f3      0x3dd R:\AVR_Controller\Arduino\Bottom_heater\Code\Bottom_heater\Bottom_heater\ArduinoCore\Debug\libArduinoCore.a(WString.o)
                               0x1190 (size before relaxing)
 .debug_str     0x00004dd0       0x1c R:\AVR_Controller\Arduino\Bottom_heater\Code\Bottom_heater\Bottom_heater\ArduinoCore\Debug\libArduinoCore.a(hooks.o)
                                0x13a (size before relaxing)

.debug_loc      0x00000000     0xc94b
 *(.debug_loc)
 .debug_loc     0x00000000      0x2c0 Dimmer/Dimmer.o
 .debug_loc     0x000002c0       0xe7 Dimmer/DimmerItem.o
 .debug_loc     0x000003a7      0x431 Display/Display16x2.o
 .debug_loc     0x000007d8     0x1188 Extensions/EepromExtension.o
 .debug_loc     0x00001960      0x14d Menu/Menu.o
 .debug_loc     0x00001aad       0xc4 Menu/MenuActionItem.o
 .debug_loc     0x00001b71      0x274 Menu/MenuDoubleItem.o
 .debug_loc     0x00001de5      0x1c2 Menu/MenuItem.o
 .debug_loc     0x00001fa7      0x4eb Sketch.o
 .debug_loc     0x00002492      0x3a5 src/libraries/Encoder_tmr/iarduino_Encoder_tmr.o
 .debug_loc     0x00002837      0xb09 src/libraries/LiquidCrystal_I2C/src/LiquidCrystal_I2C.o
 .debug_loc     0x00003340      0x395 src/libraries/MAX6675/max6675.o
 .debug_loc     0x000036d5      0xd8a src/libraries/PID/PID_v1.o
 .debug_loc     0x0000445f      0x8ef src/libraries/SimpleTimer/SimpleTimer.o
 .debug_loc     0x00004d4e      0x3e6 src/libraries/Wire/src/utility/twi.o
 .debug_loc     0x00005134      0xbfd src/libraries/Wire/src/Wire.o
 .debug_loc     0x00005d31      0x15e Thermometer/Thermometer.o
 .debug_loc     0x00005e8f       0x4c R:\AVR_Controller\Arduino\Bottom_heater\Code\Bottom_heater\Bottom_heater\ArduinoCore\Debug\libArduinoCore.a(new.o)
 .debug_loc     0x00005edb     0x1c87 R:\AVR_Controller\Arduino\Bottom_heater\Code\Bottom_heater\Bottom_heater\ArduinoCore\Debug\libArduinoCore.a(Print.o)
 .debug_loc     0x00007b62      0x235 R:\AVR_Controller\Arduino\Bottom_heater\Code\Bottom_heater\Bottom_heater\ArduinoCore\Debug\libArduinoCore.a(WInterrupts.o)
 .debug_loc     0x00007d97      0x28d R:\AVR_Controller\Arduino\Bottom_heater\Code\Bottom_heater\Bottom_heater\ArduinoCore\Debug\libArduinoCore.a(wiring.o)
 .debug_loc     0x00008024       0xfe R:\AVR_Controller\Arduino\Bottom_heater\Code\Bottom_heater\Bottom_heater\ArduinoCore\Debug\libArduinoCore.a(wiring_analog.o)
 .debug_loc     0x00008122      0x5fc R:\AVR_Controller\Arduino\Bottom_heater\Code\Bottom_heater\Bottom_heater\ArduinoCore\Debug\libArduinoCore.a(wiring_digital.o)
 .debug_loc     0x0000871e     0x422d R:\AVR_Controller\Arduino\Bottom_heater\Code\Bottom_heater\Bottom_heater\ArduinoCore\Debug\libArduinoCore.a(WString.o)

.debug_macinfo
 *(.debug_macinfo)

.debug_weaknames
 *(.debug_weaknames)

.debug_funcnames
 *(.debug_funcnames)

.debug_typenames
 *(.debug_typenames)

.debug_varnames
 *(.debug_varnames)

.debug_pubtypes
 *(.debug_pubtypes)

.debug_ranges   0x00000000      0xbf0
 *(.debug_ranges)
 .debug_ranges  0x00000000       0x58 Dimmer/Dimmer.o
 .debug_ranges  0x00000058       0x20 Dimmer/DimmerItem.o
 .debug_ranges  0x00000078       0x30 Display/Display16x2.o
 .debug_ranges  0x000000a8       0xe0 Extensions/EepromExtension.o
 .debug_ranges  0x00000188       0x40 Menu/Menu.o
 .debug_ranges  0x000001c8       0x40 Menu/MenuActionItem.o
 .debug_ranges  0x00000208       0x50 Menu/MenuDoubleItem.o
 .debug_ranges  0x00000258       0x50 Menu/MenuItem.o
 .debug_ranges  0x000002a8       0x78 Sketch.o
 .debug_ranges  0x00000320       0x38 src/libraries/Encoder_tmr/iarduino_Encoder_tmr.o
 .debug_ranges  0x00000358      0x108 src/libraries/LiquidCrystal_I2C/src/LiquidCrystal_I2C.o
 .debug_ranges  0x00000460       0x28 src/libraries/MAX6675/max6675.o
 .debug_ranges  0x00000488       0x70 src/libraries/PID/PID_v1.o
 .debug_ranges  0x000004f8       0x70 src/libraries/SimpleTimer/SimpleTimer.o
 .debug_ranges  0x00000568       0x70 src/libraries/Wire/src/utility/twi.o
 .debug_ranges  0x000005d8       0xe8 src/libraries/Wire/src/Wire.o
 .debug_ranges  0x000006c0       0x20 Thermometer/Thermometer.o
 .debug_ranges  0x000006e0       0x20 R:\AVR_Controller\Arduino\Bottom_heater\Code\Bottom_heater\Bottom_heater\ArduinoCore\Debug\libArduinoCore.a(main.o)
 .debug_ranges  0x00000700       0x18 R:\AVR_Controller\Arduino\Bottom_heater\Code\Bottom_heater\Bottom_heater\ArduinoCore\Debug\libArduinoCore.a(new.o)
 .debug_ranges  0x00000718      0x120 R:\AVR_Controller\Arduino\Bottom_heater\Code\Bottom_heater\Bottom_heater\ArduinoCore\Debug\libArduinoCore.a(Print.o)
 .debug_ranges  0x00000838       0x30 R:\AVR_Controller\Arduino\Bottom_heater\Code\Bottom_heater\Bottom_heater\ArduinoCore\Debug\libArduinoCore.a(WInterrupts.o)
 .debug_ranges  0x00000868       0x38 R:\AVR_Controller\Arduino\Bottom_heater\Code\Bottom_heater\Bottom_heater\ArduinoCore\Debug\libArduinoCore.a(wiring.o)
 .debug_ranges  0x000008a0       0x20 R:\AVR_Controller\Arduino\Bottom_heater\Code\Bottom_heater\Bottom_heater\ArduinoCore\Debug\libArduinoCore.a(wiring_analog.o)
 .debug_ranges  0x000008c0       0x28 R:\AVR_Controller\Arduino\Bottom_heater\Code\Bottom_heater\Bottom_heater\ArduinoCore\Debug\libArduinoCore.a(wiring_digital.o)
 .debug_ranges  0x000008e8      0x2f8 R:\AVR_Controller\Arduino\Bottom_heater\Code\Bottom_heater\Bottom_heater\ArduinoCore\Debug\libArduinoCore.a(WString.o)
 .debug_ranges  0x00000be0       0x10 R:\AVR_Controller\Arduino\Bottom_heater\Code\Bottom_heater\Bottom_heater\ArduinoCore\Debug\libArduinoCore.a(hooks.o)

.debug_macro
 *(.debug_macro)
OUTPUT(Bottom_heater.elf elf32-avr)
LOAD linker stubs
