Archive member included to satisfy reference by file (symbol)

c:/program files (x86)/atmel/studio/7.0/toolchain/avr8/avr8-gnu-toolchain/bin/../lib/gcc/avr/5.4.0/../../../../avr/lib/avr5\libm.a(addsf3.o)
                              Menu/MenuDoubleItem.o (__subsf3)
c:/program files (x86)/atmel/studio/7.0/toolchain/avr8/avr8-gnu-toolchain/bin/../lib/gcc/avr/5.4.0/../../../../avr/lib/avr5\libm.a(addsf3x.o)
                              c:/program files (x86)/atmel/studio/7.0/toolchain/avr8/avr8-gnu-toolchain/bin/../lib/gcc/avr/5.4.0/../../../../avr/lib/avr5\libm.a(addsf3.o) (__addsf3x)
c:/program files (x86)/atmel/studio/7.0/toolchain/avr8/avr8-gnu-toolchain/bin/../lib/gcc/avr/5.4.0/../../../../avr/lib/avr5\libm.a(cmpsf2.o)
                              Sketch.o (__nesf2)
c:/program files (x86)/atmel/studio/7.0/toolchain/avr8/avr8-gnu-toolchain/bin/../lib/gcc/avr/5.4.0/../../../../avr/lib/avr5\libm.a(divsf3.o)
                              Sketch.o (__divsf3)
c:/program files (x86)/atmel/studio/7.0/toolchain/avr8/avr8-gnu-toolchain/bin/../lib/gcc/avr/5.4.0/../../../../avr/lib/avr5\libm.a(divsf3x.o)
                              c:/program files (x86)/atmel/studio/7.0/toolchain/avr8/avr8-gnu-toolchain/bin/../lib/gcc/avr/5.4.0/../../../../avr/lib/avr5\libm.a(divsf3.o) (__divsf3x)
c:/program files (x86)/atmel/studio/7.0/toolchain/avr8/avr8-gnu-toolchain/bin/../lib/gcc/avr/5.4.0/../../../../avr/lib/avr5\libm.a(fixsfsi.o)
                              Sketch.o (__fixsfsi)
c:/program files (x86)/atmel/studio/7.0/toolchain/avr8/avr8-gnu-toolchain/bin/../lib/gcc/avr/5.4.0/../../../../avr/lib/avr5\libm.a(fixunssfsi.o)
                              c:/program files (x86)/atmel/studio/7.0/toolchain/avr8/avr8-gnu-toolchain/bin/../lib/gcc/avr/5.4.0/../../../../avr/lib/avr5\libm.a(fixsfsi.o) (__fixunssfsi)
c:/program files (x86)/atmel/studio/7.0/toolchain/avr8/avr8-gnu-toolchain/bin/../lib/gcc/avr/5.4.0/../../../../avr/lib/avr5\libm.a(floatsisf.o)
                              src/libraries/AutoPID/AutoPID.o (__floatunsisf)
c:/program files (x86)/atmel/studio/7.0/toolchain/avr8/avr8-gnu-toolchain/bin/../lib/gcc/avr/5.4.0/../../../../avr/lib/avr5\libm.a(fp_cmp.o)
                              c:/program files (x86)/atmel/studio/7.0/toolchain/avr8/avr8-gnu-toolchain/bin/../lib/gcc/avr/5.4.0/../../../../avr/lib/avr5\libm.a(cmpsf2.o) (__fp_cmp)
c:/program files (x86)/atmel/studio/7.0/toolchain/avr8/avr8-gnu-toolchain/bin/../lib/gcc/avr/5.4.0/../../../../avr/lib/avr5\libm.a(fp_inf.o)
                              c:/program files (x86)/atmel/studio/7.0/toolchain/avr8/avr8-gnu-toolchain/bin/../lib/gcc/avr/5.4.0/../../../../avr/lib/avr5\libm.a(addsf3x.o) (__fp_inf)
c:/program files (x86)/atmel/studio/7.0/toolchain/avr8/avr8-gnu-toolchain/bin/../lib/gcc/avr/5.4.0/../../../../avr/lib/avr5\libm.a(fp_nan.o)
                              c:/program files (x86)/atmel/studio/7.0/toolchain/avr8/avr8-gnu-toolchain/bin/../lib/gcc/avr/5.4.0/../../../../avr/lib/avr5\libm.a(addsf3x.o) (__fp_nan)
c:/program files (x86)/atmel/studio/7.0/toolchain/avr8/avr8-gnu-toolchain/bin/../lib/gcc/avr/5.4.0/../../../../avr/lib/avr5\libm.a(fp_pscA.o)
                              c:/program files (x86)/atmel/studio/7.0/toolchain/avr8/avr8-gnu-toolchain/bin/../lib/gcc/avr/5.4.0/../../../../avr/lib/avr5\libm.a(addsf3x.o) (__fp_pscA)
c:/program files (x86)/atmel/studio/7.0/toolchain/avr8/avr8-gnu-toolchain/bin/../lib/gcc/avr/5.4.0/../../../../avr/lib/avr5\libm.a(fp_pscB.o)
                              c:/program files (x86)/atmel/studio/7.0/toolchain/avr8/avr8-gnu-toolchain/bin/../lib/gcc/avr/5.4.0/../../../../avr/lib/avr5\libm.a(addsf3x.o) (__fp_pscB)
c:/program files (x86)/atmel/studio/7.0/toolchain/avr8/avr8-gnu-toolchain/bin/../lib/gcc/avr/5.4.0/../../../../avr/lib/avr5\libm.a(fp_round.o)
                              c:/program files (x86)/atmel/studio/7.0/toolchain/avr8/avr8-gnu-toolchain/bin/../lib/gcc/avr/5.4.0/../../../../avr/lib/avr5\libm.a(addsf3.o) (__fp_round)
c:/program files (x86)/atmel/studio/7.0/toolchain/avr8/avr8-gnu-toolchain/bin/../lib/gcc/avr/5.4.0/../../../../avr/lib/avr5\libm.a(fp_split3.o)
                              c:/program files (x86)/atmel/studio/7.0/toolchain/avr8/avr8-gnu-toolchain/bin/../lib/gcc/avr/5.4.0/../../../../avr/lib/avr5\libm.a(addsf3x.o) (__fp_split3)
c:/program files (x86)/atmel/studio/7.0/toolchain/avr8/avr8-gnu-toolchain/bin/../lib/gcc/avr/5.4.0/../../../../avr/lib/avr5\libm.a(fp_zero.o)
                              c:/program files (x86)/atmel/studio/7.0/toolchain/avr8/avr8-gnu-toolchain/bin/../lib/gcc/avr/5.4.0/../../../../avr/lib/avr5\libm.a(addsf3x.o) (__fp_zero)
c:/program files (x86)/atmel/studio/7.0/toolchain/avr8/avr8-gnu-toolchain/bin/../lib/gcc/avr/5.4.0/../../../../avr/lib/avr5\libm.a(gesf2.o)
                              Sketch.o (__gesf2)
c:/program files (x86)/atmel/studio/7.0/toolchain/avr8/avr8-gnu-toolchain/bin/../lib/gcc/avr/5.4.0/../../../../avr/lib/avr5\libm.a(mulsf3.o)
[...]
Memory Configuration

Name             Origin             Length             Attributes
text             0x00000000         0x00020000         xr
data             0x00800060         0x0000ffa0         rw !x
eeprom           0x00810000         0x00010000         rw !x
fuse             0x00820000         0x00000003         rw !x
lock             0x00830000         0x00000400         rw !x
signature        0x00840000         0x00000400         rw !x
user_signatures  0x00850000         0x00000400         rw !x
*default*        0x00000000         0xffffffff

Linker script and memory map

Address of section .data set to 0x800100
LOAD C:/Program Files (x86)/Atmel/Studio/7.0/Packs/atmel/ATmega_DFP/1.2.209/gcc/dev/atmega328p/avr5/crtatmega328p.o
LOAD Buzzer/Buzzer.o
LOAD Dimmer/Dimmer.o
LOAD Dimmer/DimmerItem.o
LOAD Display/Display16x2.o
LOAD Extensions/EepromExtension.o
LOAD Menu/Menu.o
LOAD Menu/MenuActionItem.o
LOAD Menu/MenuBoolItem.o
LOAD Menu/MenuDoubleItem.o
LOAD Menu/MenuIntItem.o
LOAD Menu/MenuItem.o
LOAD Sketch.o
LOAD src/libraries/AutoPID/AutoPID.o
LOAD src/libraries/CyberLib/CyberLib.o
LOAD src/libraries/Encoder_tmr/iarduino_Encoder_tmr.o
LOAD src/libraries/LiquidCrystal_I2C/src/LiquidCrystal_I2C.o
LOAD src/libraries/MAX6675/max6675.o
LOAD src/libraries/PID/PID_v1.o
LOAD src/libraries/SimpleTimer/SimpleTimer.o
LOAD src/libraries/Wire/src/utility/twi.o
LOAD src/libraries/Wire/src/Wire.o
LOAD Thermometer/Thermometer.o
START GROUP
LOAD c:/program files (x86)/atmel/studio/7.0/toolchain/avr8/avr8-gnu-toolchain/bin/../lib/gcc/avr/5.4.0/../../../../avr/lib/avr5\libm.a
LOAD R:\AVR_Controller\Arduino\Bottom_heater\Code\Bottom_heater\Bottom_heater\ArduinoCore\Debug\libArduinoCore.a
END GROUP
LOAD c:/program files (x86)/atmel/studio/7.0/toolchain/avr8/avr8-gnu-toolchain/bin/../lib/gcc/avr/5.4.0/avr5\libgcc.a
LOAD c:/program files (x86)/atmel/studio/7.0/toolchain/avr8/avr8-gnu-toolchain/bin/../lib/gcc/avr/5.4.0/../../../../avr/lib/avr5\libm.a
START GROUP
LOAD c:/program files (x86)/atmel/studio/7.0/toolchain/avr8/avr8-gnu-toolchain/bin/../lib/gcc/avr/5.4.0/avr5\libgcc.a
LOAD c:/program files (x86)/atmel/studio/7.0/toolchain/avr8/avr8-gnu-toolchain/bin/../lib/gcc/avr/5.4.0/../../../../avr/lib/avr5\libm.a
LOAD c:/program files (x86)/atmel/studio/7.0/toolchain/avr8/avr8-gnu-toolchain/bin/../lib/gcc/avr/5.4.0/../../../../avr/lib/avr5\libc.a
LOAD C:/Program Files (x86)/Atmel/Studio/7.0/Packs/atmel/ATmega_DFP/1.2.209/gcc/dev/atmega328p/avr5\libatmega328p.a
END GROUP
                0x00020000                __TEXT_REGION_LENGTH__ = DEFINED (__TEXT_REGION_LENGTH__)?__TEXT_REGION_LENGTH__:0x20000
                0x0000ffa0                __DATA_REGION_LENGTH__ = DEFINED (__DATA_REGION_LENGTH__)?__DATA_REGION_LENGTH__:0xffa0
                0x00010000                __EEPROM_REGION_LENGTH__ = DEFINED (__EEPROM_REGION_LENGTH__)?__EEPROM_REGION_LENGTH__:0x10000
                [0x00000003]                __FUSE_REGION_LENGTH__ = DEFINED (__FUSE_REGION_LENGTH__)?__FUSE_REGION_LENGTH__:0x400
                0x00000400                __LOCK_REGION_LENGTH__ = DEFINED (__LOCK_REGION_LENGTH__)?__LOCK_REGION_LENGTH__:0x400
                0x00000400                __SIGNATURE_REGION_LENGTH__ = DEFINED (__SIGNATURE_REGION_LENGTH__)?__SIGNATURE_REGION_LENGTH__:0x400
                0x00000400                __USER_SIGNATURE_REGION_LENGTH__ = DEFINED (__USER_SIGNATURE_REGION_LENGTH__)?__USER_SIGNATURE_REGION_LENGTH__:0x400

.hash
 *(.hash)

.dynsym
 *(.dynsym)

.dynstr
 *(.dynstr)

.gnu.version
 *(.gnu.version)

.gnu.version_d
 *(.gnu.version_d)

.gnu.version_r
 *(.gnu.version_r)

.rel.init
 *(.rel.init)

.rela.init
 *(.rela.init)

.rel.text
 *(.rel.text)
 *(.rel.text.*)
 *(.rel.gnu.linkonce.t*)

.rela.text
 *(.rela.text)
 *(.rela.text.*)
 *(.rela.gnu.linkonce.t*)

.rel.fini
 *(.rel.fini)

.rela.fini
 *(.rela.fini)

.rel.rodata
 *(.rel.rodata)
 *(.rel.rodata.*)
 *(.rel.gnu.linkonce.r*)

.rela.rodata
 *(.rela.rodata)
 *(.rela.rodata.*)
 *(.rela.gnu.linkonce.r*)

.rel.data
 *(.rel.data)
 *(.rel.data.*)
 *(.rel.gnu.linkonce.d*)

.rela.data
 *(.rela.data)
 *(.rela.data.*)
 *(.rela.gnu.linkonce.d*)

.rel.ctors
 *(.rel.ctors)

.rela.ctors
 *(.rela.ctors)

.rel.dtors
 *(.rel.dtors)

.rela.dtors
 *(.rela.dtors)

.rel.got
 *(.rel.got)

.rela.got
 *(.rela.got)

.rel.bss
 *(.rel.bss)

.rela.bss
 *(.rela.bss)

.rel.plt
 *(.rel.plt)

.rela.plt
 *(.rela.plt)

.text           0x00000000     0x4494
 *(.vectors)
 .vectors       0x00000000       0x68 C:/Program Files (x86)/Atmel/Studio/7.0/Packs/atmel/ATmega_DFP/1.2.209/gcc/dev/atmega328p/avr5/crtatmega328p.o
                0x00000000                __vector_default
                0x00000000                __vectors
 *(.vectors)
 *(.progmem.gcc*)
                0x00000068                . = ALIGN (0x2)
                0x00000068                __trampolines_start = .
 *(.trampolines)
 .trampolines   0x00000068        0x0 linker stubs
 *(.trampolines*)
                0x00000068                __trampolines_end = .
 *libprintf_flt.a:*(.progmem.data)
 *libc.a:*(.progmem.data)
 *(.progmem*)
 .progmem.data.digital_pin_to_timer_PGM
                0x00000068       0x14 R:\AVR_Controller\Arduino\Bottom_heater\Code\Bottom_heater\Bottom_heater\ArduinoCore\Debug\libArduinoCore.a(wiring_digital.o)
                0x00000068                digital_pin_to_timer_PGM
 .progmem.data.digital_pin_to_bit_mask_PGM
                0x0000007c       0x14 R:\AVR_Controller\Arduino\Bottom_heater\Code\Bottom_heater\Bottom_heater\ArduinoCore\Debug\libArduinoCore.a(wiring_digital.o)
                0x0000007c                digital_pin_to_bit_mask_PGM
 .progmem.data.digital_pin_to_port_PGM
                0x00000090       0x14 R:\AVR_Controller\Arduino\Bottom_heater\Code\Bottom_heater\Bottom_heater\ArduinoCore\Debug\libArduinoCore.a(wiring_digital.o)
                0x00000090                digital_pin_to_port_PGM
 .progmem.data.port_to_input_PGM
                0x000000a4        0xa R:\AVR_Controller\Arduino\Bottom_heater\Code\Bottom_heater\Bottom_heater\ArduinoCore\Debug\libArduinoCore.a(wiring_digital.o)
                0x000000a4                port_to_input_PGM
 .progmem.data.port_to_output_PGM
                0x000000ae        0xa R:\AVR_Controller\Arduino\Bottom_heater\Code\Bottom_heater\Bottom_heater\ArduinoCore\Debug\libArduinoCore.a(wiring_digital.o)
                0x000000ae                port_to_output_PGM
 .progmem.data.port_to_mode_PGM
                0x000000b8        0xa R:\AVR_Controller\Arduino\Bottom_heater\Code\Bottom_heater\Bottom_heater\ArduinoCore\Debug\libArduinoCore.a(wiring_digital.o)
                0x000000b8                port_to_mode_PGM
                0x000000c2                . = ALIGN (0x2)
 *(.jumptables)
 *(.jumptables*)
 *(.lowtext)
 *(.lowtext*)
                0x000000c2                __ctors_start = .
 *(.ctors)
 .ctors         0x000000c2        0x2 src/libraries/Encoder_tmr/iarduino_Encoder_tmr.o
 .ctors         0x000000c4        0x2 src/libraries/Wire/src/Wire.o
 .ctors         0x000000c6        0x2 R:\AVR_Controller\Arduino\Bottom_heater\Code\Bottom_heater\Bottom_heater\ArduinoCore\Debug\libArduinoCore.a(HardwareSerial0.o)
                0x000000c8                __ctors_end = .
                0x000000c8                __dtors_start = .
 *(.dtors)
                0x000000c8                __dtors_end = .
 SORT(*)(.ctors)
 SORT(*)(.dtors)
 *(.init0)
 .init0         0x000000c8        0x0 C:/Program Files (x86)/Atmel/Studio/7.0/Packs/atmel/ATmega_DFP/1.2.209/gcc/dev/atmega328p/avr5/crtatmega328p.o
                0x000000c8                __init
 *(.init0)
 *(.init1)
 *(.init1)
 *(.init2)
 .init2         0x000000c8        0xc C:/Program Files (x86)/Atmel/Studio/7.0/Packs/atmel/ATmega_DFP/1.2.209/gcc/dev/atmega328p/avr5/crtatmega328p.o
 *(.init2)
 *(.init3)
 *(.init3)
 *(.init4)
 .init4         0x000000d4       0x16 c:/program files (x86)/atmel/studio/7.0/toolchain/avr8/avr8-gnu-toolchain/bin/../lib/gcc/avr/5.4.0/avr5\libgcc.a(_copy_data.o)
                0x000000d4                __do_copy_data
 .init4         0x000000ea       0x10 c:/program files (x86)/atmel/studio/7.0/toolchain/avr8/avr8-gnu-toolchain/bin/../lib/gcc/avr/5.4.0/avr5\libgcc.a(_clear_bss.o)
                0x000000ea                __do_clear_bss
 *(.init4)
 *(.init5)
 *(.init5)
 *(.init6)
 .init6         0x000000fa       0x16 c:/program files (x86)/atmel/studio/7.0/toolchain/avr8/avr8-gnu-toolchain/bin/../lib/gcc/avr/5.4.0/avr5\libgcc.a(_ctors.o)
                0x000000fa                __do_global_ctors
 *(.init6)
 *(.init7)
 *(.init7)
 *(.init8)
 *(.init8)
 *(.init9)
 .init9         0x00000110        0x8 C:/Program Files (x86)/Atmel/Studio/7.0/Packs/atmel/ATmega_DFP/1.2.209/gcc/dev/atmega328p/avr5/crtatmega328p.o
 *(.init9)
 *(.text)
 .text          0x00000118        0x4 C:/Program Files (x86)/Atmel/Studio/7.0/Packs/atmel/ATmega_DFP/1.2.209/gcc/dev/atmega328p/avr5/crtatmega328p.o
                0x00000118                __vector_22
                0x00000118                __vector_12
                0x00000118                __bad_interrupt
                0x00000118                __vector_6
                0x00000118                __vector_3
                0x00000118                __vector_23
                0x00000118                __vector_25
                0x00000118                __vector_11
                0x00000118                __vector_17
                0x00000118                __vector_5
                0x00000118                __vector_4
                0x00000118                __vector_9
                0x00000118                __vector_21
                0x00000118                __vector_15
                0x00000118                __vector_8
                0x00000118                __vector_14
                0x00000118                __vector_10
                0x00000118                __vector_20
                0x0000011c                . = ALIGN (0x2)
 *(.text.*)
 .text._Z18BeepTimerInterruptv
                0x0000011c       0x20 Buzzer/Buzzer.o
                0x0000011c                _Z18BeepTimerInterruptv
 .text._ZN6BuzzerC2Ei
                0x0000013c       0x5a Buzzer/Buzzer.o
                0x0000013c                _ZN6BuzzerC2Ei
                0x0000013c                _ZN6BuzzerC1Ei
 .text._ZN6Buzzer3RunEv
                0x00000196        0xc Buzzer/Buzzer.o
                0x00000196                _ZN6Buzzer3RunEv
 .text._ZN6Buzzer8BuzzerOnEl
                0x000001a2       0x60 Buzzer/Buzzer.o
                0x000001a2                _ZN6Buzzer8BuzzerOnEl
 .text._Z10DetectDownv
                0x00000202       0x3a Dimmer/Dimmer.o
                0x00000202                _Z10DetectDownv
 .text._Z8DetectUpv
                0x0000023c       0x1a Dimmer/Dimmer.o
                0x0000023c                _Z8DetectUpv
 .text._Z14TimerInterruptv
                0x00000256       0x68 Dimmer/Dimmer.o
                0x00000256                _Z14TimerInterruptv
 .text._ZN6DimmerC2EiP10DimmerItemS1_
                0x000002be       0x40 Dimmer/Dimmer.o
                0x000002be                _ZN6DimmerC2EiP10DimmerItemS1_
                0x000002be                _ZN6DimmerC1EiP10DimmerItemS1_
 .text._ZN6Dimmer15UpdateItemValueEii
                0x000002fe       0x12 Dimmer/Dimmer.o
                0x000002fe                _ZN6Dimmer15UpdateItemValueEii
 .text._ZN10DimmerItemC2Ei
                0x00000310       0x1e Dimmer/DimmerItem.o
                0x00000310                _ZN10DimmerItemC1Ei
                0x00000310                _ZN10DimmerItemC2Ei
 .text._ZN10DimmerItem11UpdateValueEi
                0x0000032e        0x8 Dimmer/DimmerItem.o
                0x0000032e                _ZN10DimmerItem11UpdateValueEi
 .text._ZN11Display16x2C2EP17LiquidCrystal_I2C
                0x00000336        0x8 Display/Display16x2.o
                0x00000336                _ZN11Display16x2C1EP17LiquidCrystal_I2C
                0x00000336                _ZN11Display16x2C2EP17LiquidCrystal_I2C
 .text._ZN11Display16x215PrintLineValuesEiiii
                0x0000033e      0x1ac Display/Display16x2.o
                0x0000033e                _ZN11Display16x215PrintLineValuesEiiii
 .text._ZN15EepromExtensionC2Ev
                0x000004ea        0x2 Extensions/EepromExtension.o
                0x000004ea                _ZN15EepromExtensionC1Ev
                0x000004ea                _ZN15EepromExtensionC2Ev
 .text._ZN15EepromExtension4ReadEi
                0x000004ec        0x6 Extensions/EepromExtension.o
                0x000004ec                _ZN15EepromExtension4ReadEi
 .text._ZN15EepromExtension5WriteEih
                0x000004f2        0x8 Extensions/EepromExtension.o
                0x000004f2                _ZN15EepromExtension5WriteEih
 .text._ZN15EepromExtension7IntReadEi
                0x000004fa       0x24 Extensions/EepromExtension.o
                0x000004fa                _ZN15EepromExtension7IntReadEi
 .text._ZN15EepromExtension8IntWriteEii
                0x0000051e       0x22 Extensions/EepromExtension.o
                0x0000051e                _ZN15EepromExtension8IntWriteEii
 .text._ZN4MenuC2EP9IMenuItem
                0x00000540        0x8 Menu/Menu.o
                0x00000540                _ZN4MenuC1EP9IMenuItem
                0x00000540                _ZN4MenuC2EP9IMenuItem
 .text._ZN4Menu4GoUpEv
                0x00000548       0x14 Menu/Menu.o
                0x00000548                _ZN4Menu4GoUpEv
 .text._ZN4Menu6GoDownEv
                0x0000055c       0x14 Menu/Menu.o
                0x0000055c                _ZN4Menu6GoDownEv
 .text._ZN4Menu5BeginEv
                0x00000570       0x14 Menu/Menu.o
                0x00000570                _ZN4Menu5BeginEv
 .text._ZN4Menu8GoChoiceEv
                0x00000584       0x26 Menu/Menu.o
                0x00000584                _ZN4Menu8GoChoiceEv
 .text._ZN4Menu6GoMainEv
                0x000005aa       0x14 Menu/Menu.o
                0x000005aa                _ZN4Menu6GoMainEv
 .text._ZN14MenuActionItemD2Ev
                0x000005be        0x2 Menu/MenuActionItem.o
                0x000005be                _ZN14MenuActionItemD2Ev
                0x000005be                _ZN14MenuActionItemD1Ev
 .text._ZN14MenuActionItem8GoChoiceEv
                0x000005c0        0x8 Menu/MenuActionItem.o
                0x000005c0                _ZN14MenuActionItem8GoChoiceEv
 .text._ZN14MenuActionItem7GetNameEv
                0x000005c8        0x8 Menu/MenuActionItem.o
                0x000005c8                _ZN14MenuActionItem7GetNameEv
 .text._ZN14MenuActionItem5BeginEv
                0x000005d0        0xc Menu/MenuActionItem.o
                0x000005d0                _ZN14MenuActionItem5BeginEv
 .text._ZN14MenuActionItem6GoMainEv
                0x000005dc        0x2 Menu/MenuActionItem.o
                0x000005dc                _ZN14MenuActionItem4GoUpEv
                0x000005dc                _ZN14MenuActionItem6GoDownEv
                0x000005dc                _ZN14MenuActionItem6GoMainEv
 .text._ZN14MenuActionItemD0Ev
                0x000005de        0x4 Menu/MenuActionItem.o
                0x000005de                _ZN14MenuActionItemD0Ev
 .text._ZN14MenuActionItemC2EPcP9IMenuItemPFvvE
                0x000005e2       0x18 Menu/MenuActionItem.o
                0x000005e2                _ZN14MenuActionItemC1EPcP9IMenuItemPFvvE
                0x000005e2                _ZN14MenuActionItemC2EPcP9IMenuItemPFvvE
 .text._ZN12MenuBoolItemD2Ev
                0x000005fa        0x2 Menu/MenuBoolItem.o
                0x000005fa                _ZN12MenuBoolItemD2Ev
                0x000005fa                _ZN12MenuBoolItemD1Ev
 .text._ZN12MenuBoolItem4GoUpEv
                0x000005fc       0x1e Menu/MenuBoolItem.o
                0x000005fc                _ZN12MenuBoolItem4GoUpEv
 .text._ZN12MenuBoolItem6GoDownEv
                0x0000061a        0xe Menu/MenuBoolItem.o
                0x0000061a                _ZN12MenuBoolItem6GoDownEv
 .text._ZN12MenuBoolItem8GoChoiceEv
                0x00000628        0x8 Menu/MenuBoolItem.o
                0x00000628                _ZN12MenuBoolItem8GoChoiceEv
 .text._ZN12MenuBoolItem7GetNameEv
                0x00000630        0x8 Menu/MenuBoolItem.o
                0x00000630                _ZN12MenuBoolItem7GetNameEv
 .text._ZN12MenuBoolItem6GoMainEv
                0x00000638        0x2 Menu/MenuBoolItem.o
                0x00000638                _ZN12MenuBoolItem6GoMainEv
 .text._ZN12MenuBoolItemD0Ev
                0x0000063a        0x4 Menu/MenuBoolItem.o
                0x0000063a                _ZN12MenuBoolItemD0Ev
 .text._ZN12MenuBoolItem5BeginEv
                0x0000063e       0x52 Menu/MenuBoolItem.o
                0x0000063e                _ZN12MenuBoolItem5BeginEv
 .text._ZN12MenuBoolItemC2EPcPbP9IMenuItemP17LiquidCrystal_I2C
                0x00000690       0x24 Menu/MenuBoolItem.o
                0x00000690                _ZN12MenuBoolItemC1EPcPbP9IMenuItemP17LiquidCrystal_I2C
                0x00000690                _ZN12MenuBoolItemC2EPcPbP9IMenuItemP17LiquidCrystal_I2C
 .text._ZN14MenuDoubleItemD2Ev
                0x000006b4        0x2 Menu/MenuDoubleItem.o
                0x000006b4                _ZN14MenuDoubleItemD2Ev
                0x000006b4                _ZN14MenuDoubleItemD1Ev
 .text._ZN14MenuDoubleItem4GoUpEv
                0x000006b6       0x44 Menu/MenuDoubleItem.o
                0x000006b6                _ZN14MenuDoubleItem4GoUpEv
 .text._ZN14MenuDoubleItem6GoDownEv
                0x000006fa       0x44 Menu/MenuDoubleItem.o
                0x000006fa                _ZN14MenuDoubleItem6GoDownEv
 .text._ZN14MenuDoubleItem8GoChoiceEv
                0x0000073e        0x8 Menu/MenuDoubleItem.o
                0x0000073e                _ZN14MenuDoubleItem8GoChoiceEv
 .text._ZN14MenuDoubleItem7GetNameEv
                0x00000746        0x8 Menu/MenuDoubleItem.o
                0x00000746                _ZN14MenuDoubleItem7GetNameEv
 .text._ZN14MenuDoubleItem6GoMainEv
                0x0000074e        0x2 Menu/MenuDoubleItem.o
                0x0000074e                _ZN14MenuDoubleItem6GoMainEv
 .text._ZN14MenuDoubleItemD0Ev
                0x00000750        0x4 Menu/MenuDoubleItem.o
                0x00000750                _ZN14MenuDoubleItemD0Ev
 .text._ZN14MenuDoubleItem5BeginEv
                0x00000754       0x4e Menu/MenuDoubleItem.o
                0x00000754                _ZN14MenuDoubleItem5BeginEv
 .text._ZN14MenuDoubleItemC2EPcPdP9IMenuItemP17LiquidCrystal_I2C
                0x000007a2       0x24 Menu/MenuDoubleItem.o
                0x000007a2                _ZN14MenuDoubleItemC2EPcPdP9IMenuItemP17LiquidCrystal_I2C
                0x000007a2                _ZN14MenuDoubleItemC1EPcPdP9IMenuItemP17LiquidCrystal_I2C
 .text._ZN8MenuItemD2Ev
                0x000007c6        0x2 Menu/MenuItem.o
                0x000007c6                _ZN8MenuItemD1Ev
                0x000007c6                _ZN8MenuItemD2Ev
 .text._ZN8MenuItem4GoUpEv
                0x000007c8       0x3a Menu/MenuItem.o
                0x000007c8                _ZN8MenuItem4GoUpEv
 .text._ZN8MenuItem6GoDownEv
                0x00000802       0x3a Menu/MenuItem.o
                0x00000802                _ZN8MenuItem6GoDownEv
 .text._ZN8MenuItem8GoChoiceEv
                0x0000083c       0x20 Menu/MenuItem.o
                0x0000083c                _ZN8MenuItem8GoChoiceEv
 .text._ZN8MenuItem7GetNameEv
                0x0000085c        0x8 Menu/MenuItem.o
                0x0000085c                _ZN8MenuItem7GetNameEv
 .text._ZN8MenuItem6GoMainEv
                0x00000864        0x8 Menu/MenuItem.o
                0x00000864                _ZN8MenuItem6GoMainEv
 .text._ZN8MenuItemD0Ev
                0x0000086c        0x4 Menu/MenuItem.o
                0x0000086c                _ZN8MenuItemD0Ev
 .text._ZN8MenuItem5BeginEv
                0x00000870       0x62 Menu/MenuItem.o
                0x00000870                _ZN8MenuItem5BeginEv
 .text._ZN8MenuItemC2EPcPP9IMenuItemiP17LiquidCrystal_I2C
                0x000008d2       0x28 Menu/MenuItem.o
                0x000008d2                _ZN8MenuItemC2EPcPP9IMenuItemiP17LiquidCrystal_I2C
                0x000008d2                _ZN8MenuItemC1EPcPP9IMenuItemiP17LiquidCrystal_I2C
 .text._Z18ExitSoundMenuClickv
                0x000008fa       0x22 Sketch.o
                0x000008fa                _Z18ExitSoundMenuClickv
 .text._Z21TimerHeatingInterruptv
                0x0000091c      0x150 Sketch.o
                0x0000091c                _Z21TimerHeatingInterruptv
 .text._Z13CheckTempBeepv
                0x00000a6c       0xbe Sketch.o
                0x00000a6c                _Z13CheckTempBeepv
 .text._Z13HeatingUpdatev
                0x00000b2a       0x84 Sketch.o
                0x00000b2a                _Z13HeatingUpdatev
 .text._Z13DisplayUpdatev
                0x00000bae      0x116 Sketch.o
                0x00000bae                _Z13DisplayUpdatev
 .text._Z22TimerUpdateTemperaturev
                0x00000cc4       0x4c Sketch.o
                0x00000cc4                _Z22TimerUpdateTemperaturev
 .text._Z13EncoderUpdatev
                0x00000d10       0x40 Sketch.o
                0x00000d10                _Z13EncoderUpdatev
 .text._Z19EncoderButtonUpdatev
                0x00000d50       0x5c Sketch.o
                0x00000d50                _Z19EncoderButtonUpdatev
 .text.loop     0x00000dac       0x20 Sketch.o
                0x00000dac                loop
 .text._Z20ReadSettingsInEepromv
                0x00000dcc       0x92 Sketch.o
                0x00000dcc                _Z20ReadSettingsInEepromv
 .text._Z20SaveSettingsInEepromv
                0x00000e5e      0x14a Sketch.o
                0x00000e5e                _Z20SaveSettingsInEepromv
 .text._Z13ExitMenuClickv
                0x00000fa8       0x36 Sketch.o
                0x00000fa8                _Z13ExitMenuClickv
 .text._Z13StopMenuClickv
                0x00000fde       0x30 Sketch.o
                0x00000fde                _Z13StopMenuClickv
 .text._Z14StartMenuClickv
                0x0000100e       0x32 Sketch.o
                0x0000100e                _Z14StartMenuClickv
 .text._Z15CreateMenuItemsv
                0x00001040      0x22c Sketch.o
                0x00001040                _Z15CreateMenuItemsv
 .text.setup    0x0000126c      0x280 Sketch.o
                0x0000126c                setup
 .text._Z11StartTimer1PFvvEm
                0x000014ec      0x14c src/libraries/CyberLib/CyberLib.o
                0x000014ec                _Z11StartTimer1PFvvEm
 .text._Z10StopTimer1v
                0x00001638        0xc src/libraries/CyberLib/CyberLib.o
                0x00001638                _Z10StopTimer1v
 .text._Z12ResumeTimer1v
                0x00001644        0xc src/libraries/CyberLib/CyberLib.o
                0x00001644                _Z12ResumeTimer1v
 .text.__vector_13
                0x00001650       0x5e src/libraries/CyberLib/CyberLib.o
                0x00001650                __vector_13
 .text._ZN20iarduino_Encoder_tmrC2Ehh
                0x000016ae       0xb8 src/libraries/Encoder_tmr/iarduino_Encoder_tmr.o
                0x000016ae                _ZN20iarduino_Encoder_tmrC1Ehh
                0x000016ae                _ZN20iarduino_Encoder_tmrC2Ehh
 .text._ZN20iarduino_Encoder_tmr4readEv
                0x00001766       0x44 src/libraries/Encoder_tmr/iarduino_Encoder_tmr.o
                0x00001766                _ZN20iarduino_Encoder_tmr4readEv
 .text._ZN20iarduino_Encoder_tmr18func_TIMER2_SETREGEm
                0x000017aa       0xb2 src/libraries/Encoder_tmr/iarduino_Encoder_tmr.o
                0x000017aa                _ZN20iarduino_Encoder_tmr18func_TIMER2_SETREGEm
 .text._ZN20iarduino_Encoder_tmr5beginEv
                0x0000185c       0x42 src/libraries/Encoder_tmr/iarduino_Encoder_tmr.o
                0x0000185c                _ZN20iarduino_Encoder_tmr5beginEv
 .text.__vector_7
                0x0000189e      0x118 src/libraries/Encoder_tmr/iarduino_Encoder_tmr.o
                0x0000189e                __vector_7
 .text.startup._GLOBAL__sub_I_IETVC
                0x000019b6        0x6 src/libraries/Encoder_tmr/iarduino_Encoder_tmr.o
 .text._ZN5Print17availableForWriteEv
                0x000019bc        0x6 src/libraries/LiquidCrystal_I2C/src/LiquidCrystal_I2C.o
                0x000019bc                _ZN5Print17availableForWriteEv
 .text._ZN5Print5flushEv
                0x000019c2        0x2 src/libraries/LiquidCrystal_I2C/src/LiquidCrystal_I2C.o
                0x000019c2                _ZN5Print5flushEv
 .text._ZN17LiquidCrystal_I2CC2Ehhhh
                0x000019c4       0x20 src/libraries/LiquidCrystal_I2C/src/LiquidCrystal_I2C.o
                0x000019c4                _ZN17LiquidCrystal_I2CC2Ehhhh
                0x000019c4                _ZN17LiquidCrystal_I2CC1Ehhhh
 .text._ZN17LiquidCrystal_I2C13expanderWriteEh
                0x000019e4       0x2e src/libraries/LiquidCrystal_I2C/src/LiquidCrystal_I2C.o
                0x000019e4                _ZN17LiquidCrystal_I2C13expanderWriteEh
 .text._ZN17LiquidCrystal_I2C11pulseEnableEh
                0x00001a12       0x30 src/libraries/LiquidCrystal_I2C/src/LiquidCrystal_I2C.o
                0x00001a12                _ZN17LiquidCrystal_I2C11pulseEnableEh
 .text._ZN17LiquidCrystal_I2C10write4bitsEh
                0x00001a42       0x1c src/libraries/LiquidCrystal_I2C/src/LiquidCrystal_I2C.o
                0x00001a42                _ZN17LiquidCrystal_I2C10write4bitsEh
 .text._ZN17LiquidCrystal_I2C4sendEhh
                0x00001a5e       0x2e src/libraries/LiquidCrystal_I2C/src/LiquidCrystal_I2C.o
                0x00001a5e                _ZN17LiquidCrystal_I2C4sendEhh
 .text._ZN17LiquidCrystal_I2C7commandEh
                0x00001a8c        0x6 src/libraries/LiquidCrystal_I2C/src/LiquidCrystal_I2C.o
                0x00001a8c                _ZN17LiquidCrystal_I2C7commandEh
 .text._ZN17LiquidCrystal_I2C5clearEv
                0x00001a92        0xe src/libraries/LiquidCrystal_I2C/src/LiquidCrystal_I2C.o
                0x00001a92                _ZN17LiquidCrystal_I2C5clearEv
 .text._ZN17LiquidCrystal_I2C4homeEv
                0x00001aa0        0xe src/libraries/LiquidCrystal_I2C/src/LiquidCrystal_I2C.o
                0x00001aa0                _ZN17LiquidCrystal_I2C4homeEv
 .text._ZN17LiquidCrystal_I2C9setCursorEhh
                0x00001aae       0x5c src/libraries/LiquidCrystal_I2C/src/LiquidCrystal_I2C.o
                0x00001aae                _ZN17LiquidCrystal_I2C9setCursorEhh
 .text._ZN17LiquidCrystal_I2C7displayEv
                0x00001b0a       0x10 src/libraries/LiquidCrystal_I2C/src/LiquidCrystal_I2C.o
                0x00001b0a                _ZN17LiquidCrystal_I2C7displayEv
 .text._ZN17LiquidCrystal_I2C5writeEh
                0x00001b1a        0xc src/libraries/LiquidCrystal_I2C/src/LiquidCrystal_I2C.o
                0x00001b1a                _ZN17LiquidCrystal_I2C5writeEh
 .text._ZN17LiquidCrystal_I2C5beginEv
                0x00001b26       0xb2 src/libraries/LiquidCrystal_I2C/src/LiquidCrystal_I2C.o
                0x00001b26                _ZN17LiquidCrystal_I2C5beginEv
 .text._ZN7MAX6675C2Eaaa
                0x00001bd8       0x30 src/libraries/MAX6675/max6675.o
                0x00001bd8                _ZN7MAX6675C2Eaaa
                0x00001bd8                _ZN7MAX6675C1Eaaa
 .text._ZN7MAX66757spireadEv
                0x00001c08       0x78 src/libraries/MAX6675/max6675.o
                0x00001c08                _ZN7MAX66757spireadEv
 .text._ZN7MAX667511readCelsiusEv
                0x00001c80       0x78 src/libraries/MAX6675/max6675.o
                0x00001c80                _ZN7MAX667511readCelsiusEv
 .text._ZN3PID7ComputeEv
                0x00001cf8      0x244 src/libraries/PID/PID_v1.o
                0x00001cf8                _ZN3PID7ComputeEv
 .text._ZN3PID10SetTuningsEddd
                0x00001f3c      0x174 src/libraries/PID/PID_v1.o
                0x00001f3c                _ZN3PID10SetTuningsEddd
 .text._ZN3PID15SetOutputLimitsEdd
                0x000020b0      0x100 src/libraries/PID/PID_v1.o
                0x000020b0                _ZN3PID15SetOutputLimitsEdd
 .text._ZN3PID10InitializeEv
                0x000021b0       0x8c src/libraries/PID/PID_v1.o
                0x000021b0                _ZN3PID10InitializeEv
 .text._ZN3PID7SetModeEi
                0x0000223c       0x2c src/libraries/PID/PID_v1.o
                0x0000223c                _ZN3PID7SetModeEi
 .text._ZN3PID22SetControllerDirectionEi
                0x00002268       0x78 src/libraries/PID/PID_v1.o
                0x00002268                _ZN3PID22SetControllerDirectionEi
 .text._ZN3PIDC2EPdS0_S0_dddi
                0x000022e0       0xde src/libraries/PID/PID_v1.o
                0x000022e0                _ZN3PIDC2EPdS0_S0_dddi
                0x000022e0                _ZN3PIDC1EPdS0_S0_dddi
 .text._ZN11SimpleTimerC2Ev
                0x000023be       0x64 src/libraries/SimpleTimer/SimpleTimer.o
                0x000023be                _ZN11SimpleTimerC1Ev
                0x000023be                _ZN11SimpleTimerC2Ev
 .text._ZN11SimpleTimer17findFirstFreeSlotEv
                0x00002422       0x34 src/libraries/SimpleTimer/SimpleTimer.o
                0x00002422                _ZN11SimpleTimer17findFirstFreeSlotEv
 .text._ZN11SimpleTimer8setTimerElPFvvEi
                0x00002456       0xb2 src/libraries/SimpleTimer/SimpleTimer.o
                0x00002456                _ZN11SimpleTimer8setTimerElPFvvEi
 .text._ZN11SimpleTimer14updateIntervalEil
                0x00002508       0x1c src/libraries/SimpleTimer/SimpleTimer.o
                0x00002508                _ZN11SimpleTimer14updateIntervalEil
 .text._ZN11SimpleTimer11setIntervalElPFvvE
                0x00002524       0x12 src/libraries/SimpleTimer/SimpleTimer.o
                0x00002524                _ZN11SimpleTimer11setIntervalElPFvvE
 .text._ZN11SimpleTimer11deleteTimerEi
                0x00002536       0x7e src/libraries/SimpleTimer/SimpleTimer.o
                0x00002536                _ZN11SimpleTimer11deleteTimerEi
 .text._ZN11SimpleTimer3runEv
                0x000025b4      0x18a src/libraries/SimpleTimer/SimpleTimer.o
                0x000025b4                _ZN11SimpleTimer3runEv
 .text._ZN11SimpleTimer12restartTimerEi
                0x0000273e       0x34 src/libraries/SimpleTimer/SimpleTimer.o
                0x0000273e                _ZN11SimpleTimer12restartTimerEi
 .text._ZN11SimpleTimer6enableEi
                0x00002772       0x16 src/libraries/SimpleTimer/SimpleTimer.o
                0x00002772                _ZN11SimpleTimer6enableEi
 .text._ZN11SimpleTimer7disableEi
                0x00002788       0x14 src/libraries/SimpleTimer/SimpleTimer.o
                0x00002788                _ZN11SimpleTimer7disableEi
 .text.twi_init
                0x0000279c       0x3c src/libraries/Wire/src/utility/twi.o
                0x0000279c                twi_init
 .text.twi_writeTo
                0x000027d8       0xac src/libraries/Wire/src/utility/twi.o
                0x000027d8                twi_writeTo
 .text.twi_transmit
                0x00002884       0x50 src/libraries/Wire/src/utility/twi.o
                0x00002884                twi_transmit
 .text.twi_stop
                0x000028d4       0x14 src/libraries/Wire/src/utility/twi.o
                0x000028d4                twi_stop
 .text.twi_releaseBus
                0x000028e8        0xc src/libraries/Wire/src/utility/twi.o
                0x000028e8                twi_releaseBus
 .text.__vector_24
                0x000028f4      0x25a src/libraries/Wire/src/utility/twi.o
                0x000028f4                __vector_24
 .text._ZN7TwoWire9availableEv
                0x00002b4e       0x10 src/libraries/Wire/src/Wire.o
                0x00002b4e                _ZN7TwoWire9availableEv
 .text._ZN7TwoWire4readEv
                0x00002b5e       0x28 src/libraries/Wire/src/Wire.o
                0x00002b5e                _ZN7TwoWire4readEv
 .text._ZN7TwoWire4peekEv
                0x00002b86       0x1e src/libraries/Wire/src/Wire.o
                0x00002b86                _ZN7TwoWire4peekEv
 .text._ZN7TwoWire5flushEv
                0x00002ba4        0x2 src/libraries/Wire/src/Wire.o
                0x00002ba4                _ZN7TwoWire5flushEv
 .text._ZN7TwoWire5writeEPKhj
                0x00002ba6       0x5a src/libraries/Wire/src/Wire.o
                0x00002ba6                _ZN7TwoWire5writeEPKhj
 .text._ZN7TwoWire5writeEh
                0x00002c00       0x5e src/libraries/Wire/src/Wire.o
                0x00002c00                _ZN7TwoWire5writeEh
 .text._ZN7TwoWireC2Ev
                0x00002c5e       0x20 src/libraries/Wire/src/Wire.o
                0x00002c5e                _ZN7TwoWireC1Ev
                0x00002c5e                _ZN7TwoWireC2Ev
 .text._ZN7TwoWire5beginEv
                0x00002c7e       0x14 src/libraries/Wire/src/Wire.o
                0x00002c7e                _ZN7TwoWire5beginEv
 .text._ZN7TwoWire17beginTransmissionEh
                0x00002c92       0x14 src/libraries/Wire/src/Wire.o
                0x00002c92                _ZN7TwoWire17beginTransmissionEh
 .text._ZN7TwoWire15endTransmissionEh
                0x00002ca6       0x26 src/libraries/Wire/src/Wire.o
                0x00002ca6                _ZN7TwoWire15endTransmissionEh
 .text._ZN7TwoWire15endTransmissionEv
                0x00002ccc        0x6 src/libraries/Wire/src/Wire.o
                0x00002ccc                _ZN7TwoWire15endTransmissionEv
 .text.startup._GLOBAL__sub_I__ZN7TwoWire8rxBufferE
                0x00002cd2        0x8 src/libraries/Wire/src/Wire.o
 .text._ZN11ThermometerC2Eiii
                0x00002cda       0x4a Thermometer/Thermometer.o
                0x00002cda                _ZN11ThermometerC1Eiii
                0x00002cda                _ZN11ThermometerC2Eiii
 .text._ZN11Thermometer4ReadEv
                0x00002d24        0xa Thermometer/Thermometer.o
                0x00002d24                _ZN11Thermometer4ReadEv
 .text.avr-libc.fplib
                0x00002d2e        0xe c:/program files (x86)/atmel/studio/7.0/toolchain/avr8/avr8-gnu-toolchain/bin/../lib/gcc/avr/5.4.0/../../../../avr/lib/avr5\libm.a(addsf3.o)
                0x00002d2e                __subsf3
                0x00002d30                __addsf3
 .text.avr-libc.fplib
                0x00002d3c       0xcc c:/program files (x86)/atmel/studio/7.0/toolchain/avr8/avr8-gnu-toolchain/bin/../lib/gcc/avr/5.4.0/../../../../avr/lib/avr5\libm.a(addsf3x.o)
                0x00002d5e                __addsf3x
 .text.avr-libc.fplib
                0x00002e08        0xa c:/program files (x86)/atmel/studio/7.0/toolchain/avr8/avr8-gnu-toolchain/bin/../lib/gcc/avr/5.4.0/../../../../avr/lib/avr5\libm.a(cmpsf2.o)
                0x00002e08                __nesf2
                0x00002e08                __eqsf2
                0x00002e08                __cmpsf2
                0x00002e08                __ltsf2
                0x00002e08                __lesf2
 .text.avr-libc.fplib
                0x00002e12        0x8 c:/program files (x86)/atmel/studio/7.0/toolchain/avr8/avr8-gnu-toolchain/bin/../lib/gcc/avr/5.4.0/../../../../avr/lib/avr5\libm.a(divsf3.o)
                0x00002e12                __divsf3
 .text.avr-libc.fplib
                0x00002e1a       0xdc c:/program files (x86)/atmel/studio/7.0/toolchain/avr8/avr8-gnu-toolchain/bin/../lib/gcc/avr/5.4.0/../../../../avr/lib/avr5\libm.a(divsf3x.o)
                0x00002e3a                __divsf3x
                0x00002e40                __divsf3_pse
 .text.avr-libc.fplib
                0x00002ef6        0xe c:/program files (x86)/atmel/studio/7.0/toolchain/avr8/avr8-gnu-toolchain/bin/../lib/gcc/avr/5.4.0/../../../../avr/lib/avr5\libm.a(fixsfsi.o)
                0x00002ef6                __fixsfsi
 .text.avr-libc.fplib
                0x00002f04       0x5e c:/program files (x86)/atmel/studio/7.0/toolchain/avr8/avr8-gnu-toolchain/bin/../lib/gcc/avr/5.4.0/../../../../avr/lib/avr5\libm.a(fixunssfsi.o)
                0x00002f04                __fixunssfsi
 .text.avr-libc.fplib
                0x00002f62       0x7a c:/program files (x86)/atmel/studio/7.0/toolchain/avr8/avr8-gnu-toolchain/bin/../lib/gcc/avr/5.4.0/../../../../avr/lib/avr5\libm.a(floatsisf.o)
                0x00002f62                __floatunsisf
                0x00002f66                __floatsisf
 .text.avr-libc.fplib
                0x00002fdc       0x48 c:/program files (x86)/atmel/studio/7.0/toolchain/avr8/avr8-gnu-toolchain/bin/../lib/gcc/avr/5.4.0/../../../../avr/lib/avr5\libm.a(fp_cmp.o)
                0x00002fdc                __fp_cmp
 .text.avr-libc.fplib
                0x00003024        0xc c:/program files (x86)/atmel/studio/7.0/toolchain/avr8/avr8-gnu-toolchain/bin/../lib/gcc/avr/5.4.0/../../../../avr/lib/avr5\libm.a(fp_inf.o)
                0x00003024                __fp_inf
 .text.avr-libc.fplib
                0x00003030        0x6 c:/program files (x86)/atmel/studio/7.0/toolchain/avr8/avr8-gnu-toolchain/bin/../lib/gcc/avr/5.4.0/../../../../avr/lib/avr5\libm.a(fp_nan.o)
                0x00003030                __fp_nan
 .text.avr-libc.fplib
                0x00003036        0xe c:/program files (x86)/atmel/studio/7.0/toolchain/avr8/avr8-gnu-toolchain/bin/../lib/gcc/avr/5.4.0/../../../../avr/lib/avr5\libm.a(fp_pscA.o)
                0x00003036                __fp_pscA
 .text.avr-libc.fplib
                0x00003044        0xe c:/program files (x86)/atmel/studio/7.0/toolchain/avr8/avr8-gnu-toolchain/bin/../lib/gcc/avr/5.4.0/../../../../avr/lib/avr5\libm.a(fp_pscB.o)
                0x00003044                __fp_pscB
 .text.avr-libc.fplib
                0x00003052       0x22 c:/program files (x86)/atmel/studio/7.0/toolchain/avr8/avr8-gnu-toolchain/bin/../lib/gcc/avr/5.4.0/../../../../avr/lib/avr5\libm.a(fp_round.o)
                0x00003052                __fp_round
 .text.avr-libc.fplib
                0x00003074       0x44 c:/program files (x86)/atmel/studio/7.0/toolchain/avr8/avr8-gnu-toolchain/bin/../lib/gcc/avr/5.4.0/../../../../avr/lib/avr5\libm.a(fp_split3.o)
                0x00003074                __fp_split3
                0x00003084                __fp_splitA
 .text.avr-libc.fplib
                0x000030b8        0xe c:/program files (x86)/atmel/studio/7.0/toolchain/avr8/avr8-gnu-toolchain/bin/../lib/gcc/avr/5.4.0/../../../../avr/lib/avr5\libm.a(fp_zero.o)
                0x000030b8                __fp_zero
                0x000030ba                __fp_szero
 .text.avr-libc.fplib
                0x000030c6        0xa c:/program files (x86)/atmel/studio/7.0/toolchain/avr8/avr8-gnu-toolchain/bin/../lib/gcc/avr/5.4.0/../../../../avr/lib/avr5\libm.a(gesf2.o)
                0x000030c6                __gesf2
                0x000030c6                __gtsf2
 .text.avr-libc.fplib
                0x000030d0        0x8 c:/program files (x86)/atmel/studio/7.0/toolchain/avr8/avr8-gnu-toolchain/bin/../lib/gcc/avr/5.4.0/../../../../avr/lib/avr5\libm.a(mulsf3.o)
                0x000030d0                __mulsf3
 .text.avr-libc.fplib
                0x000030d8       0xd2 c:/program files (x86)/atmel/studio/7.0/toolchain/avr8/avr8-gnu-toolchain/bin/../lib/gcc/avr/5.4.0/../../../../avr/lib/avr5\libm.a(mulsf3x.o)
                0x000030f6                __mulsf3x
                0x000030fc                __mulsf3_pse
 .text._ZN14HardwareSerial9availableEv
                0x000031aa       0x18 R:\AVR_Controller\Arduino\Bottom_heater\Code\Bottom_heater\Bottom_heater\ArduinoCore\Debug\libArduinoCore.a(HardwareSerial.o)
                0x000031aa                _ZN14HardwareSerial9availableEv
 .text._ZN14HardwareSerial4peekEv
                0x000031c2       0x1c R:\AVR_Controller\Arduino\Bottom_heater\Code\Bottom_heater\Bottom_heater\ArduinoCore\Debug\libArduinoCore.a(HardwareSerial.o)
                0x000031c2                _ZN14HardwareSerial4peekEv
 .text._ZN14HardwareSerial4readEv
                0x000031de       0x28 R:\AVR_Controller\Arduino\Bottom_heater\Code\Bottom_heater\Bottom_heater\ArduinoCore\Debug\libArduinoCore.a(HardwareSerial.o)
                0x000031de                _ZN14HardwareSerial4readEv
 .text._ZN14HardwareSerial17availableForWriteEv
                0x00003206       0x1e R:\AVR_Controller\Arduino\Bottom_heater\Code\Bottom_heater\Bottom_heater\ArduinoCore\Debug\libArduinoCore.a(HardwareSerial.o)
                0x00003206                _ZN14HardwareSerial17availableForWriteEv
 .text._Z14serialEventRunv
                0x00003224       0x1c R:\AVR_Controller\Arduino\Bottom_heater\Code\Bottom_heater\Bottom_heater\ArduinoCore\Debug\libArduinoCore.a(HardwareSerial.o)
                0x00003224                _Z14serialEventRunv
 .text._ZN14HardwareSerial17_tx_udr_empty_irqEv
                0x00003240       0x42 R:\AVR_Controller\Arduino\Bottom_heater\Code\Bottom_heater\Bottom_heater\ArduinoCore\Debug\libArduinoCore.a(HardwareSerial.o)
                0x00003240                _ZN14HardwareSerial17_tx_udr_empty_irqEv
 .text._ZN14HardwareSerial5writeEh
                0x00003282       0x8e R:\AVR_Controller\Arduino\Bottom_heater\Code\Bottom_heater\Bottom_heater\ArduinoCore\Debug\libArduinoCore.a(HardwareSerial.o)
                0x00003282                _ZN14HardwareSerial5writeEh
 .text._ZN14HardwareSerial5flushEv
                0x00003310       0x44 R:\AVR_Controller\Arduino\Bottom_heater\Code\Bottom_heater\Bottom_heater\ArduinoCore\Debug\libArduinoCore.a(HardwareSerial.o)
                0x00003310                _ZN14HardwareSerial5flushEv
 .text._ZN14HardwareSerial5beginEmh
                0x00003354       0xca R:\AVR_Controller\Arduino\Bottom_heater\Code\Bottom_heater\Bottom_heater\ArduinoCore\Debug\libArduinoCore.a(HardwareSerial.o)
                0x00003354                _ZN14HardwareSerial5beginEmh
 .text.__vector_18
                0x0000341e       0x64 R:\AVR_Controller\Arduino\Bottom_heater\Code\Bottom_heater\Bottom_heater\ArduinoCore\Debug\libArduinoCore.a(HardwareSerial0.o)
                0x0000341e                __vector_18
 .text.__vector_19
                0x00003482       0x4c R:\AVR_Controller\Arduino\Bottom_heater\Code\Bottom_heater\Bottom_heater\ArduinoCore\Debug\libArduinoCore.a(HardwareSerial0.o)
                0x00003482                __vector_19
 .text._Z17Serial0_availablev
                0x000034ce       0x14 R:\AVR_Controller\Arduino\Bottom_heater\Code\Bottom_heater\Bottom_heater\ArduinoCore\Debug\libArduinoCore.a(HardwareSerial0.o)
                0x000034ce                _Z17Serial0_availablev
 .text.startup._GLOBAL__sub_I___vector_18
                0x000034e2       0x5a R:\AVR_Controller\Arduino\Bottom_heater\Code\Bottom_heater\Bottom_heater\ArduinoCore\Debug\libArduinoCore.a(HardwareSerial0.o)
 .text.initVariant
                0x0000353c        0x2 R:\AVR_Controller\Arduino\Bottom_heater\Code\Bottom_heater\Bottom_heater\ArduinoCore\Debug\libArduinoCore.a(main.o)
                0x0000353c                initVariant
 .text.startup.main
                0x0000353e       0x1e R:\AVR_Controller\Arduino\Bottom_heater\Code\Bottom_heater\Bottom_heater\ArduinoCore\Debug\libArduinoCore.a(main.o)
                0x0000353e                main
 .text._Znwj    0x0000355c        0x4 R:\AVR_Controller\Arduino\Bottom_heater\Code\Bottom_heater\Bottom_heater\ArduinoCore\Debug\libArduinoCore.a(new.o)
                0x0000355c                _Znwj
 .text._Znaj    0x00003560        0x4 R:\AVR_Controller\Arduino\Bottom_heater\Code\Bottom_heater\Bottom_heater\ArduinoCore\Debug\libArduinoCore.a(new.o)
                0x00003560                _Znaj
 .text._ZdlPv   0x00003564        0x4 R:\AVR_Controller\Arduino\Bottom_heater\Code\Bottom_heater\Bottom_heater\ArduinoCore\Debug\libArduinoCore.a(new.o)
                0x00003564                _ZdlPv
 .text._ZN5Print5writeEPKhj
                0x00003568       0x54 R:\AVR_Controller\Arduino\Bottom_heater\Code\Bottom_heater\Bottom_heater\ArduinoCore\Debug\libArduinoCore.a(Print.o)
                0x00003568                _ZN5Print5writeEPKhj
 .text._ZN5Print5writeEPKc
                0x000035bc       0x2a R:\AVR_Controller\Arduino\Bottom_heater\Code\Bottom_heater\Bottom_heater\ArduinoCore\Debug\libArduinoCore.a(Print.o)
                0x000035bc                _ZN5Print5writeEPKc
 .text._ZN5Print5printERK6String
                0x000035e6       0x1c R:\AVR_Controller\Arduino\Bottom_heater\Code\Bottom_heater\Bottom_heater\ArduinoCore\Debug\libArduinoCore.a(Print.o)
                0x000035e6                _ZN5Print5printERK6String
 .text._ZN5Print5printEPKc
                0x00003602        0x4 R:\AVR_Controller\Arduino\Bottom_heater\Code\Bottom_heater\Bottom_heater\ArduinoCore\Debug\libArduinoCore.a(Print.o)
                0x00003602                _ZN5Print5printEPKc
 .text._ZN5Print5printEc
                0x00003606        0xe R:\AVR_Controller\Arduino\Bottom_heater\Code\Bottom_heater\Bottom_heater\ArduinoCore\Debug\libArduinoCore.a(Print.o)
                0x00003606                _ZN5Print5printEc
 .text._ZN5Print11printNumberEmh
                0x00003614       0x92 R:\AVR_Controller\Arduino\Bottom_heater\Code\Bottom_heater\Bottom_heater\ArduinoCore\Debug\libArduinoCore.a(Print.o)
                0x00003614                _ZN5Print11printNumberEmh
 .text._ZN5Print5printEmi
                0x000036a6       0x1a R:\AVR_Controller\Arduino\Bottom_heater\Code\Bottom_heater\Bottom_heater\ArduinoCore\Debug\libArduinoCore.a(Print.o)
                0x000036a6                _ZN5Print5printEmi
 .text._ZN5Print5printEji
                0x000036c0        0xc R:\AVR_Controller\Arduino\Bottom_heater\Code\Bottom_heater\Bottom_heater\ArduinoCore\Debug\libArduinoCore.a(Print.o)
                0x000036c0                _ZN5Print5printEji
 .text._ZN5Print10printFloatEdh
                0x000036cc      0x1b6 R:\AVR_Controller\Arduino\Bottom_heater\Code\Bottom_heater\Bottom_heater\ArduinoCore\Debug\libArduinoCore.a(Print.o)
                0x000036cc                _ZN5Print10printFloatEdh
 .text._ZN5Print5printEdi
                0x00003882        0x4 R:\AVR_Controller\Arduino\Bottom_heater\Code\Bottom_heater\Bottom_heater\ArduinoCore\Debug\libArduinoCore.a(Print.o)
                0x00003882                _ZN5Print5printEdi
 .text.nothing  0x00003886        0x2 R:\AVR_Controller\Arduino\Bottom_heater\Code\Bottom_heater\Bottom_heater\ArduinoCore\Debug\libArduinoCore.a(WInterrupts.o)
 .text.attachInterrupt
                0x00003888       0x40 R:\AVR_Controller\Arduino\Bottom_heater\Code\Bottom_heater\Bottom_heater\ArduinoCore\Debug\libArduinoCore.a(WInterrupts.o)
                0x00003888                attachInterrupt
 .text.__vector_1
                0x000038c8       0x4e R:\AVR_Controller\Arduino\Bottom_heater\Code\Bottom_heater\Bottom_heater\ArduinoCore\Debug\libArduinoCore.a(WInterrupts.o)
                0x000038c8                __vector_1
 .text.__vector_2
                0x00003916       0x4e R:\AVR_Controller\Arduino\Bottom_heater\Code\Bottom_heater\Bottom_heater\ArduinoCore\Debug\libArduinoCore.a(WInterrupts.o)
                0x00003916                __vector_2
 .text.__vector_16
                0x00003964       0x94 R:\AVR_Controller\Arduino\Bottom_heater\Code\Bottom_heater\Bottom_heater\ArduinoCore\Debug\libArduinoCore.a(wiring.o)
                0x00003964                __vector_16
 .text.millis   0x000039f8       0x18 R:\AVR_Controller\Arduino\Bottom_heater\Code\Bottom_heater\Bottom_heater\ArduinoCore\Debug\libArduinoCore.a(wiring.o)
                0x000039f8                millis
 .text.micros   0x00003a10       0x4a R:\AVR_Controller\Arduino\Bottom_heater\Code\Bottom_heater\Bottom_heater\ArduinoCore\Debug\libArduinoCore.a(wiring.o)
                0x00003a10                micros
 .text.delay    0x00003a5a       0x78 R:\AVR_Controller\Arduino\Bottom_heater\Code\Bottom_heater\Bottom_heater\ArduinoCore\Debug\libArduinoCore.a(wiring.o)
                0x00003a5a                delay
 .text.delayMicroseconds
                0x00003ad2       0x16 R:\AVR_Controller\Arduino\Bottom_heater\Code\Bottom_heater\Bottom_heater\ArduinoCore\Debug\libArduinoCore.a(wiring.o)
                0x00003ad2                delayMicroseconds
 .text.init     0x00003ae8       0x76 R:\AVR_Controller\Arduino\Bottom_heater\Code\Bottom_heater\Bottom_heater\ArduinoCore\Debug\libArduinoCore.a(wiring.o)
                0x00003ae8                init
 .text.analogWrite
                0x00003b5e       0xbe R:\AVR_Controller\Arduino\Bottom_heater\Code\Bottom_heater\Bottom_heater\ArduinoCore\Debug\libArduinoCore.a(wiring_analog.o)
                0x00003b5e                analogWrite
 .text.turnOffPWM
                0x00003c1c       0x52 R:\AVR_Controller\Arduino\Bottom_heater\Code\Bottom_heater\Bottom_heater\ArduinoCore\Debug\libArduinoCore.a(wiring_digital.o)
 .text.pinMode  0x00003c6e       0x78 R:\AVR_Controller\Arduino\Bottom_heater\Code\Bottom_heater\Bottom_heater\ArduinoCore\Debug\libArduinoCore.a(wiring_digital.o)
                0x00003c6e                pinMode
 .text.digitalWrite
                0x00003ce6       0x5e R:\AVR_Controller\Arduino\Bottom_heater\Code\Bottom_heater\Bottom_heater\ArduinoCore\Debug\libArduinoCore.a(wiring_digital.o)
                0x00003ce6                digitalWrite
 .text.digitalRead
                0x00003d44       0x52 R:\AVR_Controller\Arduino\Bottom_heater\Code\Bottom_heater\Bottom_heater\ArduinoCore\Debug\libArduinoCore.a(wiring_digital.o)
                0x00003d44                digitalRead
 .text._ZN6StringD2Ev
                0x00003d96        0xa R:\AVR_Controller\Arduino\Bottom_heater\Code\Bottom_heater\Bottom_heater\ArduinoCore\Debug\libArduinoCore.a(WString.o)
                0x00003d96                _ZN6StringD2Ev
                0x00003d96                _ZN6StringD1Ev
 .text._ZN6String10invalidateEv
                0x00003da0       0x24 R:\AVR_Controller\Arduino\Bottom_heater\Code\Bottom_heater\Bottom_heater\ArduinoCore\Debug\libArduinoCore.a(WString.o)
                0x00003da0                _ZN6String10invalidateEv
 .text._ZN6String12changeBufferEj
                0x00003dc4       0x34 R:\AVR_Controller\Arduino\Bottom_heater\Code\Bottom_heater\Bottom_heater\ArduinoCore\Debug\libArduinoCore.a(WString.o)
                0x00003dc4                _ZN6String12changeBufferEj
 .text._ZN6String7reserveEj
                0x00003df8       0x38 R:\AVR_Controller\Arduino\Bottom_heater\Code\Bottom_heater\Bottom_heater\ArduinoCore\Debug\libArduinoCore.a(WString.o)
                0x00003df8                _ZN6String7reserveEj
 .text._ZN6String4copyEPKcj
                0x00003e30       0x42 R:\AVR_Controller\Arduino\Bottom_heater\Code\Bottom_heater\Bottom_heater\ArduinoCore\Debug\libArduinoCore.a(WString.o)
                0x00003e30                _ZN6String4copyEPKcj
 .text._ZN6StringaSEPKc
                0x00003e72       0x2e R:\AVR_Controller\Arduino\Bottom_heater\Code\Bottom_heater\Bottom_heater\ArduinoCore\Debug\libArduinoCore.a(WString.o)
                0x00003e72                _ZN6StringaSEPKc
 .text._ZN6StringC2Eih
                0x00003ea0       0x58 R:\AVR_Controller\Arduino\Bottom_heater\Code\Bottom_heater\Bottom_heater\ArduinoCore\Debug\libArduinoCore.a(WString.o)
                0x00003ea0                _ZN6StringC2Eih
                0x00003ea0                _ZN6StringC1Eih
 .text.__empty  0x00003ef8        0x2 R:\AVR_Controller\Arduino\Bottom_heater\Code\Bottom_heater\Bottom_heater\ArduinoCore\Debug\libArduinoCore.a(hooks.o)
                0x00003ef8                yield
 .text.avr-libc.fplib
                0x00003efa        0xa c:/program files (x86)/atmel/studio/7.0/toolchain/avr8/avr8-gnu-toolchain/bin/../lib/gcc/avr/5.4.0/../../../../avr/lib/avr5\libm.a(unordsf2.o)
                0x00003efa                __unordsf2
 .text.libgcc.div
                0x00003f04       0x44 c:/program files (x86)/atmel/studio/7.0/toolchain/avr8/avr8-gnu-toolchain/bin/../lib/gcc/avr/5.4.0/avr5\libgcc.a(_udivmodsi4.o)
                0x00003f04                __udivmodsi4
 .text.libgcc.mul
                0x00003f48       0x16 c:/program files (x86)/atmel/studio/7.0/toolchain/avr8/avr8-gnu-toolchain/bin/../lib/gcc/avr/5.4.0/avr5\libgcc.a(_muluhisi3.o)
                0x00003f48                __muluhisi3
 .text.libgcc   0x00003f5e        0xc c:/program files (x86)/atmel/studio/7.0/toolchain/avr8/avr8-gnu-toolchain/bin/../lib/gcc/avr/5.4.0/avr5\libgcc.a(_tablejump2.o)
                0x00003f5e                __tablejump2__
 .text.libgcc.mul
                0x00003f6a       0x1e c:/program files (x86)/atmel/studio/7.0/toolchain/avr8/avr8-gnu-toolchain/bin/../lib/gcc/avr/5.4.0/avr5\libgcc.a(_umulhisi3.o)
                0x00003f6a                __umulhisi3
 .text.avr-libc
                0x00003f88      0x242 c:/program files (x86)/atmel/studio/7.0/toolchain/avr8/avr8-gnu-toolchain/bin/../lib/gcc/avr/5.4.0/../../../../avr/lib/avr5\libc.a(malloc.o)
                0x00003f88                malloc
                0x000040b8                free
 .text.avr-libc
                0x000041ca      0x18c c:/program files (x86)/atmel/studio/7.0/toolchain/avr8/avr8-gnu-toolchain/bin/../lib/gcc/avr/5.4.0/../../../../avr/lib/avr5\libc.a(realloc.o)
                0x000041ca                realloc
 .text.avr-libc
                0x00004356       0x12 c:/program files (x86)/atmel/studio/7.0/toolchain/avr8/avr8-gnu-toolchain/bin/../lib/gcc/avr/5.4.0/../../../../avr/lib/avr5\libc.a(memcpy.o)
                0x00004356                memcpy
 .text.avr-libc
                0x00004368        0xe c:/program files (x86)/atmel/studio/7.0/toolchain/avr8/avr8-gnu-toolchain/bin/../lib/gcc/avr/5.4.0/../../../../avr/lib/avr5\libc.a(strcpy.o)
                0x00004368                strcpy
 .text.avr-libc
                0x00004376       0x16 c:/program files (x86)/atmel/studio/7.0/toolchain/avr8/avr8-gnu-toolchain/bin/../lib/gcc/avr/5.4.0/../../../../avr/lib/avr5\libc.a(itoa.o)
                0x00004376                __itoa
                0x00004376                itoa
 .text.avr-libc
                0x0000438c       0x16 c:/program files (x86)/atmel/studio/7.0/toolchain/avr8/avr8-gnu-toolchain/bin/../lib/gcc/avr/5.4.0/../../../../avr/lib/avr5\libc.a(itoa_ncheck.o)
                0x0000438c                __itoa_ncheck
 .text.avr-libc
                0x000043a2       0x34 c:/program files (x86)/atmel/studio/7.0/toolchain/avr8/avr8-gnu-toolchain/bin/../lib/gcc/avr/5.4.0/../../../../avr/lib/avr5\libc.a(utoa_ncheck.o)
                0x000043a2                __utoa_ncheck
                0x000043a4                __utoa_common
 .text.avr-libc
                0x000043d6       0x20 c:/program files (x86)/atmel/studio/7.0/toolchain/avr8/avr8-gnu-toolchain/bin/../lib/gcc/avr/5.4.0/../../../../avr/lib/avr5\libc.a(strrev.o)
                0x000043d6                strrev
 .text.avr-libc
                0x000043f6       0x10 C:/Program Files (x86)/Atmel/Studio/7.0/Packs/atmel/ATmega_DFP/1.2.209/gcc/dev/atmega328p/avr5\libatmega328p.a(eerd_byte.o)
                0x000043f6                eeprom_read_byte
 .text.avr-libc
                0x00004406       0x1c C:/Program Files (x86)/Atmel/Studio/7.0/Packs/atmel/ATmega_DFP/1.2.209/gcc/dev/atmega328p/avr5\libatmega328p.a(eewr_byte.o)
                0x00004406                eeprom_write_byte
                0x00004408                eeprom_write_r18
 .text.libgcc.prologue
                0x00004422       0x38 c:/program files (x86)/atmel/studio/7.0/toolchain/avr8/avr8-gnu-toolchain/bin/../lib/gcc/avr/5.4.0/avr5\libgcc.a(_prologue.o)
                0x00004422                __prologue_saves__
 .text.libgcc.prologue
                0x0000445a       0x36 c:/program files (x86)/atmel/studio/7.0/toolchain/avr8/avr8-gnu-toolchain/bin/../lib/gcc/avr/5.4.0/avr5\libgcc.a(_epilogue.o)
                0x0000445a                __epilogue_restores__
                0x00004490                . = ALIGN (0x2)
 *(.fini9)
 .fini9         0x00004490        0x0 c:/program files (x86)/atmel/studio/7.0/toolchain/avr8/avr8-gnu-toolchain/bin/../lib/gcc/avr/5.4.0/avr5\libgcc.a(_exit.o)
                0x00004490                _exit
                0x00004490                exit
 *(.fini9)
 *(.fini8)
 *(.fini8)
 *(.fini7)
 *(.fini7)
 *(.fini6)
 *(.fini6)
 *(.fini5)
 *(.fini5)
 *(.fini4)
 *(.fini4)
 *(.fini3)
 *(.fini3)
 *(.fini2)
 *(.fini2)
 *(.fini1)
 *(.fini1)
 *(.fini0)
 .fini0         0x00004490        0x4 c:/program files (x86)/atmel/studio/7.0/toolchain/avr8/avr8-gnu-toolchain/bin/../lib/gcc/avr/5.4.0/avr5\libgcc.a(_exit.o)
 *(.fini0)
                0x00004494                _etext = .

.data           0x00800100      0x12a load address 0x00004494
                0x00800100                PROVIDE (__data_start, .)
 *(.data)
 .data          0x00800100        0x6 c:/program files (x86)/atmel/studio/7.0/toolchain/avr8/avr8-gnu-toolchain/bin/../lib/gcc/avr/5.4.0/../../../../avr/lib/avr5\libc.a(malloc.o)
                0x00800100                __malloc_heap_end
                0x00800102                __malloc_heap_start
                0x00800104                __malloc_margin
 *(.data*)
 .data._menuTempSetSound
                0x00800106        0x1 Sketch.o
                0x00800106                _menuTempSetSound
 .data._menuClickSound
                0x00800107        0x1 Sketch.o
                0x00800107                _menuClickSound
 .data._temDownBeepOn
                0x00800108        0x1 Sketch.o
                0x00800108                _temDownBeepOn
 .data._temUpBeepOn
                0x00800109        0x1 Sketch.o
                0x00800109                _temUpBeepOn
 .data._regulationDown
                0x0080010a        0x1 Sketch.o
                0x0080010a                _regulationDown
 .data._menuActive
                0x0080010b        0x1 Sketch.o
                0x0080010b                _menuActive
 .data.intFunc  0x0080010c        0x4 R:\AVR_Controller\Arduino\Bottom_heater\Code\Bottom_heater\Bottom_heater\ArduinoCore\Debug\libArduinoCore.a(WInterrupts.o)
 *(.gnu.linkonce.d*)
 *(.rodata)
 .rodata        0x00800110        0x8 src/libraries/LiquidCrystal_I2C/src/LiquidCrystal_I2C.o
 *(.rodata*)
 .rodata.str1.1
                0x00800118       0x11 Display/Display16x2.o
 .rodata._ZTV14MenuActionItem
                0x00800129       0x14 Menu/MenuActionItem.o
                0x00800129                _ZTV14MenuActionItem
 .rodata.str1.1
                0x0080013d        0xb Menu/MenuBoolItem.o
 .rodata._ZTV12MenuBoolItem
                0x00800148       0x14 Menu/MenuBoolItem.o
                0x00800148                _ZTV12MenuBoolItem
 .rodata._ZTV14MenuDoubleItem
                0x0080015c       0x14 Menu/MenuDoubleItem.o
                0x0080015c                _ZTV14MenuDoubleItem
 .rodata._ZTV8MenuItem
                0x00800170       0x14 Menu/MenuItem.o
                0x00800170                _ZTV8MenuItem
 .rodata.str1.1
                0x00800184       0x67 Sketch.o
 .rodata._ZTV17LiquidCrystal_I2C
                0x008001eb        0xc src/libraries/LiquidCrystal_I2C/src/LiquidCrystal_I2C.o
                0x008001eb                _ZTV17LiquidCrystal_I2C
 .rodata._ZTV7TwoWire
                0x008001f7       0x12 src/libraries/Wire/src/Wire.o
                0x008001f7                _ZTV7TwoWire
 .rodata._ZTV14HardwareSerial
                0x00800209       0x12 R:\AVR_Controller\Arduino\Bottom_heater\Code\Bottom_heater\Bottom_heater\ArduinoCore\Debug\libArduinoCore.a(HardwareSerial.o)
                0x00800209                _ZTV14HardwareSerial
 .rodata.str1.1
                0x0080021b        0xf R:\AVR_Controller\Arduino\Bottom_heater\Code\Bottom_heater\Bottom_heater\ArduinoCore\Debug\libArduinoCore.a(Print.o)
 *(.gnu.linkonce.r*)
                0x0080022a                . = ALIGN (0x2)
                0x0080022a                _edata = .
                0x0080022a                PROVIDE (__data_end, .)

.bss            0x0080022a      0x208
                0x0080022a                PROVIDE (__bss_start, .)
 *(.bss)
 *(.bss*)
 .bss._timerId  0x0080022a        0x2 Buzzer/Buzzer.o
                0x0080022a                _timerId
 .bss._timer    0x0080022c        0x2 Buzzer/Buzzer.o
                0x0080022c                _timer
 .bss._buzzerPin
                0x0080022e        0x2 Buzzer/Buzzer.o
                0x0080022e                _buzzerPin
 .bss._itemDownValue
                0x00800230        0x2 Dimmer/Dimmer.o
                0x00800230                _itemDownValue
 .bss._itemUpValue
                0x00800232        0x2 Dimmer/Dimmer.o
                0x00800232                _itemUpValue
 .bss._itemDown
                0x00800234        0x2 Dimmer/Dimmer.o
                0x00800234                _itemDown
 .bss._itemUp   0x00800236        0x2 Dimmer/Dimmer.o
                0x00800236                _itemUp
 .bss._tic      0x00800238        0x2 Dimmer/Dimmer.o
                0x00800238                _tic
 .bss._buttonDown
                0x0080023a        0x1 Sketch.o
                0x0080023a                _buttonDown
 .bss._timerUpdateTemperatureId
                0x0080023b        0x2 Sketch.o
                0x0080023b                _timerUpdateTemperatureId
 .bss._timerHeatingId
                0x0080023d        0x2 Sketch.o
                0x0080023d                _timerHeatingId
 .bss._pidOldDownVal
                0x0080023f        0x2 Sketch.o
                0x0080023f                _pidOldDownVal
 .bss._regulationUp
                0x00800241        0x1 Sketch.o
                0x00800241                _regulationUp
 .bss._heaterOn
                0x00800242        0x1 Sketch.o
                0x00800242                _heaterOn
 .bss._outputDownVal
                0x00800243        0x4 Sketch.o
                0x00800243                _outputDownVal
 .bss._outputUpVal
                0x00800247        0x4 Sketch.o
                0x00800247                _outputUpVal
 .bss._setTempDown
                0x0080024b        0x4 Sketch.o
                0x0080024b                _setTempDown
 .bss._setTempUp
                0x0080024f        0x4 Sketch.o
                0x0080024f                _setTempUp
 .bss._tempDown
                0x00800253        0x4 Sketch.o
                0x00800253                _tempDown
 .bss._tempUp   0x00800257        0x4 Sketch.o
                0x00800257                _tempUp
 .bss._soundSettingMenu
                0x0080025b        0x2 Sketch.o
                0x0080025b                _soundSettingMenu
 .bss._mainMenu
                0x0080025d        0x2 Sketch.o
                0x0080025d                _mainMenu
 .bss._parSoundItemMain
                0x0080025f        0x2 Sketch.o
                0x0080025f                _parSoundItemMain
 .bss._parItemMain
                0x00800261        0x2 Sketch.o
                0x00800261                _parItemMain
 .bss._buzzer   0x00800263        0x2 Sketch.o
                0x00800263                _buzzer
 .bss._eeprom   0x00800265        0x2 Sketch.o
                0x00800265                _eeprom
 .bss._timerHeating
                0x00800267        0x2 Sketch.o
                0x00800267                _timerHeating
 .bss._menu     0x00800269        0x2 Sketch.o
                0x00800269                _menu
 .bss._lcd      0x0080026b        0x2 Sketch.o
                0x0080026b                _lcd
 .bss._encoder  0x0080026d        0x2 Sketch.o
                0x0080026d                _encoder
 .bss._pidDown  0x0080026f        0x2 Sketch.o
                0x0080026f                _pidDown
 .bss._pidUp    0x00800271        0x2 Sketch.o
                0x00800271                _pidUp
 .bss._display  0x00800273        0x2 Sketch.o
                0x00800273                _display
 .bss._thermometer
                0x00800275        0x2 Sketch.o
                0x00800275                _thermometer
 .bss._dimmer   0x00800277        0x2 Sketch.o
                0x00800277                _dimmer
 .bss.dub_tcnt1
                0x00800279        0x2 src/libraries/CyberLib/CyberLib.o
                0x00800279                dub_tcnt1
 .bss.func      0x0080027b        0x2 src/libraries/CyberLib/CyberLib.o
                0x0080027b                func
 .bss.IETVC     0x0080027d       0x4b src/libraries/Encoder_tmr/iarduino_Encoder_tmr.o
                0x0080027d                IETVC
 .bss.twi_error
                0x008002c8        0x1 src/libraries/Wire/src/utility/twi.o
 .bss.twi_rxBufferIndex
                0x008002c9        0x1 src/libraries/Wire/src/utility/twi.o
 .bss.twi_rxBuffer
                0x008002ca       0x20 src/libraries/Wire/src/utility/twi.o
 .bss.twi_txBufferLength
                0x008002ea        0x1 src/libraries/Wire/src/utility/twi.o
 .bss.twi_txBufferIndex
                0x008002eb        0x1 src/libraries/Wire/src/utility/twi.o
 .bss.twi_txBuffer
                0x008002ec       0x20 src/libraries/Wire/src/utility/twi.o
 .bss.twi_masterBufferLength
                0x0080030c        0x1 src/libraries/Wire/src/utility/twi.o
 .bss.twi_masterBufferIndex
                0x0080030d        0x1 src/libraries/Wire/src/utility/twi.o
 .bss.twi_masterBuffer
                0x0080030e       0x20 src/libraries/Wire/src/utility/twi.o
 .bss.twi_onSlaveReceive
                0x0080032e        0x2 src/libraries/Wire/src/utility/twi.o
 .bss.twi_onSlaveTransmit
                0x00800330        0x2 src/libraries/Wire/src/utility/twi.o
 .bss.twi_inRepStart
                0x00800332        0x1 src/libraries/Wire/src/utility/twi.o
 .bss.twi_sendStop
                0x00800333        0x1 src/libraries/Wire/src/utility/twi.o
 .bss.twi_slarw
                0x00800334        0x1 src/libraries/Wire/src/utility/twi.o
 .bss.twi_state
                0x00800335        0x1 src/libraries/Wire/src/utility/twi.o
 .bss.Wire      0x00800336        0xc src/libraries/Wire/src/Wire.o
                0x00800336                Wire
 .bss._ZN7TwoWire12transmittingE
                0x00800342        0x1 src/libraries/Wire/src/Wire.o
                0x00800342                _ZN7TwoWire12transmittingE
 .bss._ZN7TwoWire14txBufferLengthE
                0x00800343        0x1 src/libraries/Wire/src/Wire.o
                0x00800343                _ZN7TwoWire14txBufferLengthE
 .bss._ZN7TwoWire13txBufferIndexE
                0x00800344        0x1 src/libraries/Wire/src/Wire.o
                0x00800344                _ZN7TwoWire13txBufferIndexE
 .bss._ZN7TwoWire8txBufferE
                0x00800345       0x20 src/libraries/Wire/src/Wire.o
                0x00800345                _ZN7TwoWire8txBufferE
 .bss._ZN7TwoWire9txAddressE
                0x00800365        0x1 src/libraries/Wire/src/Wire.o
                0x00800365                _ZN7TwoWire9txAddressE
 .bss._ZN7TwoWire14rxBufferLengthE
                0x00800366        0x1 src/libraries/Wire/src/Wire.o
                0x00800366                _ZN7TwoWire14rxBufferLengthE
 .bss._ZN7TwoWire13rxBufferIndexE
                0x00800367        0x1 src/libraries/Wire/src/Wire.o
                0x00800367                _ZN7TwoWire13rxBufferIndexE
 .bss._ZN7TwoWire8rxBufferE
                0x00800368       0x20 src/libraries/Wire/src/Wire.o
                0x00800368                _ZN7TwoWire8rxBufferE
 .bss.Serial    0x00800388       0x9d R:\AVR_Controller\Arduino\Bottom_heater\Code\Bottom_heater\Bottom_heater\ArduinoCore\Debug\libArduinoCore.a(HardwareSerial0.o)
                0x00800388                Serial
 .bss.timer0_fract
                0x00800425        0x1 R:\AVR_Controller\Arduino\Bottom_heater\Code\Bottom_heater\Bottom_heater\ArduinoCore\Debug\libArduinoCore.a(wiring.o)
 .bss.timer0_millis
                0x00800426        0x4 R:\AVR_Controller\Arduino\Bottom_heater\Code\Bottom_heater\Bottom_heater\ArduinoCore\Debug\libArduinoCore.a(wiring.o)
                0x00800426                timer0_millis
 .bss.timer0_overflow_count
                0x0080042a        0x4 R:\AVR_Controller\Arduino\Bottom_heater\Code\Bottom_heater\Bottom_heater\ArduinoCore\Debug\libArduinoCore.a(wiring.o)
                0x0080042a                timer0_overflow_count
 *(COMMON)
 COMMON         0x0080042e        0x4 c:/program files (x86)/atmel/studio/7.0/toolchain/avr8/avr8-gnu-toolchain/bin/../lib/gcc/avr/5.4.0/../../../../avr/lib/avr5\libc.a(malloc.o)
                0x0080042e                __brkval
                0x00800430                __flp
                0x00800432                PROVIDE (__bss_end, .)
                0x00004494                __data_load_start = LOADADDR (.data)
                0x000045be                __data_load_end = (__data_load_start + SIZEOF (.data))

.noinit         0x00800432        0x0
                [!provide]                PROVIDE (__noinit_start, .)
 *(.noinit*)
                [!provide]                PROVIDE (__noinit_end, .)
                0x00800432                _end = .
                0x00800432                PROVIDE (__heap_start, .)

.eeprom         0x00810000        0x0
 *(.eeprom*)
                0x00810000                __eeprom_end = .

.fuse
 *(.fuse)
 *(.lfuse)
 *(.hfuse)
 *(.efuse)

.lock
 *(.lock*)

.signature
 *(.signature*)

.user_signatures
 *(.user_signatures*)

.stab
 *(.stab)

.stabstr
 *(.stabstr)

.stab.excl
 *(.stab.excl)

.stab.exclstr
 *(.stab.exclstr)

.stab.index
 *(.stab.index)

.stab.indexstr
 *(.stab.indexstr)

.comment        0x00000000       0x30
 *(.comment)
 .comment       0x00000000       0x30 Buzzer/Buzzer.o
                                 0x31 (size before relaxing)
 .comment       0x00000030       0x31 Dimmer/Dimmer.o
 .comment       0x00000030       0x31 Dimmer/DimmerItem.o
 .comment       0x00000030       0x31 Display/Display16x2.o
 .comment       0x00000030       0x31 Extensions/EepromExtension.o
 .comment       0x00000030       0x31 Menu/Menu.o
 .comment       0x00000030       0x31 Menu/MenuActionItem.o
 .comment       0x00000030       0x31 Menu/MenuBoolItem.o
 .comment       0x00000030       0x31 Menu/MenuDoubleItem.o
 .comment       0x00000030       0x31 Menu/MenuItem.o
 .comment       0x00000030       0x31 Sketch.o
 .comment       0x00000030       0x31 src/libraries/CyberLib/CyberLib.o
 .comment       0x00000030       0x31 src/libraries/Encoder_tmr/iarduino_Encoder_tmr.o
 .comment       0x00000030       0x31 src/libraries/LiquidCrystal_I2C/src/LiquidCrystal_I2C.o
 .comment       0x00000030       0x31 src/libraries/MAX6675/max6675.o
 .comment       0x00000030       0x31 src/libraries/PID/PID_v1.o
 .comment       0x00000030       0x31 src/libraries/SimpleTimer/SimpleTimer.o
 .comment       0x00000030       0x31 src/libraries/Wire/src/utility/twi.o
 .comment       0x00000030       0x31 src/libraries/Wire/src/Wire.o
 .comment       0x00000030       0x31 Thermometer/Thermometer.o
 .comment       0x00000030       0x31 R:\AVR_Controller\Arduino\Bottom_heater\Code\Bottom_heater\Bottom_heater\ArduinoCore\Debug\libArduinoCore.a(HardwareSerial.o)
 .comment       0x00000030       0x31 R:\AVR_Controller\Arduino\Bottom_heater\Code\Bottom_heater\Bottom_heater\ArduinoCore\Debug\libArduinoCore.a(HardwareSerial0.o)
 .comment       0x00000030       0x31 R:\AVR_Controller\Arduino\Bottom_heater\Code\Bottom_heater\Bottom_heater\ArduinoCore\Debug\libArduinoCore.a(main.o)
 .comment       0x00000030       0x31 R:\AVR_Controller\Arduino\Bottom_heater\Code\Bottom_heater\Bottom_heater\ArduinoCore\Debug\libArduinoCore.a(new.o)
 .comment       0x00000030       0x31 R:\AVR_Controller\Arduino\Bottom_heater\Code\Bottom_heater\Bottom_heater\ArduinoCore\Debug\libArduinoCore.a(Print.o)
 .comment       0x00000030       0x31 R:\AVR_Controller\Arduino\Bottom_heater\Code\Bottom_heater\Bottom_heater\ArduinoCore\Debug\libArduinoCore.a(WInterrupts.o)
 .comment       0x00000030       0x31 R:\AVR_Controller\Arduino\Bottom_heater\Code\Bottom_heater\Bottom_heater\ArduinoCore\Debug\libArduinoCore.a(wiring.o)
 .comment       0x00000030       0x31 R:\AVR_Controller\Arduino\Bottom_heater\Code\Bottom_heater\Bottom_heater\ArduinoCore\Debug\libArduinoCore.a(wiring_analog.o)
 .comment       0x00000030       0x31 R:\AVR_Controller\Arduino\Bottom_heater\Code\Bottom_heater\Bottom_heater\ArduinoCore\Debug\libArduinoCore.a(wiring_digital.o)
 .comment       0x00000030       0x31 R:\AVR_Controller\Arduino\Bottom_heater\Code\Bottom_heater\Bottom_heater\ArduinoCore\Debug\libArduinoCore.a(WString.o)
 .comment       0x00000030       0x31 R:\AVR_Controller\Arduino\Bottom_heater\Code\Bottom_heater\Bottom_heater\ArduinoCore\Debug\libArduinoCore.a(hooks.o)
 .comment       0x00000030       0x31 c:/program files (x86)/atmel/studio/7.0/toolchain/avr8/avr8-gnu-toolchain/bin/../lib/gcc/avr/5.4.0/../../../../avr/lib/avr5\libc.a(malloc.o)
 .comment       0x00000030       0x31 c:/program files (x86)/atmel/studio/7.0/toolchain/avr8/avr8-gnu-toolchain/bin/../lib/gcc/avr/5.4.0/../../../../avr/lib/avr5\libc.a(realloc.o)

.note.gnu.avr.deviceinfo
                0x00000000       0x40
 .note.gnu.avr.deviceinfo
                0x00000000       0x40 C:/Program Files (x86)/Atmel/Studio/7.0/Packs/atmel/ATmega_DFP/1.2.209/gcc/dev/atmega328p/avr5/crtatmega328p.o

.note.gnu.build-id
 *(.note.gnu.build-id)

.debug
 *(.debug)

.line
 *(.line)

.debug_srcinfo
 *(.debug_srcinfo)

.debug_sfnames
 *(.debug_sfnames)

.debug_aranges  0x00000000      0xf38
 *(.debug_aranges)
 .debug_aranges
                0x00000000       0x40 Buzzer/Buzzer.o
 .debug_aranges
                0x00000040       0x48 Dimmer/Dimmer.o
 .debug_aranges
                0x00000088       0x30 Dimmer/DimmerItem.o
 .debug_aranges
                0x000000b8       0x40 Display/Display16x2.o
 .debug_aranges
                0x000000f8       0x98 Extensions/EepromExtension.o
 .debug_aranges
                0x00000190       0x50 Menu/Menu.o
 .debug_aranges
                0x000001e0       0x50 Menu/MenuActionItem.o
 .debug_aranges
                0x00000230       0x60 Menu/MenuBoolItem.o
 .debug_aranges
                0x00000290       0x60 Menu/MenuDoubleItem.o
 .debug_aranges
                0x000002f0       0x60 Menu/MenuItem.o
 .debug_aranges
                0x00000350       0xa0 Sketch.o
 .debug_aranges
                0x000003f0       0xf0 src/libraries/CyberLib/CyberLib.o
 .debug_aranges
                0x000004e0       0x48 src/libraries/Encoder_tmr/iarduino_Encoder_tmr.o
 .debug_aranges
                0x00000528      0x118 src/libraries/LiquidCrystal_I2C/src/LiquidCrystal_I2C.o
 .debug_aranges
                0x00000640       0x38 src/libraries/MAX6675/max6675.o
 .debug_aranges
                0x00000678       0x80 src/libraries/PID/PID_v1.o
 .debug_aranges
                0x000006f8       0x88 src/libraries/SimpleTimer/SimpleTimer.o
 .debug_aranges
                0x00000780       0x80 src/libraries/Wire/src/utility/twi.o
 .debug_aranges
                0x00000800       0xf8 src/libraries/Wire/src/Wire.o
 .debug_aranges
                0x000008f8       0x30 Thermometer/Thermometer.o
 .debug_aranges
                0x00000928       0x68 R:\AVR_Controller\Arduino\Bottom_heater\Code\Bottom_heater\Bottom_heater\ArduinoCore\Debug\libArduinoCore.a(HardwareSerial.o)
 .debug_aranges
                0x00000990       0x48 R:\AVR_Controller\Arduino\Bottom_heater\Code\Bottom_heater\Bottom_heater\ArduinoCore\Debug\libArduinoCore.a(HardwareSerial0.o)
 .debug_aranges
                0x000009d8       0x30 R:\AVR_Controller\Arduino\Bottom_heater\Code\Bottom_heater\Bottom_heater\ArduinoCore\Debug\libArduinoCore.a(main.o)
 .debug_aranges
                0x00000a08       0x28 R:\AVR_Controller\Arduino\Bottom_heater\Code\Bottom_heater\Bottom_heater\ArduinoCore\Debug\libArduinoCore.a(new.o)
 .debug_aranges
                0x00000a30      0x100 R:\AVR_Controller\Arduino\Bottom_heater\Code\Bottom_heater\Bottom_heater\ArduinoCore\Debug\libArduinoCore.a(Print.o)
 .debug_aranges
                0x00000b30       0x40 R:\AVR_Controller\Arduino\Bottom_heater\Code\Bottom_heater\Bottom_heater\ArduinoCore\Debug\libArduinoCore.a(WInterrupts.o)
 .debug_aranges
                0x00000b70       0x48 R:\AVR_Controller\Arduino\Bottom_heater\Code\Bottom_heater\Bottom_heater\ArduinoCore\Debug\libArduinoCore.a(wiring.o)
 .debug_aranges
                0x00000bb8       0x30 R:\AVR_Controller\Arduino\Bottom_heater\Code\Bottom_heater\Bottom_heater\ArduinoCore\Debug\libArduinoCore.a(wiring_analog.o)
 .debug_aranges
                0x00000be8       0x38 R:\AVR_Controller\Arduino\Bottom_heater\Code\Bottom_heater\Bottom_heater\ArduinoCore\Debug\libArduinoCore.a(wiring_digital.o)
 .debug_aranges
                0x00000c20      0x2b8 R:\AVR_Controller\Arduino\Bottom_heater\Code\Bottom_heater\Bottom_heater\ArduinoCore\Debug\libArduinoCore.a(WString.o)
 .debug_aranges
                0x00000ed8       0x20 R:\AVR_Controller\Arduino\Bottom_heater\Code\Bottom_heater\Bottom_heater\ArduinoCore\Debug\libArduinoCore.a(hooks.o)
 .debug_aranges
                0x00000ef8       0x20 C:/Program Files (x86)/Atmel/Studio/7.0/Packs/atmel/ATmega_DFP/1.2.209/gcc/dev/atmega328p/avr5\libatmega328p.a(eerd_byte.o)
 .debug_aranges
                0x00000f18       0x20 C:/Program Files (x86)/Atmel/Studio/7.0/Packs/atmel/ATmega_DFP/1.2.209/gcc/dev/atmega328p/avr5\libatmega328p.a(eewr_byte.o)

.debug_pubnames
 *(.debug_pubnames)

.debug_info     0x00000000    0x1b8cd
 *(.debug_info .gnu.linkonce.wi.*)
 .debug_info    0x00000000      0x5f4 C:/Program Files (x86)/Atmel/Studio/7.0/Packs/atmel/ATmega_DFP/1.2.209/gcc/dev/atmega328p/avr5/crtatmega328p.o
 .debug_info    0x000005f4      0x82c Buzzer/Buzzer.o
 .debug_info    0x00000e20      0x670 Dimmer/Dimmer.o
 .debug_info    0x00001490      0x34d Dimmer/DimmerItem.o
 .debug_info    0x000017dd     0x18a3 Display/Display16x2.o
 .debug_info    0x00003080     0x16b0 Extensions/EepromExtension.o
 .debug_info    0x00004730      0x50e Menu/Menu.o
 .debug_info    0x00004c3e      0x62f Menu/MenuActionItem.o
 .debug_info    0x0000526d      0x742 Menu/MenuBoolItem.o
 .debug_info    0x000059af      0x746 Menu/MenuDoubleItem.o
 .debug_info    0x000060f5      0x8a0 Menu/MenuItem.o
 .debug_info    0x00006995     0x2572 Sketch.o
 .debug_info    0x00008f07      0x9b3 src/libraries/CyberLib/CyberLib.o
 .debug_info    0x000098ba      0x71e src/libraries/Encoder_tmr/iarduino_Encoder_tmr.o
 .debug_info    0x00009fd8     0x1508 src/libraries/LiquidCrystal_I2C/src/LiquidCrystal_I2C.o
 .debug_info    0x0000b4e0      0x5a5 src/libraries/MAX6675/max6675.o
 .debug_info    0x0000ba85      0x9bc src/libraries/PID/PID_v1.o
 .debug_info    0x0000c441      0xa05 src/libraries/SimpleTimer/SimpleTimer.o
 .debug_info    0x0000ce46      0x604 src/libraries/Wire/src/utility/twi.o
 .debug_info    0x0000d44a     0x27b4 src/libraries/Wire/src/Wire.o
 .debug_info    0x0000fbfe      0x4be Thermometer/Thermometer.o
 .debug_info    0x000100bc     0x1e89 R:\AVR_Controller\Arduino\Bottom_heater\Code\Bottom_heater\Bottom_heater\ArduinoCore\Debug\libArduinoCore.a(HardwareSerial.o)
 .debug_info    0x00011f45     0x1b16 R:\AVR_Controller\Arduino\Bottom_heater\Code\Bottom_heater\Bottom_heater\ArduinoCore\Debug\libArduinoCore.a(HardwareSerial0.o)
 .debug_info    0x00013a5b      0x237 R:\AVR_Controller\Arduino\Bottom_heater\Code\Bottom_heater\Bottom_heater\ArduinoCore\Debug\libArduinoCore.a(main.o)
 .debug_info    0x00013c92      0x11c R:\AVR_Controller\Arduino\Bottom_heater\Code\Bottom_heater\Bottom_heater\ArduinoCore\Debug\libArduinoCore.a(new.o)
 .debug_info    0x00013dae     0x28ff R:\AVR_Controller\Arduino\Bottom_heater\Code\Bottom_heater\Bottom_heater\ArduinoCore\Debug\libArduinoCore.a(Print.o)
 .debug_info    0x000166ad      0x21c R:\AVR_Controller\Arduino\Bottom_heater\Code\Bottom_heater\Bottom_heater\ArduinoCore\Debug\libArduinoCore.a(WInterrupts.o)
 .debug_info    0x000168c9      0x2cb R:\AVR_Controller\Arduino\Bottom_heater\Code\Bottom_heater\Bottom_heater\ArduinoCore\Debug\libArduinoCore.a(wiring.o)
 .debug_info    0x00016b94      0x26d R:\AVR_Controller\Arduino\Bottom_heater\Code\Bottom_heater\Bottom_heater\ArduinoCore\Debug\libArduinoCore.a(wiring_analog.o)
 .debug_info    0x00016e01      0x5fe R:\AVR_Controller\Arduino\Bottom_heater\Code\Bottom_heater\Bottom_heater\ArduinoCore\Debug\libArduinoCore.a(wiring_digital.o)
 .debug_info    0x000173ff     0x4338 R:\AVR_Controller\Arduino\Bottom_heater\Code\Bottom_heater\Bottom_heater\ArduinoCore\Debug\libArduinoCore.a(WString.o)
 .debug_info    0x0001b737       0x3e R:\AVR_Controller\Arduino\Bottom_heater\Code\Bottom_heater\Bottom_heater\ArduinoCore\Debug\libArduinoCore.a(hooks.o)
 .debug_info    0x0001b775       0xac C:/Program Files (x86)/Atmel/Studio/7.0/Packs/atmel/ATmega_DFP/1.2.209/gcc/dev/atmega328p/avr5\libatmega328p.a(eerd_byte.o)
 .debug_info    0x0001b821       0xac C:/Program Files (x86)/Atmel/Studio/7.0/Packs/atmel/ATmega_DFP/1.2.209/gcc/dev/atmega328p/avr5\libatmega328p.a(eewr_byte.o)

.debug_abbrev   0x00000000     0x59d9
 *(.debug_abbrev)
 .debug_abbrev  0x00000000      0x5a2 C:/Program Files (x86)/Atmel/Studio/7.0/Packs/atmel/ATmega_DFP/1.2.209/gcc/dev/atmega328p/avr5/crtatmega328p.o
 .debug_abbrev  0x000005a2      0x2c3 Buzzer/Buzzer.o
 .debug_abbrev  0x00000865      0x247 Dimmer/Dimmer.o
 .debug_abbrev  0x00000aac      0x1e2 Dimmer/DimmerItem.o
 .debug_abbrev  0x00000c8e      0x334 Display/Display16x2.o
 .debug_abbrev  0x00000fc2      0x2bd Extensions/EepromExtension.o
 .debug_abbrev  0x0000127f      0x23a Menu/Menu.o
 .debug_abbrev  0x000014b9      0x261 Menu/MenuActionItem.o
 .debug_abbrev  0x0000171a      0x2cf Menu/MenuBoolItem.o
 .debug_abbrev  0x000019e9      0x2d7 Menu/MenuDoubleItem.o
 .debug_abbrev  0x00001cc0      0x32c Menu/MenuItem.o
 .debug_abbrev  0x00001fec      0x564 Sketch.o
 .debug_abbrev  0x00002550      0x3b0 src/libraries/CyberLib/CyberLib.o
 .debug_abbrev  0x00002900      0x2d8 src/libraries/Encoder_tmr/iarduino_Encoder_tmr.o
 .debug_abbrev  0x00002bd8      0x356 src/libraries/LiquidCrystal_I2C/src/LiquidCrystal_I2C.o
 .debug_abbrev  0x00002f2e      0x271 src/libraries/MAX6675/max6675.o
 .debug_abbrev  0x0000319f      0x2ab src/libraries/PID/PID_v1.o
 .debug_abbrev  0x0000344a      0x2ed src/libraries/SimpleTimer/SimpleTimer.o
 .debug_abbrev  0x00003737      0x260 src/libraries/Wire/src/utility/twi.o
 .debug_abbrev  0x00003997      0x581 src/libraries/Wire/src/Wire.o
 .debug_abbrev  0x00003f18      0x230 Thermometer/Thermometer.o
 .debug_abbrev  0x00004148      0x432 R:\AVR_Controller\Arduino\Bottom_heater\Code\Bottom_heater\Bottom_heater\ArduinoCore\Debug\libArduinoCore.a(HardwareSerial.o)
 .debug_abbrev  0x0000457a      0x3ce R:\AVR_Controller\Arduino\Bottom_heater\Code\Bottom_heater\Bottom_heater\ArduinoCore\Debug\libArduinoCore.a(HardwareSerial0.o)
 .debug_abbrev  0x00004948      0x12d R:\AVR_Controller\Arduino\Bottom_heater\Code\Bottom_heater\Bottom_heater\ArduinoCore\Debug\libArduinoCore.a(main.o)
 .debug_abbrev  0x00004a75       0xce R:\AVR_Controller\Arduino\Bottom_heater\Code\Bottom_heater\Bottom_heater\ArduinoCore\Debug\libArduinoCore.a(new.o)
 .debug_abbrev  0x00004b43      0x47a R:\AVR_Controller\Arduino\Bottom_heater\Code\Bottom_heater\Bottom_heater\ArduinoCore\Debug\libArduinoCore.a(Print.o)
 .debug_abbrev  0x00004fbd       0xfc R:\AVR_Controller\Arduino\Bottom_heater\Code\Bottom_heater\Bottom_heater\ArduinoCore\Debug\libArduinoCore.a(WInterrupts.o)
 .debug_abbrev  0x000050b9      0x146 R:\AVR_Controller\Arduino\Bottom_heater\Code\Bottom_heater\Bottom_heater\ArduinoCore\Debug\libArduinoCore.a(wiring.o)
 .debug_abbrev  0x000051ff      0x16b R:\AVR_Controller\Arduino\Bottom_heater\Code\Bottom_heater\Bottom_heater\ArduinoCore\Debug\libArduinoCore.a(wiring_analog.o)
 .debug_abbrev  0x0000536a      0x15b R:\AVR_Controller\Arduino\Bottom_heater\Code\Bottom_heater\Bottom_heater\ArduinoCore\Debug\libArduinoCore.a(wiring_digital.o)
 .debug_abbrev  0x000054c5      0x4c2 R:\AVR_Controller\Arduino\Bottom_heater\Code\Bottom_heater\Bottom_heater\ArduinoCore\Debug\libArduinoCore.a(WString.o)
 .debug_abbrev  0x00005987       0x2a R:\AVR_Controller\Arduino\Bottom_heater\Code\Bottom_heater\Bottom_heater\ArduinoCore\Debug\libArduinoCore.a(hooks.o)
 .debug_abbrev  0x000059b1       0x14 C:/Program Files (x86)/Atmel/Studio/7.0/Packs/atmel/ATmega_DFP/1.2.209/gcc/dev/atmega328p/avr5\libatmega328p.a(eerd_byte.o)
 .debug_abbrev  0x000059c5       0x14 C:/Program Files (x86)/Atmel/Studio/7.0/Packs/atmel/ATmega_DFP/1.2.209/gcc/dev/atmega328p/avr5\libatmega328p.a(eewr_byte.o)

.debug_line     0x00000000     0x76dc
 *(.debug_line .debug_line.* .debug_line_end)
 .debug_line    0x00000000      0x133 C:/Program Files (x86)/Atmel/Studio/7.0/Packs/atmel/ATmega_DFP/1.2.209/gcc/dev/atmega328p/avr5/crtatmega328p.o
 .debug_line    0x00000133      0x213 Buzzer/Buzzer.o
 .debug_line    0x00000346      0x24f Dimmer/Dimmer.o
 .debug_line    0x00000595      0x189 Dimmer/DimmerItem.o
 .debug_line    0x0000071e      0x36f Display/Display16x2.o
 .debug_line    0x00000a8d      0x421 Extensions/EepromExtension.o
 .debug_line    0x00000eae       0xed Menu/Menu.o
 .debug_line    0x00000f9b       0xfb Menu/MenuActionItem.o
 .debug_line    0x00001096      0x1af Menu/MenuBoolItem.o
 .debug_line    0x00001245      0x1c3 Menu/MenuDoubleItem.o
 .debug_line    0x00001408      0x327 Menu/MenuItem.o
 .debug_line    0x0000172f      0x84e Sketch.o
 .debug_line    0x00001f7d      0x719 src/libraries/CyberLib/CyberLib.o
 .debug_line    0x00002696      0x32e src/libraries/Encoder_tmr/iarduino_Encoder_tmr.o
 .debug_line    0x000029c4      0x715 src/libraries/LiquidCrystal_I2C/src/LiquidCrystal_I2C.o
 .debug_line    0x000030d9      0x2df src/libraries/MAX6675/max6675.o
 .debug_line    0x000033b8      0x426 src/libraries/PID/PID_v1.o
 .debug_line    0x000037de      0x459 src/libraries/SimpleTimer/SimpleTimer.o
 .debug_line    0x00003c37      0x52e src/libraries/Wire/src/utility/twi.o
 .debug_line    0x00004165      0x608 src/libraries/Wire/src/Wire.o
 .debug_line    0x0000476d      0x1b4 Thermometer/Thermometer.o
 .debug_line    0x00004921      0x43b R:\AVR_Controller\Arduino\Bottom_heater\Code\Bottom_heater\Bottom_heater\ArduinoCore\Debug\libArduinoCore.a(HardwareSerial.o)
 .debug_line    0x00004d5c      0x2a1 R:\AVR_Controller\Arduino\Bottom_heater\Code\Bottom_heater\Bottom_heater\ArduinoCore\Debug\libArduinoCore.a(HardwareSerial0.o)
 .debug_line    0x00004ffd      0x17a R:\AVR_Controller\Arduino\Bottom_heater\Code\Bottom_heater\Bottom_heater\ArduinoCore\Debug\libArduinoCore.a(main.o)
 .debug_line    0x00005177      0x12f R:\AVR_Controller\Arduino\Bottom_heater\Code\Bottom_heater\Bottom_heater\ArduinoCore\Debug\libArduinoCore.a(new.o)
 .debug_line    0x000052a6      0x69a R:\AVR_Controller\Arduino\Bottom_heater\Code\Bottom_heater\Bottom_heater\ArduinoCore\Debug\libArduinoCore.a(Print.o)
 .debug_line    0x00005940      0x1b5 R:\AVR_Controller\Arduino\Bottom_heater\Code\Bottom_heater\Bottom_heater\ArduinoCore\Debug\libArduinoCore.a(WInterrupts.o)
 .debug_line    0x00005af5      0x2ae R:\AVR_Controller\Arduino\Bottom_heater\Code\Bottom_heater\Bottom_heater\ArduinoCore\Debug\libArduinoCore.a(wiring.o)
 .debug_line    0x00005da3      0x224 R:\AVR_Controller\Arduino\Bottom_heater\Code\Bottom_heater\Bottom_heater\ArduinoCore\Debug\libArduinoCore.a(wiring_analog.o)
 .debug_line    0x00005fc7      0x267 R:\AVR_Controller\Arduino\Bottom_heater\Code\Bottom_heater\Bottom_heater\ArduinoCore\Debug\libArduinoCore.a(wiring_digital.o)
 .debug_line    0x0000622e     0x1355 R:\AVR_Controller\Arduino\Bottom_heater\Code\Bottom_heater\Bottom_heater\ArduinoCore\Debug\libArduinoCore.a(WString.o)
 .debug_line    0x00007583       0x41 R:\AVR_Controller\Arduino\Bottom_heater\Code\Bottom_heater\Bottom_heater\ArduinoCore\Debug\libArduinoCore.a(hooks.o)
 .debug_line    0x000075c4       0x7a C:/Program Files (x86)/Atmel/Studio/7.0/Packs/atmel/ATmega_DFP/1.2.209/gcc/dev/atmega328p/avr5\libatmega328p.a(eerd_byte.o)
 .debug_line    0x0000763e       0x9e C:/Program Files (x86)/Atmel/Studio/7.0/Packs/atmel/ATmega_DFP/1.2.209/gcc/dev/atmega328p/avr5\libatmega328p.a(eewr_byte.o)

.debug_frame    0x00000000     0x2d40
 *(.debug_frame)
 .debug_frame   0x00000000       0x88 Buzzer/Buzzer.o
 .debug_frame   0x00000088       0x74 Dimmer/Dimmer.o
 .debug_frame   0x000000fc       0x50 Dimmer/DimmerItem.o
 .debug_frame   0x0000014c       0xb0 Display/Display16x2.o
 .debug_frame   0x000001fc      0x290 Extensions/EepromExtension.o
 .debug_frame   0x0000048c       0x90 Menu/Menu.o
 .debug_frame   0x0000051c       0x84 Menu/MenuActionItem.o
 .debug_frame   0x000005a0       0xbc Menu/MenuBoolItem.o
 .debug_frame   0x0000065c       0xe4 Menu/MenuDoubleItem.o
 .debug_frame   0x00000740       0xbc Menu/MenuItem.o
 .debug_frame   0x000007fc      0x250 Sketch.o
 .debug_frame   0x00000a4c      0x2c4 src/libraries/CyberLib/CyberLib.o
 .debug_frame   0x00000d10       0xbc src/libraries/Encoder_tmr/iarduino_Encoder_tmr.o
 .debug_frame   0x00000dcc      0x29c src/libraries/LiquidCrystal_I2C/src/LiquidCrystal_I2C.o
 .debug_frame   0x00001068       0x98 src/libraries/MAX6675/max6675.o
 .debug_frame   0x00001100      0x2dc src/libraries/PID/PID_v1.o
 .debug_frame   0x000013dc      0x1f4 src/libraries/SimpleTimer/SimpleTimer.o
 .debug_frame   0x000015d0      0x134 src/libraries/Wire/src/utility/twi.o
 .debug_frame   0x00001704      0x284 src/libraries/Wire/src/Wire.o
 .debug_frame   0x00001988       0x68 Thermometer/Thermometer.o
 .debug_frame   0x000019f0      0x110 R:\AVR_Controller\Arduino\Bottom_heater\Code\Bottom_heater\Bottom_heater\ArduinoCore\Debug\libArduinoCore.a(HardwareSerial.o)
 .debug_frame   0x00001b00       0xe0 R:\AVR_Controller\Arduino\Bottom_heater\Code\Bottom_heater\Bottom_heater\ArduinoCore\Debug\libArduinoCore.a(HardwareSerial0.o)
 .debug_frame   0x00001be0       0x54 R:\AVR_Controller\Arduino\Bottom_heater\Code\Bottom_heater\Bottom_heater\ArduinoCore\Debug\libArduinoCore.a(main.o)
 .debug_frame   0x00001c34       0x54 R:\AVR_Controller\Arduino\Bottom_heater\Code\Bottom_heater\Bottom_heater\ArduinoCore\Debug\libArduinoCore.a(new.o)
 .debug_frame   0x00001c88      0x3ac R:\AVR_Controller\Arduino\Bottom_heater\Code\Bottom_heater\Bottom_heater\ArduinoCore\Debug\libArduinoCore.a(Print.o)
 .debug_frame   0x00002034       0xf4 R:\AVR_Controller\Arduino\Bottom_heater\Code\Bottom_heater\Bottom_heater\ArduinoCore\Debug\libArduinoCore.a(WInterrupts.o)
 .debug_frame   0x00002128       0xc4 R:\AVR_Controller\Arduino\Bottom_heater\Code\Bottom_heater\Bottom_heater\ArduinoCore\Debug\libArduinoCore.a(wiring.o)
 .debug_frame   0x000021ec       0x54 R:\AVR_Controller\Arduino\Bottom_heater\Code\Bottom_heater\Bottom_heater\ArduinoCore\Debug\libArduinoCore.a(wiring_analog.o)
 .debug_frame   0x00002240       0x7c R:\AVR_Controller\Arduino\Bottom_heater\Code\Bottom_heater\Bottom_heater\ArduinoCore\Debug\libArduinoCore.a(wiring_digital.o)
 .debug_frame   0x000022bc      0xa60 R:\AVR_Controller\Arduino\Bottom_heater\Code\Bottom_heater\Bottom_heater\ArduinoCore\Debug\libArduinoCore.a(WString.o)
 .debug_frame   0x00002d1c       0x24 R:\AVR_Controller\Arduino\Bottom_heater\Code\Bottom_heater\Bottom_heater\ArduinoCore\Debug\libArduinoCore.a(hooks.o)

.debug_str      0x00000000     0x5975
 *(.debug_str)
 .debug_str     0x00000000      0x208 C:/Program Files (x86)/Atmel/Studio/7.0/Packs/atmel/ATmega_DFP/1.2.209/gcc/dev/atmega328p/avr5/crtatmega328p.o
 .debug_str     0x00000208      0x668 Buzzer/Buzzer.o
                                0x6cb (size before relaxing)
 .debug_str     0x00000870      0x237 Dimmer/Dimmer.o
                                0x4f2 (size before relaxing)
 .debug_str     0x00000aa7       0x55 Dimmer/DimmerItem.o
                                0x34d (size before relaxing)
 .debug_str     0x00000afc      0xd6f Display/Display16x2.o
                               0x1042 (size before relaxing)
 .debug_str     0x0000186b      0x62b Extensions/EepromExtension.o
                                0x8c7 (size before relaxing)
 .debug_str     0x00001e96      0x21b Menu/Menu.o
                                0x411 (size before relaxing)
 .debug_str     0x000020b1      0x1f6 Menu/MenuActionItem.o
                                0x521 (size before relaxing)
 .debug_str     0x000022a7      0x1ba Menu/MenuBoolItem.o
                                0x591 (size before relaxing)
 .debug_str     0x00002461      0x1cb Menu/MenuDoubleItem.o
                                0x5ac (size before relaxing)
 .debug_str     0x0000262c      0x185 Menu/MenuItem.o
                                0x604 (size before relaxing)
 .debug_str     0x000027b1      0x957 Sketch.o
                               0x16b3 (size before relaxing)
 .debug_str     0x00003108      0x39b src/libraries/CyberLib/CyberLib.o
                                0x692 (size before relaxing)
 .debug_str     0x000034a3      0x1a7 src/libraries/Encoder_tmr/iarduino_Encoder_tmr.o
                                0x4f0 (size before relaxing)
 .debug_str     0x0000364a      0x8aa src/libraries/LiquidCrystal_I2C/src/LiquidCrystal_I2C.o
                                0xc11 (size before relaxing)
 .debug_str     0x00003ef4       0x77 src/libraries/MAX6675/max6675.o
                                0x3c3 (size before relaxing)
 .debug_str     0x00003f6b       0x82 src/libraries/PID/PID_v1.o
                                0x52e (size before relaxing)
 .debug_str     0x00003fed       0x6c src/libraries/SimpleTimer/SimpleTimer.o
                                0x608 (size before relaxing)
 .debug_str     0x00004059      0x2b2 src/libraries/Wire/src/utility/twi.o
                                0x3cb (size before relaxing)
 .debug_str     0x0000430b      0x88e src/libraries/Wire/src/Wire.o
                               0x18c2 (size before relaxing)
 .debug_str     0x00004b99       0x5e Thermometer/Thermometer.o
                                0x43f (size before relaxing)
 .debug_str     0x00004bf7      0x3d1 R:\AVR_Controller\Arduino\Bottom_heater\Code\Bottom_heater\Bottom_heater\ArduinoCore\Debug\libArduinoCore.a(HardwareSerial.o)
                               0x15e7 (size before relaxing)
 .debug_str     0x00004fc8       0x47 R:\AVR_Controller\Arduino\Bottom_heater\Code\Bottom_heater\Bottom_heater\ArduinoCore\Debug\libArduinoCore.a(HardwareSerial0.o)
                               0x1403 (size before relaxing)
 .debug_str     0x0000500f       0x37 R:\AVR_Controller\Arduino\Bottom_heater\Code\Bottom_heater\Bottom_heater\ArduinoCore\Debug\libArduinoCore.a(main.o)